[INFO] [1771073917.698694075] [behavior_server]: 
	behavior_server lifecycle node launched. 
	Waiting on external lifecycle transitions to activate
	See https://design.ros2.org/articles/node_lifecycle.html for more information.
[INFO] [1771073918.000366968] [behavior_server]: Configuring
[INFO] [1771073918.021229774] [behavior_server]: Creating behavior plugin spin of type nav2_behaviors/Spin
[INFO] [1771073918.025464584] [behavior_server]: Configuring spin
[INFO] [1771073918.033093342] [behavior_server]: Creating behavior plugin backup of type nav2_behaviors/BackUp
[INFO] [1771073918.037053038] [behavior_server]: Configuring backup
[INFO] [1771073918.042414961] [behavior_server]: Creating behavior plugin drive_on_heading of type nav2_behaviors/DriveOnHeading
[INFO] [1771073918.046070422] [behavior_server]: Configuring drive_on_heading
[INFO] [1771073918.057616410] [behavior_server]: Creating behavior plugin assisted_teleop of type nav2_behaviors/AssistedTeleop
[INFO] [1771073918.065366548] [behavior_server]: Configuring assisted_teleop
[INFO] [1771073918.072101193] [behavior_server]: Creating behavior plugin wait of type nav2_behaviors/Wait
[INFO] [1771073918.076276961] [behavior_server]: Configuring wait
[INFO] [1771073918.858065459] [behavior_server]: Activating
[INFO] [1771073918.858160663] [behavior_server]: Activating spin
[INFO] [1771073918.858198584] [behavior_server]: Activating backup
[INFO] [1771073918.858225529] [behavior_server]: Activating drive_on_heading
[INFO] [1771073918.858249178] [behavior_server]: Activating assisted_teleop
[INFO] [1771073918.858288380] [behavior_server]: Activating wait
[INFO] [1771073918.858322909] [behavior_server]: Creating bond (behavior_server) to lifecycle manager.
[INFO] [1771073923.883185255] [rclcpp]: signal_handler(signum=2)
[INFO] [1771073923.884309264] [behavior_server]: Running Nav2 LifecycleNode rcl preshutdown (behavior_server)
[INFO] [1771073923.885349110] [behavior_server]: Deactivating
[INFO] [1771073923.885418840] [behavior_server]: Destroying bond (behavior_server) to lifecycle manager.
[INFO] [1771073923.957424083] [behavior_server]: Cleaning up
[INFO] [1771073923.969138877] [behavior_server]: Destroying bond (behavior_server) to lifecycle manager.
