[INFO] [1771071344.937202832] [behavior_server]: 
	behavior_server lifecycle node launched. 
	Waiting on external lifecycle transitions to activate
	See https://design.ros2.org/articles/node_lifecycle.html for more information.
[INFO] [1771071345.470594262] [behavior_server]: Configuring
[INFO] [1771071345.486893868] [behavior_server]: Creating behavior plugin spin of type nav2_behaviors/Spin
[INFO] [1771071345.491473369] [behavior_server]: Configuring spin
[INFO] [1771071345.497035268] [behavior_server]: Creating behavior plugin backup of type nav2_behaviors/BackUp
[INFO] [1771071345.498470192] [behavior_server]: Configuring backup
[INFO] [1771071345.504593805] [behavior_server]: Creating behavior plugin drive_on_heading of type nav2_behaviors/DriveOnHeading
[INFO] [1771071345.506192414] [behavior_server]: Configuring drive_on_heading
[INFO] [1771071345.509888976] [behavior_server]: Creating behavior plugin assisted_teleop of type nav2_behaviors/AssistedTeleop
[INFO] [1771071345.515462651] [behavior_server]: Configuring assisted_teleop
[INFO] [1771071345.527203429] [behavior_server]: Creating behavior plugin wait of type nav2_behaviors/Wait
[INFO] [1771071345.530926519] [behavior_server]: Configuring wait
[INFO] [1771071347.307796008] [behavior_server]: Activating
[INFO] [1771071347.307934412] [behavior_server]: Activating spin
[INFO] [1771071347.307976269] [behavior_server]: Activating backup
[INFO] [1771071347.308005038] [behavior_server]: Activating drive_on_heading
[INFO] [1771071347.308033295] [behavior_server]: Activating assisted_teleop
[INFO] [1771071347.308080912] [behavior_server]: Activating wait
[INFO] [1771071347.308119026] [behavior_server]: Creating bond (behavior_server) to lifecycle manager.
[INFO] [1771072137.916053838] [rclcpp]: signal_handler(signum=2)
[INFO] [1771072137.918695177] [behavior_server]: Running Nav2 LifecycleNode rcl preshutdown (behavior_server)
[INFO] [1771072137.922341415] [behavior_server]: Deactivating
[INFO] [1771072137.928818278] [behavior_server]: Destroying bond (behavior_server) to lifecycle manager.
[INFO] [1771072138.045638633] [behavior_server]: Cleaning up
[INFO] [1771072138.211772628] [behavior_server]: Destroying bond (behavior_server) to lifecycle manager.
