[INFO] [1771074423.517013099] [behavior_server]: 
	behavior_server lifecycle node launched. 
	Waiting on external lifecycle transitions to activate
	See https://design.ros2.org/articles/node_lifecycle.html for more information.
[INFO] [1771074423.893066781] [behavior_server]: Configuring
[INFO] [1771074423.910907322] [behavior_server]: Creating behavior plugin spin of type nav2_behaviors/Spin
[INFO] [1771074423.912448750] [behavior_server]: Configuring spin
[INFO] [1771074423.916425941] [behavior_server]: Creating behavior plugin backup of type nav2_behaviors/BackUp
[INFO] [1771074423.918083917] [behavior_server]: Configuring backup
[INFO] [1771074423.921002480] [behavior_server]: Creating behavior plugin drive_on_heading of type nav2_behaviors/DriveOnHeading
[INFO] [1771074423.922379103] [behavior_server]: Configuring drive_on_heading
[INFO] [1771074423.927356616] [behavior_server]: Creating behavior plugin assisted_teleop of type nav2_behaviors/AssistedTeleop
[INFO] [1771074423.930590837] [behavior_server]: Configuring assisted_teleop
[INFO] [1771074423.945564689] [behavior_server]: Creating behavior plugin wait of type nav2_behaviors/Wait
[INFO] [1771074423.947097093] [behavior_server]: Configuring wait
[INFO] [1771074425.738767872] [behavior_server]: Activating
[INFO] [1771074425.738855107] [behavior_server]: Activating spin
[INFO] [1771074425.738889860] [behavior_server]: Activating backup
[INFO] [1771074425.738913093] [behavior_server]: Activating drive_on_heading
[INFO] [1771074425.738933862] [behavior_server]: Activating assisted_teleop
[INFO] [1771074425.738967847] [behavior_server]: Activating wait
[INFO] [1771074425.739001192] [behavior_server]: Creating bond (behavior_server) to lifecycle manager.
[INFO] [1771076242.931374483] [rclcpp]: signal_handler(signum=2)
[INFO] [1771076242.933528580] [behavior_server]: Running Nav2 LifecycleNode rcl preshutdown (behavior_server)
[INFO] [1771076242.937588796] [behavior_server]: Deactivating
[INFO] [1771076242.944342425] [behavior_server]: Destroying bond (behavior_server) to lifecycle manager.
[INFO] [1771076242.978436791] [behavior_server]: Cleaning up
[INFO] [1771076243.045965658] [behavior_server]: Destroying bond (behavior_server) to lifecycle manager.
