[INFO] [1771081847.372194151] [behavior_server]: 
	behavior_server lifecycle node launched. 
	Waiting on external lifecycle transitions to activate
	See https://design.ros2.org/articles/node_lifecycle.html for more information.
[INFO] [1771081847.603592607] [behavior_server]: Configuring
[INFO] [1771081847.618357575] [behavior_server]: Creating behavior plugin spin of type nav2_behaviors/Spin
[INFO] [1771081847.622297147] [behavior_server]: Configuring spin
[INFO] [1771081847.627432891] [behavior_server]: Creating behavior plugin backup of type nav2_behaviors/BackUp
[INFO] [1771081847.631462610] [behavior_server]: Configuring backup
[INFO] [1771081847.636594674] [behavior_server]: Creating behavior plugin drive_on_heading of type nav2_behaviors/DriveOnHeading
[INFO] [1771081847.640630057] [behavior_server]: Configuring drive_on_heading
[INFO] [1771081847.648497968] [behavior_server]: Creating behavior plugin assisted_teleop of type nav2_behaviors/AssistedTeleop
[INFO] [1771081847.652440099] [behavior_server]: Configuring assisted_teleop
[INFO] [1771081847.658375489] [behavior_server]: Creating behavior plugin wait of type nav2_behaviors/Wait
[INFO] [1771081847.660086466] [behavior_server]: Configuring wait
[INFO] [1771081849.437219846] [behavior_server]: Activating
[INFO] [1771081849.437349867] [behavior_server]: Activating spin
[INFO] [1771081849.437404909] [behavior_server]: Activating backup
[INFO] [1771081849.437444206] [behavior_server]: Activating drive_on_heading
[INFO] [1771081849.437483216] [behavior_server]: Activating assisted_teleop
[INFO] [1771081849.437540850] [behavior_server]: Activating wait
[INFO] [1771081849.437591860] [behavior_server]: Creating bond (behavior_server) to lifecycle manager.
[INFO] [1771084043.690670006] [rclcpp]: signal_handler(signum=2)
[INFO] [1771084043.692387250] [behavior_server]: Running Nav2 LifecycleNode rcl preshutdown (behavior_server)
[INFO] [1771084043.697332671] [behavior_server]: Deactivating
[INFO] [1771084043.716339734] [behavior_server]: Destroying bond (behavior_server) to lifecycle manager.
[INFO] [1771084043.821478506] [behavior_server]: Cleaning up
[INFO] [1771084043.949905291] [behavior_server]: Destroying bond (behavior_server) to lifecycle manager.
