[INFO] [1771071345.203926692] [bt_navigator]: 
	bt_navigator lifecycle node launched. 
	Waiting on external lifecycle transitions to activate
	See https://design.ros2.org/articles/node_lifecycle.html for more information.
[INFO] [1771071345.204316336] [bt_navigator]: Creating
[INFO] [1771071345.543924423] [bt_navigator]: Configuring
[INFO] [1771071347.418835074] [bt_navigator]: Activating
[INFO] [1771071347.505147683] [bt_navigator]: Creating bond (bt_navigator) to lifecycle manager.
[INFO] [1771071353.136090664] [bt_navigator]: Begin navigating from current location (0.32, -0.00) to (1.36, -0.22)
[INFO] [1771071376.746652859] [bt_navigator]: Goal succeeded
[INFO] [1771071389.786104839] [bt_navigator]: Begin navigating from current location (1.12, -0.19) to (2.43, -1.53)
[INFO] [1771071432.946538250] [bt_navigator]: Goal succeeded
[INFO] [1771071441.709653856] [bt_navigator]: Begin navigating from current location (2.26, -1.37) to (3.11, -3.27)
[WARN] [1771071455.900483196] [BehaviorTreeEngine]: Behavior Tree tick rate 100.00 was exceeded!
[WARN] [1771071473.630311741] [BehaviorTreeEngine]: Behavior Tree tick rate 100.00 was exceeded!
[INFO] [1771071497.430051502] [bt_navigator]: Goal succeeded
[INFO] [1771071500.922510075] [bt_navigator]: Begin navigating from current location (2.96, -3.13) to (4.92, -4.33)
[WARN] [1771071507.932809370] [BehaviorTreeEngine]: Behavior Tree tick rate 100.00 was exceeded!
[INFO] [1771071557.732918427] [bt_navigator]: Goal succeeded
[INFO] [1771072038.651594506] [bt_navigator]: Begin navigating from current location (4.03, -2.78) to (3.16, -2.57)
[WARN] [1771072052.222301120] [BehaviorTreeEngine]: Behavior Tree tick rate 100.00 was exceeded!
[INFO] [1771072059.963361835] [bt_navigator]: Goal succeeded
[INFO] [1771072137.917143411] [rclcpp]: signal_handler(signum=2)
[INFO] [1771072137.918672904] [bt_navigator]: Running Nav2 LifecycleNode rcl preshutdown (bt_navigator)
[INFO] [1771072137.927525498] [bt_navigator]: Deactivating
[INFO] [1771072137.927703040] [bt_navigator]: Destroying bond (bt_navigator) to lifecycle manager.
[INFO] [1771072138.034364868] [bt_navigator]: Cleaning up
[INFO] [1771072139.008191785] [bt_navigator]: Completed Cleaning up
[INFO] [1771072139.008392496] [bt_navigator]: Destroying bond (bt_navigator) to lifecycle manager.
