[INFO] [1771071325.476833499] [controller_server]: 
	controller_server lifecycle node launched. 
	Waiting on external lifecycle transitions to activate
	See https://design.ros2.org/articles/node_lifecycle.html for more information.
[INFO] [1771071325.502722424] [controller_server]: Creating controller server
[INFO] [1771071326.399390190] [local_costmap.local_costmap]: 
	local_costmap lifecycle node launched. 
	Waiting on external lifecycle transitions to activate
	See https://design.ros2.org/articles/node_lifecycle.html for more information.
[INFO] [1771071326.400655765] [local_costmap.local_costmap]: Creating Costmap
[INFO] [1771071326.588306342] [controller_server]: Configuring controller interface
[INFO] [1771071326.589150272] [controller_server]: getting goal checker plugins..
[INFO] [1771071326.590041499] [controller_server]: Controller frequency set to 20.0000Hz
[INFO] [1771071326.590144319] [local_costmap.local_costmap]: Configuring
[INFO] [1771071326.623559043] [local_costmap.local_costmap]: Using plugin "voxel_layer"
[INFO] [1771071326.643159871] [local_costmap.local_costmap]: Subscribed to Topics: pointcloud
[INFO] [1771071326.714891231] [local_costmap.local_costmap]: Initialized plugin "voxel_layer"
[INFO] [1771071326.714987426] [local_costmap.local_costmap]: Using plugin "inflation_layer"
[INFO] [1771071326.727632007] [local_costmap.local_costmap]: Initialized plugin "inflation_layer"
[INFO] [1771071326.805611048] [controller_server]: Created progress_checker : progress_checker of type nav2_controller::SimpleProgressChecker
[INFO] [1771071326.809624164] [controller_server]: Created goal checker : general_goal_checker of type nav2_controller::SimpleGoalChecker
[INFO] [1771071326.815224784] [controller_server]: Controller Server has general_goal_checker  goal checkers available.
[INFO] [1771071326.819649272] [controller_server]: Created controller : FollowPath of type dwb_core::DWBLocalPlanner
[INFO] [1771071326.831980180] [controller_server]: Setting transform_tolerance to 0.200000
[INFO] [1771071326.874867996] [controller_server]: Using critic "RotateToGoal" (dwb_critics::RotateToGoalCritic)
[INFO] [1771071326.877098977] [controller_server]: Critic plugin initialized
[INFO] [1771071326.877434091] [controller_server]: Using critic "Oscillation" (dwb_critics::OscillationCritic)
[INFO] [1771071326.878224228] [controller_server]: Critic plugin initialized
[INFO] [1771071326.878451147] [controller_server]: Using critic "BaseObstacle" (dwb_critics::BaseObstacleCritic)
[INFO] [1771071326.878804533] [controller_server]: Critic plugin initialized
[INFO] [1771071326.879028092] [controller_server]: Using critic "GoalAlign" (dwb_critics::GoalAlignCritic)
[INFO] [1771071326.879694897] [controller_server]: Critic plugin initialized
[INFO] [1771071326.879934872] [controller_server]: Using critic "PathAlign" (dwb_critics::PathAlignCritic)
[INFO] [1771071326.880452968] [controller_server]: Critic plugin initialized
[INFO] [1771071326.880690992] [controller_server]: Using critic "PathDist" (dwb_critics::PathDistCritic)
[INFO] [1771071326.881146334] [controller_server]: Critic plugin initialized
[INFO] [1771071326.881375653] [controller_server]: Using critic "GoalDist" (dwb_critics::GoalDistCritic)
[INFO] [1771071326.881865972] [controller_server]: Critic plugin initialized
[INFO] [1771071326.881919285] [controller_server]: Controller Server has FollowPath  controllers available.
[INFO] [1771071327.693779320] [controller_server]: Activating
[INFO] [1771071327.693908732] [local_costmap.local_costmap]: Activating
[INFO] [1771071327.693941405] [local_costmap.local_costmap]: Checking transform
[INFO] [1771071327.693990239] [local_costmap.local_costmap]: Timed out waiting for transform from leo04/base_link to odom to become available, tf error: Invalid frame ID "odom" passed to canTransform argument target_frame - frame does not exist
[INFO] [1771071328.194053986] [local_costmap.local_costmap]: Timed out waiting for transform from leo04/base_link to odom to become available, tf error: Invalid frame ID "odom" passed to canTransform argument target_frame - frame does not exist
[INFO] [1771071328.694054083] [local_costmap.local_costmap]: Timed out waiting for transform from leo04/base_link to odom to become available, tf error: Invalid frame ID "odom" passed to canTransform argument target_frame - frame does not exist
[INFO] [1771071329.194057349] [local_costmap.local_costmap]: Timed out waiting for transform from leo04/base_link to odom to become available, tf error: Invalid frame ID "odom" passed to canTransform argument target_frame - frame does not exist
[INFO] [1771071329.694048710] [local_costmap.local_costmap]: Timed out waiting for transform from leo04/base_link to odom to become available, tf error: Invalid frame ID "odom" passed to canTransform argument target_frame - frame does not exist
[INFO] [1771071330.194045416] [local_costmap.local_costmap]: Timed out waiting for transform from leo04/base_link to odom to become available, tf error: Invalid frame ID "odom" passed to canTransform argument target_frame - frame does not exist
[INFO] [1771071330.694047145] [local_costmap.local_costmap]: Timed out waiting for transform from leo04/base_link to odom to become available, tf error: Invalid frame ID "odom" passed to canTransform argument target_frame - frame does not exist
[INFO] [1771071331.194043659] [local_costmap.local_costmap]: Timed out waiting for transform from leo04/base_link to odom to become available, tf error: Invalid frame ID "odom" passed to canTransform argument target_frame - frame does not exist
[INFO] [1771071331.634410688] [rclcpp]: signal_handler(signum=2)
[INFO] [1771071331.636718791] [controller_server]: Running Nav2 LifecycleNode rcl preshutdown (controller_server)
[INFO] [1771071331.636822122] [controller_server]: Destroying bond (controller_server) to lifecycle manager.
