[INFO] [1771073869.380952219] [controller_server]: 
	controller_server lifecycle node launched. 
	Waiting on external lifecycle transitions to activate
	See https://design.ros2.org/articles/node_lifecycle.html for more information.
[INFO] [1771073869.445806756] [controller_server]: Creating controller server
[INFO] [1771073869.518152410] [local_costmap.local_costmap]: 
	local_costmap lifecycle node launched. 
	Waiting on external lifecycle transitions to activate
	See https://design.ros2.org/articles/node_lifecycle.html for more information.
[INFO] [1771073869.519810230] [local_costmap.local_costmap]: Creating Costmap
[INFO] [1771073869.521328493] [controller_server]: Configuring controller interface
[INFO] [1771073869.521501139] [controller_server]: getting goal checker plugins..
[INFO] [1771073869.521580310] [controller_server]: Controller frequency set to 20.0000Hz
[INFO] [1771073869.522592091] [local_costmap.local_costmap]: Configuring
[INFO] [1771073869.527967325] [local_costmap.local_costmap]: Using plugin "voxel_layer"
[INFO] [1771073869.534795060] [local_costmap.local_costmap]: Subscribed to Topics: pointcloud
[INFO] [1771073869.540746475] [local_costmap.local_costmap]: Initialized plugin "voxel_layer"
[INFO] [1771073869.540844142] [local_costmap.local_costmap]: Using plugin "inflation_layer"
[INFO] [1771073869.541334752] [local_costmap.local_costmap]: Initialized plugin "inflation_layer"
[INFO] [1771073869.548166871] [controller_server]: Created progress_checker : progress_checker of type nav2_controller::SimpleProgressChecker
[INFO] [1771073869.549174620] [controller_server]: Created goal checker : general_goal_checker of type nav2_controller::SimpleGoalChecker
[INFO] [1771073869.549444677] [controller_server]: Controller Server has general_goal_checker  goal checkers available.
[INFO] [1771073869.554575295] [controller_server]: Created controller : FollowPath of type dwb_core::DWBLocalPlanner
[INFO] [1771073869.556021043] [controller_server]: Setting transform_tolerance to 0.200000
[INFO] [1771073869.566481965] [controller_server]: Using critic "RotateToGoal" (dwb_critics::RotateToGoalCritic)
[INFO] [1771073869.568444084] [controller_server]: Critic plugin initialized
[INFO] [1771073869.570093136] [controller_server]: Using critic "Oscillation" (dwb_critics::OscillationCritic)
[INFO] [1771073869.570421276] [controller_server]: Critic plugin initialized
[INFO] [1771073869.570547584] [controller_server]: Using critic "BaseObstacle" (dwb_critics::BaseObstacleCritic)
[INFO] [1771073869.570923342] [controller_server]: Critic plugin initialized
[INFO] [1771073869.571049810] [controller_server]: Using critic "GoalAlign" (dwb_critics::GoalAlignCritic)
[INFO] [1771073869.572254046] [controller_server]: Critic plugin initialized
[INFO] [1771073869.572400643] [controller_server]: Using critic "PathAlign" (dwb_critics::PathAlignCritic)
[INFO] [1771073869.573311076] [controller_server]: Critic plugin initialized
[INFO] [1771073869.573526028] [controller_server]: Using critic "PathDist" (dwb_critics::PathDistCritic)
[INFO] [1771073869.573755188] [controller_server]: Critic plugin initialized
[INFO] [1771073869.573900345] [controller_server]: Using critic "GoalDist" (dwb_critics::GoalDistCritic)
[INFO] [1771073869.574142082] [controller_server]: Critic plugin initialized
[INFO] [1771073869.574188164] [controller_server]: Controller Server has FollowPath  controllers available.
[INFO] [1771073869.804248831] [controller_server]: Activating
[INFO] [1771073869.804471175] [local_costmap.local_costmap]: Activating
[INFO] [1771073869.804524233] [local_costmap.local_costmap]: Checking transform
[INFO] [1771073869.804592363] [local_costmap.local_costmap]: Timed out waiting for transform from leo04/base_link to odom to become available, tf error: Invalid frame ID "odom" passed to canTransform argument target_frame - frame does not exist
[INFO] [1771073870.304684006] [local_costmap.local_costmap]: Timed out waiting for transform from leo04/base_link to odom to become available, tf error: Invalid frame ID "odom" passed to canTransform argument target_frame - frame does not exist
[INFO] [1771073870.804676830] [local_costmap.local_costmap]: Timed out waiting for transform from leo04/base_link to odom to become available, tf error: Invalid frame ID "odom" passed to canTransform argument target_frame - frame does not exist
[INFO] [1771073871.304668757] [local_costmap.local_costmap]: Timed out waiting for transform from leo04/base_link to odom to become available, tf error: Invalid frame ID "odom" passed to canTransform argument target_frame - frame does not exist
[INFO] [1771073871.804684238] [local_costmap.local_costmap]: Timed out waiting for transform from leo04/base_link to odom to become available, tf error: Invalid frame ID "odom" passed to canTransform argument target_frame - frame does not exist
[INFO] [1771073872.304670917] [local_costmap.local_costmap]: Timed out waiting for transform from leo04/base_link to odom to become available, tf error: Invalid frame ID "odom" passed to canTransform argument target_frame - frame does not exist
[INFO] [1771073872.804675677] [local_costmap.local_costmap]: Timed out waiting for transform from leo04/base_link to odom to become available, tf error: Invalid frame ID "odom" passed to canTransform argument target_frame - frame does not exist
[INFO] [1771073873.304666676] [local_costmap.local_costmap]: Timed out waiting for transform from leo04/base_link to odom to become available, tf error: Invalid frame ID "odom" passed to canTransform argument target_frame - frame does not exist
[INFO] [1771073873.804668876] [local_costmap.local_costmap]: Timed out waiting for transform from leo04/base_link to odom to become available, tf error: Invalid frame ID "odom" passed to canTransform argument target_frame - frame does not exist
[INFO] [1771073874.304670260] [local_costmap.local_costmap]: Timed out waiting for transform from leo04/base_link to odom to become available, tf error: Invalid frame ID "odom" passed to canTransform argument target_frame - frame does not exist
[INFO] [1771073874.804677054] [local_costmap.local_costmap]: Timed out waiting for transform from leo04/base_link to odom to become available, tf error: Invalid frame ID "odom" passed to canTransform argument target_frame - frame does not exist
[INFO] [1771073875.304668840] [local_costmap.local_costmap]: Timed out waiting for transform from leo04/base_link to odom to become available, tf error: Invalid frame ID "odom" passed to canTransform argument target_frame - frame does not exist
[INFO] [1771073875.804672018] [local_costmap.local_costmap]: Timed out waiting for transform from leo04/base_link to odom to become available, tf error: Invalid frame ID "odom" passed to canTransform argument target_frame - frame does not exist
[INFO] [1771073876.304671740] [local_costmap.local_costmap]: Timed out waiting for transform from leo04/base_link to odom to become available, tf error: Invalid frame ID "odom" passed to canTransform argument target_frame - frame does not exist
[INFO] [1771073876.804669157] [local_costmap.local_costmap]: Timed out waiting for transform from leo04/base_link to odom to become available, tf error: Invalid frame ID "odom" passed to canTransform argument target_frame - frame does not exist
[INFO] [1771073877.304681328] [local_costmap.local_costmap]: Timed out waiting for transform from leo04/base_link to odom to become available, tf error: Invalid frame ID "odom" passed to canTransform argument target_frame - frame does not exist
[INFO] [1771073877.804681305] [local_costmap.local_costmap]: Timed out waiting for transform from leo04/base_link to odom to become available, tf error: Invalid frame ID "odom" passed to canTransform argument target_frame - frame does not exist
[INFO] [1771073878.304676579] [local_costmap.local_costmap]: Timed out waiting for transform from leo04/base_link to odom to become available, tf error: Invalid frame ID "odom" passed to canTransform argument target_frame - frame does not exist
[INFO] [1771073878.804673613] [local_costmap.local_costmap]: Timed out waiting for transform from leo04/base_link to odom to become available, tf error: Invalid frame ID "odom" passed to canTransform argument target_frame - frame does not exist
[INFO] [1771073879.304668054] [local_costmap.local_costmap]: Timed out waiting for transform from leo04/base_link to odom to become available, tf error: Invalid frame ID "odom" passed to canTransform argument target_frame - frame does not exist
[INFO] [1771073879.804672288] [local_costmap.local_costmap]: Timed out waiting for transform from leo04/base_link to odom to become available, tf error: Invalid frame ID "odom" passed to canTransform argument target_frame - frame does not exist
[INFO] [1771073880.304680106] [local_costmap.local_costmap]: Timed out waiting for transform from leo04/base_link to odom to become available, tf error: Invalid frame ID "odom" passed to canTransform argument target_frame - frame does not exist
[INFO] [1771073880.804667508] [local_costmap.local_costmap]: Timed out waiting for transform from leo04/base_link to odom to become available, tf error: Invalid frame ID "odom" passed to canTransform argument target_frame - frame does not exist
[INFO] [1771073881.304666366] [local_costmap.local_costmap]: Timed out waiting for transform from leo04/base_link to odom to become available, tf error: Invalid frame ID "odom" passed to canTransform argument target_frame - frame does not exist
[INFO] [1771073881.804676744] [local_costmap.local_costmap]: Timed out waiting for transform from leo04/base_link to odom to become available, tf error: Invalid frame ID "odom" passed to canTransform argument target_frame - frame does not exist
[INFO] [1771073882.304673105] [local_costmap.local_costmap]: Timed out waiting for transform from leo04/base_link to odom to become available, tf error: Invalid frame ID "odom" passed to canTransform argument target_frame - frame does not exist
[INFO] [1771073882.804669499] [local_costmap.local_costmap]: Timed out waiting for transform from leo04/base_link to odom to become available, tf error: Invalid frame ID "odom" passed to canTransform argument target_frame - frame does not exist
[INFO] [1771073883.304676677] [local_costmap.local_costmap]: Timed out waiting for transform from leo04/base_link to odom to become available, tf error: Invalid frame ID "odom" passed to canTransform argument target_frame - frame does not exist
[INFO] [1771073883.804676879] [local_costmap.local_costmap]: Timed out waiting for transform from leo04/base_link to odom to become available, tf error: Invalid frame ID "odom" passed to canTransform argument target_frame - frame does not exist
[INFO] [1771073884.304674393] [local_costmap.local_costmap]: Timed out waiting for transform from leo04/base_link to odom to become available, tf error: Invalid frame ID "odom" passed to canTransform argument target_frame - frame does not exist
[INFO] [1771073884.804670914] [local_costmap.local_costmap]: Timed out waiting for transform from leo04/base_link to odom to become available, tf error: Invalid frame ID "odom" passed to canTransform argument target_frame - frame does not exist
[INFO] [1771073885.304670764] [local_costmap.local_costmap]: Timed out waiting for transform from leo04/base_link to odom to become available, tf error: Invalid frame ID "odom" passed to canTransform argument target_frame - frame does not exist
[INFO] [1771073885.804670806] [local_costmap.local_costmap]: Timed out waiting for transform from leo04/base_link to odom to become available, tf error: Invalid frame ID "odom" passed to canTransform argument target_frame - frame does not exist
[INFO] [1771073886.304676000] [local_costmap.local_costmap]: Timed out waiting for transform from leo04/base_link to odom to become available, tf error: Invalid frame ID "odom" passed to canTransform argument target_frame - frame does not exist
[INFO] [1771073886.804677194] [local_costmap.local_costmap]: Timed out waiting for transform from leo04/base_link to odom to become available, tf error: Invalid frame ID "odom" passed to canTransform argument target_frame - frame does not exist
[INFO] [1771073887.304679604] [local_costmap.local_costmap]: Timed out waiting for transform from leo04/base_link to odom to become available, tf error: Invalid frame ID "odom" passed to canTransform argument target_frame - frame does not exist
[INFO] [1771073887.804669117] [local_costmap.local_costmap]: Timed out waiting for transform from leo04/base_link to odom to become available, tf error: Invalid frame ID "odom" passed to canTransform argument target_frame - frame does not exist
[INFO] [1771073888.304677671] [local_costmap.local_costmap]: Timed out waiting for transform from leo04/base_link to odom to become available, tf error: Invalid frame ID "odom" passed to canTransform argument target_frame - frame does not exist
[INFO] [1771073888.804666417] [local_costmap.local_costmap]: Timed out waiting for transform from leo04/base_link to odom to become available, tf error: Invalid frame ID "odom" passed to canTransform argument target_frame - frame does not exist
[INFO] [1771073889.304675483] [local_costmap.local_costmap]: Timed out waiting for transform from leo04/base_link to odom to become available, tf error: Invalid frame ID "odom" passed to canTransform argument target_frame - frame does not exist
[INFO] [1771073889.804670148] [local_costmap.local_costmap]: Timed out waiting for transform from leo04/base_link to odom to become available, tf error: Invalid frame ID "odom" passed to canTransform argument target_frame - frame does not exist
[INFO] [1771073890.304680079] [local_costmap.local_costmap]: Timed out waiting for transform from leo04/base_link to odom to become available, tf error: Invalid frame ID "odom" passed to canTransform argument target_frame - frame does not exist
[INFO] [1771073890.804678136] [local_costmap.local_costmap]: Timed out waiting for transform from leo04/base_link to odom to become available, tf error: Invalid frame ID "odom" passed to canTransform argument target_frame - frame does not exist
[INFO] [1771073891.304662850] [local_costmap.local_costmap]: Timed out waiting for transform from leo04/base_link to odom to become available, tf error: Invalid frame ID "odom" passed to canTransform argument target_frame - frame does not exist
[INFO] [1771073891.804669068] [local_costmap.local_costmap]: Timed out waiting for transform from leo04/base_link to odom to become available, tf error: Invalid frame ID "odom" passed to canTransform argument target_frame - frame does not exist
[INFO] [1771073892.304669654] [local_costmap.local_costmap]: Timed out waiting for transform from leo04/base_link to odom to become available, tf error: Invalid frame ID "odom" passed to canTransform argument target_frame - frame does not exist
[INFO] [1771073892.804669471] [local_costmap.local_costmap]: Timed out waiting for transform from leo04/base_link to odom to become available, tf error: Invalid frame ID "odom" passed to canTransform argument target_frame - frame does not exist
[INFO] [1771073893.176877313] [rclcpp]: signal_handler(signum=2)
[INFO] [1771073893.179004302] [controller_server]: Running Nav2 LifecycleNode rcl preshutdown (controller_server)
[INFO] [1771073893.201706376] [controller_server]: Destroying bond (controller_server) to lifecycle manager.
