[INFO] [1771073917.504623177] [controller_server]: 
	controller_server lifecycle node launched. 
	Waiting on external lifecycle transitions to activate
	See https://design.ros2.org/articles/node_lifecycle.html for more information.
[INFO] [1771073917.553134733] [controller_server]: Creating controller server
[INFO] [1771073917.596175466] [local_costmap.local_costmap]: 
	local_costmap lifecycle node launched. 
	Waiting on external lifecycle transitions to activate
	See https://design.ros2.org/articles/node_lifecycle.html for more information.
[INFO] [1771073917.605657411] [local_costmap.local_costmap]: Creating Costmap
[INFO] [1771073917.812266654] [controller_server]: Configuring controller interface
[INFO] [1771073917.812595946] [controller_server]: getting goal checker plugins..
[INFO] [1771073917.812983512] [controller_server]: Controller frequency set to 20.0000Hz
[INFO] [1771073917.813256962] [local_costmap.local_costmap]: Configuring
[INFO] [1771073917.822983012] [local_costmap.local_costmap]: Using plugin "voxel_layer"
[INFO] [1771073917.832020493] [local_costmap.local_costmap]: Subscribed to Topics: pointcloud
[INFO] [1771073917.847514272] [local_costmap.local_costmap]: Initialized plugin "voxel_layer"
[INFO] [1771073917.847644485] [local_costmap.local_costmap]: Using plugin "inflation_layer"
[INFO] [1771073917.848329534] [local_costmap.local_costmap]: Initialized plugin "inflation_layer"
[INFO] [1771073917.869065168] [controller_server]: Created progress_checker : progress_checker of type nav2_controller::SimpleProgressChecker
[INFO] [1771073917.871940376] [controller_server]: Created goal checker : general_goal_checker of type nav2_controller::SimpleGoalChecker
[INFO] [1771073917.872273893] [controller_server]: Controller Server has general_goal_checker  goal checkers available.
[INFO] [1771073917.876467773] [controller_server]: Created controller : FollowPath of type dwb_core::DWBLocalPlanner
[INFO] [1771073917.877294235] [controller_server]: Setting transform_tolerance to 0.200000
[INFO] [1771073917.886375206] [controller_server]: Using critic "RotateToGoal" (dwb_critics::RotateToGoalCritic)
[INFO] [1771073917.888941091] [controller_server]: Critic plugin initialized
[INFO] [1771073917.890609920] [controller_server]: Using critic "Oscillation" (dwb_critics::OscillationCritic)
[INFO] [1771073917.892474115] [controller_server]: Critic plugin initialized
[INFO] [1771073917.893553771] [controller_server]: Using critic "BaseObstacle" (dwb_critics::BaseObstacleCritic)
[INFO] [1771073917.894738774] [controller_server]: Critic plugin initialized
[INFO] [1771073917.896051045] [controller_server]: Using critic "GoalAlign" (dwb_critics::GoalAlignCritic)
[INFO] [1771073917.896422963] [controller_server]: Critic plugin initialized
[INFO] [1771073917.896537879] [controller_server]: Using critic "PathAlign" (dwb_critics::PathAlignCritic)
[INFO] [1771073917.896784512] [controller_server]: Critic plugin initialized
[INFO] [1771073917.896887812] [controller_server]: Using critic "PathDist" (dwb_critics::PathDistCritic)
[INFO] [1771073917.897066090] [controller_server]: Critic plugin initialized
[INFO] [1771073917.897167598] [controller_server]: Using critic "GoalDist" (dwb_critics::GoalDistCritic)
[INFO] [1771073917.897353781] [controller_server]: Critic plugin initialized
[INFO] [1771073917.897392438] [controller_server]: Controller Server has FollowPath  controllers available.
[INFO] [1771073918.219908233] [controller_server]: Activating
[INFO] [1771073918.220077391] [local_costmap.local_costmap]: Activating
[INFO] [1771073918.220129425] [local_costmap.local_costmap]: Checking transform
[INFO] [1771073918.220348313] [local_costmap.local_costmap]: start
[INFO] [1771073918.471430661] [controller_server]: Creating bond (controller_server) to lifecycle manager.
[INFO] [1771073923.883277579] [rclcpp]: signal_handler(signum=2)
[INFO] [1771073923.883605494] [controller_server]: Running Nav2 LifecycleNode rcl preshutdown (controller_server)
[INFO] [1771073923.883902497] [controller_server]: Deactivating
[INFO] [1771073923.884094568] [local_costmap.local_costmap]: Deactivating
[INFO] [1771073924.086392806] [controller_server]: Destroying bond (controller_server) to lifecycle manager.
[INFO] [1771073924.192379989] [controller_server]: Cleaning up
[INFO] [1771073924.194517283] [local_costmap.local_costmap]: Cleaning up
[INFO] [1771073924.656191451] [controller_server]: Destroying bond (controller_server) to lifecycle manager.
