[INFO] [1771071242.507277168] [controller_server]: 
	controller_server lifecycle node launched. 
	Waiting on external lifecycle transitions to activate
	See https://design.ros2.org/articles/node_lifecycle.html for more information.
[INFO] [1771071242.525749513] [controller_server]: Creating controller server
[INFO] [1771071242.942556585] [local_costmap.local_costmap]: 
	local_costmap lifecycle node launched. 
	Waiting on external lifecycle transitions to activate
	See https://design.ros2.org/articles/node_lifecycle.html for more information.
[INFO] [1771071242.943620938] [local_costmap.local_costmap]: Creating Costmap
[INFO] [1771071243.464859545] [controller_server]: Configuring controller interface
[INFO] [1771071243.466591759] [controller_server]: getting goal checker plugins..
[INFO] [1771071243.468761842] [controller_server]: Controller frequency set to 20.0000Hz
[INFO] [1771071243.468887349] [local_costmap.local_costmap]: Configuring
[INFO] [1771071243.497627562] [local_costmap.local_costmap]: Using plugin "voxel_layer"
[INFO] [1771071243.559501595] [local_costmap.local_costmap]: Subscribed to Topics: pointcloud
[INFO] [1771071243.785899605] [local_costmap.local_costmap]: Initialized plugin "voxel_layer"
[INFO] [1771071243.785998712] [local_costmap.local_costmap]: Using plugin "inflation_layer"
[INFO] [1771071243.790219226] [local_costmap.local_costmap]: Initialized plugin "inflation_layer"
[INFO] [1771071243.836325286] [controller_server]: Created progress_checker : progress_checker of type nav2_controller::SimpleProgressChecker
[INFO] [1771071243.838696463] [controller_server]: Created goal checker : general_goal_checker of type nav2_controller::SimpleGoalChecker
[INFO] [1771071243.843140120] [controller_server]: Controller Server has general_goal_checker  goal checkers available.
[INFO] [1771071243.857526770] [controller_server]: Created controller : FollowPath of type dwb_core::DWBLocalPlanner
[INFO] [1771071243.868504196] [controller_server]: Setting transform_tolerance to 0.200000
[INFO] [1771071243.905684349] [controller_server]: Using critic "RotateToGoal" (dwb_critics::RotateToGoalCritic)
[INFO] [1771071243.907753981] [controller_server]: Critic plugin initialized
[INFO] [1771071243.908065158] [controller_server]: Using critic "Oscillation" (dwb_critics::OscillationCritic)
[INFO] [1771071243.908966818] [controller_server]: Critic plugin initialized
[INFO] [1771071243.909201961] [controller_server]: Using critic "BaseObstacle" (dwb_critics::BaseObstacleCritic)
[INFO] [1771071243.910473937] [controller_server]: Critic plugin initialized
[INFO] [1771071243.911199431] [controller_server]: Using critic "GoalAlign" (dwb_critics::GoalAlignCritic)
[INFO] [1771071243.913312488] [controller_server]: Critic plugin initialized
[INFO] [1771071243.913936219] [controller_server]: Using critic "PathAlign" (dwb_critics::PathAlignCritic)
[INFO] [1771071243.915473994] [controller_server]: Critic plugin initialized
[INFO] [1771071243.915923896] [controller_server]: Using critic "PathDist" (dwb_critics::PathDistCritic)
[INFO] [1771071243.916724081] [controller_server]: Critic plugin initialized
[INFO] [1771071243.917163678] [controller_server]: Using critic "GoalDist" (dwb_critics::GoalDistCritic)
[INFO] [1771071243.918325634] [controller_server]: Critic plugin initialized
[INFO] [1771071243.918412901] [controller_server]: Controller Server has FollowPath  controllers available.
[INFO] [1771071245.074726548] [controller_server]: Activating
[INFO] [1771071245.074948891] [local_costmap.local_costmap]: Activating
[INFO] [1771071245.074986716] [local_costmap.local_costmap]: Checking transform
[INFO] [1771071245.075038014] [local_costmap.local_costmap]: Timed out waiting for transform from leo04/base_link to odom to become available, tf error: Invalid frame ID "odom" passed to canTransform argument target_frame - frame does not exist
[INFO] [1771071245.575061824] [local_costmap.local_costmap]: Timed out waiting for transform from leo04/base_link to odom to become available, tf error: Invalid frame ID "odom" passed to canTransform argument target_frame - frame does not exist
[INFO] [1771071246.075090594] [local_costmap.local_costmap]: Timed out waiting for transform from leo04/base_link to odom to become available, tf error: Invalid frame ID "odom" passed to canTransform argument target_frame - frame does not exist
[INFO] [1771071246.575090596] [local_costmap.local_costmap]: Timed out waiting for transform from leo04/base_link to odom to become available, tf error: Invalid frame ID "odom" passed to canTransform argument target_frame - frame does not exist
[INFO] [1771071247.075111782] [local_costmap.local_costmap]: Timed out waiting for transform from leo04/base_link to odom to become available, tf error: Invalid frame ID "odom" passed to canTransform argument target_frame - frame does not exist
[INFO] [1771071247.575097991] [local_costmap.local_costmap]: Timed out waiting for transform from leo04/base_link to odom to become available, tf error: Invalid frame ID "odom" passed to canTransform argument target_frame - frame does not exist
[INFO] [1771071248.075168971] [local_costmap.local_costmap]: Timed out waiting for transform from leo04/base_link to odom to become available, tf error: Invalid frame ID "odom" passed to canTransform argument target_frame - frame does not exist
[INFO] [1771071248.575098954] [local_costmap.local_costmap]: Timed out waiting for transform from leo04/base_link to odom to become available, tf error: Invalid frame ID "odom" passed to canTransform argument target_frame - frame does not exist
[INFO] [1771071249.075097995] [local_costmap.local_costmap]: Timed out waiting for transform from leo04/base_link to odom to become available, tf error: Invalid frame ID "odom" passed to canTransform argument target_frame - frame does not exist
[INFO] [1771071249.575096301] [local_costmap.local_costmap]: Timed out waiting for transform from leo04/base_link to odom to become available, tf error: Invalid frame ID "odom" passed to canTransform argument target_frame - frame does not exist
[INFO] [1771071250.075091310] [local_costmap.local_costmap]: Timed out waiting for transform from leo04/base_link to odom to become available, tf error: Invalid frame ID "odom" passed to canTransform argument target_frame - frame does not exist
[INFO] [1771071250.575103568] [local_costmap.local_costmap]: Timed out waiting for transform from leo04/base_link to odom to become available, tf error: Invalid frame ID "odom" passed to canTransform argument target_frame - frame does not exist
[INFO] [1771071251.075096625] [local_costmap.local_costmap]: Timed out waiting for transform from leo04/base_link to odom to become available, tf error: Invalid frame ID "odom" passed to canTransform argument target_frame - frame does not exist
[INFO] [1771071251.575098035] [local_costmap.local_costmap]: Timed out waiting for transform from leo04/base_link to odom to become available, tf error: Invalid frame ID "odom" passed to canTransform argument target_frame - frame does not exist
[INFO] [1771071252.075100244] [local_costmap.local_costmap]: Timed out waiting for transform from leo04/base_link to odom to become available, tf error: Invalid frame ID "odom" passed to canTransform argument target_frame - frame does not exist
[INFO] [1771071252.575096886] [local_costmap.local_costmap]: Timed out waiting for transform from leo04/base_link to odom to become available, tf error: Invalid frame ID "odom" passed to canTransform argument target_frame - frame does not exist
[INFO] [1771071253.075108376] [local_costmap.local_costmap]: Timed out waiting for transform from leo04/base_link to odom to become available, tf error: Invalid frame ID "odom" passed to canTransform argument target_frame - frame does not exist
[INFO] [1771071253.575103641] [local_costmap.local_costmap]: Timed out waiting for transform from leo04/base_link to odom to become available, tf error: Invalid frame ID "odom" passed to canTransform argument target_frame - frame does not exist
[INFO] [1771071254.075103354] [local_costmap.local_costmap]: Timed out waiting for transform from leo04/base_link to odom to become available, tf error: Invalid frame ID "odom" passed to canTransform argument target_frame - frame does not exist
[INFO] [1771071254.575106748] [local_costmap.local_costmap]: Timed out waiting for transform from leo04/base_link to odom to become available, tf error: Invalid frame ID "odom" passed to canTransform argument target_frame - frame does not exist
[INFO] [1771071255.075086301] [local_costmap.local_costmap]: Timed out waiting for transform from leo04/base_link to odom to become available, tf error: Invalid frame ID "odom" passed to canTransform argument target_frame - frame does not exist
[INFO] [1771071255.575112447] [local_costmap.local_costmap]: Timed out waiting for transform from leo04/base_link to odom to become available, tf error: Invalid frame ID "odom" passed to canTransform argument target_frame - frame does not exist
[INFO] [1771071256.075116513] [local_costmap.local_costmap]: Timed out waiting for transform from leo04/base_link to odom to become available, tf error: Invalid frame ID "odom" passed to canTransform argument target_frame - frame does not exist
[INFO] [1771071256.575092513] [local_costmap.local_costmap]: Timed out waiting for transform from leo04/base_link to odom to become available, tf error: Invalid frame ID "odom" passed to canTransform argument target_frame - frame does not exist
[INFO] [1771071257.075094211] [local_costmap.local_costmap]: Timed out waiting for transform from leo04/base_link to odom to become available, tf error: Invalid frame ID "odom" passed to canTransform argument target_frame - frame does not exist
[INFO] [1771071257.575095876] [local_costmap.local_costmap]: Timed out waiting for transform from leo04/base_link to odom to become available, tf error: Invalid frame ID "odom" passed to canTransform argument target_frame - frame does not exist
[INFO] [1771071258.075110182] [local_costmap.local_costmap]: Timed out waiting for transform from leo04/base_link to odom to become available, tf error: Invalid frame ID "odom" passed to canTransform argument target_frame - frame does not exist
[INFO] [1771071258.575109192] [local_costmap.local_costmap]: Timed out waiting for transform from leo04/base_link to odom to become available, tf error: Invalid frame ID "odom" passed to canTransform argument target_frame - frame does not exist
[INFO] [1771071259.075117321] [local_costmap.local_costmap]: Timed out waiting for transform from leo04/base_link to odom to become available, tf error: Invalid frame ID "odom" passed to canTransform argument target_frame - frame does not exist
[INFO] [1771071259.575096874] [local_costmap.local_costmap]: Timed out waiting for transform from leo04/base_link to odom to become available, tf error: Invalid frame ID "odom" passed to canTransform argument target_frame - frame does not exist
[INFO] [1771071260.075119436] [local_costmap.local_costmap]: Timed out waiting for transform from leo04/base_link to odom to become available, tf error: Invalid frame ID "odom" passed to canTransform argument target_frame - frame does not exist
[INFO] [1771071260.575101869] [local_costmap.local_costmap]: Timed out waiting for transform from leo04/base_link to odom to become available, tf error: Invalid frame ID "odom" passed to canTransform argument target_frame - frame does not exist
[INFO] [1771071261.075063982] [local_costmap.local_costmap]: Timed out waiting for transform from leo04/base_link to odom to become available, tf error: Invalid frame ID "odom" passed to canTransform argument target_frame - frame does not exist
[INFO] [1771071261.575077488] [local_costmap.local_costmap]: Timed out waiting for transform from leo04/base_link to odom to become available, tf error: Invalid frame ID "odom" passed to canTransform argument target_frame - frame does not exist
[INFO] [1771071262.075098770] [local_costmap.local_costmap]: Timed out waiting for transform from leo04/base_link to odom to become available, tf error: Invalid frame ID "odom" passed to canTransform argument target_frame - frame does not exist
[INFO] [1771071262.575104947] [local_costmap.local_costmap]: Timed out waiting for transform from leo04/base_link to odom to become available, tf error: Invalid frame ID "odom" passed to canTransform argument target_frame - frame does not exist
[INFO] [1771071263.075123733] [local_costmap.local_costmap]: Timed out waiting for transform from leo04/base_link to odom to become available, tf error: Invalid frame ID "odom" passed to canTransform argument target_frame - frame does not exist
[INFO] [1771071263.575103382] [local_costmap.local_costmap]: Timed out waiting for transform from leo04/base_link to odom to become available, tf error: Invalid frame ID "odom" passed to canTransform argument target_frame - frame does not exist
[INFO] [1771071264.075093303] [local_costmap.local_costmap]: Timed out waiting for transform from leo04/base_link to odom to become available, tf error: Invalid frame ID "odom" passed to canTransform argument target_frame - frame does not exist
[INFO] [1771071264.575091929] [local_costmap.local_costmap]: Timed out waiting for transform from leo04/base_link to odom to become available, tf error: Invalid frame ID "odom" passed to canTransform argument target_frame - frame does not exist
[INFO] [1771071265.075105115] [local_costmap.local_costmap]: Timed out waiting for transform from leo04/base_link to odom to become available, tf error: Invalid frame ID "odom" passed to canTransform argument target_frame - frame does not exist
[INFO] [1771071265.575092060] [local_costmap.local_costmap]: Timed out waiting for transform from leo04/base_link to odom to become available, tf error: Invalid frame ID "odom" passed to canTransform argument target_frame - frame does not exist
[INFO] [1771071266.075117150] [local_costmap.local_costmap]: Timed out waiting for transform from leo04/base_link to odom to become available, tf error: Invalid frame ID "odom" passed to canTransform argument target_frame - frame does not exist
[INFO] [1771071266.575116703] [local_costmap.local_costmap]: Timed out waiting for transform from leo04/base_link to odom to become available, tf error: Invalid frame ID "odom" passed to canTransform argument target_frame - frame does not exist
[INFO] [1771071267.075107425] [local_costmap.local_costmap]: Timed out waiting for transform from leo04/base_link to odom to become available, tf error: Invalid frame ID "odom" passed to canTransform argument target_frame - frame does not exist
[INFO] [1771071267.575103394] [local_costmap.local_costmap]: Timed out waiting for transform from leo04/base_link to odom to become available, tf error: Invalid frame ID "odom" passed to canTransform argument target_frame - frame does not exist
[INFO] [1771071268.075104164] [local_costmap.local_costmap]: Timed out waiting for transform from leo04/base_link to odom to become available, tf error: Invalid frame ID "odom" passed to canTransform argument target_frame - frame does not exist
[INFO] [1771071268.575116869] [local_costmap.local_costmap]: Timed out waiting for transform from leo04/base_link to odom to become available, tf error: Invalid frame ID "odom" passed to canTransform argument target_frame - frame does not exist
[INFO] [1771071269.075174729] [local_costmap.local_costmap]: Timed out waiting for transform from leo04/base_link to odom to become available, tf error: Invalid frame ID "odom" passed to canTransform argument target_frame - frame does not exist
[INFO] [1771071269.575276877] [local_costmap.local_costmap]: Timed out waiting for transform from leo04/base_link to odom to become available, tf error: Invalid frame ID "odom" passed to canTransform argument target_frame - frame does not exist
[INFO] [1771071270.075180300] [local_costmap.local_costmap]: Timed out waiting for transform from leo04/base_link to odom to become available, tf error: Invalid frame ID "odom" passed to canTransform argument target_frame - frame does not exist
[INFO] [1771071270.575098987] [local_costmap.local_costmap]: Timed out waiting for transform from leo04/base_link to odom to become available, tf error: Invalid frame ID "odom" passed to canTransform argument target_frame - frame does not exist
[INFO] [1771071271.075107884] [local_costmap.local_costmap]: Timed out waiting for transform from leo04/base_link to odom to become available, tf error: Invalid frame ID "odom" passed to canTransform argument target_frame - frame does not exist
[INFO] [1771071271.575126734] [local_costmap.local_costmap]: Timed out waiting for transform from leo04/base_link to odom to become available, tf error: Invalid frame ID "odom" passed to canTransform argument target_frame - frame does not exist
[INFO] [1771071272.075133648] [local_costmap.local_costmap]: Timed out waiting for transform from leo04/base_link to odom to become available, tf error: Invalid frame ID "odom" passed to canTransform argument target_frame - frame does not exist
[INFO] [1771071272.575101137] [local_costmap.local_costmap]: Timed out waiting for transform from leo04/base_link to odom to become available, tf error: Invalid frame ID "odom" passed to canTransform argument target_frame - frame does not exist
[INFO] [1771071273.075100178] [local_costmap.local_costmap]: Timed out waiting for transform from leo04/base_link to odom to become available, tf error: Invalid frame ID "odom" passed to canTransform argument target_frame - frame does not exist
[INFO] [1771071273.575153653] [local_costmap.local_costmap]: Timed out waiting for transform from leo04/base_link to odom to become available, tf error: Invalid frame ID "odom" passed to canTransform argument target_frame - frame does not exist
[INFO] [1771071274.075100021] [local_costmap.local_costmap]: Timed out waiting for transform from leo04/base_link to odom to become available, tf error: Invalid frame ID "odom" passed to canTransform argument target_frame - frame does not exist
[INFO] [1771071274.575098710] [local_costmap.local_costmap]: Timed out waiting for transform from leo04/base_link to odom to become available, tf error: Invalid frame ID "odom" passed to canTransform argument target_frame - frame does not exist
[INFO] [1771071275.075098520] [local_costmap.local_costmap]: Timed out waiting for transform from leo04/base_link to odom to become available, tf error: Invalid frame ID "odom" passed to canTransform argument target_frame - frame does not exist
[INFO] [1771071275.575100409] [local_costmap.local_costmap]: Timed out waiting for transform from leo04/base_link to odom to become available, tf error: Invalid frame ID "odom" passed to canTransform argument target_frame - frame does not exist
[INFO] [1771071276.075141116] [local_costmap.local_costmap]: Timed out waiting for transform from leo04/base_link to odom to become available, tf error: Invalid frame ID "odom" passed to canTransform argument target_frame - frame does not exist
[INFO] [1771071276.575113725] [local_costmap.local_costmap]: Timed out waiting for transform from leo04/base_link to odom to become available, tf error: Invalid frame ID "odom" passed to canTransform argument target_frame - frame does not exist
[INFO] [1771071277.075106206] [local_costmap.local_costmap]: Timed out waiting for transform from leo04/base_link to odom to become available, tf error: Invalid frame ID "odom" passed to canTransform argument target_frame - frame does not exist
[INFO] [1771071277.575097343] [local_costmap.local_costmap]: Timed out waiting for transform from leo04/base_link to odom to become available, tf error: Invalid frame ID "odom" passed to canTransform argument target_frame - frame does not exist
[INFO] [1771071278.075095585] [local_costmap.local_costmap]: Timed out waiting for transform from leo04/base_link to odom to become available, tf error: Invalid frame ID "odom" passed to canTransform argument target_frame - frame does not exist
[INFO] [1771071278.575096706] [local_costmap.local_costmap]: Timed out waiting for transform from leo04/base_link to odom to become available, tf error: Invalid frame ID "odom" passed to canTransform argument target_frame - frame does not exist
[INFO] [1771071279.075112356] [local_costmap.local_costmap]: Timed out waiting for transform from leo04/base_link to odom to become available, tf error: Invalid frame ID "odom" passed to canTransform argument target_frame - frame does not exist
[INFO] [1771071279.575092901] [local_costmap.local_costmap]: Timed out waiting for transform from leo04/base_link to odom to become available, tf error: Invalid frame ID "odom" passed to canTransform argument target_frame - frame does not exist
[INFO] [1771071280.075112231] [local_costmap.local_costmap]: Timed out waiting for transform from leo04/base_link to odom to become available, tf error: Invalid frame ID "odom" passed to canTransform argument target_frame - frame does not exist
[INFO] [1771071280.575107560] [local_costmap.local_costmap]: Timed out waiting for transform from leo04/base_link to odom to become available, tf error: Invalid frame ID "odom" passed to canTransform argument target_frame - frame does not exist
[INFO] [1771071281.075099018] [local_costmap.local_costmap]: Timed out waiting for transform from leo04/base_link to odom to become available, tf error: Invalid frame ID "odom" passed to canTransform argument target_frame - frame does not exist
[INFO] [1771071281.575100011] [local_costmap.local_costmap]: Timed out waiting for transform from leo04/base_link to odom to become available, tf error: Invalid frame ID "odom" passed to canTransform argument target_frame - frame does not exist
[INFO] [1771071282.075092588] [local_costmap.local_costmap]: Timed out waiting for transform from leo04/base_link to odom to become available, tf error: Invalid frame ID "odom" passed to canTransform argument target_frame - frame does not exist
[INFO] [1771071282.575067437] [local_costmap.local_costmap]: Timed out waiting for transform from leo04/base_link to odom to become available, tf error: Invalid frame ID "odom" passed to canTransform argument target_frame - frame does not exist
[INFO] [1771071283.075090031] [local_costmap.local_costmap]: Timed out waiting for transform from leo04/base_link to odom to become available, tf error: Invalid frame ID "odom" passed to canTransform argument target_frame - frame does not exist
[INFO] [1771071283.575111377] [local_costmap.local_costmap]: Timed out waiting for transform from leo04/base_link to odom to become available, tf error: Invalid frame ID "odom" passed to canTransform argument target_frame - frame does not exist
[INFO] [1771071284.075081234] [local_costmap.local_costmap]: Timed out waiting for transform from leo04/base_link to odom to become available, tf error: Invalid frame ID "odom" passed to canTransform argument target_frame - frame does not exist
[INFO] [1771071284.575114676] [local_costmap.local_costmap]: Timed out waiting for transform from leo04/base_link to odom to become available, tf error: Invalid frame ID "odom" passed to canTransform argument target_frame - frame does not exist
[INFO] [1771071285.075123062] [local_costmap.local_costmap]: Timed out waiting for transform from leo04/base_link to odom to become available, tf error: Invalid frame ID "odom" passed to canTransform argument target_frame - frame does not exist
[INFO] [1771071285.575100919] [local_costmap.local_costmap]: Timed out waiting for transform from leo04/base_link to odom to become available, tf error: Invalid frame ID "odom" passed to canTransform argument target_frame - frame does not exist
[INFO] [1771071286.075099864] [local_costmap.local_costmap]: Timed out waiting for transform from leo04/base_link to odom to become available, tf error: Invalid frame ID "odom" passed to canTransform argument target_frame - frame does not exist
[INFO] [1771071286.575099258] [local_costmap.local_costmap]: Timed out waiting for transform from leo04/base_link to odom to become available, tf error: Invalid frame ID "odom" passed to canTransform argument target_frame - frame does not exist
[INFO] [1771071287.075100731] [local_costmap.local_costmap]: Timed out waiting for transform from leo04/base_link to odom to become available, tf error: Invalid frame ID "odom" passed to canTransform argument target_frame - frame does not exist
[INFO] [1771071287.575118717] [local_costmap.local_costmap]: Timed out waiting for transform from leo04/base_link to odom to become available, tf error: Invalid frame ID "odom" passed to canTransform argument target_frame - frame does not exist
[INFO] [1771071288.075114047] [local_costmap.local_costmap]: Timed out waiting for transform from leo04/base_link to odom to become available, tf error: Invalid frame ID "odom" passed to canTransform argument target_frame - frame does not exist
[INFO] [1771071288.575092639] [local_costmap.local_costmap]: Timed out waiting for transform from leo04/base_link to odom to become available, tf error: Invalid frame ID "odom" passed to canTransform argument target_frame - frame does not exist
[INFO] [1771071289.075389194] [local_costmap.local_costmap]: Timed out waiting for transform from leo04/base_link to odom to become available, tf error: Invalid frame ID "odom" passed to canTransform argument target_frame - frame does not exist
[INFO] [1771071289.575097026] [local_costmap.local_costmap]: Timed out waiting for transform from leo04/base_link to odom to become available, tf error: Invalid frame ID "odom" passed to canTransform argument target_frame - frame does not exist
[INFO] [1771071290.075099940] [local_costmap.local_costmap]: Timed out waiting for transform from leo04/base_link to odom to become available, tf error: Invalid frame ID "odom" passed to canTransform argument target_frame - frame does not exist
[INFO] [1771071290.575355917] [local_costmap.local_costmap]: Timed out waiting for transform from leo04/base_link to odom to become available, tf error: Invalid frame ID "odom" passed to canTransform argument target_frame - frame does not exist
[INFO] [1771071291.075150313] [local_costmap.local_costmap]: Timed out waiting for transform from leo04/base_link to odom to become available, tf error: Invalid frame ID "odom" passed to canTransform argument target_frame - frame does not exist
[INFO] [1771071291.575124969] [local_costmap.local_costmap]: Timed out waiting for transform from leo04/base_link to odom to become available, tf error: Invalid frame ID "odom" passed to canTransform argument target_frame - frame does not exist
[INFO] [1771071292.075097034] [local_costmap.local_costmap]: Timed out waiting for transform from leo04/base_link to odom to become available, tf error: Invalid frame ID "odom" passed to canTransform argument target_frame - frame does not exist
[INFO] [1771071292.575107852] [local_costmap.local_costmap]: Timed out waiting for transform from leo04/base_link to odom to become available, tf error: Invalid frame ID "odom" passed to canTransform argument target_frame - frame does not exist
[INFO] [1771071293.075103501] [local_costmap.local_costmap]: Timed out waiting for transform from leo04/base_link to odom to become available, tf error: Invalid frame ID "odom" passed to canTransform argument target_frame - frame does not exist
[INFO] [1771071293.575098094] [local_costmap.local_costmap]: Timed out waiting for transform from leo04/base_link to odom to become available, tf error: Invalid frame ID "odom" passed to canTransform argument target_frame - frame does not exist
[INFO] [1771071294.075142545] [local_costmap.local_costmap]: Timed out waiting for transform from leo04/base_link to odom to become available, tf error: Invalid frame ID "odom" passed to canTransform argument target_frame - frame does not exist
[INFO] [1771071294.575123602] [local_costmap.local_costmap]: Timed out waiting for transform from leo04/base_link to odom to become available, tf error: Invalid frame ID "odom" passed to canTransform argument target_frame - frame does not exist
[INFO] [1771071295.075191062] [local_costmap.local_costmap]: Timed out waiting for transform from leo04/base_link to odom to become available, tf error: Invalid frame ID "odom" passed to canTransform argument target_frame - frame does not exist
[INFO] [1771071295.575127733] [local_costmap.local_costmap]: Timed out waiting for transform from leo04/base_link to odom to become available, tf error: Invalid frame ID "odom" passed to canTransform argument target_frame - frame does not exist
[INFO] [1771071296.075119318] [local_costmap.local_costmap]: Timed out waiting for transform from leo04/base_link to odom to become available, tf error: Invalid frame ID "odom" passed to canTransform argument target_frame - frame does not exist
[INFO] [1771071296.575111320] [local_costmap.local_costmap]: Timed out waiting for transform from leo04/base_link to odom to become available, tf error: Invalid frame ID "odom" passed to canTransform argument target_frame - frame does not exist
[INFO] [1771071297.075103577] [local_costmap.local_costmap]: Timed out waiting for transform from leo04/base_link to odom to become available, tf error: Invalid frame ID "odom" passed to canTransform argument target_frame - frame does not exist
[INFO] [1771071297.575118075] [local_costmap.local_costmap]: Timed out waiting for transform from leo04/base_link to odom to become available, tf error: Invalid frame ID "odom" passed to canTransform argument target_frame - frame does not exist
[INFO] [1771071298.075119804] [local_costmap.local_costmap]: Timed out waiting for transform from leo04/base_link to odom to become available, tf error: Invalid frame ID "odom" passed to canTransform argument target_frame - frame does not exist
[INFO] [1771071298.575120638] [local_costmap.local_costmap]: Timed out waiting for transform from leo04/base_link to odom to become available, tf error: Invalid frame ID "odom" passed to canTransform argument target_frame - frame does not exist
[INFO] [1771071299.075125343] [local_costmap.local_costmap]: Timed out waiting for transform from leo04/base_link to odom to become available, tf error: Invalid frame ID "odom" passed to canTransform argument target_frame - frame does not exist
[INFO] [1771071299.575103328] [local_costmap.local_costmap]: Timed out waiting for transform from leo04/base_link to odom to become available, tf error: Invalid frame ID "odom" passed to canTransform argument target_frame - frame does not exist
[INFO] [1771071300.075103426] [local_costmap.local_costmap]: Timed out waiting for transform from leo04/base_link to odom to become available, tf error: Invalid frame ID "odom" passed to canTransform argument target_frame - frame does not exist
[INFO] [1771071300.575102979] [local_costmap.local_costmap]: Timed out waiting for transform from leo04/base_link to odom to become available, tf error: Invalid frame ID "odom" passed to canTransform argument target_frame - frame does not exist
[INFO] [1771071301.075105893] [local_costmap.local_costmap]: Timed out waiting for transform from leo04/base_link to odom to become available, tf error: Invalid frame ID "odom" passed to canTransform argument target_frame - frame does not exist
[INFO] [1771071301.575121351] [local_costmap.local_costmap]: Timed out waiting for transform from leo04/base_link to odom to become available, tf error: Invalid frame ID "odom" passed to canTransform argument target_frame - frame does not exist
[INFO] [1771071302.075109128] [local_costmap.local_costmap]: Timed out waiting for transform from leo04/base_link to odom to become available, tf error: Invalid frame ID "odom" passed to canTransform argument target_frame - frame does not exist
[INFO] [1771071302.575101609] [local_costmap.local_costmap]: Timed out waiting for transform from leo04/base_link to odom to become available, tf error: Invalid frame ID "odom" passed to canTransform argument target_frame - frame does not exist
[INFO] [1771071303.075113899] [local_costmap.local_costmap]: Timed out waiting for transform from leo04/base_link to odom to become available, tf error: Invalid frame ID "odom" passed to canTransform argument target_frame - frame does not exist
[INFO] [1771071303.575104428] [local_costmap.local_costmap]: Timed out waiting for transform from leo04/base_link to odom to become available, tf error: Invalid frame ID "odom" passed to canTransform argument target_frame - frame does not exist
[INFO] [1771071304.075105293] [local_costmap.local_costmap]: Timed out waiting for transform from leo04/base_link to odom to become available, tf error: Invalid frame ID "odom" passed to canTransform argument target_frame - frame does not exist
[INFO] [1771071304.575105295] [local_costmap.local_costmap]: Timed out waiting for transform from leo04/base_link to odom to become available, tf error: Invalid frame ID "odom" passed to canTransform argument target_frame - frame does not exist
[INFO] [1771071305.075101008] [local_costmap.local_costmap]: Timed out waiting for transform from leo04/base_link to odom to become available, tf error: Invalid frame ID "odom" passed to canTransform argument target_frame - frame does not exist
[INFO] [1771071305.575099922] [local_costmap.local_costmap]: Timed out waiting for transform from leo04/base_link to odom to become available, tf error: Invalid frame ID "odom" passed to canTransform argument target_frame - frame does not exist
[INFO] [1771071306.075099187] [local_costmap.local_costmap]: Timed out waiting for transform from leo04/base_link to odom to become available, tf error: Invalid frame ID "odom" passed to canTransform argument target_frame - frame does not exist
[INFO] [1771071306.575113525] [local_costmap.local_costmap]: Timed out waiting for transform from leo04/base_link to odom to become available, tf error: Invalid frame ID "odom" passed to canTransform argument target_frame - frame does not exist
[INFO] [1771071307.075103446] [local_costmap.local_costmap]: Timed out waiting for transform from leo04/base_link to odom to become available, tf error: Invalid frame ID "odom" passed to canTransform argument target_frame - frame does not exist
[INFO] [1771071307.575109784] [local_costmap.local_costmap]: Timed out waiting for transform from leo04/base_link to odom to become available, tf error: Invalid frame ID "odom" passed to canTransform argument target_frame - frame does not exist
[INFO] [1771071308.075104217] [local_costmap.local_costmap]: Timed out waiting for transform from leo04/base_link to odom to become available, tf error: Invalid frame ID "odom" passed to canTransform argument target_frame - frame does not exist
[INFO] [1771071308.575099002] [local_costmap.local_costmap]: Timed out waiting for transform from leo04/base_link to odom to become available, tf error: Invalid frame ID "odom" passed to canTransform argument target_frame - frame does not exist
[INFO] [1771071309.075111036] [local_costmap.local_costmap]: Timed out waiting for transform from leo04/base_link to odom to become available, tf error: Invalid frame ID "odom" passed to canTransform argument target_frame - frame does not exist
[INFO] [1771071309.575098333] [local_costmap.local_costmap]: Timed out waiting for transform from leo04/base_link to odom to become available, tf error: Invalid frame ID "odom" passed to canTransform argument target_frame - frame does not exist
[INFO] [1771071310.075106687] [local_costmap.local_costmap]: Timed out waiting for transform from leo04/base_link to odom to become available, tf error: Invalid frame ID "odom" passed to canTransform argument target_frame - frame does not exist
[INFO] [1771071310.575106465] [local_costmap.local_costmap]: Timed out waiting for transform from leo04/base_link to odom to become available, tf error: Invalid frame ID "odom" passed to canTransform argument target_frame - frame does not exist
[INFO] [1771071311.075125283] [local_costmap.local_costmap]: Timed out waiting for transform from leo04/base_link to odom to become available, tf error: Invalid frame ID "odom" passed to canTransform argument target_frame - frame does not exist
[INFO] [1771071311.575118372] [local_costmap.local_costmap]: Timed out waiting for transform from leo04/base_link to odom to become available, tf error: Invalid frame ID "odom" passed to canTransform argument target_frame - frame does not exist
[INFO] [1771071312.075107653] [local_costmap.local_costmap]: Timed out waiting for transform from leo04/base_link to odom to become available, tf error: Invalid frame ID "odom" passed to canTransform argument target_frame - frame does not exist
[INFO] [1771071312.575122599] [local_costmap.local_costmap]: Timed out waiting for transform from leo04/base_link to odom to become available, tf error: Invalid frame ID "odom" passed to canTransform argument target_frame - frame does not exist
[INFO] [1771071313.075128681] [local_costmap.local_costmap]: Timed out waiting for transform from leo04/base_link to odom to become available, tf error: Invalid frame ID "odom" passed to canTransform argument target_frame - frame does not exist
[INFO] [1771071313.575100777] [local_costmap.local_costmap]: Timed out waiting for transform from leo04/base_link to odom to become available, tf error: Invalid frame ID "odom" passed to canTransform argument target_frame - frame does not exist
[INFO] [1771071314.075127243] [local_costmap.local_costmap]: Timed out waiting for transform from leo04/base_link to odom to become available, tf error: Invalid frame ID "odom" passed to canTransform argument target_frame - frame does not exist
[INFO] [1771071314.575140813] [local_costmap.local_costmap]: Timed out waiting for transform from leo04/base_link to odom to become available, tf error: Invalid frame ID "odom" passed to canTransform argument target_frame - frame does not exist
[INFO] [1771071315.075115790] [local_costmap.local_costmap]: Timed out waiting for transform from leo04/base_link to odom to become available, tf error: Invalid frame ID "odom" passed to canTransform argument target_frame - frame does not exist
[INFO] [1771071315.575125904] [local_costmap.local_costmap]: Timed out waiting for transform from leo04/base_link to odom to become available, tf error: Invalid frame ID "odom" passed to canTransform argument target_frame - frame does not exist
[INFO] [1771071316.075112913] [local_costmap.local_costmap]: Timed out waiting for transform from leo04/base_link to odom to become available, tf error: Invalid frame ID "odom" passed to canTransform argument target_frame - frame does not exist
[INFO] [1771071316.575113586] [local_costmap.local_costmap]: Timed out waiting for transform from leo04/base_link to odom to become available, tf error: Invalid frame ID "odom" passed to canTransform argument target_frame - frame does not exist
[INFO] [1771071317.075101971] [local_costmap.local_costmap]: Timed out waiting for transform from leo04/base_link to odom to become available, tf error: Invalid frame ID "odom" passed to canTransform argument target_frame - frame does not exist
[INFO] [1771071317.575120278] [local_costmap.local_costmap]: Timed out waiting for transform from leo04/base_link to odom to become available, tf error: Invalid frame ID "odom" passed to canTransform argument target_frame - frame does not exist
[INFO] [1771071318.075107639] [local_costmap.local_costmap]: Timed out waiting for transform from leo04/base_link to odom to become available, tf error: Invalid frame ID "odom" passed to canTransform argument target_frame - frame does not exist
[INFO] [1771071318.575104216] [local_costmap.local_costmap]: Timed out waiting for transform from leo04/base_link to odom to become available, tf error: Invalid frame ID "odom" passed to canTransform argument target_frame - frame does not exist
[INFO] [1771071319.026365533] [rclcpp]: signal_handler(signum=2)
[INFO] [1771071319.026541218] [controller_server]: Running Nav2 LifecycleNode rcl preshutdown (controller_server)
[INFO] [1771071319.026668934] [controller_server]: Destroying bond (controller_server) to lifecycle manager.
