[INFO] [1771517185.029810794] [icp_odometry]: Odometry: frame_id               = leo04/base_footprint
[INFO] [1771517185.030288762] [icp_odometry]: Odometry: odom_frame_id          = odom
[INFO] [1771517185.030317531] [icp_odometry]: Odometry: publish_tf             = true
[INFO] [1771517185.030328859] [icp_odometry]: Odometry: wait_for_transform     = 0.200000
[INFO] [1771517185.030348828] [icp_odometry]: Odometry: log_to_rosout_level    = 4
[INFO] [1771517185.030424254] [icp_odometry]: Odometry: initial_pose           = xyz=0.000000,0.000000,0.000000 rpy=0.000000,-0.000000,0.000000
[INFO] [1771517185.030450687] [icp_odometry]: Odometry: ground_truth_frame_id  = 
[INFO] [1771517185.030473984] [icp_odometry]: Odometry: ground_truth_base_frame_id = leo04/base_footprint
[INFO] [1771517185.030486848] [icp_odometry]: Odometry: config_path            = 
[INFO] [1771517185.030496129] [icp_odometry]: Odometry: publish_null_when_lost = true
[INFO] [1771517185.030504385] [icp_odometry]: Odometry: publish_compressed_sensor_data = false
[INFO] [1771517185.030513313] [icp_odometry]: Odometry: guess_frame_id         = 
[INFO] [1771517185.030521601] [icp_odometry]: Odometry: guess_min_translation  = 0.000000
[INFO] [1771517185.030531842] [icp_odometry]: Odometry: guess_min_rotation     = 0.000000
[INFO] [1771517185.030541570] [icp_odometry]: Odometry: guess_min_time         = 0.000000
[INFO] [1771517185.030550466] [icp_odometry]: Odometry: expected_update_rate   = 15.000000 Hz
[INFO] [1771517185.030562851] [icp_odometry]: Odometry: max_update_rate        = 0.000000 Hz
[INFO] [1771517185.030572419] [icp_odometry]: Odometry: min_update_rate        = 0.000000 Hz
[INFO] [1771517185.030581731] [icp_odometry]: Odometry: wait_imu_to_init       = false
[INFO] [1771517185.030590692] [icp_odometry]: Odometry: always_check_imu_tf    = true
[INFO] [1771517185.030599172] [icp_odometry]: Odometry: sensor_data_compression_format = .jpg
[INFO] [1771517185.030607620] [icp_odometry]: Odometry: sensor_data_parallel_compression = true
[INFO] [1771517185.030624645] [icp_odometry]: Odometry: stereoParams_=0 visParams_=0 icpParams_=1
[INFO] [1771517185.033507106] [icp_odometry]: Setting odometry parameter "Icp/CorrespondenceRatio"="0.01"
[INFO] [1771517185.033969841] [icp_odometry]: Setting odometry parameter "Icp/Epsilon"="0.001"
[INFO] [1771517185.034466817] [icp_odometry]: Setting odometry parameter "Icp/Iterations"="10"
[INFO] [1771517185.034738506] [icp_odometry]: Setting odometry parameter "Icp/MaxCorrespondenceDistance"="1"
[INFO] [1771517185.035084821] [icp_odometry]: Setting odometry parameter "Icp/MaxTranslation"="2"
[INFO] [1771517185.035196313] [icp_odometry]: Setting odometry parameter "Icp/OutlierRatio"="0.7"
[INFO] [1771517185.035420768] [icp_odometry]: Setting odometry parameter "Icp/PointToPlaneK"="20"
[INFO] [1771517185.035517635] [icp_odometry]: Setting odometry parameter "Icp/PointToPlaneRadius"="0"
[INFO] [1771517185.035597990] [icp_odometry]: Setting odometry parameter "Icp/RangeMin"="0.3"
[INFO] [1771517185.035693225] [icp_odometry]: Setting odometry parameter "Icp/VoxelSize"="0.1"
[INFO] [1771517185.038098967] [icp_odometry]: Setting odometry parameter "Odom/ScanKeyFrameThr"="0.4"
[INFO] [1771517185.038490884] [icp_odometry]: Setting odometry parameter "OdomF2M/BundleAdjustment"="false"
[INFO] [1771517185.040063703] [icp_odometry]: Setting odometry parameter "OdomF2M/ScanMaxSize"="15000"
[INFO] [1771517185.040480580] [icp_odometry]: Setting odometry parameter "OdomF2M/ScanSubtractRadius"="0.1"
[WARN] [1771517185.058544078] [icp_odometry]: IcpOdometry: Transferring value 0.3 of "Icp/RangeMin" to ros parameter "scan_range_min" for convenience. "Icp/RangeMin" is set to 0.
[WARN] [1771517185.058705684] [icp_odometry]: IcpOdometry: Transferring value 0.1 of "Icp/VoxelSize" to ros parameter "scan_voxel_size" for convenience. "Icp/VoxelSize" is set to 0.
[WARN] [1771517185.058740821] [icp_odometry]: IcpOdometry: Transferring value 20 of "Icp/PointToPlaneK" to ros parameter "scan_normal_k" for convenience.
[INFO] [1771517185.082665373] [icp_odometry]: IcpOdometry: qos                    = 0
[INFO] [1771517185.083881636] [icp_odometry]: IcpOdometry: scan_cloud_max_points  = -1
[INFO] [1771517185.084529497] [icp_odometry]: IcpOdometry: scan_cloud_is_2d       = false
[INFO] [1771517185.085070827] [icp_odometry]: IcpOdometry: scan_downsampling_step = 1
[INFO] [1771517185.085104588] [icp_odometry]: IcpOdometry: scan_range_min         = 0.300000 m
[INFO] [1771517185.085131149] [icp_odometry]: IcpOdometry: scan_range_max         = 0.000000 m
[INFO] [1771517185.085143405] [icp_odometry]: IcpOdometry: scan_voxel_size        = 0.100000 m
[INFO] [1771517185.085154670] [icp_odometry]: IcpOdometry: scan_normal_k          = 20
[INFO] [1771517185.085163662] [icp_odometry]: IcpOdometry: scan_normal_radius     = 0.000000 m
[INFO] [1771517185.085173166] [icp_odometry]: IcpOdometry: scan_normal_ground_up  = 0.000000
[INFO] [1771517185.085182414] [icp_odometry]: IcpOdometry: deskewing              = false
[INFO] [1771517185.085191023] [icp_odometry]: IcpOdometry: deskewing_slerp        = false
[INFO] [1771517185.092512988] [icp_odometry]: 
icp_odometry subscribed to /scan and /leo04/livox/lidar (make sure only one of this topic is published, otherwise remap one to a dummy topic name).
[WARN] [1771517190.108527533] [icp_odometry]: icp_odometry: Did not receive data since 5 seconds! Make sure the input topics are published ("$ rostopic hz my_topic") and the timestamps in their header are set. 
icp_odometry subscribed to /scan and /leo04/livox/lidar (make sure only one of this topic is published, otherwise remap one to a dummy topic name).
[WARN] [1771517195.108618970] [icp_odometry]: icp_odometry: Did not receive data since 5 seconds! Make sure the input topics are published ("$ rostopic hz my_topic") and the timestamps in their header are set. 
icp_odometry subscribed to /scan and /leo04/livox/lidar (make sure only one of this topic is published, otherwise remap one to a dummy topic name).
[INFO] [1771517199.868392915] [rclcpp]: signal_handler(signum=2)
