[INFO] [1772813848.333275693] [icp_odometry]: Odometry: frame_id               = leo04/base_footprint
[INFO] [1772813848.333959878] [icp_odometry]: Odometry: odom_frame_id          = odom
[INFO] [1772813848.334008840] [icp_odometry]: Odometry: publish_tf             = true
[INFO] [1772813848.334022760] [icp_odometry]: Odometry: wait_for_transform     = 0.200000
[INFO] [1772813848.334043977] [icp_odometry]: Odometry: log_to_rosout_level    = 4
[INFO] [1772813848.334133612] [icp_odometry]: Odometry: initial_pose           = xyz=0.000000,0.000000,0.000000 rpy=0.000000,-0.000000,0.000000
[INFO] [1772813848.334159949] [icp_odometry]: Odometry: ground_truth_frame_id  = 
[INFO] [1772813848.334175310] [icp_odometry]: Odometry: ground_truth_base_frame_id = leo04/base_footprint
[INFO] [1772813848.334188558] [icp_odometry]: Odometry: config_path            = 
[INFO] [1772813848.334204399] [icp_odometry]: Odometry: publish_null_when_lost = true
[INFO] [1772813848.334216751] [icp_odometry]: Odometry: publish_compressed_sensor_data = false
[INFO] [1772813848.334227440] [icp_odometry]: Odometry: guess_frame_id         = 
[INFO] [1772813848.334236880] [icp_odometry]: Odometry: guess_min_translation  = 0.000000
[INFO] [1772813848.334248177] [icp_odometry]: Odometry: guess_min_rotation     = 0.000000
[INFO] [1772813848.334258193] [icp_odometry]: Odometry: guess_min_time         = 0.000000
[INFO] [1772813848.334268465] [icp_odometry]: Odometry: expected_update_rate   = 15.000000 Hz
[INFO] [1772813848.334285106] [icp_odometry]: Odometry: max_update_rate        = 0.000000 Hz
[INFO] [1772813848.334299058] [icp_odometry]: Odometry: min_update_rate        = 0.000000 Hz
[INFO] [1772813848.334310643] [icp_odometry]: Odometry: wait_imu_to_init       = false
[INFO] [1772813848.334321395] [icp_odometry]: Odometry: always_check_imu_tf    = true
[INFO] [1772813848.334330996] [icp_odometry]: Odometry: sensor_data_compression_format = .jpg
[INFO] [1772813848.334340532] [icp_odometry]: Odometry: sensor_data_parallel_compression = true
[INFO] [1772813848.334359381] [icp_odometry]: Odometry: stereoParams_=0 visParams_=0 icpParams_=1
[INFO] [1772813848.335549216] [icp_odometry]: Setting odometry parameter "Icp/CorrespondenceRatio"="0.01"
[INFO] [1772813848.335671685] [icp_odometry]: Setting odometry parameter "Icp/Epsilon"="0.001"
[INFO] [1772813848.335759912] [icp_odometry]: Setting odometry parameter "Icp/Iterations"="10"
[INFO] [1772813848.335817738] [icp_odometry]: Setting odometry parameter "Icp/MaxCorrespondenceDistance"="1"
[INFO] [1772813848.335883757] [icp_odometry]: Setting odometry parameter "Icp/MaxTranslation"="2"
[INFO] [1772813848.335926382] [icp_odometry]: Setting odometry parameter "Icp/OutlierRatio"="0.7"
[INFO] [1772813848.336086068] [icp_odometry]: Setting odometry parameter "Icp/PointToPlaneK"="20"
[INFO] [1772813848.336182776] [icp_odometry]: Setting odometry parameter "Icp/PointToPlaneRadius"="0"
[INFO] [1772813848.336273243] [icp_odometry]: Setting odometry parameter "Icp/RangeMin"="0.3"
[INFO] [1772813848.336357502] [icp_odometry]: Setting odometry parameter "Icp/VoxelSize"="0.1"
[INFO] [1772813848.336801967] [icp_odometry]: Setting odometry parameter "Odom/ScanKeyFrameThr"="0.4"
[INFO] [1772813848.336908051] [icp_odometry]: Setting odometry parameter "OdomF2M/BundleAdjustment"="false"
[INFO] [1772813848.337168764] [icp_odometry]: Setting odometry parameter "OdomF2M/ScanMaxSize"="15000"
[INFO] [1772813848.337275680] [icp_odometry]: Setting odometry parameter "OdomF2M/ScanSubtractRadius"="0.1"
[WARN] [1772813848.341202481] [icp_odometry]: IcpOdometry: Transferring value 0.3 of "Icp/RangeMin" to ros parameter "scan_range_min" for convenience. "Icp/RangeMin" is set to 0.
[WARN] [1772813848.341287732] [icp_odometry]: IcpOdometry: Transferring value 0.1 of "Icp/VoxelSize" to ros parameter "scan_voxel_size" for convenience. "Icp/VoxelSize" is set to 0.
[WARN] [1772813848.341314133] [icp_odometry]: IcpOdometry: Transferring value 20 of "Icp/PointToPlaneK" to ros parameter "scan_normal_k" for convenience.
[INFO] [1772813848.346413841] [icp_odometry]: IcpOdometry: qos                    = 0
[INFO] [1772813848.346591607] [icp_odometry]: IcpOdometry: scan_cloud_max_points  = -1
[INFO] [1772813848.346620376] [icp_odometry]: IcpOdometry: scan_cloud_is_2d       = false
[INFO] [1772813848.346636153] [icp_odometry]: IcpOdometry: scan_downsampling_step = 1
[INFO] [1772813848.346647865] [icp_odometry]: IcpOdometry: scan_range_min         = 0.300000 m
[INFO] [1772813848.346667930] [icp_odometry]: IcpOdometry: scan_range_max         = 0.000000 m
[INFO] [1772813848.346679547] [icp_odometry]: IcpOdometry: scan_voxel_size        = 0.100000 m
[INFO] [1772813848.346691995] [icp_odometry]: IcpOdometry: scan_normal_k          = 20
[INFO] [1772813848.346702779] [icp_odometry]: IcpOdometry: scan_normal_radius     = 0.000000 m
[INFO] [1772813848.346714396] [icp_odometry]: IcpOdometry: scan_normal_ground_up  = 0.000000
[INFO] [1772813848.346724956] [icp_odometry]: IcpOdometry: deskewing              = false
[INFO] [1772813848.346734813] [icp_odometry]: IcpOdometry: deskewing_slerp        = false
[INFO] [1772813848.347958314] [icp_odometry]: 
icp_odometry subscribed to /scan and /leo04/livox/lidar (make sure only one of this topic is published, otherwise remap one to a dummy topic name).
[ERROR] [1772813848.434084432] [icp_odometry]: We didn't receive IMU newer than previous image (0.000000) and we just received a new image (1772813848.293037). The previous image is dropped!
[INFO] [1772813848.438238025] [icp_odometry]: Odom: ratio=0.000000, std dev=99.995000m|99.995000rad, update time=0.003753s delay=0.145183s
[INFO] [1772813848.565735428] [icp_odometry]: Odom: ratio=0.657155, std dev=0.017778m|0.005622rad, update time=0.054662s delay=0.172846s
[INFO] [1772813848.712128279] [icp_odometry]: Odom: ratio=0.801965, std dev=0.014766m|0.004669rad, update time=0.092456s delay=0.219156s
[INFO] [1772813848.764429502] [icp_odometry]: Odom: ratio=0.660573, std dev=0.017128m|0.005416rad, update time=0.042271s delay=0.171425s
[INFO] [1772813848.884330689] [icp_odometry]: Odom: ratio=0.719086, std dev=0.016583m|0.005244rad, update time=0.050923s delay=0.191192s
[INFO] [1772813848.948738406] [icp_odometry]: Odom: ratio=0.659942, std dev=0.016756m|0.005299rad, update time=0.035895s delay=0.156032s
[INFO] [1772813849.050442858] [icp_odometry]: Odom: ratio=0.701715, std dev=0.016233m|0.005133rad, update time=0.037292s delay=0.157405s
[INFO] [1772813849.146545568] [icp_odometry]: Odom: ratio=0.680803, std dev=0.016253m|0.005140rad, update time=0.037491s delay=0.153609s
[INFO] [1772813849.250195596] [icp_odometry]: Odom: ratio=0.689995, std dev=0.016295m|0.005153rad, update time=0.037822s delay=0.157219s
[INFO] [1772813849.348404783] [icp_odometry]: Odom: ratio=0.702609, std dev=0.015649m|0.004949rad, update time=0.037583s delay=0.155377s
[INFO] [1772813849.458981210] [icp_odometry]: Odom: ratio=0.673597, std dev=0.017547m|0.005549rad, update time=0.041284s delay=0.166019s
[INFO] [1772813849.551492364] [icp_odometry]: Odom: ratio=0.706070, std dev=0.016041m|0.005073rad, update time=0.041066s delay=0.158555s
[INFO] [1772813849.653477850] [icp_odometry]: Odom: ratio=0.686912, std dev=0.016427m|0.005195rad, update time=0.039821s delay=0.160537s
[INFO] [1772813849.757356750] [icp_odometry]: Odom: ratio=0.720467, std dev=0.015878m|0.005021rad, update time=0.040986s delay=0.164262s
[INFO] [1772813849.855065631] [icp_odometry]: Odom: ratio=0.681344, std dev=0.016905m|0.005346rad, update time=0.042373s delay=0.162019s
[INFO] [1772813849.965421474] [icp_odometry]: Odom: ratio=0.733074, std dev=0.014872m|0.004703rad, update time=0.049747s delay=0.172481s
[INFO] [1772813850.057461730] [icp_odometry]: Odom: ratio=0.701136, std dev=0.017134m|0.005418rad, update time=0.045087s delay=0.164437s
[INFO] [1772813850.151434345] [icp_odometry]: Odom: ratio=0.731098, std dev=0.014726m|0.004657rad, update time=0.041645s delay=0.158125s
[INFO] [1772813850.253859880] [icp_odometry]: Odom: ratio=0.721323, std dev=0.012816m|0.004053rad, update time=0.038538s delay=0.160892s
[INFO] [1772813850.353348602] [icp_odometry]: Odom: ratio=0.685637, std dev=0.017048m|0.005391rad, update time=0.042897s delay=0.160323s
[INFO] [1772813850.453199354] [icp_odometry]: Odom: ratio=0.691525, std dev=0.017424m|0.005510rad, update time=0.036871s delay=0.160144s
[INFO] [1772813850.553235073] [icp_odometry]: Odom: ratio=0.685264, std dev=0.016329m|0.005164rad, update time=0.039092s delay=0.160216s
[INFO] [1772813850.654919172] [icp_odometry]: Odom: ratio=0.684490, std dev=0.017358m|0.005489rad, update time=0.044352s delay=0.161954s
[INFO] [1772813850.752542354] [icp_odometry]: Odom: ratio=0.684941, std dev=0.015415m|0.004875rad, update time=0.042800s delay=0.159520s
[INFO] [1772813850.856174269] [icp_odometry]: Odom: ratio=0.704464, std dev=0.016595m|0.005248rad, update time=0.041049s delay=0.163019s
[INFO] [1772813850.952226801] [icp_odometry]: Odom: ratio=0.682867, std dev=0.016056m|0.005077rad, update time=0.041608s delay=0.159153s
[INFO] [1772813851.056156839] [icp_odometry]: Odom: ratio=0.703002, std dev=0.015859m|0.005015rad, update time=0.044451s delay=0.163112s
[INFO] [1772813851.151931057] [icp_odometry]: Odom: ratio=0.691760, std dev=0.016908m|0.005347rad, update time=0.043434s delay=0.158876s
[INFO] [1772813851.250651111] [icp_odometry]: Odom: ratio=0.710520, std dev=0.016127m|0.005100rad, update time=0.036502s delay=0.157695s
[INFO] [1772813851.359754140] [icp_odometry]: Odom: ratio=0.696482, std dev=0.018096m|0.005722rad, update time=0.044510s delay=0.166801s
[INFO] [1772813851.453526779] [icp_odometry]: Odom: ratio=0.694866, std dev=0.016143m|0.005105rad, update time=0.040034s delay=0.160610s
[INFO] [1772813851.562750645] [icp_odometry]: Odom: ratio=0.702100, std dev=0.019048m|0.006024rad, update time=0.046000s delay=0.169795s
[INFO] [1772813851.656624696] [icp_odometry]: Odom: ratio=0.681371, std dev=0.015534m|0.004912rad, update time=0.043105s delay=0.163583s
[INFO] [1772813851.750515292] [icp_odometry]: Odom: ratio=0.787692, std dev=0.014265m|0.004511rad, update time=0.040962s delay=0.157469s
[INFO] [1772813851.859853306] [icp_odometry]: Odom: ratio=0.670390, std dev=0.016325m|0.005162rad, update time=0.043953s delay=0.166840s
[INFO] [1772813851.955982672] [icp_odometry]: Odom: ratio=0.806296, std dev=0.014378m|0.004547rad, update time=0.045134s delay=0.162938s
[INFO] [1772813852.059878885] [icp_odometry]: Odom: ratio=0.664899, std dev=0.017498m|0.005533rad, update time=0.042814s delay=0.166914s
[INFO] [1772813852.156005308] [icp_odometry]: Odom: ratio=0.708734, std dev=0.017439m|0.005515rad, update time=0.045846s delay=0.162992s
[INFO] [1772813852.252184788] [icp_odometry]: Odom: ratio=0.673889, std dev=0.016991m|0.005373rad, update time=0.041952s delay=0.159212s
[INFO] [1772813852.352208507] [icp_odometry]: Odom: ratio=0.707998, std dev=0.015094m|0.004773rad, update time=0.040654s delay=0.159130s
[INFO] [1772813852.455531514] [icp_odometry]: Odom: ratio=0.670078, std dev=0.017060m|0.005395rad, update time=0.038066s delay=0.162565s
[INFO] [1772813852.554837126] [icp_odometry]: Odom: ratio=0.710303, std dev=0.015448m|0.004885rad, update time=0.040970s delay=0.161928s
[INFO] [1772813852.655987830] [icp_odometry]: Odom: ratio=0.680506, std dev=0.016750m|0.005297rad, update time=0.038755s delay=0.162913s
[INFO] [1772813852.762726291] [icp_odometry]: Odom: ratio=0.683678, std dev=0.015428m|0.004879rad, update time=0.047140s delay=0.169677s
[INFO] [1772813852.853029267] [icp_odometry]: Odom: ratio=0.708016, std dev=0.016243m|0.005136rad, update time=0.037710s delay=0.160077s
[INFO] [1772813852.967420299] [icp_odometry]: Odom: ratio=0.662598, std dev=0.016556m|0.005236rad, update time=0.053260s delay=0.174319s
[INFO] [1772813853.052544396] [icp_odometry]: Odom: ratio=0.720272, std dev=0.015862m|0.005016rad, update time=0.042053s delay=0.159433s
[INFO] [1772813853.150524839] [icp_odometry]: Odom: ratio=0.668555, std dev=0.016192m|0.005120rad, update time=0.041168s delay=0.157580s
[INFO] [1772813853.257435915] [icp_odometry]: Odom: ratio=0.795647, std dev=0.013784m|0.004359rad, update time=0.042525s delay=0.164286s
[INFO] [1772813853.357830975] [icp_odometry]: Odom: ratio=0.672622, std dev=0.016783m|0.005307rad, update time=0.045335s delay=0.164855s
[INFO] [1772813853.462217958] [icp_odometry]: Odom: ratio=0.912292, std dev=0.006243m|0.001974rad, update time=0.046926s delay=0.169273s
[INFO] [1772813853.558203799] [icp_odometry]: Odom: ratio=0.670313, std dev=0.017402m|0.005503rad, update time=0.048531s delay=0.165259s
[INFO] [1772813853.660046624] [icp_odometry]: Odom: ratio=0.813559, std dev=0.013016m|0.004116rad, update time=0.042554s delay=0.167003s
[INFO] [1772813853.750894676] [icp_odometry]: Odom: ratio=0.665859, std dev=0.018005m|0.005694rad, update time=0.041531s delay=0.157804s
[INFO] [1772813853.860465274] [icp_odometry]: Odom: ratio=0.701910, std dev=0.018135m|0.005735rad, update time=0.042550s delay=0.167544s
[INFO] [1772813853.960049232] [icp_odometry]: Odom: ratio=0.666066, std dev=0.016686m|0.005277rad, update time=0.048597s delay=0.167029s
[INFO] [1772813854.067645198] [icp_odometry]: Odom: ratio=0.693744, std dev=0.016769m|0.005303rad, update time=0.050181s delay=0.174637s
[INFO] [1772813854.158424351] [icp_odometry]: Odom: ratio=0.685740, std dev=0.016416m|0.005191rad, update time=0.048976s delay=0.165348s
[INFO] [1772813854.256428475] [icp_odometry]: Odom: ratio=0.688013, std dev=0.016052m|0.005076rad, update time=0.043723s delay=0.163320s
[INFO] [1772813854.357147963] [icp_odometry]: Odom: ratio=0.707589, std dev=0.015312m|0.004842rad, update time=0.047601s delay=0.164056s
[INFO] [1772813854.465149927] [icp_odometry]: Odom: ratio=0.677989, std dev=0.017255m|0.005456rad, update time=0.049589s delay=0.172026s
[INFO] [1772813854.549179072] [icp_odometry]: Odom: ratio=0.710119, std dev=0.016553m|0.005235rad, update time=0.040881s delay=0.156048s
[INFO] [1772813854.664707073] [icp_odometry]: Odom: ratio=0.695157, std dev=0.016889m|0.005341rad, update time=0.041829s delay=0.171631s
[INFO] [1772813854.756707648] [icp_odometry]: Odom: ratio=0.713797, std dev=0.017611m|0.005569rad, update time=0.041548s delay=0.163661s
[INFO] [1772813854.856125104] [icp_odometry]: Odom: ratio=0.703014, std dev=0.017026m|0.005384rad, update time=0.042317s delay=0.163020s
[INFO] [1772813854.948995310] [icp_odometry]: Odom: ratio=0.708475, std dev=0.016207m|0.005125rad, update time=0.038175s delay=0.155953s
[INFO] [1772813855.060089164] [icp_odometry]: Odom: ratio=0.697791, std dev=0.017070m|0.005398rad, update time=0.041431s delay=0.167007s
[INFO] [1772813855.154802447] [icp_odometry]: Odom: ratio=0.729271, std dev=0.015488m|0.004898rad, update time=0.043312s delay=0.161769s
[INFO] [1772813855.253752781] [icp_odometry]: Odom: ratio=0.705869, std dev=0.014833m|0.004691rad, update time=0.040883s delay=0.160609s
[INFO] [1772813855.351593923] [icp_odometry]: Odom: ratio=0.686067, std dev=0.016352m|0.005171rad, update time=0.042097s delay=0.158620s
[INFO] [1772813855.451862674] [icp_odometry]: Odom: ratio=0.685740, std dev=0.017533m|0.005544rad, update time=0.042566s delay=0.158716s
[INFO] [1772813855.554352563] [icp_odometry]: Odom: ratio=0.675609, std dev=0.016281m|0.005149rad, update time=0.042644s delay=0.161234s
[INFO] [1772813855.657615505] [icp_odometry]: Odom: ratio=0.684574, std dev=0.017238m|0.005451rad, update time=0.040492s delay=0.164539s
[INFO] [1772813855.759728004] [icp_odometry]: Odom: ratio=0.687152, std dev=0.015719m|0.004971rad, update time=0.047149s delay=0.166729s
[INFO] [1772813855.867891542] [icp_odometry]: Odom: ratio=0.698884, std dev=0.016042m|0.005073rad, update time=0.050468s delay=0.174920s
[INFO] [1772813855.952471683] [icp_odometry]: Odom: ratio=0.683265, std dev=0.016735m|0.005292rad, update time=0.040772s delay=0.159314s
[INFO] [1772813856.054785118] [icp_odometry]: Odom: ratio=0.695266, std dev=0.015500m|0.004902rad, update time=0.037583s delay=0.161785s
[INFO] [1772813856.150222875] [icp_odometry]: Odom: ratio=0.690212, std dev=0.017126m|0.005416rad, update time=0.039358s delay=0.157079s
[INFO] [1772813856.253914600] [icp_odometry]: Odom: ratio=0.708742, std dev=0.015709m|0.004967rad, update time=0.038739s delay=0.160723s
[INFO] [1772813856.362368133] [icp_odometry]: Odom: ratio=0.702320, std dev=0.018441m|0.005832rad, update time=0.051474s delay=0.169213s
[INFO] [1772813856.461551116] [icp_odometry]: Odom: ratio=0.688283, std dev=0.016363m|0.005174rad, update time=0.039501s delay=0.168526s
[INFO] [1772813856.554971167] [icp_odometry]: Odom: ratio=0.699006, std dev=0.018974m|0.006000rad, update time=0.042564s delay=0.161836s
[INFO] [1772813856.657866927] [icp_odometry]: Odom: ratio=0.676828, std dev=0.016059m|0.005078rad, update time=0.041475s delay=0.164924s
[INFO] [1772813856.764346563] [icp_odometry]: Odom: ratio=0.763485, std dev=0.016260m|0.005142rad, update time=0.048200s delay=0.171301s
[INFO] [1772813856.852662202] [icp_odometry]: Odom: ratio=0.671266, std dev=0.016991m|0.005373rad, update time=0.040690s delay=0.159592s
[INFO] [1772813856.954093140] [icp_odometry]: Odom: ratio=0.827874, std dev=0.012376m|0.003914rad, update time=0.042363s delay=0.160951s
[INFO] [1772813857.064539290] [icp_odometry]: Odom: ratio=0.666960, std dev=0.017738m|0.005609rad, update time=0.045610s delay=0.171494s
[INFO] [1772813857.148485328] [icp_odometry]: Odom: ratio=0.749450, std dev=0.014730m|0.004658rad, update time=0.038236s delay=0.155361s
[INFO] [1772813857.258076023] [icp_odometry]: Odom: ratio=0.667480, std dev=0.016924m|0.005352rad, update time=0.042751s delay=0.164968s
[INFO] [1772813857.350964822] [icp_odometry]: Odom: ratio=0.707093, std dev=0.015834m|0.005007rad, update time=0.038840s delay=0.157885s
[INFO] [1772813857.462022451] [icp_odometry]: Odom: ratio=0.667711, std dev=0.017112m|0.005411rad, update time=0.047885s delay=0.168952s
[INFO] [1772813857.561922420] [icp_odometry]: Odom: ratio=0.706426, std dev=0.015913m|0.005032rad, update time=0.048435s delay=0.168902s
[INFO] [1772813857.652970224] [icp_odometry]: Odom: ratio=0.678500, std dev=0.017161m|0.005427rad, update time=0.038030s delay=0.159967s
[INFO] [1772813857.755597142] [icp_odometry]: Odom: ratio=0.679515, std dev=0.015795m|0.004995rad, update time=0.041761s delay=0.162401s
[INFO] [1772813857.861088230] [icp_odometry]: Odom: ratio=0.703794, std dev=0.015905m|0.005030rad, update time=0.047499s delay=0.167998s
[INFO] [1772813857.964892151] [icp_odometry]: Odom: ratio=0.667832, std dev=0.016980m|0.005370rad, update time=0.050950s delay=0.171889s
[INFO] [1772813858.063786900] [icp_odometry]: Odom: ratio=0.722112, std dev=0.015731m|0.004975rad, update time=0.055355s delay=0.170711s
[INFO] [1772813858.156621393] [icp_odometry]: Odom: ratio=0.665652, std dev=0.016513m|0.005222rad, update time=0.049690s delay=0.163468s
[INFO] [1772813858.253749164] [icp_odometry]: Odom: ratio=0.738721, std dev=0.015126m|0.004783rad, update time=0.040246s delay=0.160816s
[INFO] [1772813858.351852364] [icp_odometry]: Odom: ratio=0.667532, std dev=0.016762m|0.005301rad, update time=0.039785s delay=0.158634s
[INFO] [1772813858.452799764] [icp_odometry]: Odom: ratio=0.850373, std dev=0.010675m|0.003376rad, update time=0.040722s delay=0.159633s
[INFO] [1772813858.552573553] [icp_odometry]: Odom: ratio=0.669351, std dev=0.017493m|0.005532rad, update time=0.043433s delay=0.159561s
[INFO] [1772813858.659076294] [icp_odometry]: Odom: ratio=0.823747, std dev=0.013242m|0.004188rad, update time=0.042352s delay=0.166003s
[INFO] [1772813858.752614077] [icp_odometry]: Odom: ratio=0.661885, std dev=0.017251m|0.005455rad, update time=0.041286s delay=0.159432s
[INFO] [1772813858.876948675] [icp_odometry]: Odom: ratio=0.697071, std dev=0.018222m|0.005762rad, update time=0.052745s delay=0.183893s
[INFO] [1772813858.952348030] [icp_odometry]: Odom: ratio=0.671608, std dev=0.015732m|0.004975rad, update time=0.041010s delay=0.159174s
[INFO] [1772813859.055247214] [icp_odometry]: Odom: ratio=0.698143, std dev=0.017371m|0.005493rad, update time=0.038181s delay=0.162207s
[INFO] [1772813859.153453105] [icp_odometry]: Odom: ratio=0.681284, std dev=0.016205m|0.005124rad, update time=0.042150s delay=0.160449s
[INFO] [1772813859.249818224] [icp_odometry]: Odom: ratio=0.690064, std dev=0.016425m|0.005194rad, update time=0.037360s delay=0.156807s
[INFO] [1772813859.350225509] [icp_odometry]: Odom: ratio=0.706333, std dev=0.015813m|0.005001rad, update time=0.039383s delay=0.157267s
[INFO] [1772813859.460196378] [icp_odometry]: Odom: ratio=0.683865, std dev=0.017344m|0.005485rad, update time=0.043829s delay=0.167112s
[INFO] [1772813859.548744537] [icp_odometry]: Odom: ratio=0.700472, std dev=0.016109m|0.005094rad, update time=0.039000s delay=0.155733s
[INFO] [1772813859.656040363] [icp_odometry]: Odom: ratio=0.696963, std dev=0.016563m|0.005238rad, update time=0.038979s delay=0.162963s
[INFO] [1772813859.761689824] [icp_odometry]: Odom: ratio=0.710802, std dev=0.017900m|0.005661rad, update time=0.048025s delay=0.168509s
[INFO] [1772813859.864820665] [icp_odometry]: Odom: ratio=0.702403, std dev=0.016829m|0.005322rad, update time=0.051852s delay=0.171786s
[INFO] [1772813859.951528469] [icp_odometry]: Odom: ratio=0.706109, std dev=0.016912m|0.005348rad, update time=0.042519s delay=0.158425s
[INFO] [1772813860.060909780] [icp_odometry]: Odom: ratio=0.695780, std dev=0.017192m|0.005437rad, update time=0.043145s delay=0.167869s
[INFO] [1772813860.150680064] [icp_odometry]: Odom: ratio=0.724785, std dev=0.015864m|0.005017rad, update time=0.039348s delay=0.157656s
[INFO] [1772813860.251130358] [icp_odometry]: Odom: ratio=0.709446, std dev=0.015414m|0.004874rad, update time=0.039242s delay=0.157756s
[INFO] [1772813860.351739666] [icp_odometry]: Odom: ratio=0.708633, std dev=0.016360m|0.005173rad, update time=0.042929s delay=0.158627s
[INFO] [1772813860.453879558] [icp_odometry]: Odom: ratio=0.697308, std dev=0.017553m|0.005551rad, update time=0.039626s delay=0.160785s
[INFO] [1772813860.549251425] [icp_odometry]: Odom: ratio=0.679004, std dev=0.016340m|0.005167rad, update time=0.039468s delay=0.156169s
[INFO] [1772813860.659240694] [icp_odometry]: Odom: ratio=0.674281, std dev=0.017360m|0.005490rad, update time=0.045035s delay=0.166119s
[INFO] [1772813860.764030828] [icp_odometry]: Odom: ratio=0.694908, std dev=0.016108m|0.005094rad, update time=0.049140s delay=0.170774s
[INFO] [1772813860.856027082] [icp_odometry]: Odom: ratio=0.702052, std dev=0.015096m|0.004774rad, update time=0.043251s delay=0.163021s
[INFO] [1772813860.946836701] [icp_odometry]: Odom: ratio=0.672072, std dev=0.017132m|0.005418rad, update time=0.036553s delay=0.153810s
[INFO] [1772813861.060683200] [icp_odometry]: Odom: ratio=0.704105, std dev=0.015456m|0.004888rad, update time=0.050748s delay=0.167551s
[INFO] [1772813861.151297132] [icp_odometry]: Odom: ratio=0.690776, std dev=0.017123m|0.005415rad, update time=0.035763s delay=0.158287s
[INFO] [1772813861.256902112] [icp_odometry]: Odom: ratio=0.697039, std dev=0.015470m|0.004892rad, update time=0.042947s delay=0.163884s
[INFO] [1772813861.349510004] [icp_odometry]: Odom: ratio=0.711991, std dev=0.017864m|0.005649rad, update time=0.038973s delay=0.156402s
[INFO] [1772813861.457355867] [icp_odometry]: Odom: ratio=0.678357, std dev=0.016527m|0.005226rad, update time=0.042817s delay=0.164308s
[INFO] [1772813861.558892665] [icp_odometry]: Odom: ratio=0.714821, std dev=0.017342m|0.005484rad, update time=0.045365s delay=0.165754s
[INFO] [1772813861.653448598] [icp_odometry]: Odom: ratio=0.678033, std dev=0.015986m|0.005055rad, update time=0.044366s delay=0.160233s
[INFO] [1772813861.754207639] [icp_odometry]: Odom: ratio=0.810469, std dev=0.013674m|0.004324rad, update time=0.042109s delay=0.161074s
[INFO] [1772813861.854200668] [icp_odometry]: Odom: ratio=0.674804, std dev=0.017432m|0.005512rad, update time=0.041339s delay=0.161103s
[INFO] [1772813861.951007628] [icp_odometry]: Odom: ratio=0.899519, std dev=0.007834m|0.002477rad, update time=0.042084s delay=0.157936s
[INFO] [1772813862.055643932] [icp_odometry]: Odom: ratio=0.661572, std dev=0.017695m|0.005596rad, update time=0.041720s delay=0.162454s
[INFO] [1772813862.147305326] [icp_odometry]: Odom: ratio=0.788652, std dev=0.014380m|0.004547rad, update time=0.039674s delay=0.154060s
[INFO] [1772813862.253008581] [icp_odometry]: Odom: ratio=0.666446, std dev=0.016726m|0.005289rad, update time=0.039529s delay=0.160031s
[INFO] [1772813862.346707874] [icp_odometry]: Odom: ratio=0.712998, std dev=0.016455m|0.005203rad, update time=0.038876s delay=0.153458s
[INFO] [1772813862.459578338] [icp_odometry]: Odom: ratio=0.671538, std dev=0.016723m|0.005288rad, update time=0.041516s delay=0.166523s
[INFO] [1772813862.548812250] [icp_odometry]: Odom: ratio=0.702968, std dev=0.015734m|0.004976rad, update time=0.038668s delay=0.155568s
[INFO] [1772813862.657974289] [icp_odometry]: Odom: ratio=0.669617, std dev=0.016382m|0.005180rad, update time=0.042023s delay=0.164848s
[INFO] [1772813862.762665220] [icp_odometry]: Odom: ratio=0.681406, std dev=0.015932m|0.005038rad, update time=0.049883s delay=0.169611s
[INFO] [1772813862.852380974] [icp_odometry]: Odom: ratio=0.696417, std dev=0.015584m|0.004928rad, update time=0.040423s delay=0.159326s
[INFO] [1772813862.954908752] [icp_odometry]: Odom: ratio=0.667472, std dev=0.016960m|0.005363rad, update time=0.040225s delay=0.161845s
[INFO] [1772813863.052835849] [icp_odometry]: Odom: ratio=0.707068, std dev=0.015802m|0.004997rad, update time=0.040575s delay=0.159580s
[INFO] [1772813863.166242493] [icp_odometry]: Odom: ratio=0.665302, std dev=0.016814m|0.005317rad, update time=0.052959s delay=0.173249s
[INFO] [1772813863.252822867] [icp_odometry]: Odom: ratio=0.718118, std dev=0.016062m|0.005079rad, update time=0.037630s delay=0.159680s
[INFO] [1772813863.365190432] [icp_odometry]: Odom: ratio=0.675950, std dev=0.016024m|0.005067rad, update time=0.045898s delay=0.172042s
[INFO] [1772813863.452818590] [icp_odometry]: Odom: ratio=0.786152, std dev=0.014752m|0.004665rad, update time=0.043336s delay=0.159730s
[INFO] [1772813863.559983947] [icp_odometry]: Odom: ratio=0.677006, std dev=0.016599m|0.005249rad, update time=0.043593s delay=0.166931s
[INFO] [1772813863.656625685] [icp_odometry]: Odom: ratio=0.824623, std dev=0.011987m|0.003791rad, update time=0.041602s delay=0.163509s
[INFO] [1772813863.748933471] [icp_odometry]: Odom: ratio=0.663666, std dev=0.016959m|0.005363rad, update time=0.040630s delay=0.155805s
[INFO] [1772813863.859373509] [icp_odometry]: Odom: ratio=0.718319, std dev=0.018212m|0.005759rad, update time=0.046248s delay=0.166299s
[INFO] [1772813863.948740802] [icp_odometry]: Odom: ratio=0.667333, std dev=0.015610m|0.004936rad, update time=0.038144s delay=0.155463s
[INFO] [1772813864.058467182] [icp_odometry]: Odom: ratio=0.694532, std dev=0.017901m|0.005661rad, update time=0.042036s delay=0.165329s
[INFO] [1772813864.146891049] [icp_odometry]: Odom: ratio=0.683864, std dev=0.015938m|0.005040rad, update time=0.039721s delay=0.153803s
[INFO] [1772813864.261846581] [icp_odometry]: Odom: ratio=0.693878, std dev=0.016024m|0.005067rad, update time=0.053393s delay=0.168693s
[INFO] [1772813864.350273776] [icp_odometry]: Odom: ratio=0.691806, std dev=0.015650m|0.004949rad, update time=0.038767s delay=0.157220s
[INFO] [1772813864.462109257] [icp_odometry]: Odom: ratio=0.669877, std dev=0.015885m|0.005023rad, update time=0.044557s delay=0.168862s
[INFO] [1772813864.550773645] [icp_odometry]: Odom: ratio=0.711638, std dev=0.016077m|0.005084rad, update time=0.043264s delay=0.157567s
[INFO] [1772813864.651403497] [icp_odometry]: Odom: ratio=0.698367, std dev=0.016795m|0.005311rad, update time=0.043198s delay=0.158227s
[INFO] [1772813864.750524526] [icp_odometry]: Odom: ratio=0.702808, std dev=0.018095m|0.005722rad, update time=0.040701s delay=0.157317s
[INFO] [1772813864.854531143] [icp_odometry]: Odom: ratio=0.695731, std dev=0.016744m|0.005295rad, update time=0.047503s delay=0.161392s
[INFO] [1772813864.958619203] [icp_odometry]: Odom: ratio=0.702313, std dev=0.017179m|0.005433rad, update time=0.045764s delay=0.165348s
[INFO] [1772813865.051085139] [icp_odometry]: Odom: ratio=0.681654, std dev=0.016774m|0.005304rad, update time=0.041442s delay=0.157985s
[INFO] [1772813865.148385461] [icp_odometry]: Odom: ratio=0.728872, std dev=0.016282m|0.005149rad, update time=0.038464s delay=0.155330s
[INFO] [1772813865.265779707] [icp_odometry]: Odom: ratio=0.706690, std dev=0.015084m|0.004770rad, update time=0.043188s delay=0.172645s
[INFO] [1772813865.356776564] [icp_odometry]: Odom: ratio=0.710957, std dev=0.015804m|0.004998rad, update time=0.049018s delay=0.163545s
[INFO] [1772813865.452802119] [icp_odometry]: Odom: ratio=0.715689, std dev=0.016951m|0.005360rad, update time=0.040336s delay=0.159665s
[INFO] [1772813865.557290770] [icp_odometry]: Odom: ratio=0.677513, std dev=0.017091m|0.005405rad, update time=0.039471s delay=0.164087s
[INFO] [1772813865.649546874] [icp_odometry]: Odom: ratio=0.695872, std dev=0.015274m|0.004830rad, update time=0.037932s delay=0.156389s
[INFO] [1772813865.749807753] [icp_odometry]: Odom: ratio=0.696929, std dev=0.016363m|0.005175rad, update time=0.041269s delay=0.156578s
[INFO] [1772813865.854564477] [icp_odometry]: Odom: ratio=0.712497, std dev=0.015540m|0.004914rad, update time=0.039894s delay=0.161352s
[INFO] [1772813865.955050869] [icp_odometry]: Odom: ratio=0.681870, std dev=0.017223m|0.005446rad, update time=0.043327s delay=0.161956s
[INFO] [1772813866.061954712] [icp_odometry]: Odom: ratio=0.706346, std dev=0.015226m|0.004815rad, update time=0.048025s delay=0.168953s
[INFO] [1772813866.153492134] [icp_odometry]: Odom: ratio=0.681943, std dev=0.016894m|0.005342rad, update time=0.038680s delay=0.160423s
[INFO] [1772813866.252090584] [icp_odometry]: Odom: ratio=0.699003, std dev=0.015926m|0.005036rad, update time=0.041032s delay=0.158961s
[INFO] [1772813866.357982774] [icp_odometry]: Odom: ratio=0.711039, std dev=0.016226m|0.005131rad, update time=0.045348s delay=0.164690s
[INFO] [1772813866.465598292] [icp_odometry]: Odom: ratio=0.679750, std dev=0.016498m|0.005217rad, update time=0.050127s delay=0.172360s
[INFO] [1772813866.563212897] [icp_odometry]: Odom: ratio=0.725260, std dev=0.016446m|0.005201rad, update time=0.053284s delay=0.169997s
[INFO] [1772813866.660464257] [icp_odometry]: Odom: ratio=0.671472, std dev=0.016597m|0.005249rad, update time=0.048626s delay=0.167373s
[INFO] [1772813866.755381419] [icp_odometry]: Odom: ratio=0.810386, std dev=0.013310m|0.004209rad, update time=0.047721s delay=0.162106s
[INFO] [1772813866.869471448] [icp_odometry]: Odom: ratio=0.670586, std dev=0.016984m|0.005371rad, update time=0.046744s delay=0.176233s
[INFO] [1772813866.949402458] [icp_odometry]: Odom: ratio=0.918202, std dev=0.005947m|0.001881rad, update time=0.041566s delay=0.155930s
[INFO] [1772813867.054067819] [icp_odometry]: Odom: ratio=0.661643, std dev=0.017838m|0.005641rad, update time=0.042479s delay=0.160984s
[INFO] [1772813867.150383784] [icp_odometry]: Odom: ratio=0.785683, std dev=0.015484m|0.004896rad, update time=0.039190s delay=0.157199s
[INFO] [1772813867.254220187] [icp_odometry]: Odom: ratio=0.669246, std dev=0.017450m|0.005518rad, update time=0.044822s delay=0.161099s
[INFO] [1772813867.359165687] [icp_odometry]: Odom: ratio=0.706105, std dev=0.017573m|0.005557rad, update time=0.045990s delay=0.166002s
[INFO] [1772813867.453441865] [icp_odometry]: Odom: ratio=0.660643, std dev=0.016043m|0.005073rad, update time=0.041906s delay=0.160278s
[INFO] [1772813867.558393701] [icp_odometry]: Odom: ratio=0.694315, std dev=0.016315m|0.005159rad, update time=0.046916s delay=0.165305s
[INFO] [1772813867.668121457] [icp_odometry]: Odom: ratio=0.669185, std dev=0.016389m|0.005183rad, update time=0.043756s delay=0.174971s
[INFO] [1772813867.758118213] [icp_odometry]: Odom: ratio=0.684771, std dev=0.016310m|0.005158rad, update time=0.042905s delay=0.164921s
[INFO] [1772813867.865340917] [icp_odometry]: Odom: ratio=0.690797, std dev=0.016065m|0.005080rad, update time=0.054255s delay=0.172200s
[INFO] [1772813867.951347990] [icp_odometry]: Odom: ratio=0.677136, std dev=0.016716m|0.005286rad, update time=0.044209s delay=0.158087s
[INFO] [1772813868.055562039] [icp_odometry]: Odom: ratio=0.709856, std dev=0.014885m|0.004707rad, update time=0.040936s delay=0.161680s
[INFO] [1772813868.155770948] [icp_odometry]: Odom: ratio=0.674257, std dev=0.016546m|0.005232rad, update time=0.044628s delay=0.162701s
[INFO] [1772813868.257743538] [icp_odometry]: Odom: ratio=0.699228, std dev=0.017184m|0.005434rad, update time=0.048508s delay=0.164660s
[INFO] [1772813868.353354773] [icp_odometry]: Odom: ratio=0.676643, std dev=0.016498m|0.005217rad, update time=0.038707s delay=0.160264s
[INFO] [1772813868.454573864] [icp_odometry]: Odom: ratio=0.755498, std dev=0.017331m|0.005480rad, update time=0.043356s delay=0.161332s
[INFO] [1772813868.556656026] [icp_odometry]: Odom: ratio=0.677524, std dev=0.016855m|0.005330rad, update time=0.044611s delay=0.163427s
[INFO] [1772813868.649613820] [icp_odometry]: Odom: ratio=0.808464, std dev=0.014382m|0.004548rad, update time=0.039836s delay=0.156403s
[INFO] [1772813868.753381804] [icp_odometry]: Odom: ratio=0.658161, std dev=0.016277m|0.005147rad, update time=0.042465s delay=0.160226s
[INFO] [1772813868.850697710] [icp_odometry]: Odom: ratio=0.735501, std dev=0.018557m|0.005868rad, update time=0.042149s delay=0.157435s
[INFO] [1772813868.951029088] [icp_odometry]: Odom: ratio=0.667180, std dev=0.016370m|0.005177rad, update time=0.042915s delay=0.157727s
[INFO] [1772813869.052869865] [icp_odometry]: Odom: ratio=0.694842, std dev=0.017735m|0.005608rad, update time=0.043085s delay=0.159642s
[INFO] [1772813869.152078865] [icp_odometry]: Odom: ratio=0.680699, std dev=0.016180m|0.005117rad, update time=0.037029s delay=0.158893s
[INFO] [1772813869.261600373] [icp_odometry]: Odom: ratio=0.705371, std dev=0.015600m|0.004933rad, update time=0.038481s delay=0.168481s
[INFO] [1772813869.352763637] [icp_odometry]: Odom: ratio=0.686764, std dev=0.016952m|0.005361rad, update time=0.041330s delay=0.159426s
[INFO] [1772813869.456352638] [icp_odometry]: Odom: ratio=0.685805, std dev=0.015818m|0.005002rad, update time=0.043436s delay=0.163187s
[INFO] [1772813869.555248507] [icp_odometry]: Odom: ratio=0.704133, std dev=0.017260m|0.005458rad, update time=0.042511s delay=0.162154s
[INFO] [1772813869.655110843] [icp_odometry]: Odom: ratio=0.688466, std dev=0.015830m|0.005006rad, update time=0.045400s delay=0.161962s
[INFO] [1772813869.748619889] [icp_odometry]: Odom: ratio=0.698581, std dev=0.017408m|0.005505rad, update time=0.038379s delay=0.155461s
[INFO] [1772813869.850484315] [icp_odometry]: Odom: ratio=0.695998, std dev=0.016177m|0.005116rad, update time=0.040504s delay=0.157304s
[INFO] [1772813869.958604844] [icp_odometry]: Odom: ratio=0.705210, std dev=0.016841m|0.005326rad, update time=0.042295s delay=0.165470s
[INFO] [1772813870.054174766] [icp_odometry]: Odom: ratio=0.673706, std dev=0.017044m|0.005390rad, update time=0.044255s delay=0.160905s
[INFO] [1772813870.156643278] [icp_odometry]: Odom: ratio=0.736178, std dev=0.015170m|0.004797rad, update time=0.046035s delay=0.163430s
[INFO] [1772813870.248261215] [icp_odometry]: Odom: ratio=0.705777, std dev=0.015334m|0.004849rad, update time=0.039758s delay=0.155150s
[INFO] [1772813870.354424551] [icp_odometry]: Odom: ratio=0.716162, std dev=0.015234m|0.004817rad, update time=0.039336s delay=0.161331s
[INFO] [1772813870.445721964] [icp_odometry]: Odom: ratio=0.737888, std dev=0.013041m|0.004124rad, update time=0.037604s delay=0.152460s
[INFO] [1772813870.570314427] [icp_odometry]: Odom: ratio=0.686871, std dev=0.017671m|0.005588rad, update time=0.054645s delay=0.177036s
[INFO] [1772813870.651727155] [icp_odometry]: Odom: ratio=0.713968, std dev=0.014510m|0.004589rad, update time=0.043092s delay=0.158464s
[INFO] [1772813870.751781915] [icp_odometry]: Odom: ratio=0.686997, std dev=0.016883m|0.005339rad, update time=0.042426s delay=0.158645s
[INFO] [1772813870.857787517] [icp_odometry]: Odom: ratio=0.708716, std dev=0.015424m|0.004877rad, update time=0.041980s delay=0.164502s
[INFO] [1772813870.949528178] [icp_odometry]: Odom: ratio=0.693051, std dev=0.017137m|0.005419rad, update time=0.042711s delay=0.156289s
[INFO] [1772813871.071917585] [icp_odometry]: Odom: ratio=0.711211, std dev=0.015335m|0.004849rad, update time=0.051936s delay=0.178814s
[INFO] [1772813871.153838204] [icp_odometry]: Odom: ratio=0.692748, std dev=0.016849m|0.005328rad, update time=0.044137s delay=0.160496s
[INFO] [1772813871.251715763] [icp_odometry]: Odom: ratio=0.696616, std dev=0.016249m|0.005138rad, update time=0.042710s delay=0.158518s
[INFO] [1772813871.352061733] [icp_odometry]: Odom: ratio=0.712609, std dev=0.014970m|0.004734rad, update time=0.039035s delay=0.158947s
[INFO] [1772813871.466831979] [icp_odometry]: Odom: ratio=0.688854, std dev=0.016822m|0.005319rad, update time=0.052345s delay=0.173565s
[INFO] [1772813871.559938770] [icp_odometry]: Odom: ratio=0.718743, std dev=0.016361m|0.005174rad, update time=0.037890s delay=0.166750s
[INFO] [1772813871.657882027] [icp_odometry]: Odom: ratio=0.672524, std dev=0.016540m|0.005230rad, update time=0.042246s delay=0.164650s
[INFO] [1772813871.756574592] [icp_odometry]: Odom: ratio=0.767598, std dev=0.014517m|0.004591rad, update time=0.044809s delay=0.163426s
[INFO] [1772813871.848536254] [icp_odometry]: Odom: ratio=0.673993, std dev=0.016557m|0.005236rad, update time=0.041462s delay=0.155344s
[INFO] [1772813871.946322449] [icp_odometry]: Odom: ratio=0.881720, std dev=0.008348m|0.002640rad, update time=0.037007s delay=0.153089s
[INFO] [1772813872.060205846] [icp_odometry]: Odom: ratio=0.663668, std dev=0.017715m|0.005602rad, update time=0.045873s delay=0.167029s
[INFO] [1772813872.149562451] [icp_odometry]: Odom: ratio=0.798083, std dev=0.014594m|0.004615rad, update time=0.040314s delay=0.156468s
[INFO] [1772813872.252345503] [icp_odometry]: Odom: ratio=0.675165, std dev=0.017475m|0.005526rad, update time=0.043207s delay=0.159114s
[INFO] [1772813872.353469966] [icp_odometry]: Odom: ratio=0.714128, std dev=0.017797m|0.005628rad, update time=0.041050s delay=0.160301s
[INFO] [1772813872.465010877] [icp_odometry]: Odom: ratio=0.673787, std dev=0.016240m|0.005136rad, update time=0.052248s delay=0.171702s
[INFO] [1772813872.545427920] [icp_odometry]: Odom: ratio=0.694605, std dev=0.016909m|0.005347rad, update time=0.036522s delay=0.152272s
[INFO] [1772813872.654893266] [icp_odometry]: Odom: ratio=0.669674, std dev=0.016644m|0.005263rad, update time=0.042730s delay=0.161816s
[INFO] [1772813872.753522757] [icp_odometry]: Odom: ratio=0.692667, std dev=0.016478m|0.005211rad, update time=0.042454s delay=0.160236s
[INFO] [1772813872.864393595] [icp_odometry]: Odom: ratio=0.685406, std dev=0.015957m|0.005046rad, update time=0.053627s delay=0.171219s
[INFO] [1772813872.956449436] [icp_odometry]: Odom: ratio=0.678126, std dev=0.017125m|0.005415rad, update time=0.044282s delay=0.163342s
[INFO] [1772813873.057608844] [icp_odometry]: Odom: ratio=0.705046, std dev=0.015792m|0.004994rad, update time=0.046880s delay=0.164415s
[INFO] [1772813873.159362097] [icp_odometry]: Odom: ratio=0.671552, std dev=0.016986m|0.005372rad, update time=0.048536s delay=0.166192s
[INFO] [1772813873.258513592] [icp_odometry]: Odom: ratio=0.703704, std dev=0.017527m|0.005543rad, update time=0.048381s delay=0.165408s
[INFO] [1772813873.359541123] [icp_odometry]: Odom: ratio=0.686352, std dev=0.015983m|0.005054rad, update time=0.042539s delay=0.166272s
[INFO] [1772813873.454061374] [icp_odometry]: Odom: ratio=0.745478, std dev=0.017898m|0.005660rad, update time=0.039804s delay=0.160830s
[INFO] [1772813873.554399600] [icp_odometry]: Odom: ratio=0.678633, std dev=0.016409m|0.005189rad, update time=0.043671s delay=0.161120s
[INFO] [1772813873.654232975] [icp_odometry]: Odom: ratio=0.810273, std dev=0.014575m|0.004609rad, update time=0.045134s delay=0.160925s
[INFO] [1772813873.758491793] [icp_odometry]: Odom: ratio=0.661088, std dev=0.016118m|0.005097rad, update time=0.046835s delay=0.165330s
[INFO] [1772813873.848758800] [icp_odometry]: Odom: ratio=0.758893, std dev=0.018346m|0.005801rad, update time=0.040005s delay=0.155703s
[INFO] [1772813873.959336379] [icp_odometry]: Odom: ratio=0.664012, std dev=0.017302m|0.005471rad, update time=0.047109s delay=0.166079s
[INFO] [1772813874.055376494] [icp_odometry]: Odom: ratio=0.701846, std dev=0.017655m|0.005583rad, update time=0.045543s delay=0.162218s
[INFO] [1772813874.158433892] [icp_odometry]: Odom: ratio=0.671611, std dev=0.016284m|0.005149rad, update time=0.049652s delay=0.165049s
[INFO] [1772813874.257132154] [icp_odometry]: Odom: ratio=0.696278, std dev=0.014579m|0.004610rad, update time=0.042212s delay=0.163927s
[INFO] [1772813874.351821147] [icp_odometry]: Odom: ratio=0.689895, std dev=0.016328m|0.005163rad, update time=0.041688s delay=0.158594s
[INFO] [1772813874.460649734] [icp_odometry]: Odom: ratio=0.692713, std dev=0.015129m|0.004784rad, update time=0.049000s delay=0.167406s
[INFO] [1772813874.552049454] [icp_odometry]: Odom: ratio=0.697891, std dev=0.017760m|0.005616rad, update time=0.043638s delay=0.158861s
[INFO] [1772813874.656387731] [icp_odometry]: Odom: ratio=0.688271, std dev=0.015125m|0.004783rad, update time=0.040543s delay=0.163170s
[INFO] [1772813874.755661438] [icp_odometry]: Odom: ratio=0.710168, std dev=0.017485m|0.005529rad, update time=0.042477s delay=0.162488s
[INFO] [1772813874.858979454] [icp_odometry]: Odom: ratio=0.692134, std dev=0.016682m|0.005275rad, update time=0.049013s delay=0.165741s
[INFO] [1772813874.945395310] [icp_odometry]: Odom: ratio=0.705005, std dev=0.017010m|0.005379rad, update time=0.034872s delay=0.152086s
[INFO] [1772813875.054584582] [icp_odometry]: Odom: ratio=0.676171, std dev=0.017979m|0.005685rad, update time=0.042795s delay=0.161464s
[INFO] [1772813875.160656523] [icp_odometry]: Odom: ratio=0.735314, std dev=0.013208m|0.004177rad, update time=0.045269s delay=0.167532s
[INFO] [1772813875.254208227] [icp_odometry]: Odom: ratio=0.713450, std dev=0.013249m|0.004190rad, update time=0.040241s delay=0.161053s
[INFO] [1772813875.353800153] [icp_odometry]: Odom: ratio=0.728663, std dev=0.011953m|0.003780rad, update time=0.041708s delay=0.160492s
[INFO] [1772813875.449320217] [icp_odometry]: Odom: ratio=0.747555, std dev=0.011155m|0.003528rad, update time=0.040981s delay=0.155995s
[INFO] [1772813875.561106897] [icp_odometry]: Odom: ratio=0.678364, std dev=0.017199m|0.005439rad, update time=0.042863s delay=0.167951s
[INFO] [1772813875.656216194] [icp_odometry]: Odom: ratio=0.725512, std dev=0.014147m|0.004474rad, update time=0.047138s delay=0.163029s
[INFO] [1772813875.749518385] [icp_odometry]: Odom: ratio=0.676075, std dev=0.017161m|0.005427rad, update time=0.039241s delay=0.156276s
[INFO] [1772813875.866458918] [icp_odometry]: Odom: ratio=0.696014, std dev=0.017319m|0.005477rad, update time=0.056251s delay=0.173273s
[INFO] [1772813875.950775018] [icp_odometry]: Odom: ratio=0.681674, std dev=0.016332m|0.005165rad, update time=0.040335s delay=0.157664s
[INFO] [1772813876.064305857] [icp_odometry]: Odom: ratio=0.701754, std dev=0.016465m|0.005207rad, update time=0.050448s delay=0.171065s
[INFO] [1772813876.174216276] [icp_odometry]: Odom: ratio=0.696429, std dev=0.016173m|0.005114rad, update time=0.052495s delay=0.180872s
[INFO] [1772813876.246652066] [icp_odometry]: Odom: ratio=0.695593, std dev=0.016297m|0.005154rad, update time=0.040401s delay=0.153361s
[INFO] [1772813876.356676824] [icp_odometry]: Odom: ratio=0.713888, std dev=0.015563m|0.004922rad, update time=0.050511s delay=0.163442s
[INFO] [1772813876.455964451] [icp_odometry]: Odom: ratio=0.685305, std dev=0.016919m|0.005350rad, update time=0.047183s delay=0.162754s
[INFO] [1772813876.549386262] [icp_odometry]: Odom: ratio=0.711375, std dev=0.015857m|0.005015rad, update time=0.038233s delay=0.156168s
[INFO] [1772813876.656284250] [icp_odometry]: Odom: ratio=0.669723, std dev=0.016376m|0.005179rad, update time=0.044852s delay=0.163126s
[INFO] [1772813876.750713682] [icp_odometry]: Odom: ratio=0.736254, std dev=0.015427m|0.004878rad, update time=0.039909s delay=0.157416s
[INFO] [1772813876.854985268] [icp_odometry]: Odom: ratio=0.670346, std dev=0.016263m|0.005143rad, update time=0.041381s delay=0.161741s
[INFO] [1772813876.954716432] [icp_odometry]: Odom: ratio=0.824627, std dev=0.012695m|0.004015rad, update time=0.043089s delay=0.161572s
[INFO] [1772813877.055813630] [icp_odometry]: Odom: ratio=0.670588, std dev=0.017312m|0.005475rad, update time=0.042549s delay=0.162444s
[INFO] [1772813877.150438077] [icp_odometry]: Odom: ratio=0.803827, std dev=0.013303m|0.004207rad, update time=0.039274s delay=0.157181s
[INFO] [1772813877.269525698] [icp_odometry]: Odom: ratio=0.665287, std dev=0.016817m|0.005318rad, update time=0.051799s delay=0.176186s
[INFO] [1772813877.367712548] [icp_odometry]: Odom: ratio=0.697940, std dev=0.018644m|0.005896rad, update time=0.052204s delay=0.174415s
[INFO] [1772813877.460268119] [icp_odometry]: Odom: ratio=0.676178, std dev=0.015577m|0.004926rad, update time=0.052347s delay=0.167099s
[INFO] [1772813877.559336666] [icp_odometry]: Odom: ratio=0.697721, std dev=0.016920m|0.005351rad, update time=0.041953s delay=0.166051s
[INFO] [1772813877.659174841] [icp_odometry]: Odom: ratio=0.677830, std dev=0.016378m|0.005179rad, update time=0.041453s delay=0.165983s
[INFO] [1772813877.751196025] [icp_odometry]: Odom: ratio=0.702468, std dev=0.016841m|0.005326rad, update time=0.042787s delay=0.157948s
[INFO] [1772813877.856231351] [icp_odometry]: Odom: ratio=0.678826, std dev=0.016589m|0.005246rad, update time=0.042961s delay=0.163048s
[INFO] [1772813877.963658830] [icp_odometry]: Odom: ratio=0.680991, std dev=0.016101m|0.005092rad, update time=0.055871s delay=0.170375s
[INFO] [1772813878.057267912] [icp_odometry]: Odom: ratio=0.702655, std dev=0.016082m|0.005086rad, update time=0.045508s delay=0.164129s
[INFO] [1772813878.150742653] [icp_odometry]: Odom: ratio=0.671432, std dev=0.016323m|0.005162rad, update time=0.043081s delay=0.157434s
[INFO] [1772813878.259634538] [icp_odometry]: Odom: ratio=0.703931, std dev=0.017771m|0.005620rad, update time=0.047421s delay=0.166378s
[INFO] [1772813878.347334474] [icp_odometry]: Odom: ratio=0.685226, std dev=0.015916m|0.005033rad, update time=0.038892s delay=0.154160s
[INFO] [1772813878.452932030] [icp_odometry]: Odom: ratio=0.734832, std dev=0.018501m|0.005851rad, update time=0.044354s delay=0.159717s
[INFO] [1772813878.550120187] [icp_odometry]: Odom: ratio=0.670889, std dev=0.016183m|0.005118rad, update time=0.038799s delay=0.156803s
[INFO] [1772813878.656004505] [icp_odometry]: Odom: ratio=0.807675, std dev=0.014068m|0.004449rad, update time=0.044975s delay=0.162838s
[INFO] [1772813878.763164967] [icp_odometry]: Odom: ratio=0.662355, std dev=0.017177m|0.005432rad, update time=0.046445s delay=0.169893s
[INFO] [1772813878.852024113] [icp_odometry]: Odom: ratio=0.766411, std dev=0.017370m|0.005493rad, update time=0.042307s delay=0.158811s
[INFO] [1772813878.949510170] [icp_odometry]: Odom: ratio=0.664827, std dev=0.017479m|0.005527rad, update time=0.037568s delay=0.156341s
[INFO] [1772813879.066687736] [icp_odometry]: Odom: ratio=0.704121, std dev=0.015946m|0.005043rad, update time=0.049813s delay=0.173425s
[INFO] [1772813879.162018418] [icp_odometry]: Odom: ratio=0.673704, std dev=0.016717m|0.005286rad, update time=0.051682s delay=0.168808s
[INFO] [1772813879.265321809] [icp_odometry]: Odom: ratio=0.700888, std dev=0.014658m|0.004635rad, update time=0.053549s delay=0.171978s
[INFO] [1772813879.350097701] [icp_odometry]: Odom: ratio=0.694754, std dev=0.016212m|0.005127rad, update time=0.040321s delay=0.156780s
[INFO] [1772813879.451759047] [icp_odometry]: Odom: ratio=0.688592, std dev=0.015237m|0.004818rad, update time=0.042727s delay=0.158390s
[INFO] [1772813879.550492254] [icp_odometry]: Odom: ratio=0.698087, std dev=0.017475m|0.005526rad, update time=0.036055s delay=0.157181s
[INFO] [1772813879.654624252] [icp_odometry]: Odom: ratio=0.677974, std dev=0.015764m|0.004985rad, update time=0.043536s delay=0.161064s
[INFO] [1772813879.761635587] [icp_odometry]: Odom: ratio=0.704674, std dev=0.016946m|0.005359rad, update time=0.038817s delay=0.168330s
[INFO] [1772813879.855347489] [icp_odometry]: Odom: ratio=0.700680, std dev=0.016760m|0.005300rad, update time=0.046950s delay=0.162090s
[INFO] [1772813879.956264136] [icp_odometry]: Odom: ratio=0.720046, std dev=0.015854m|0.005014rad, update time=0.046075s delay=0.162927s
[INFO] [1772813880.052790829] [icp_odometry]: Odom: ratio=0.671776, std dev=0.017469m|0.005524rad, update time=0.042494s delay=0.159487s
[INFO] [1772813880.156107213] [icp_odometry]: Odom: ratio=0.734945, std dev=0.012940m|0.004092rad, update time=0.041049s delay=0.162777s
[INFO] [1772813880.251387748] [icp_odometry]: Odom: ratio=0.704422, std dev=0.014846m|0.004695rad, update time=0.041140s delay=0.158152s
[INFO] [1772813880.348807306] [icp_odometry]: Odom: ratio=0.738314, std dev=0.009997m|0.003161rad, update time=0.035632s delay=0.155529s
[INFO] [1772813880.462032439] [icp_odometry]: Odom: ratio=0.761570, std dev=0.008943m|0.002828rad, update time=0.049723s delay=0.168707s
[INFO] [1772813880.553482689] [icp_odometry]: Odom: ratio=0.683744, std dev=0.016978m|0.005369rad, update time=0.043187s delay=0.160195s
[INFO] [1772813880.649701435] [icp_odometry]: Odom: ratio=0.739343, std dev=0.013259m|0.004193rad, update time=0.039140s delay=0.156417s
[INFO] [1772813880.758693676] [icp_odometry]: Odom: ratio=0.673614, std dev=0.017406m|0.005504rad, update time=0.046699s delay=0.165485s
[INFO] [1772813880.856089489] [icp_odometry]: Odom: ratio=0.707543, std dev=0.017006m|0.005378rad, update time=0.041347s delay=0.162753s
[INFO] [1772813880.954712644] [icp_odometry]: Odom: ratio=0.685097, std dev=0.015945m|0.005042rad, update time=0.037751s delay=0.161492s
[INFO] [1772813881.050125824] [icp_odometry]: Odom: ratio=0.695926, std dev=0.016837m|0.005324rad, update time=0.041611s delay=0.156909s
[INFO] [1772813881.156016575] [icp_odometry]: Odom: ratio=0.688495, std dev=0.016002m|0.005060rad, update time=0.043771s delay=0.162698s
[INFO] [1772813881.249567638] [icp_odometry]: Odom: ratio=0.700753, std dev=0.016131m|0.005101rad, update time=0.042310s delay=0.156107s
[INFO] [1772813881.355477621] [icp_odometry]: Odom: ratio=0.698318, std dev=0.015544m|0.004915rad, update time=0.044880s delay=0.161834s
[INFO] [1772813881.454621339] [icp_odometry]: Odom: ratio=0.684848, std dev=0.016910m|0.005347rad, update time=0.041336s delay=0.161289s
[INFO] [1772813881.566306287] [icp_odometry]: Odom: ratio=0.701917, std dev=0.015278m|0.004831rad, update time=0.050964s delay=0.172841s
[INFO] [1772813881.660894061] [icp_odometry]: Odom: ratio=0.670575, std dev=0.016788m|0.005309rad, update time=0.048120s delay=0.167502s
[INFO] [1772813881.749642643] [icp_odometry]: Odom: ratio=0.707133, std dev=0.016957m|0.005362rad, update time=0.037208s delay=0.156348s
[INFO] [1772813881.862455665] [icp_odometry]: Odom: ratio=0.673838, std dev=0.015924m|0.005036rad, update time=0.047110s delay=0.169124s
[INFO] [1772813881.956713155] [icp_odometry]: Odom: ratio=0.784141, std dev=0.015805m|0.004998rad, update time=0.042758s delay=0.163475s
[INFO] [1772813882.054004420] [icp_odometry]: Odom: ratio=0.674060, std dev=0.016564m|0.005238rad, update time=0.042656s delay=0.160762s
[INFO] [1772813882.170343108] [icp_odometry]: Odom: ratio=0.801924, std dev=0.014843m|0.004694rad, update time=0.050074s delay=0.177088s
[INFO] [1772813882.255384130] [icp_odometry]: Odom: ratio=0.665423, std dev=0.016475m|0.005210rad, update time=0.042964s delay=0.162145s
[INFO] [1772813882.362542063] [icp_odometry]: Odom: ratio=0.713011, std dev=0.018712m|0.005917rad, update time=0.045629s delay=0.169363s
[INFO] [1772813882.454823031] [icp_odometry]: Odom: ratio=0.668574, std dev=0.015913m|0.005032rad, update time=0.044043s delay=0.161568s
[INFO] [1772813882.560027037] [icp_odometry]: Odom: ratio=0.690317, std dev=0.017206m|0.005441rad, update time=0.043387s delay=0.166763s
[INFO] [1772813882.659038429] [icp_odometry]: Odom: ratio=0.665332, std dev=0.015906m|0.005030rad, update time=0.045071s delay=0.165748s
[INFO] [1772813882.746166632] [icp_odometry]: Odom: ratio=0.708296, std dev=0.015830m|0.005006rad, update time=0.035896s delay=0.152890s
[INFO] [1772813882.862438245] [icp_odometry]: Odom: ratio=0.668585, std dev=0.016755m|0.005298rad, update time=0.048961s delay=0.169117s
[INFO] [1772813882.945706178] [icp_odometry]: Odom: ratio=0.689830, std dev=0.015537m|0.004913rad, update time=0.038421s delay=0.152242s
[INFO] [1772813883.055146115] [icp_odometry]: Odom: ratio=0.706132, std dev=0.017357m|0.005489rad, update time=0.044521s delay=0.161807s
[INFO] [1772813883.161096260] [icp_odometry]: Odom: ratio=0.674651, std dev=0.015960m|0.005047rad, update time=0.045099s delay=0.167758s
[INFO] [1772813883.272912541] [icp_odometry]: Odom: ratio=0.706391, std dev=0.018173m|0.005747rad, update time=0.057057s delay=0.179541s
[INFO] [1772813883.362853071] [icp_odometry]: Odom: ratio=0.672628, std dev=0.015612m|0.004937rad, update time=0.052145s delay=0.169418s
[INFO] [1772813883.463273668] [icp_odometry]: Odom: ratio=0.733333, std dev=0.017820m|0.005635rad, update time=0.052403s delay=0.169651s
[INFO] [1772813883.563848510] [icp_odometry]: Odom: ratio=0.665955, std dev=0.016109m|0.005094rad, update time=0.044583s delay=0.170599s
[INFO] [1772813883.647744754] [icp_odometry]: Odom: ratio=0.841681, std dev=0.010947m|0.003462rad, update time=0.038640s delay=0.154436s
[INFO] [1772813883.755970983] [icp_odometry]: Odom: ratio=0.669954, std dev=0.017877m|0.005653rad, update time=0.040382s delay=0.162659s
[INFO] [1772813883.854855523] [icp_odometry]: Odom: ratio=0.789289, std dev=0.015999m|0.005059rad, update time=0.047257s delay=0.161528s
[INFO] [1772813883.951505805] [icp_odometry]: Odom: ratio=0.667547, std dev=0.017286m|0.005466rad, update time=0.039228s delay=0.158210s
[INFO] [1772813884.044680855] [icp_odometry]: Odom: ratio=0.722022, std dev=0.015558m|0.004920rad, update time=0.035748s delay=0.151300s
[INFO] [1772813884.153192342] [icp_odometry]: Odom: ratio=0.675565, std dev=0.016781m|0.005307rad, update time=0.038999s delay=0.159879s
[INFO] [1772813884.265061264] [icp_odometry]: Odom: ratio=0.703738, std dev=0.015056m|0.004761rad, update time=0.045138s delay=0.171746s
[INFO] [1772813884.356260369] [icp_odometry]: Odom: ratio=0.690471, std dev=0.016482m|0.005212rad, update time=0.042275s delay=0.163040s
[INFO] [1772813884.466872414] [icp_odometry]: Odom: ratio=0.682811, std dev=0.015760m|0.004984rad, update time=0.054270s delay=0.173616s
[INFO] [1772813884.548037293] [icp_odometry]: Odom: ratio=0.700000, std dev=0.016930m|0.005354rad, update time=0.037333s delay=0.154647s
[INFO] [1772813884.658015810] [icp_odometry]: Odom: ratio=0.677250, std dev=0.016842m|0.005326rad, update time=0.043980s delay=0.164800s
[INFO] [1772813884.757696699] [icp_odometry]: Odom: ratio=0.712108, std dev=0.017045m|0.005390rad, update time=0.039171s delay=0.164312s
[INFO] [1772813884.852297178] [icp_odometry]: Odom: ratio=0.689469, std dev=0.016767m|0.005302rad, update time=0.043782s delay=0.158926s
[INFO] [1772813884.949562650] [icp_odometry]: Odom: ratio=0.713504, std dev=0.015897m|0.005027rad, update time=0.039015s delay=0.156335s
[INFO] [1772813885.059775320] [icp_odometry]: Odom: ratio=0.667494, std dev=0.017452m|0.005519rad, update time=0.045820s delay=0.166587s
[INFO] [1772813885.143255612] [icp_odometry]: Odom: ratio=0.728016, std dev=0.013679m|0.004326rad, update time=0.034702s delay=0.149993s
[INFO] [1772813885.252906853] [icp_odometry]: Odom: ratio=0.696655, std dev=0.016322m|0.005161rad, update time=0.043204s delay=0.159583s
[INFO] [1772813885.355327716] [icp_odometry]: Odom: ratio=0.738905, std dev=0.011221m|0.003548rad, update time=0.043979s delay=0.162041s
[INFO] [1772813885.456726909] [icp_odometry]: Odom: ratio=0.745801, std dev=0.012135m|0.003837rad, update time=0.044620s delay=0.163430s
[INFO] [1772813885.553884153] [icp_odometry]: Odom: ratio=0.697788, std dev=0.016875m|0.005336rad, update time=0.042637s delay=0.160543s
[INFO] [1772813885.659717014] [icp_odometry]: Odom: ratio=0.729243, std dev=0.015741m|0.004978rad, update time=0.048535s delay=0.166317s
[INFO] [1772813885.752471984] [icp_odometry]: Odom: ratio=0.677978, std dev=0.017743m|0.005611rad, update time=0.041096s delay=0.159102s
[INFO] [1772813885.858738332] [icp_odometry]: Odom: ratio=0.693914, std dev=0.017278m|0.005464rad, update time=0.048344s delay=0.165545s
[INFO] [1772813885.950328139] [icp_odometry]: Odom: ratio=0.686377, std dev=0.015283m|0.004833rad, update time=0.040880s delay=0.156999s
[INFO] [1772813886.067939098] [icp_odometry]: Odom: ratio=0.692982, std dev=0.017033m|0.005386rad, update time=0.054075s delay=0.174671s
[INFO] [1772813886.156247440] [icp_odometry]: Odom: ratio=0.687019, std dev=0.015953m|0.005045rad, update time=0.041017s delay=0.162804s
[INFO] [1772813886.254220587] [icp_odometry]: Odom: ratio=0.697542, std dev=0.016139m|0.005104rad, update time=0.045254s delay=0.161035s
[INFO] [1772813886.355213685] [icp_odometry]: Odom: ratio=0.701718, std dev=0.015634m|0.004944rad, update time=0.042587s delay=0.161941s
[INFO] [1772813886.457622227] [icp_odometry]: Odom: ratio=0.697071, std dev=0.017216m|0.005444rad, update time=0.046772s delay=0.164091s
[INFO] [1772813886.553282904] [icp_odometry]: Odom: ratio=0.704984, std dev=0.016137m|0.005103rad, update time=0.041325s delay=0.160065s
[INFO] [1772813886.663561976] [icp_odometry]: Odom: ratio=0.675758, std dev=0.016891m|0.005341rad, update time=0.054101s delay=0.170190s
[INFO] [1772813886.767447469] [icp_odometry]: Odom: ratio=0.694998, std dev=0.018055m|0.005710rad, update time=0.053845s delay=0.174047s
[INFO] [1772813886.853382604] [icp_odometry]: Odom: ratio=0.682086, std dev=0.015777m|0.004989rad, update time=0.044308s delay=0.160132s
[INFO] [1772813886.958418539] [icp_odometry]: Odom: ratio=0.747875, std dev=0.017938m|0.005673rad, update time=0.043049s delay=0.165075s
[INFO] [1772813887.048447169] [icp_odometry]: Odom: ratio=0.671124, std dev=0.016408m|0.005189rad, update time=0.041334s delay=0.155126s
[INFO] [1772813887.154319678] [icp_odometry]: Odom: ratio=0.810352, std dev=0.014436m|0.004565rad, update time=0.038488s delay=0.161007s
[INFO] [1772813887.260692462] [icp_odometry]: Odom: ratio=0.659002, std dev=0.016218m|0.005129rad, update time=0.049734s delay=0.167440s
[INFO] [1772813887.352488773] [icp_odometry]: Odom: ratio=0.737014, std dev=0.018720m|0.005920rad, update time=0.041580s delay=0.159216s
[INFO] [1772813887.461238797] [icp_odometry]: Odom: ratio=0.665636, std dev=0.016639m|0.005262rad, update time=0.047203s delay=0.167981s
[INFO] [1772813887.557206814] [icp_odometry]: Odom: ratio=0.698968, std dev=0.017192m|0.005437rad, update time=0.040335s delay=0.163920s
[INFO] [1772813887.654484543] [icp_odometry]: Odom: ratio=0.668382, std dev=0.016226m|0.005131rad, update time=0.043949s delay=0.160929s
[INFO] [1772813887.765092459] [icp_odometry]: Odom: ratio=0.709453, std dev=0.014657m|0.004635rad, update time=0.048664s delay=0.171775s
[INFO] [1772813887.856751261] [icp_odometry]: Odom: ratio=0.674793, std dev=0.017358m|0.005489rad, update time=0.045848s delay=0.163462s
[INFO] [1772813887.956842662] [icp_odometry]: Odom: ratio=0.688069, std dev=0.015442m|0.004883rad, update time=0.043274s delay=0.163553s
[INFO] [1772813888.067676026] [icp_odometry]: Odom: ratio=0.696667, std dev=0.017601m|0.005566rad, update time=0.048538s delay=0.174229s
[INFO] [1772813888.154338644] [icp_odometry]: Odom: ratio=0.673492, std dev=0.015466m|0.004891rad, update time=0.040682s delay=0.161049s
[INFO] [1772813888.257244644] [icp_odometry]: Odom: ratio=0.707317, std dev=0.017564m|0.005554rad, update time=0.048162s delay=0.163921s
[INFO] [1772813888.351895941] [icp_odometry]: Odom: ratio=0.670094, std dev=0.016160m|0.005110rad, update time=0.037154s delay=0.158543s
[INFO] [1772813888.461802679] [icp_odometry]: Odom: ratio=0.729368, std dev=0.017644m|0.005579rad, update time=0.051223s delay=0.168498s
[INFO] [1772813888.553339108] [icp_odometry]: Odom: ratio=0.667395, std dev=0.016141m|0.005104rad, update time=0.039331s delay=0.159987s
[INFO] [1772813888.662700867] [icp_odometry]: Odom: ratio=0.852767, std dev=0.010929m|0.003456rad, update time=0.042089s delay=0.169318s
[INFO] [1772813888.754242672] [icp_odometry]: Odom: ratio=0.671425, std dev=0.017554m|0.005551rad, update time=0.043008s delay=0.160846s
[INFO] [1772813888.856407621] [icp_odometry]: Odom: ratio=0.845480, std dev=0.012013m|0.003799rad, update time=0.045489s delay=0.163193s
[INFO] [1772813888.959624289] [icp_odometry]: Odom: ratio=0.662577, std dev=0.017858m|0.005647rad, update time=0.040194s delay=0.166212s
[INFO] [1772813889.050098503] [icp_odometry]: Odom: ratio=0.728591, std dev=0.015716m|0.004970rad, update time=0.039153s delay=0.156672s
[INFO] [1772813889.146426373] [icp_odometry]: Odom: ratio=0.668639, std dev=0.016394m|0.005184rad, update time=0.035711s delay=0.152974s
[INFO] [1772813889.257033138] [icp_odometry]: Odom: ratio=0.692855, std dev=0.015500m|0.004902rad, update time=0.045828s delay=0.163679s
[INFO] [1772813889.354666048] [icp_odometry]: Odom: ratio=0.683683, std dev=0.016453m|0.005203rad, update time=0.041681s delay=0.161287s
[INFO] [1772813889.460409401] [icp_odometry]: Odom: ratio=0.684975, std dev=0.016204m|0.005124rad, update time=0.044781s delay=0.167015s
[INFO] [1772813889.547986036] [icp_odometry]: Odom: ratio=0.707940, std dev=0.016250m|0.005139rad, update time=0.035710s delay=0.154710s
[INFO] [1772813889.655585778] [icp_odometry]: Odom: ratio=0.669300, std dev=0.016500m|0.005218rad, update time=0.041962s delay=0.162179s
[INFO] [1772813889.750058475] [icp_odometry]: Odom: ratio=0.720784, std dev=0.016378m|0.005179rad, update time=0.035135s delay=0.156631s
[INFO] [1772813889.863240598] [icp_odometry]: Odom: ratio=0.685478, std dev=0.017049m|0.005391rad, update time=0.050717s delay=0.169871s
[INFO] [1772813889.956763469] [icp_odometry]: Odom: ratio=0.730278, std dev=0.015200m|0.004807rad, update time=0.043447s delay=0.163447s
[INFO] [1772813890.058866400] [icp_odometry]: Odom: ratio=0.684746, std dev=0.017533m|0.005544rad, update time=0.047977s delay=0.165524s
[INFO] [1772813890.156647763] [icp_odometry]: Odom: ratio=0.718990, std dev=0.014562m|0.004605rad, update time=0.042493s delay=0.163180s
[INFO] [1772813890.252884814] [icp_odometry]: Odom: ratio=0.688218, std dev=0.017557m|0.005552rad, update time=0.041893s delay=0.159538s
[INFO] [1772813890.354509039] [icp_odometry]: Odom: ratio=0.730595, std dev=0.013443m|0.004251rad, update time=0.034856s delay=0.161257s
[INFO] [1772813890.451558376] [icp_odometry]: Odom: ratio=0.734787, std dev=0.012893m|0.004077rad, update time=0.039037s delay=0.158174s
[INFO] [1772813890.559217607] [icp_odometry]: Odom: ratio=0.710614, std dev=0.016643m|0.005263rad, update time=0.041982s delay=0.165799s
[INFO] [1772813890.646536441] [icp_odometry]: Odom: ratio=0.733454, std dev=0.015104m|0.004776rad, update time=0.037216s delay=0.153080s
[INFO] [1772813890.756338280] [icp_odometry]: Odom: ratio=0.675736, std dev=0.016928m|0.005353rad, update time=0.041830s delay=0.162922s
[INFO] [1772813890.863777279] [icp_odometry]: Odom: ratio=0.681445, std dev=0.018108m|0.005726rad, update time=0.049857s delay=0.170486s
[INFO] [1772813890.957041612] [icp_odometry]: Odom: ratio=0.687185, std dev=0.015264m|0.004827rad, update time=0.039018s delay=0.163588s
[INFO] [1772813891.057630311] [icp_odometry]: Odom: ratio=0.698602, std dev=0.017294m|0.005469rad, update time=0.047553s delay=0.164264s
[INFO] [1772813891.155347352] [icp_odometry]: Odom: ratio=0.677725, std dev=0.015911m|0.005032rad, update time=0.043136s delay=0.162044s
[INFO] [1772813891.248663111] [icp_odometry]: Odom: ratio=0.703855, std dev=0.016255m|0.005140rad, update time=0.038341s delay=0.155329s
[INFO] [1772813891.349664497] [icp_odometry]: Odom: ratio=0.690830, std dev=0.016185m|0.005118rad, update time=0.035666s delay=0.156310s
[INFO] [1772813891.452507840] [icp_odometry]: Odom: ratio=0.702948, std dev=0.016670m|0.005271rad, update time=0.039992s delay=0.159035s
[INFO] [1772813891.553825045] [icp_odometry]: Odom: ratio=0.699060, std dev=0.016427m|0.005195rad, update time=0.040573s delay=0.160513s
[INFO] [1772813891.660612629] [icp_odometry]: Odom: ratio=0.675781, std dev=0.016447m|0.005201rad, update time=0.044654s delay=0.167314s
[INFO] [1772813891.761040970] [icp_odometry]: Odom: ratio=0.700221, std dev=0.017936m|0.005672rad, update time=0.046766s delay=0.167596s
[INFO] [1772813891.857886971] [icp_odometry]: Odom: ratio=0.677734, std dev=0.015618m|0.004939rad, update time=0.046461s delay=0.164550s
[INFO] [1772813891.955210974] [icp_odometry]: Odom: ratio=0.745589, std dev=0.016473m|0.005209rad, update time=0.041756s delay=0.161958s
[INFO] [1772813892.057734624] [icp_odometry]: Odom: ratio=0.672478, std dev=0.016368m|0.005176rad, update time=0.047698s delay=0.164350s
[INFO] [1772813892.151817867] [icp_odometry]: Odom: ratio=0.819075, std dev=0.013958m|0.004414rad, update time=0.040451s delay=0.