[INFO] [1771004148.629071320] [icp_odometry]: Odometry: frame_id               = leo04/base_footprint
[INFO] [1771004148.629613227] [icp_odometry]: Odometry: odom_frame_id          = odom
[INFO] [1771004148.629648108] [icp_odometry]: Odometry: publish_tf             = true
[INFO] [1771004148.629674093] [icp_odometry]: Odometry: wait_for_transform     = 0.200000
[INFO] [1771004148.629701902] [icp_odometry]: Odometry: log_to_rosout_level    = 4
[INFO] [1771004148.629784753] [icp_odometry]: Odometry: initial_pose           = xyz=0.000000,0.000000,0.000000 rpy=0.000000,-0.000000,0.000000
[INFO] [1771004148.629810833] [icp_odometry]: Odometry: ground_truth_frame_id  = 
[INFO] [1771004148.629830130] [icp_odometry]: Odometry: ground_truth_base_frame_id = leo04/base_footprint
[INFO] [1771004148.629847219] [icp_odometry]: Odometry: config_path            = 
[INFO] [1771004148.629876724] [icp_odometry]: Odometry: publish_null_when_lost = true
[INFO] [1771004148.629895028] [icp_odometry]: Odometry: publish_compressed_sensor_data = false
[INFO] [1771004148.629911733] [icp_odometry]: Odometry: guess_frame_id         = 
[INFO] [1771004148.629927926] [icp_odometry]: Odometry: guess_min_translation  = 0.000000
[INFO] [1771004148.629951926] [icp_odometry]: Odometry: guess_min_rotation     = 0.000000
[INFO] [1771004148.629971863] [icp_odometry]: Odometry: guess_min_time         = 0.000000
[INFO] [1771004148.629990008] [icp_odometry]: Odometry: expected_update_rate   = 15.000000 Hz
[INFO] [1771004148.630012280] [icp_odometry]: Odometry: max_update_rate        = 0.000000 Hz
[INFO] [1771004148.630040473] [icp_odometry]: Odometry: min_update_rate        = 0.000000 Hz
[INFO] [1771004148.630060858] [icp_odometry]: Odometry: wait_imu_to_init       = false
[INFO] [1771004148.630078523] [icp_odometry]: Odometry: always_check_imu_tf    = true
[INFO] [1771004148.630095067] [icp_odometry]: Odometry: sensor_data_compression_format = .jpg
[INFO] [1771004148.630111036] [icp_odometry]: Odometry: sensor_data_parallel_compression = true
[INFO] [1771004148.630135901] [icp_odometry]: Odometry: stereoParams_=0 visParams_=0 icpParams_=1
[INFO] [1771004148.631229379] [icp_odometry]: Setting odometry parameter "Icp/CorrespondenceRatio"="0.01"
[INFO] [1771004148.631342023] [icp_odometry]: Setting odometry parameter "Icp/Epsilon"="0.001"
[INFO] [1771004148.631442122] [icp_odometry]: Setting odometry parameter "Icp/Iterations"="10"
[INFO] [1771004148.631494572] [icp_odometry]: Setting odometry parameter "Icp/MaxCorrespondenceDistance"="1"
[INFO] [1771004148.631572271] [icp_odometry]: Setting odometry parameter "Icp/MaxTranslation"="2"
[INFO] [1771004148.631627088] [icp_odometry]: Setting odometry parameter "Icp/OutlierRatio"="0.7"
[INFO] [1771004148.631826711] [icp_odometry]: Setting odometry parameter "Icp/PointToPlaneK"="20"
[INFO] [1771004148.631931611] [icp_odometry]: Setting odometry parameter "Icp/PointToPlaneRadius"="0"
[INFO] [1771004148.632012990] [icp_odometry]: Setting odometry parameter "Icp/RangeMin"="0.3"
[INFO] [1771004148.632105537] [icp_odometry]: Setting odometry parameter "Icp/VoxelSize"="0.1"
[INFO] [1771004148.632555569] [icp_odometry]: Setting odometry parameter "Odom/ScanKeyFrameThr"="0.4"
[INFO] [1771004148.632649140] [icp_odometry]: Setting odometry parameter "OdomF2M/BundleAdjustment"="false"
[INFO] [1771004148.632886908] [icp_odometry]: Setting odometry parameter "OdomF2M/ScanMaxSize"="15000"
[INFO] [1771004148.632992256] [icp_odometry]: Setting odometry parameter "OdomF2M/ScanSubtractRadius"="0.1"
[WARN] [1771004148.642279074] [icp_odometry]: IcpOdometry: Transferring value 0.3 of "Icp/RangeMin" to ros parameter "scan_range_min" for convenience. "Icp/RangeMin" is set to 0.
[WARN] [1771004148.642395974] [icp_odometry]: IcpOdometry: Transferring value 0.1 of "Icp/VoxelSize" to ros parameter "scan_voxel_size" for convenience. "Icp/VoxelSize" is set to 0.
[WARN] [1771004148.642431367] [icp_odometry]: IcpOdometry: Transferring value 20 of "Icp/PointToPlaneK" to ros parameter "scan_normal_k" for convenience.
[INFO] [1771004148.653916469] [icp_odometry]: IcpOdometry: qos                    = 0
[INFO] [1771004148.654238721] [icp_odometry]: IcpOdometry: scan_cloud_max_points  = 50000
[INFO] [1771004148.654278402] [icp_odometry]: IcpOdometry: scan_cloud_is_2d       = false
[INFO] [1771004148.654304355] [icp_odometry]: IcpOdometry: scan_downsampling_step = 1
[INFO] [1771004148.654340260] [icp_odometry]: IcpOdometry: scan_range_min         = 0.300000 m
[INFO] [1771004148.654373221] [icp_odometry]: IcpOdometry: scan_range_max         = 0.000000 m
[INFO] [1771004148.654392774] [icp_odometry]: IcpOdometry: scan_voxel_size        = 0.100000 m
[INFO] [1771004148.654412743] [icp_odometry]: IcpOdometry: scan_normal_k          = 20
[INFO] [1771004148.654443432] [icp_odometry]: IcpOdometry: scan_normal_radius     = 0.000000 m
[INFO] [1771004148.654464264] [icp_odometry]: IcpOdometry: scan_normal_ground_up  = 0.000000
[INFO] [1771004148.654482441] [icp_odometry]: IcpOdometry: deskewing              = false
[INFO] [1771004148.654505450] [icp_odometry]: IcpOdometry: deskewing_slerp        = false
[INFO] [1771004148.656879772] [icp_odometry]: 
icp_odometry subscribed to /scan and /leo04/livox/lidar (make sure only one of this topic is published, otherwise remap one to a dummy topic name).
[ERROR] [1771004148.779698144] [icp_odometry]: We didn't receive IMU newer than previous image (0.000000) and we just received a new image (1771004148.643234). The previous image is dropped!
[INFO] [1771004148.784294495] [icp_odometry]: Odom: ratio=0.000000, std dev=99.995000m|99.995000rad, update time=0.004303s delay=0.141044s
[INFO] [1771004148.917896440] [icp_odometry]: Odom: ratio=0.258096, std dev=0.018563m|0.005870rad, update time=0.054635s delay=0.176866s
[INFO] [1771004149.025732020] [icp_odometry]: Odom: ratio=0.321708, std dev=0.013311m|0.004209rad, update time=0.061943s delay=0.184606s
[INFO] [1771004149.121444971] [icp_odometry]: Odom: ratio=0.292880, std dev=0.017713m|0.005601rad, update time=0.058888s delay=0.180332s
[INFO] [1771004149.219806014] [icp_odometry]: Odom: ratio=0.304099, std dev=0.014712m|0.004652rad, update time=0.059738s delay=0.178598s
[INFO] [1771004149.316029351] [icp_odometry]: Odom: ratio=0.302176, std dev=0.017285m|0.005466rad, update time=0.059818s delay=0.174932s
[INFO] [1771004149.413861960] [icp_odometry]: Odom: ratio=0.311560, std dev=0.015827m|0.005005rad, update time=0.055274s delay=0.172905s
[INFO] [1771004149.521378489] [icp_odometry]: Odom: ratio=0.305428, std dev=0.016226m|0.005131rad, update time=0.064172s delay=0.180310s
[INFO] [1771004149.621288802] [icp_odometry]: Odom: ratio=0.306552, std dev=0.016724m|0.005289rad, update time=0.062629s delay=0.180165s
[INFO] [1771004149.719897053] [icp_odometry]: Odom: ratio=0.304799, std dev=0.016475m|0.005210rad, update time=0.062365s delay=0.178867s
[INFO] [1771004149.826569009] [icp_odometry]: Odom: ratio=0.305226, std dev=0.016093m|0.005089rad, update time=0.062405s delay=0.185486s
[INFO] [1771004149.915883146] [icp_odometry]: Odom: ratio=0.312883, std dev=0.015970m|0.005050rad, update time=0.057839s delay=0.174799s
[INFO] [1771004150.026205180] [icp_odometry]: Odom: ratio=0.306710, std dev=0.015051m|0.004760rad, update time=0.064871s delay=0.185244s
[INFO] [1771004150.119306169] [icp_odometry]: Odom: ratio=0.315510, std dev=0.017539m|0.005546rad, update time=0.059943s delay=0.178284s
[INFO] [1771004150.223071975] [icp_odometry]: Odom: ratio=0.308108, std dev=0.015032m|0.004754rad, update time=0.061514s delay=0.181980s
[INFO] [1771004150.323977491] [icp_odometry]: Odom: ratio=0.319138, std dev=0.017083m|0.005402rad, update time=0.068674s delay=0.182953s
[INFO] [1771004150.420787504] [icp_odometry]: Odom: ratio=0.316299, std dev=0.015772m|0.004987rad, update time=0.061926s delay=0.179639s
[INFO] [1771004150.518965757] [icp_odometry]: Odom: ratio=0.325053, std dev=0.016390m|0.005183rad, update time=0.058943s delay=0.177843s
[INFO] [1771004150.625260899] [icp_odometry]: Odom: ratio=0.317224, std dev=0.017451m|0.005519rad, update time=0.063857s delay=0.184158s
[INFO] [1771004150.719732527] [icp_odometry]: Odom: ratio=0.310042, std dev=0.017380m|0.005496rad, update time=0.060778s delay=0.178615s
[INFO] [1771004150.823331864] [icp_odometry]: Odom: ratio=0.311995, std dev=0.017885m|0.005656rad, update time=0.065785s delay=0.182155s
[INFO] [1771004150.920377534] [icp_odometry]: Odom: ratio=0.312915, std dev=0.015915m|0.005033rad, update time=0.065637s delay=0.179265s
[INFO] [1771004151.039390237] [icp_odometry]: Odom: ratio=0.312867, std dev=0.017205m|0.005441rad, update time=0.074307s delay=0.198368s
[INFO] [1771004151.127678227] [icp_odometry]: Odom: ratio=0.308870, std dev=0.015857m|0.005014rad, update time=0.066476s delay=0.186462s
[INFO] [1771004151.218616580] [icp_odometry]: Odom: ratio=0.313545, std dev=0.017369m|0.005493rad, update time=0.059480s delay=0.177492s
[INFO] [1771004151.318826968] [icp_odometry]: Odom: ratio=0.306327, std dev=0.017083m|0.005402rad, update time=0.061311s delay=0.177675s
[INFO] [1771004151.426358793] [icp_odometry]: Odom: ratio=0.314491, std dev=0.016082m|0.005085rad, update time=0.068353s delay=0.185248s
[INFO] [1771004151.520336132] [icp_odometry]: Odom: ratio=0.314077, std dev=0.016960m|0.005363rad, update time=0.064910s delay=0.179258s
[INFO] [1771004151.629597169] [icp_odometry]: Odom: ratio=0.312934, std dev=0.016209m|0.005126rad, update time=0.067611s delay=0.188382s
[INFO] [1771004151.723728529] [icp_odometry]: Odom: ratio=0.311879, std dev=0.017438m|0.005514rad, update time=0.066236s delay=0.182605s
[INFO] [1771004151.827977169] [icp_odometry]: Odom: ratio=0.316174, std dev=0.016382m|0.005180rad, update time=0.066220s delay=0.186870s
[INFO] [1771004151.925015990] [icp_odometry]: Odom: ratio=0.318273, std dev=0.017194m|0.005437rad, update time=0.067143s delay=0.184022s
[INFO] [1771004152.025014914] [icp_odometry]: Odom: ratio=0.319286, std dev=0.016474m|0.005210rad, update time=0.067519s delay=0.183830s
[INFO] [1771004152.134367250] [icp_odometry]: Odom: ratio=0.323984, std dev=0.012909m|0.004082rad, update time=0.072028s delay=0.193319s
[INFO] [1771004152.227240167] [icp_odometry]: Odom: ratio=0.320783, std dev=0.016364m|0.005175rad, update time=0.069180s delay=0.186120s
[INFO] [1771004152.328025358] [icp_odometry]: Odom: ratio=0.328243, std dev=0.012618m|0.003990rad, update time=0.070744s delay=0.186850s
[INFO] [1771004152.423742406] [icp_odometry]: Odom: ratio=0.314174, std dev=0.016355m|0.005172rad, update time=0.061702s delay=0.182593s
[INFO] [1771004152.522786704] [icp_odometry]: Odom: ratio=0.326825, std dev=0.015308m|0.004841rad, update time=0.064903s delay=0.181746s
[INFO] [1771004152.627005295] [icp_odometry]: Odom: ratio=0.310591, std dev=0.016068m|0.005081rad, update time=0.065728s delay=0.185826s
[INFO] [1771004152.722672868] [icp_odometry]: Odom: ratio=0.315207, std dev=0.014943m|0.004725rad, update time=0.063539s delay=0.181639s
[INFO] [1771004152.824648661] [icp_odometry]: Odom: ratio=0.312223, std dev=0.016396m|0.005185rad, update time=0.064016s delay=0.183484s
[INFO] [1771004152.932234056] [icp_odometry]: Odom: ratio=0.311654, std dev=0.015300m|0.004838rad, update time=0.072821s delay=0.191083s
[INFO] [1771004153.026689716] [icp_odometry]: Odom: ratio=0.311729, std dev=0.016345m|0.005169rad, update time=0.067977s delay=0.185584s
[INFO] [1771004153.125707998] [icp_odometry]: Odom: ratio=0.312045, std dev=0.016500m|0.005218rad, update time=0.067504s delay=0.184550s
[INFO] [1771004153.230580915] [icp_odometry]: Odom: ratio=0.312289, std dev=0.015686m|0.004960rad, update time=0.065216s delay=0.189496s
[INFO] [1771004153.323999162] [icp_odometry]: Odom: ratio=0.314183, std dev=0.016310m|0.005158rad, update time=0.063465s delay=0.182838s
[INFO] [1771004153.429818384] [icp_odometry]: Odom: ratio=0.316155, std dev=0.014659m|0.004636rad, update time=0.069976s delay=0.188626s
[INFO] [1771004153.528064447] [icp_odometry]: Odom: ratio=0.317531, std dev=0.016473m|0.005209rad, update time=0.070418s delay=0.186996s
[INFO] [1771004153.622350597] [icp_odometry]: Odom: ratio=0.331119, std dev=0.014057m|0.004445rad, update time=0.064164s delay=0.181351s
[INFO] [1771004153.717520041] [icp_odometry]: Odom: ratio=0.315701, std dev=0.017121m|0.005414rad, update time=0.058617s delay=0.176322s
[INFO] [1771004153.819196976] [icp_odometry]: Odom: ratio=0.348200, std dev=0.009730m|0.003077rad, update time=0.058263s delay=0.178035s
[INFO] [1771004153.928157266] [icp_odometry]: Odom: ratio=0.314485, std dev=0.016876m|0.005337rad, update time=0.067591s delay=0.187029s
[INFO] [1771004154.021392020] [icp_odometry]: Odom: ratio=0.331658, std dev=0.013945m|0.004410rad, update time=0.063005s delay=0.180199s
[INFO] [1771004154.125490830] [icp_odometry]: Odom: ratio=0.315347, std dev=0.016866m|0.005334rad, update time=0.066132s delay=0.184178s
[INFO] [1771004154.228223928] [icp_odometry]: Odom: ratio=0.318227, std dev=0.016228m|0.005132rad, update time=0.067516s delay=0.187115s
[INFO] [1771004154.340744215] [icp_odometry]: Odom: ratio=0.313781, std dev=0.016321m|0.005161rad, update time=0.077134s delay=0.199498s
[INFO] [1771004154.423842520] [icp_odometry]: Odom: ratio=0.323681, std dev=0.015490m|0.004898rad, update time=0.062509s delay=0.183686s
[INFO] [1771004154.524415960] [icp_odometry]: Odom: ratio=0.315700, std dev=0.017156m|0.005425rad, update time=0.063675s delay=0.183352s
[INFO] [1771004154.631173775] [icp_odometry]: Odom: ratio=0.322745, std dev=0.016028m|0.005068rad, update time=0.072944s delay=0.190046s
[INFO] [1771004154.737714845] [icp_odometry]: Odom: ratio=0.319525, std dev=0.017488m|0.005530rad, update time=0.077727s delay=0.196730s
[INFO] [1771004154.823873385] [icp_odometry]: Odom: ratio=0.315998, std dev=0.016351m|0.005171rad, update time=0.065546s delay=0.182929s
[INFO] [1771004154.932050417] [icp_odometry]: Odom: ratio=0.321263, std dev=0.016270m|0.005145rad, update time=0.070179s delay=0.190810s
[INFO] [1771004155.026635937] [icp_odometry]: Odom: ratio=0.310818, std dev=0.016769m|0.005303rad, update time=0.068488s delay=0.185516s
[INFO] [1771004155.138668622] [icp_odometry]: Odom: ratio=0.320425, std dev=0.016547m|0.005233rad, update time=0.081019s delay=0.197586s
[INFO] [1771004155.221424484] [icp_odometry]: Odom: ratio=0.313841, std dev=0.017151m|0.005423rad, update time=0.060606s delay=0.180328s
[INFO] [1771004155.320315146] [icp_odometry]: Odom: ratio=0.327180, std dev=0.016751m|0.005297rad, update time=0.061845s delay=0.179160s
[INFO] [1771004155.444626913] [icp_odometry]: Odom: ratio=0.319139, std dev=0.017296m|0.005469rad, update time=0.084172s delay=0.203411s
[INFO] [1771004155.527402071] [icp_odometry]: Odom: ratio=0.332737, std dev=0.015368m|0.004860rad, update time=0.068238s delay=0.186231s
[INFO] [1771004155.622177518] [icp_odometry]: Odom: ratio=0.324230, std dev=0.016804m|0.005314rad, update time=0.065349s delay=0.180950s
[INFO] [1771004155.735135260] [icp_odometry]: Odom: ratio=0.319398, std dev=0.016662m|0.005269rad, update time=0.073487s delay=0.194170s
[INFO] [1771004155.836118762] [icp_odometry]: Odom: ratio=0.325646, std dev=0.016059m|0.005078rad, update time=0.075996s delay=0.195057s
[INFO] [1771004155.934756614] [icp_odometry]: Odom: ratio=0.312756, std dev=0.015818m|0.005002rad, update time=0.076754s delay=0.193518s
[INFO] [1771004156.025037249] [icp_odometry]: Odom: ratio=0.313198, std dev=0.015730m|0.004974rad, update time=0.065764s delay=0.183887s
[INFO] [1771004156.129378948] [icp_odometry]: Odom: ratio=0.317785, std dev=0.015378m|0.004863rad, update time=0.070923s delay=0.188282s
[INFO] [1771004156.229669114] [icp_odometry]: Odom: ratio=0.313763, std dev=0.015581m|0.004927rad, update time=0.072314s delay=0.188513s
[INFO] [1771004156.326139723] [icp_odometry]: Odom: ratio=0.317012, std dev=0.016905m|0.005346rad, update time=0.067144s delay=0.185088s
[INFO] [1771004156.428601741] [icp_odometry]: Odom: ratio=0.315613, std dev=0.015392m|0.004867rad, update time=0.068796s delay=0.187445s
[INFO] [1771004156.534995734] [icp_odometry]: Odom: ratio=0.313691, std dev=0.016794m|0.005311rad, update time=0.075935s delay=0.193711s
[INFO] [1771004156.630187132] [icp_odometry]: Odom: ratio=0.315275, std dev=0.016075m|0.005083rad, update time=0.069158s delay=0.189102s
[INFO] [1771004156.719117608] [icp_odometry]: Odom: ratio=0.311946, std dev=0.016038m|0.005072rad, update time=0.061417s delay=0.177938s
[INFO] [1771004156.828406742] [icp_odometry]: Odom: ratio=0.318107, std dev=0.016505m|0.005219rad, update time=0.070564s delay=0.187205s
[INFO] [1771004156.922000260] [icp_odometry]: Odom: ratio=0.317595, std dev=0.016665m|0.005270rad, update time=0.064187s delay=0.180960s
[INFO] [1771004157.020400792] [icp_odometry]: Odom: ratio=0.322483, std dev=0.015402m|0.004871rad, update time=0.064665s delay=0.179365s
[INFO] [1771004157.129201365] [icp_odometry]: Odom: ratio=0.333132, std dev=0.011970m|0.003785rad, update time=0.071004s delay=0.188000s
[INFO] [1771004157.231629205] [icp_odometry]: Odom: ratio=0.324280, std dev=0.014828m|0.004689rad, update time=0.073468s delay=0.190476s
[INFO] [1771004157.328910947] [icp_odometry]: Odom: ratio=0.337831, std dev=0.010071m|0.003185rad, update time=0.068191s delay=0.187863s
[INFO] [1771004157.428386877] [icp_odometry]: Odom: ratio=0.313823, std dev=0.016385m|0.005181rad, update time=0.070387s delay=0.187185s
[INFO] [1771004157.538221054] [icp_odometry]: Odom: ratio=0.328633, std dev=0.014205m|0.004492rad, update time=0.076991s delay=0.197054s
[INFO] [1771004157.624371754] [icp_odometry]: Odom: ratio=0.315562, std dev=0.016173m|0.005114rad, update time=0.068592s delay=0.182752s
[INFO] [1771004157.735663965] [icp_odometry]: Odom: ratio=0.313450, std dev=0.014814m|0.004685rad, update time=0.071670s delay=0.194434s
[INFO] [1771004157.825748913] [icp_odometry]: Odom: ratio=0.315267, std dev=0.015941m|0.005041rad, update time=0.065961s delay=0.184609s
[INFO] [1771004157.926551833] [icp_odometry]: Odom: ratio=0.315812, std dev=0.015457m|0.004888rad, update time=0.069943s delay=0.185313s
[INFO] [1771004158.019152997] [icp_odometry]: Odom: ratio=0.312587, std dev=0.016072m|0.005082rad, update time=0.060491s delay=0.178174s
[INFO] [1771004158.121873327] [icp_odometry]: Odom: ratio=0.316934, std dev=0.016946m|0.005359rad, update time=0.064625s delay=0.180844s
[INFO] [1771004158.226482331] [icp_odometry]: Odom: ratio=0.315438, std dev=0.015191m|0.004804rad, update time=0.069904s delay=0.185281s
[INFO] [1771004158.322830632] [icp_odometry]: Odom: ratio=0.315262, std dev=0.016846m|0.005327rad, update time=0.064749s delay=0.181742s
[INFO] [1771004158.423478058] [icp_odometry]: Odom: ratio=0.315789, std dev=0.014564m|0.004605rad, update time=0.064793s delay=0.182305s
[INFO] [1771004158.522112327] [icp_odometry]: Odom: ratio=0.317073, std dev=0.016636m|0.005261rad, update time=0.065824s delay=0.180903s
[INFO] [1771004158.628871485] [icp_odometry]: Odom: ratio=0.321896, std dev=0.016053m|0.005077rad, update time=0.065469s delay=0.187914s
[INFO] [1771004158.723361226] [icp_odometry]: Odom: ratio=0.320057, std dev=0.017029m|0.005385rad, update time=0.062868s delay=0.182204s
[INFO] [1771004158.825794443] [icp_odometry]: Odom: ratio=0.334220, std dev=0.015595m|0.004931rad, update time=0.069651s delay=0.184655s
[INFO] [1771004158.925370088] [icp_odometry]: Odom: ratio=0.317406, std dev=0.016861m|0.005332rad, update time=0.066350s delay=0.184115s
[INFO] [1771004159.029154999] [icp_odometry]: Odom: ratio=0.329912, std dev=0.016618m|0.005255rad, update time=0.070429s delay=0.188103s
[INFO] [1771004159.125495268] [icp_odometry]: Odom: ratio=0.317660, std dev=0.016638m|0.005261rad, update time=0.067035s delay=0.184425s
[INFO] [1771004159.229265811] [icp_odometry]: Odom: ratio=0.314797, std dev=0.017059m|0.005394rad, update time=0.070818s delay=0.188105s
[INFO] [1771004159.327869390] [icp_odometry]: Odom: ratio=0.317848, std dev=0.016251m|0.005139rad, update time=0.071209s delay=0.186740s
[INFO] [1771004159.424766607] [icp_odometry]: Odom: ratio=0.322532, std dev=0.015928m|0.005037rad, update time=0.062092s delay=0.183837s
[INFO] [1771004159.519608232] [icp_odometry]: Odom: ratio=0.314601, std dev=0.016889m|0.005341rad, update time=0.061045s delay=0.178638s
[INFO] [1771004159.624149393] [icp_odometry]: Odom: ratio=0.319658, std dev=0.016167m|0.005112rad, update time=0.067385s delay=0.182864s
[INFO] [1771004159.732744999] [icp_odometry]: Odom: ratio=0.319234, std dev=0.016434m|0.005197rad, update time=0.074014s delay=0.191690s
[INFO] [1771004159.836957541] [icp_odometry]: Odom: ratio=0.316617, std dev=0.016606m|0.005251rad, update time=0.078538s delay=0.195972s
[INFO] [1771004159.930192903] [icp_odometry]: Odom: ratio=0.321233, std dev=0.014916m|0.004717rad, update time=0.072287s delay=0.188938s
[INFO] [1771004160.033209307] [icp_odometry]: Odom: ratio=0.312726, std dev=0.016665m|0.005270rad, update time=0.071675s delay=0.192020s
[INFO] [1771004160.126985103] [icp_odometry]: Odom: ratio=0.315887, std dev=0.015577m|0.004926rad, update time=0.068716s delay=0.185818s
[INFO] [1771004160.228322250] [icp_odometry]: Odom: ratio=0.314245, std dev=0.017040m|0.005388rad, update time=0.070474s delay=0.187353s
[INFO] [1771004160.327085771] [icp_odometry]: Odom: ratio=0.327633, std dev=0.016295m|0.005153rad, update time=0.067346s delay=0.185838s
[INFO] [1771004160.429423496] [icp_odometry]: Odom: ratio=0.323603, std dev=0.016627m|0.005258rad, update time=0.069629s delay=0.188273s
[INFO] [1771004160.536615373] [icp_odometry]: Odom: ratio=0.339902, std dev=0.012509m|0.003956rad, update time=0.077528s delay=0.195430s
[INFO] [1771004160.630982166] [icp_odometry]: Odom: ratio=0.338341, std dev=0.011000m|0.003479rad, update time=0.070974s delay=0.189847s
[INFO] [1771004160.729111713] [icp_odometry]: Odom: ratio=0.323450, std dev=0.015976m|0.005052rad, update time=0.067862s delay=0.187841s
[INFO] [1771004160.837554674] [icp_odometry]: Odom: ratio=0.326141, std dev=0.014116m|0.004464rad, update time=0.078955s delay=0.196395s
[INFO] [1771004160.938153234] [icp_odometry]: Odom: ratio=0.315921, std dev=0.015887m|0.005024rad, update time=0.077440s delay=0.197055s
[INFO] [1771004161.035649512] [icp_odometry]: Odom: ratio=0.318843, std dev=0.014641m|0.004630rad, update time=0.077363s delay=0.194456s
[INFO] [1771004161.129059919] [icp_odometry]: Odom: ratio=0.313921, std dev=0.015900m|0.005028rad, update time=0.067847s delay=0.187923s
[INFO] [1771004161.226131061] [icp_odometry]: Odom: ratio=0.317353, std dev=0.014948m|0.004727rad, update time=0.068998s delay=0.185050s
[INFO] [1771004161.329635643] [icp_odometry]: Odom: ratio=0.315469, std dev=0.016327m|0.005163rad, update time=0.069689s delay=0.188407s
[INFO] [1771004161.422155683] [icp_odometry]: Odom: ratio=0.315775, std dev=0.015883m|0.005023rad, update time=0.064687s delay=0.181004s
[INFO] [1771004161.524264665] [icp_odometry]: Odom: ratio=0.311189, std dev=0.016118m|0.005097rad, update time=0.066284s delay=0.183017s
[INFO] [1771004161.626178887] [icp_odometry]: Odom: ratio=0.311806, std dev=0.016012m|0.005064rad, update time=0.061831s delay=0.185035s
[INFO] [1771004161.720274502] [icp_odometry]: Odom: ratio=0.315892, std dev=0.015198m|0.004806rad, update time=0.063346s delay=0.179180s
[INFO] [1771004161.830249996] [icp_odometry]: Odom: ratio=0.320410, std dev=0.016462m|0.005206rad, update time=0.072771s delay=0.189279s
[INFO] [1771004161.929199060] [icp_odometry]: Odom: ratio=0.320855, std dev=0.014689m|0.004645rad, update time=0.068349s delay=0.187941s
[INFO] [1771004162.025112754] [icp_odometry]: Odom: ratio=0.315966, std dev=0.016254m|0.005140rad, update time=0.066980s delay=0.184012s
[INFO] [1771004162.130444951] [icp_odometry]: Odom: ratio=0.331171, std dev=0.013595m|0.004299rad, update time=0.072739s delay=0.189320s
[INFO] [1771004162.226394774] [icp_odometry]: Odom: ratio=0.326489, std dev=0.014537m|0.004597rad, update time=0.069510s delay=0.185151s
[INFO] [1771004162.322367158] [icp_odometry]: Odom: ratio=0.335832, std dev=0.010042m|0.003176rad, update time=0.064865s delay=0.181232s
[INFO] [1771004162.430371352] [icp_odometry]: Odom: ratio=0.319358, std dev=0.015983m|0.005054rad, update time=0.069401s delay=0.189266s
[INFO] [1771004162.540061652] [icp_odometry]: Odom: ratio=0.323122, std dev=0.015217m|0.004812rad, update time=0.079030s delay=0.198800s
[INFO] [1771004162.628835003] [icp_odometry]: Odom: ratio=0.316779, std dev=0.015587m|0.004929rad, update time=0.071812s delay=0.187709s
[INFO] [1771004162.728940394] [icp_odometry]: Odom: ratio=0.319686, std dev=0.016085m|0.005086rad, update time=0.070548s delay=0.187771s
[INFO] [1771004162.828299616] [icp_odometry]: Odom: ratio=0.318354, std dev=0.015526m|0.004910rad, update time=0.070967s delay=0.187060s
[INFO] [1771004162.935501638] [icp_odometry]: Odom: ratio=0.317411, std dev=0.016159m|0.005110rad, update time=0.074152s delay=0.194311s
[INFO] [1771004163.031898613] [icp_odometry]: Odom: ratio=0.311359, std dev=0.016200m|0.005123rad, update time=0.073053s delay=0.190823s
[INFO] [1771004163.128954075] [icp_odometry]: Odom: ratio=0.318080, std dev=0.017262m|0.005459rad, update time=0.069168s delay=0.187785s
[INFO] [1771004163.232444096] [icp_odometry]: Odom: ratio=0.311082, std dev=0.015701m|0.004965rad, update time=0.072913s delay=0.191343s
[INFO] [1771004163.329090551] [icp_odometry]: Odom: ratio=0.318539, std dev=0.016537m|0.005229rad, update time=0.072508s delay=0.187899s
[INFO] [1771004163.430458611] [icp_odometry]: Odom: ratio=0.319240, std dev=0.015380m|0.004864rad, update time=0.072086s delay=0.189329s
[INFO] [1771004163.523016349] [icp_odometry]: Odom: ratio=0.320432, std dev=0.016323m|0.005162rad, update time=0.063203s delay=0.181778s
[INFO] [1771004163.621907138] [icp_odometry]: Odom: ratio=0.319018, std dev=0.016239m|0.005135rad, update time=0.067392s delay=0.180773s
[INFO] [1771004163.726514286] [icp_odometry]: Odom: ratio=0.321234, std dev=0.016325m|0.005162rad, update time=0.065557s delay=0.185510s
[INFO] [1771004163.827125871] [icp_odometry]: Odom: ratio=0.333275, std dev=0.016044m|0.005073rad, update time=0.068856s delay=0.185950s
[INFO] [1771004163.928305060] [icp_odometry]: Odom: ratio=0.320731, std dev=0.016785m|0.005308rad, update time=0.068998s delay=0.187143s
[INFO] [1771004164.036217698] [icp_odometry]: Odom: ratio=0.331372, std dev=0.015991m|0.005057rad, update time=0.075184s delay=0.195054s
[INFO] [1771004164.134317004] [icp_odometry]: Odom: ratio=0.318117, std dev=0.016550m|0.005234rad, update time=0.076554s delay=0.193153s
[INFO] [1771004164.227415753] [icp_odometry]: Odom: ratio=0.322163, std dev=0.016507m|0.005220rad, update time=0.068515s delay=0.186285s
[INFO] [1771004164.330797066] [icp_odometry]: Odom: ratio=0.318946, std dev=0.016443m|0.005200rad, update time=0.070578s delay=0.189532s
[INFO] [1771004164.439315741] [icp_odometry]: Odom: ratio=0.324625, std dev=0.014917m|0.004717rad, update time=0.085605s delay=0.198210s
[INFO] [1771004164.534458081] [icp_odometry]: Odom: ratio=0.317073, std dev=0.016579m|0.005243rad, update time=0.073801s delay=0.193419s
[INFO] [1771004164.627847208] [icp_odometry]: Odom: ratio=0.321066, std dev=0.015939m|0.005040rad, update time=0.069638s delay=0.186748s
[INFO] [1771004164.725530083] [icp_odometry]: Odom: ratio=0.317965, std dev=0.015744m|0.004979rad, update time=0.068993s delay=0.184253s
[INFO] [1771004164.838145445] [icp_odometry]: Odom: ratio=0.315586, std dev=0.016981m|0.005370rad, update time=0.078686s delay=0.197002s
[INFO] [1771004164.925918537] [icp_odometry]: Odom: ratio=0.316568, std dev=0.014689m|0.004645rad, update time=0.070183s delay=0.184795s
[INFO] [1771004165.024603943] [icp_odometry]: Odom: ratio=0.315393, std dev=0.016872m|0.005335rad, update time=0.066918s delay=0.183439s
[INFO] [1771004165.144620841] [icp_odometry]: Odom: ratio=0.318972, std dev=0.015956m|0.005046rad, update time=0.085432s delay=0.203347s
[INFO] [1771004165.224508156] [icp_odometry]: Odom: ratio=0.315752, std dev=0.015649m|0.004949rad, update time=0.065259s delay=0.184265s
[INFO] [1771004165.332118800] [icp_odometry]: Odom: ratio=0.322480, std dev=0.016047m|0.005074rad, update time=0.073406s delay=0.191025s
[INFO] [1771004165.429158101] [icp_odometry]: Odom: ratio=0.326773, std dev=0.014696m|0.004647rad, update time=0.067759s delay=0.187926s
[INFO] [1771004165.524180532] [icp_odometry]: Odom: ratio=0.333333, std dev=0.012970m|0.004101rad, update time=0.065399s delay=0.183013s
[INFO] [1771004165.624361446] [icp_odometry]: Odom: ratio=0.338333, std dev=0.009976m|0.003155rad, update time=0.067186s delay=0.183135s
[INFO] [1771004165.722223400] [icp_odometry]: Odom: ratio=0.325013, std dev=0.015267m|0.004828rad, update time=0.063605s delay=0.181086s
[INFO] [1771004165.832326739] [icp_odometry]: Odom: ratio=0.333624, std dev=0.011250m|0.003558rad, update time=0.071214s delay=0.191152s
[INFO] [1771004165.929892810] [icp_odometry]: Odom: ratio=0.321367, std dev=0.016039m|0.005072rad, update time=0.070386s delay=0.188714s
[INFO] [1771004166.035675967] [icp_odometry]: Odom: ratio=0.322018, std dev=0.014886m|0.004707rad, update time=0.074215s delay=0.194349s
[INFO] [1771004166.148694926] [icp_odometry]: Odom: ratio=0.313776, std dev=0.015874m|0.005020rad, update time=0.081664s delay=0.207469s
[INFO] [1771004166.234604113] [icp_odometry]: Odom: ratio=0.319447, std dev=0.014575m|0.004609rad, update time=0.078661s delay=0.193404s
[INFO] [1771004166.332947396] [icp_odometry]: Odom: ratio=0.318060, std dev=0.015762m|0.004984rad, update time=0.075083s delay=0.191681s
[INFO] [1771004166.431636770] [icp_odometry]: Odom: ratio=0.315909, std dev=0.015616m|0.004938rad, update time=0.068933s delay=0.190406s
[INFO] [1771004166.526867977] [icp_odometry]: Odom: ratio=0.315564, std dev=0.016071m|0.005082rad, update time=0.071460s delay=0.185722s
[INFO] [1771004166.626417221] [icp_odometry]: Odom: ratio=0.318664, std dev=0.016429m|0.005195rad, update time=0.066225s delay=0.185285s
[INFO] [1771004166.727154859] [icp_odometry]: Odom: ratio=0.314906, std dev=0.015230m|0.004816rad, update time=0.068670s delay=0.185968s
[INFO] [1771004166.827225657] [icp_odometry]: Odom: ratio=0.318497, std dev=0.016127m|0.005100rad, update time=0.068704s delay=0.186125s
[INFO] [1771004166.931708801] [icp_odometry]: Odom: ratio=0.317127, std dev=0.014835m|0.004691rad, update time=0.066589s delay=0.190457s
[INFO] [1771004167.036439825] [icp_odometry]: Odom: ratio=0.316326, std dev=0.016961m|0.005363rad, update time=0.076829s delay=0.195282s
[INFO] [1771004167.125870798] [icp_odometry]: Odom: ratio=0.319865, std dev=0.015656m|0.004951rad, update time=0.070161s delay=0.184728s
[INFO] [1771004167.247954424] [icp_odometry]: Odom: ratio=0.320396, std dev=0.015614m|0.004938rad, update time=0.085412s delay=0.206805s
[INFO] [1771004167.332192481] [icp_odometry]: Odom: ratio=0.318783, std dev=0.015104m|0.004776rad, update time=0.072100s delay=0.190871s
[INFO] [1771004167.432014919] [icp_odometry]: Odom: ratio=0.323509, std dev=0.016827m|0.005321rad, update time=0.073570s delay=0.190806s
[INFO] [1771004167.540209711] [icp_odometry]: Odom: ratio=0.319746, std dev=0.016541m|0.005231rad, update time=0.074870s delay=0.198884s
[INFO] [1771004167.644941759] [icp_odometry]: Odom: ratio=0.316490, std dev=0.016376m|0.005178rad, update time=0.084209s delay=0.203775s
[INFO] [1771004167.737132477] [icp_odometry]: Odom: ratio=0.317027, std dev=0.016645m|0.005264rad, update time=0.075355s delay=0.195849s
[INFO] [1771004167.831947189] [icp_odometry]: Odom: ratio=0.317499, std dev=0.015301m|0.004839rad, update time=0.070362s delay=0.190746s
[INFO] [1771004167.925171222] [icp_odometry]: Odom: ratio=0.317836, std dev=0.016362m|0.005174rad, update time=0.066989s delay=0.183947s
[INFO] [1771004168.026728152] [icp_odometry]: Odom: ratio=0.313504, std dev=0.016441m|0.005199rad, update time=0.066832s delay=0.185574s
[INFO] [1771004168.127571009] [icp_odometry]: Odom: ratio=0.315682, std dev=0.015408m|0.004873rad, update time=0.066291s delay=0.186370s
[INFO] [1771004168.244678782] [icp_odometry]: Odom: ratio=0.309652, std dev=0.016061m|0.005079rad, update time=0.080632s delay=0.203433s
[INFO] [1771004168.326054820] [icp_odometry]: Odom: ratio=0.321879, std dev=0.015897m|0.005027rad, update time=0.065667s delay=0.182731s
[INFO] [1771004168.426733672] [icp_odometry]: Odom: ratio=0.317605, std dev=0.016427m|0.005195rad, update time=0.068019s delay=0.185501s
[INFO] [1771004168.530158666] [icp_odometry]: Odom: ratio=0.321779, std dev=0.015944m|0.005042rad, update time=0.070821s delay=0.188931s
[INFO] [1771004168.634569103] [icp_odometry]: Odom: ratio=0.321242, std dev=0.016482m|0.005212rad, update time=0.074144s delay=0.193300s
[INFO] [1771004168.727450372] [icp_odometry]: Odom: ratio=0.321730, std dev=0.016473m|0.005209rad, update time=0.069620s delay=0.186345s
[INFO] [1771004168.824272962] [icp_odometry]: Odom: ratio=0.338665, std dev=0.013648m|0.004316rad, update time=0.065973s delay=0.182884s
[INFO] [1771004168.924325168] [icp_odometry]: Odom: ratio=0.321328, std dev=0.017011m|0.005379rad, update time=0.067284s delay=0.183068s
[INFO] [1771004169.026352482] [icp_odometry]: Odom: ratio=0.345528, std dev=0.010211m|0.003229rad, update time=0.064596s delay=0.185268s
[INFO] [1771004169.128018664] [icp_odometry]: Odom: ratio=0.317643, std dev=0.016379m|0.005180rad, update time=0.068853s delay=0.186830s
[INFO] [1771004169.225711588] [icp_odometry]: Odom: ratio=0.327013, std dev=0.014630m|0.004626rad, update time=0.069966s delay=0.184534s
[INFO] [1771004169.339253094] [icp_odometry]: Odom: ratio=0.318810, std dev=0.016552m|0.005234rad, update time=0.078078s delay=0.198063s
[INFO] [1771004169.427661280] [icp_odometry]: Odom: ratio=0.321260, std dev=0.015042m|0.004757rad, update time=0.071108s delay=0.186413s
[INFO] [1771004169.528613036] [icp_odometry]: Odom: ratio=0.319055, std dev=0.015654m|0.004950rad, update time=0.068364s delay=0.187539s
[INFO] [1771004169.635746896] [icp_odometry]: Odom: ratio=0.321595, std dev=0.015648m|0.004948rad, update time=0.074352s delay=0.194532s
[INFO] [1771004169.728762858] [icp_odometry]: Odom: ratio=0.316028, std dev=0.015323m|0.004846rad, update time=0.072154s delay=0.187546s
[INFO] [1771004169.835990032] [icp_odometry]: Odom: ratio=0.321199, std dev=0.016645m|0.005264rad, update time=0.073052s delay=0.194954s
[INFO] [1771004169.934397381] [icp_odometry]: Odom: ratio=0.315378, std dev=0.015188m|0.004803rad, update time=0.077641s delay=0.193082s
[INFO] [1771004170.027687560] [icp_odometry]: Odom: ratio=0.315954, std dev=0.016531m|0.005227rad, update time=0.069672s delay=0.186452s
[INFO] [1771004170.132031595] [icp_odometry]: Odom: ratio=0.324122, std dev=0.015449m|0.004885rad, update time=0.071788s delay=0.190890s
[INFO] [1771004170.231020980] [icp_odometry]: Odom: ratio=0.313743, std dev=0.015129m|0.004784rad, update time=0.073385s delay=0.189806s
[INFO] [1771004170.336297207] [icp_odometry]: Odom: ratio=0.316600, std dev=0.016554m|0.005235rad, update time=0.076372s delay=0.195107s
[INFO] [1771004170.429987464] [icp_odometry]: Odom: ratio=0.325550, std dev=0.014612m|0.004621rad, update time=0.072363s delay=0.188763s
[INFO] [1771004170.528523233] [icp_odometry]: Odom: ratio=0.326993, std dev=0.015453m|0.004887rad, update time=0.068551s delay=0.187313s
[INFO] [1771004170.623888428] [icp_odometry]: Odom: ratio=0.329666, std dev=0.013333m|0.004216rad, update time=0.069295s delay=0.182693s
[INFO] [1771004170.729354102] [icp_odometry]: Odom: ratio=0.324697, std dev=0.015449m|0.004885rad, update time=0.070097s delay=0.188201s
[INFO] [1771004170.823846531] [icp_odometry]: Odom: ratio=0.328856, std dev=0.013392m|0.004235rad, update time=0.066333s delay=0.182728s
[INFO] [1771004170.936311967] [icp_odometry]: Odom: ratio=0.315390, std dev=0.016144m|0.005105rad, update time=0.078505s delay=0.195006s
[INFO] [1771004171.038560825] [icp_odometry]: Odom: ratio=0.324074, std dev=0.016120m|0.005098rad, update time=0.080039s delay=0.198233s
[INFO] [1771004171.129861591] [icp_odometry]: Odom: ratio=0.318776, std dev=0.015720m|0.004971rad, update time=0.068156s delay=0.188681s
[INFO] [1771004171.220883500] [icp_odometry]: Odom: ratio=0.315690, std dev=0.016251m|0.005139rad, update time=0.063051s delay=0.179564s
[INFO] [1771004171.271016918] [rclcpp]: signal_handler(signum=2)
