[INFO] [1718656386.911679739] [icp_odometry]: Odometry: frame_id               = leo04/base_footprint
[INFO] [1718656386.912158765] [icp_odometry]: Odometry: odom_frame_id          = odom
[INFO] [1718656386.912198415] [icp_odometry]: Odometry: publish_tf             = true
[INFO] [1718656386.912212271] [icp_odometry]: Odometry: wait_for_transform     = 0.200000
[INFO] [1718656386.912233040] [icp_odometry]: Odometry: log_to_rosout_level    = 4
[INFO] [1718656386.912307571] [icp_odometry]: Odometry: initial_pose           = xyz=0.000000,0.000000,0.000000 rpy=0.000000,-0.000000,0.000000
[INFO] [1718656386.912334644] [icp_odometry]: Odometry: ground_truth_frame_id  = 
[INFO] [1718656386.912348276] [icp_odometry]: Odometry: ground_truth_base_frame_id = leo04/base_footprint
[INFO] [1718656386.912359924] [icp_odometry]: Odometry: config_path            = 
[INFO] [1718656386.912369685] [icp_odometry]: Odometry: publish_null_when_lost = true
[INFO] [1718656386.912378069] [icp_odometry]: Odometry: publish_compressed_sensor_data = false
[INFO] [1718656386.912387189] [icp_odometry]: Odometry: guess_frame_id         = 
[INFO] [1718656386.912395478] [icp_odometry]: Odometry: guess_min_translation  = 0.000000
[INFO] [1718656386.912405846] [icp_odometry]: Odometry: guess_min_rotation     = 0.000000
[INFO] [1718656386.912415127] [icp_odometry]: Odometry: guess_min_time         = 0.000000
[INFO] [1718656386.912424567] [icp_odometry]: Odometry: expected_update_rate   = 15.000000 Hz
[INFO] [1718656386.912437271] [icp_odometry]: Odometry: max_update_rate        = 0.000000 Hz
[INFO] [1718656386.912447256] [icp_odometry]: Odometry: min_update_rate        = 0.000000 Hz
[INFO] [1718656386.912456472] [icp_odometry]: Odometry: wait_imu_to_init       = false
[INFO] [1718656386.912465464] [icp_odometry]: Odometry: always_check_imu_tf    = true
[INFO] [1718656386.912483001] [icp_odometry]: Odometry: sensor_data_compression_format = .jpg
[INFO] [1718656386.912493497] [icp_odometry]: Odometry: sensor_data_parallel_compression = true
[INFO] [1718656386.912511258] [icp_odometry]: Odometry: stereoParams_=0 visParams_=0 icpParams_=1
[INFO] [1718656386.914134230] [icp_odometry]: Setting odometry parameter "Icp/CorrespondenceRatio"="0.01"
[INFO] [1718656386.914420704] [icp_odometry]: Setting odometry parameter "Icp/Epsilon"="0.001"
[INFO] [1718656386.914591783] [icp_odometry]: Setting odometry parameter "Icp/Iterations"="10"
[INFO] [1718656386.914658153] [icp_odometry]: Setting odometry parameter "Icp/MaxCorrespondenceDistance"="1"
[INFO] [1718656386.914748429] [icp_odometry]: Setting odometry parameter "Icp/MaxTranslation"="2"
[INFO] [1718656386.914800462] [icp_odometry]: Setting odometry parameter "Icp/OutlierRatio"="0.7"
[INFO] [1718656386.915441382] [icp_odometry]: Setting odometry parameter "Icp/PointToPlaneK"="20"
[INFO] [1718656386.915572043] [icp_odometry]: Setting odometry parameter "Icp/PointToPlaneRadius"="0"
[INFO] [1718656386.915641421] [icp_odometry]: Setting odometry parameter "Icp/RangeMin"="0.3"
[INFO] [1718656386.915735921] [icp_odometry]: Setting odometry parameter "Icp/VoxelSize"="0.1"
[INFO] [1718656386.916831929] [icp_odometry]: Setting odometry parameter "Odom/ScanKeyFrameThr"="0.4"
[INFO] [1718656386.917011776] [icp_odometry]: Setting odometry parameter "OdomF2M/BundleAdjustment"="false"
[INFO] [1718656386.917308331] [icp_odometry]: Setting odometry parameter "OdomF2M/ScanMaxSize"="15000"
[INFO] [1718656386.917427919] [icp_odometry]: Setting odometry parameter "OdomF2M/ScanSubtractRadius"="0.1"
[WARN] [1718656386.936637203] [icp_odometry]: IcpOdometry: Transferring value 0.3 of "Icp/RangeMin" to ros parameter "scan_range_min" for convenience. "Icp/RangeMin" is set to 0.
[WARN] [1718656386.936809658] [icp_odometry]: IcpOdometry: Transferring value 0.1 of "Icp/VoxelSize" to ros parameter "scan_voxel_size" for convenience. "Icp/VoxelSize" is set to 0.
[WARN] [1718656386.936844987] [icp_odometry]: IcpOdometry: Transferring value 20 of "Icp/PointToPlaneK" to ros parameter "scan_normal_k" for convenience.
[INFO] [1718656386.992096143] [icp_odometry]: IcpOdometry: qos                    = 0
[INFO] [1718656386.992283798] [icp_odometry]: IcpOdometry: scan_cloud_max_points  = -1
[INFO] [1718656386.992309911] [icp_odometry]: IcpOdometry: scan_cloud_is_2d       = false
[INFO] [1718656386.992323191] [icp_odometry]: IcpOdometry: scan_downsampling_step = 1
[INFO] [1718656386.992334584] [icp_odometry]: IcpOdometry: scan_range_min         = 0.300000 m
[INFO] [1718656386.992354585] [icp_odometry]: IcpOdometry: scan_range_max         = 0.000000 m
[INFO] [1718656386.992365113] [icp_odometry]: IcpOdometry: scan_voxel_size        = 0.100000 m
[INFO] [1718656386.992375673] [icp_odometry]: IcpOdometry: scan_normal_k          = 20
[INFO] [1718656386.992384794] [icp_odometry]: IcpOdometry: scan_normal_radius     = 0.000000 m
[INFO] [1718656386.992394266] [icp_odometry]: IcpOdometry: scan_normal_ground_up  = 0.000000
[INFO] [1718656386.992403482] [icp_odometry]: IcpOdometry: deskewing              = false
[INFO] [1718656386.992411771] [icp_odometry]: IcpOdometry: deskewing_slerp        = false
[INFO] [1718656387.012933423] [icp_odometry]: 
icp_odometry subscribed to /scan and /leo04/livox/lidar (make sure only one of this topic is published, otherwise remap one to a dummy topic name).
[WARN] [1718656392.027311722] [icp_odometry]: icp_odometry: Did not receive data since 5 seconds! Make sure the input topics are published ("$ rostopic hz my_topic") and the timestamps in their header are set. 
icp_odometry subscribed to /scan and /leo04/livox/lidar (make sure only one of this topic is published, otherwise remap one to a dummy topic name).
[INFO] [1718656394.869317163] [rclcpp]: signal_handler(signum=2)
