[INFO] [1772803896.834035030] [icp_odometry]: Odometry: frame_id               = leo04/base_footprint
[INFO] [1772803896.834520880] [icp_odometry]: Odometry: odom_frame_id          = odom
[INFO] [1772803896.834553489] [icp_odometry]: Odometry: publish_tf             = true
[INFO] [1772803896.834565490] [icp_odometry]: Odometry: wait_for_transform     = 0.200000
[INFO] [1772803896.834589523] [icp_odometry]: Odometry: log_to_rosout_level    = 4
[INFO] [1772803896.834661591] [icp_odometry]: Odometry: initial_pose           = xyz=0.000000,0.000000,0.000000 rpy=0.000000,-0.000000,0.000000
[INFO] [1772803896.834684440] [icp_odometry]: Odometry: ground_truth_frame_id  = 
[INFO] [1772803896.834698681] [icp_odometry]: Odometry: ground_truth_base_frame_id = leo04/base_footprint
[INFO] [1772803896.834710586] [icp_odometry]: Odometry: config_path            = 
[INFO] [1772803896.834720954] [icp_odometry]: Odometry: publish_null_when_lost = true
[INFO] [1772803896.834730651] [icp_odometry]: Odometry: publish_compressed_sensor_data = false
[INFO] [1772803896.834739419] [icp_odometry]: Odometry: guess_frame_id         = 
[INFO] [1772803896.834747932] [icp_odometry]: Odometry: guess_min_translation  = 0.000000
[INFO] [1772803896.834757468] [icp_odometry]: Odometry: guess_min_rotation     = 0.000000
[INFO] [1772803896.834767005] [icp_odometry]: Odometry: guess_min_time         = 0.000000
[INFO] [1772803896.834776157] [icp_odometry]: Odometry: expected_update_rate   = 15.000000 Hz
[INFO] [1772803896.834788094] [icp_odometry]: Odometry: max_update_rate        = 0.000000 Hz
[INFO] [1772803896.834797598] [icp_odometry]: Odometry: min_update_rate        = 0.000000 Hz
[INFO] [1772803896.834806367] [icp_odometry]: Odometry: wait_imu_to_init       = false
[INFO] [1772803896.834814879] [icp_odometry]: Odometry: always_check_imu_tf    = true
[INFO] [1772803896.834823200] [icp_odometry]: Odometry: sensor_data_compression_format = .jpg
[INFO] [1772803896.834831104] [icp_odometry]: Odometry: sensor_data_parallel_compression = true
[INFO] [1772803896.834848033] [icp_odometry]: Odometry: stereoParams_=0 visParams_=0 icpParams_=1
[INFO] [1772803896.838767439] [icp_odometry]: Setting odometry parameter "Icp/CorrespondenceRatio"="0.01"
[INFO] [1772803896.839202470] [icp_odometry]: Setting odometry parameter "Icp/Epsilon"="0.001"
[INFO] [1772803896.839870569] [icp_odometry]: Setting odometry parameter "Icp/Iterations"="10"
[INFO] [1772803896.840011600] [icp_odometry]: Setting odometry parameter "Icp/MaxCorrespondenceDistance"="1"
[INFO] [1772803896.841241009] [icp_odometry]: Setting odometry parameter "Icp/MaxTranslation"="2"
[INFO] [1772803896.841534592] [icp_odometry]: Setting odometry parameter "Icp/OutlierRatio"="0.7"
[INFO] [1772803896.843079698] [icp_odometry]: Setting odometry parameter "Icp/PointToPlaneK"="20"
[INFO] [1772803896.843368385] [icp_odometry]: Setting odometry parameter "Icp/PointToPlaneRadius"="0"
[INFO] [1772803896.843567467] [icp_odometry]: Setting odometry parameter "Icp/RangeMin"="0.3"
[INFO] [1772803896.844939572] [icp_odometry]: Setting odometry parameter "Icp/VoxelSize"="0.1"
[INFO] [1772803896.848814623] [icp_odometry]: Setting odometry parameter "Odom/ScanKeyFrameThr"="0.4"
[INFO] [1772803896.849376829] [icp_odometry]: Setting odometry parameter "OdomF2M/BundleAdjustment"="false"
[INFO] [1772803896.851245503] [icp_odometry]: Setting odometry parameter "OdomF2M/ScanMaxSize"="15000"
[INFO] [1772803896.851952740] [icp_odometry]: Setting odometry parameter "OdomF2M/ScanSubtractRadius"="0.1"
[WARN] [1772803896.875266414] [icp_odometry]: IcpOdometry: Transferring value 0.3 of "Icp/RangeMin" to ros parameter "scan_range_min" for convenience. "Icp/RangeMin" is set to 0.
[WARN] [1772803896.875392725] [icp_odometry]: IcpOdometry: Transferring value 0.1 of "Icp/VoxelSize" to ros parameter "scan_voxel_size" for convenience. "Icp/VoxelSize" is set to 0.
[WARN] [1772803896.875420406] [icp_odometry]: IcpOdometry: Transferring value 20 of "Icp/PointToPlaneK" to ros parameter "scan_normal_k" for convenience.
[INFO] [1772803896.898879399] [icp_odometry]: IcpOdometry: qos                    = 0
[INFO] [1772803896.899069105] [icp_odometry]: IcpOdometry: scan_cloud_max_points  = -1
[INFO] [1772803896.899094803] [icp_odometry]: IcpOdometry: scan_cloud_is_2d       = false
[INFO] [1772803896.899108115] [icp_odometry]: IcpOdometry: scan_downsampling_step = 1
[INFO] [1772803896.899118036] [icp_odometry]: IcpOdometry: scan_range_min         = 0.300000 m
[INFO] [1772803896.899137045] [icp_odometry]: IcpOdometry: scan_range_max         = 0.000000 m
[INFO] [1772803896.899148054] [icp_odometry]: IcpOdometry: scan_voxel_size        = 0.100000 m
[INFO] [1772803896.899159158] [icp_odometry]: IcpOdometry: scan_normal_k          = 20
[INFO] [1772803896.899168535] [icp_odometry]: IcpOdometry: scan_normal_radius     = 0.000000 m
[INFO] [1772803896.899177943] [icp_odometry]: IcpOdometry: scan_normal_ground_up  = 0.000000
[INFO] [1772803896.899186968] [icp_odometry]: IcpOdometry: deskewing              = false
[INFO] [1772803896.899195384] [icp_odometry]: IcpOdometry: deskewing_slerp        = false
[INFO] [1772803896.903722022] [icp_odometry]: 
icp_odometry subscribed to /scan and /leo04/livox/lidar (make sure only one of this topic is published, otherwise remap one to a dummy topic name).
[WARN] [1772803901.910815097] [icp_odometry]: icp_odometry: Did not receive data since 5 seconds! Make sure the input topics are published ("$ rostopic hz my_topic") and the timestamps in their header are set. 
icp_odometry subscribed to /scan and /leo04/livox/lidar (make sure only one of this topic is published, otherwise remap one to a dummy topic name).
[WARN] [1772803906.911060164] [icp_odometry]: icp_odometry: Did not receive data since 5 seconds! Make sure the input topics are published ("$ rostopic hz my_topic") and the timestamps in their header are set. 
icp_odometry subscribed to /scan and /leo04/livox/lidar (make sure only one of this topic is published, otherwise remap one to a dummy topic name).
[INFO] [1772803911.749121601] [rclcpp]: signal_handler(signum=2)
