[INFO] [1774356109.544596032] [icp_odometry]: Odometry: frame_id               = leo04/base_footprint
[INFO] [1774356109.546846445] [icp_odometry]: Odometry: odom_frame_id          = odom
[INFO] [1774356109.548156665] [icp_odometry]: Odometry: publish_tf             = true
[INFO] [1774356109.549171580] [icp_odometry]: Odometry: wait_for_transform     = 0.200000
[INFO] [1774356109.558952808] [icp_odometry]: Odometry: log_to_rosout_level    = 4
[INFO] [1774356109.559130958] [icp_odometry]: Odometry: initial_pose           = xyz=0.000000,0.000000,0.000000 rpy=0.000000,-0.000000,0.000000
[INFO] [1774356109.559169839] [icp_odometry]: Odometry: ground_truth_frame_id  = 
[INFO] [1774356109.559191120] [icp_odometry]: Odometry: ground_truth_base_frame_id = leo04/base_footprint
[INFO] [1774356109.559209777] [icp_odometry]: Odometry: config_path            = 
[INFO] [1774356109.559227505] [icp_odometry]: Odometry: publish_null_when_lost = true
[INFO] [1774356109.559241362] [icp_odometry]: Odometry: publish_compressed_sensor_data = false
[INFO] [1774356109.559253138] [icp_odometry]: Odometry: guess_frame_id         = 
[INFO] [1774356109.559263571] [icp_odometry]: Odometry: guess_min_translation  = 0.000000
[INFO] [1774356109.559275059] [icp_odometry]: Odometry: guess_min_rotation     = 0.000000
[INFO] [1774356109.559285587] [icp_odometry]: Odometry: guess_min_time         = 0.000000
[INFO] [1774356109.559296212] [icp_odometry]: Odometry: expected_update_rate   = 15.000000 Hz
[INFO] [1774356109.559309428] [icp_odometry]: Odometry: max_update_rate        = 0.000000 Hz
[INFO] [1774356109.559331797] [icp_odometry]: Odometry: min_update_rate        = 0.000000 Hz
[INFO] [1774356109.559344469] [icp_odometry]: Odometry: wait_imu_to_init       = false
[INFO] [1774356109.559354678] [icp_odometry]: Odometry: always_check_imu_tf    = true
[INFO] [1774356109.559364022] [icp_odometry]: Odometry: sensor_data_compression_format = .jpg
[INFO] [1774356109.559373590] [icp_odometry]: Odometry: sensor_data_parallel_compression = true
[INFO] [1774356109.559393015] [icp_odometry]: Odometry: stereoParams_=0 visParams_=0 icpParams_=1
[INFO] [1774356109.560410201] [icp_odometry]: Setting odometry parameter "Icp/CorrespondenceRatio"="0.01"
[INFO] [1774356109.560504701] [icp_odometry]: Setting odometry parameter "Icp/Epsilon"="0.001"
[INFO] [1774356109.560576447] [icp_odometry]: Setting odometry parameter "Icp/Iterations"="10"
[INFO] [1774356109.560622913] [icp_odometry]: Setting odometry parameter "Icp/MaxCorrespondenceDistance"="1"
[INFO] [1774356109.560681315] [icp_odometry]: Setting odometry parameter "Icp/MaxTranslation"="2"
[INFO] [1774356109.560719044] [icp_odometry]: Setting odometry parameter "Icp/OutlierRatio"="0.7"
[INFO] [1774356109.560866057] [icp_odometry]: Setting odometry parameter "Icp/PointToPlaneK"="20"
[INFO] [1774356109.561166643] [icp_odometry]: Setting odometry parameter "Icp/PointToPlaneRadius"="0"
[INFO] [1774356109.561245014] [icp_odometry]: Setting odometry parameter "Icp/RangeMin"="0.3"
[INFO] [1774356109.561471166] [icp_odometry]: Setting odometry parameter "Icp/VoxelSize"="0.1"
[INFO] [1774356109.562033873] [icp_odometry]: Setting odometry parameter "Odom/ScanKeyFrameThr"="0.4"
[INFO] [1774356109.565963606] [icp_odometry]: Setting odometry parameter "OdomF2M/BundleAdjustment"="false"
[INFO] [1774356109.572516469] [icp_odometry]: Setting odometry parameter "OdomF2M/ScanMaxSize"="15000"
[INFO] [1774356109.575719361] [icp_odometry]: Setting odometry parameter "OdomF2M/ScanSubtractRadius"="0.1"
[WARN] [1774356109.645595622] [icp_odometry]: IcpOdometry: Transferring value 0.3 of "Icp/RangeMin" to ros parameter "scan_range_min" for convenience. "Icp/RangeMin" is set to 0.
[WARN] [1774356109.645736171] [icp_odometry]: IcpOdometry: Transferring value 0.1 of "Icp/VoxelSize" to ros parameter "scan_voxel_size" for convenience. "Icp/VoxelSize" is set to 0.
[WARN] [1774356109.645767628] [icp_odometry]: IcpOdometry: Transferring value 20 of "Icp/PointToPlaneK" to ros parameter "scan_normal_k" for convenience.
[INFO] [1774356109.679287390] [icp_odometry]: IcpOdometry: qos                    = 0
[INFO] [1774356109.679467940] [icp_odometry]: IcpOdometry: scan_cloud_max_points  = -1
[INFO] [1774356109.679492261] [icp_odometry]: IcpOdometry: scan_cloud_is_2d       = false
[INFO] [1774356109.679509318] [icp_odometry]: IcpOdometry: scan_downsampling_step = 1
[INFO] [1774356109.679530471] [icp_odometry]: IcpOdometry: scan_range_min         = 0.300000 m
[INFO] [1774356109.679557127] [icp_odometry]: IcpOdometry: scan_range_max         = 0.000000 m
[INFO] [1774356109.679573096] [icp_odometry]: IcpOdometry: scan_voxel_size        = 0.100000 m
[INFO] [1774356109.679588137] [icp_odometry]: IcpOdometry: scan_normal_k          = 20
[INFO] [1774356109.679602217] [icp_odometry]: IcpOdometry: scan_normal_radius     = 0.000000 m
[INFO] [1774356109.679617450] [icp_odometry]: IcpOdometry: scan_normal_ground_up  = 0.000000
[INFO] [1774356109.679631242] [icp_odometry]: IcpOdometry: deskewing              = false
[INFO] [1774356109.679644778] [icp_odometry]: IcpOdometry: deskewing_slerp        = false
[INFO] [1774356109.681382085] [icp_odometry]: 
icp_odometry subscribed to /scan and /leo04/livox/lidar (make sure only one of this topic is published, otherwise remap one to a dummy topic name).
[WARN] [1774356114.688851585] [icp_odometry]: icp_odometry: Did not receive data since 5 seconds! Make sure the input topics are published ("$ rostopic hz my_topic") and the timestamps in their header are set. 
icp_odometry subscribed to /scan and /leo04/livox/lidar (make sure only one of this topic is published, otherwise remap one to a dummy topic name).
[INFO] [1774356116.152367875] [rclcpp]: signal_handler(signum=2)
