[INFO] [1771073832.452598615] [icp_odometry]: Odometry: frame_id               = leo04/base_footprint
[INFO] [1771073832.454919604] [icp_odometry]: Odometry: odom_frame_id          = odom
[INFO] [1771073832.459036569] [icp_odometry]: Odometry: publish_tf             = true
[INFO] [1771073832.460003679] [icp_odometry]: Odometry: wait_for_transform     = 0.200000
[INFO] [1771073832.460052801] [icp_odometry]: Odometry: log_to_rosout_level    = 4
[INFO] [1771073832.460155302] [icp_odometry]: Odometry: initial_pose           = xyz=0.000000,0.000000,0.000000 rpy=0.000000,-0.000000,0.000000
[INFO] [1771073832.460183623] [icp_odometry]: Odometry: ground_truth_frame_id  = 
[INFO] [1771073832.460200455] [icp_odometry]: Odometry: ground_truth_base_frame_id = leo04/base_footprint
[INFO] [1771073832.460214824] [icp_odometry]: Odometry: config_path            = 
[INFO] [1771073832.460226952] [icp_odometry]: Odometry: publish_null_when_lost = true
[INFO] [1771073832.460236841] [icp_odometry]: Odometry: publish_compressed_sensor_data = false
[INFO] [1771073832.460247977] [icp_odometry]: Odometry: guess_frame_id         = 
[INFO] [1771073832.460257802] [icp_odometry]: Odometry: guess_min_translation  = 0.000000
[INFO] [1771073832.460269290] [icp_odometry]: Odometry: guess_min_rotation     = 0.000000
[INFO] [1771073832.460286251] [icp_odometry]: Odometry: guess_min_time         = 0.000000
[INFO] [1771073832.460298219] [icp_odometry]: Odometry: expected_update_rate   = 15.000000 Hz
[INFO] [1771073832.460311852] [icp_odometry]: Odometry: max_update_rate        = 0.000000 Hz
[INFO] [1771073832.460329901] [icp_odometry]: Odometry: min_update_rate        = 0.000000 Hz
[INFO] [1771073832.460343405] [icp_odometry]: Odometry: wait_imu_to_init       = false
[INFO] [1771073832.460354350] [icp_odometry]: Odometry: always_check_imu_tf    = true
[INFO] [1771073832.460364430] [icp_odometry]: Odometry: sensor_data_compression_format = .jpg
[INFO] [1771073832.460374286] [icp_odometry]: Odometry: sensor_data_parallel_compression = true
[INFO] [1771073832.460393519] [icp_odometry]: Odometry: stereoParams_=0 visParams_=0 icpParams_=1
[INFO] [1771073832.461979695] [icp_odometry]: Setting odometry parameter "Icp/CorrespondenceRatio"="0.01"
[INFO] [1771073832.462132469] [icp_odometry]: Setting odometry parameter "Icp/Epsilon"="0.001"
[INFO] [1771073832.462245657] [icp_odometry]: Setting odometry parameter "Icp/Iterations"="10"
[INFO] [1771073832.462300251] [icp_odometry]: Setting odometry parameter "Icp/MaxCorrespondenceDistance"="1"
[INFO] [1771073832.462380735] [icp_odometry]: Setting odometry parameter "Icp/MaxTranslation"="2"
[INFO] [1771073832.462431425] [icp_odometry]: Setting odometry parameter "Icp/OutlierRatio"="0.7"
[INFO] [1771073832.462636681] [icp_odometry]: Setting odometry parameter "Icp/PointToPlaneK"="20"
[INFO] [1771073832.462739021] [icp_odometry]: Setting odometry parameter "Icp/PointToPlaneRadius"="0"
[INFO] [1771073832.462812240] [icp_odometry]: Setting odometry parameter "Icp/RangeMin"="0.3"
[INFO] [1771073832.462926645] [icp_odometry]: Setting odometry parameter "Icp/VoxelSize"="0.1"
[INFO] [1771073832.463473738] [icp_odometry]: Setting odometry parameter "Odom/ScanKeyFrameThr"="0.4"
[INFO] [1771073832.463581391] [icp_odometry]: Setting odometry parameter "OdomF2M/BundleAdjustment"="false"
[INFO] [1771073832.463848153] [icp_odometry]: Setting odometry parameter "OdomF2M/ScanMaxSize"="15000"
[INFO] [1771073832.463956638] [icp_odometry]: Setting odometry parameter "OdomF2M/ScanSubtractRadius"="0.1"
[WARN] [1771073832.468834977] [icp_odometry]: IcpOdometry: Transferring value 0.3 of "Icp/RangeMin" to ros parameter "scan_range_min" for convenience. "Icp/RangeMin" is set to 0.
[WARN] [1771073832.468915812] [icp_odometry]: IcpOdometry: Transferring value 0.1 of "Icp/VoxelSize" to ros parameter "scan_voxel_size" for convenience. "Icp/VoxelSize" is set to 0.
[WARN] [1771073832.468943845] [icp_odometry]: IcpOdometry: Transferring value 20 of "Icp/PointToPlaneK" to ros parameter "scan_normal_k" for convenience.
[INFO] [1771073832.504249739] [icp_odometry]: IcpOdometry: qos                    = 0
[INFO] [1771073832.508323214] [icp_odometry]: IcpOdometry: scan_cloud_max_points  = -1
[INFO] [1771073832.511380745] [icp_odometry]: IcpOdometry: scan_cloud_is_2d       = false
[INFO] [1771073832.511425514] [icp_odometry]: IcpOdometry: scan_downsampling_step = 1
[INFO] [1771073832.511444075] [icp_odometry]: IcpOdometry: scan_range_min         = 0.300000 m
[INFO] [1771073832.511466220] [icp_odometry]: IcpOdometry: scan_range_max         = 0.000000 m
[INFO] [1771073832.511478573] [icp_odometry]: IcpOdometry: scan_voxel_size        = 0.100000 m
[INFO] [1771073832.511491661] [icp_odometry]: IcpOdometry: scan_normal_k          = 20
[INFO] [1771073832.511502222] [icp_odometry]: IcpOdometry: scan_normal_radius     = 0.000000 m
[INFO] [1771073832.511514126] [icp_odometry]: IcpOdometry: scan_normal_ground_up  = 0.000000
[INFO] [1771073832.511540687] [icp_odometry]: IcpOdometry: deskewing              = false
[INFO] [1771073832.511551888] [icp_odometry]: IcpOdometry: deskewing_slerp        = false
[INFO] [1771073832.515222434] [icp_odometry]: 
icp_odometry subscribed to /scan and /leo04/livox/lidar (make sure only one of this topic is published, otherwise remap one to a dummy topic name).
[ERROR] [1771073832.548322608] [icp_odometry]: We didn't receive IMU newer than previous image (0.000000) and we just received a new image (1771073832.413133). The previous image is dropped!
[INFO] [1771073832.555132385] [icp_odometry]: Odom: ratio=0.000000, std dev=99.995000m|99.995000rad, update time=0.006501s delay=0.141980s
[INFO] [1771073832.715836195] [icp_odometry]: Odom: ratio=0.647195, std dev=0.016424m|0.005194rad, update time=0.069191s delay=0.202730s
[INFO] [1771073832.835099307] [icp_odometry]: Odom: ratio=0.772802, std dev=0.013323m|0.004213rad, update time=0.105332s delay=0.222027s
[INFO] [1771073832.893741911] [icp_odometry]: Odom: ratio=0.654425, std dev=0.016167m|0.005113rad, update time=0.043139s delay=0.180728s
[INFO] [1771073832.978017989] [icp_odometry]: Odom: ratio=0.697636, std dev=0.015939m|0.005040rad, update time=0.044431s delay=0.164996s
[INFO] [1771073833.072275619] [icp_odometry]: Odom: ratio=0.663727, std dev=0.014905m|0.004713rad, update time=0.038975s delay=0.159396s
[INFO] [1771073833.169621437] [icp_odometry]: Odom: ratio=0.680336, std dev=0.015438m|0.004882rad, update time=0.038777s delay=0.156560s
[INFO] [1771073833.265355927] [icp_odometry]: Odom: ratio=0.662128, std dev=0.015051m|0.004759rad, update time=0.037528s delay=0.152379s
[INFO] [1771073833.373468351] [icp_odometry]: Odom: ratio=0.668221, std dev=0.016418m|0.005192rad, update time=0.037494s delay=0.160635s
[INFO] [1771073833.477649579] [icp_odometry]: Odom: ratio=0.685364, std dev=0.015045m|0.004758rad, update time=0.039812s delay=0.164442s
[INFO] [1771073833.578095393] [icp_odometry]: Odom: ratio=0.658440, std dev=0.016830m|0.005322rad, update time=0.045256s delay=0.165010s
[INFO] [1771073833.674538487] [icp_odometry]: Odom: ratio=0.690852, std dev=0.014628m|0.004626rad, update time=0.038737s delay=0.161660s
[INFO] [1771073833.772307361] [icp_odometry]: Odom: ratio=0.647796, std dev=0.016163m|0.005111rad, update time=0.040665s delay=0.159258s
[INFO] [1771073833.873725918] [icp_odometry]: Odom: ratio=0.695601, std dev=0.016006m|0.005062rad, update time=0.040450s delay=0.160766s
[INFO] [1771073833.960394797] [rclcpp]: signal_handler(signum=2)
