[INFO] [1771005849.197998959] [icp_odometry]: Odometry: frame_id               = leo04/base_footprint
[INFO] [1771005849.198437501] [icp_odometry]: Odometry: odom_frame_id          = odom
[INFO] [1771005849.198471998] [icp_odometry]: Odometry: publish_tf             = true
[INFO] [1771005849.198487135] [icp_odometry]: Odometry: wait_for_transform     = 0.200000
[INFO] [1771005849.198509472] [icp_odometry]: Odometry: log_to_rosout_level    = 4
[INFO] [1771005849.198583682] [icp_odometry]: Odometry: initial_pose           = xyz=0.000000,0.000000,0.000000 rpy=0.000000,-0.000000,0.000000
[INFO] [1771005849.198610947] [icp_odometry]: Odometry: ground_truth_frame_id  = 
[INFO] [1771005849.198627107] [icp_odometry]: Odometry: ground_truth_base_frame_id = leo04/base_footprint
[INFO] [1771005849.198641636] [icp_odometry]: Odometry: config_path            = 
[INFO] [1771005849.198658148] [icp_odometry]: Odometry: publish_null_when_lost = true
[INFO] [1771005849.198670661] [icp_odometry]: Odometry: publish_compressed_sensor_data = false
[INFO] [1771005849.198681317] [icp_odometry]: Odometry: guess_frame_id         = 
[INFO] [1771005849.198691142] [icp_odometry]: Odometry: guess_min_translation  = 0.000000
[INFO] [1771005849.198702758] [icp_odometry]: Odometry: guess_min_rotation     = 0.000000
[INFO] [1771005849.198713126] [icp_odometry]: Odometry: guess_min_time         = 0.000000
[INFO] [1771005849.198723655] [icp_odometry]: Odometry: expected_update_rate   = 15.000000 Hz
[INFO] [1771005849.198737223] [icp_odometry]: Odometry: max_update_rate        = 0.000000 Hz
[INFO] [1771005849.198753800] [icp_odometry]: Odometry: min_update_rate        = 0.000000 Hz
[INFO] [1771005849.198766760] [icp_odometry]: Odometry: wait_imu_to_init       = false
[INFO] [1771005849.198777576] [icp_odometry]: Odometry: always_check_imu_tf    = true
[INFO] [1771005849.198787017] [icp_odometry]: Odometry: sensor_data_compression_format = .jpg
[INFO] [1771005849.198796489] [icp_odometry]: Odometry: sensor_data_parallel_compression = true
[INFO] [1771005849.198813674] [icp_odometry]: Odometry: stereoParams_=0 visParams_=0 icpParams_=1
[INFO] [1771005849.199808618] [icp_odometry]: Setting odometry parameter "Icp/CorrespondenceRatio"="0.01"
[INFO] [1771005849.199899405] [icp_odometry]: Setting odometry parameter "Icp/Epsilon"="0.001"
[INFO] [1771005849.199978864] [icp_odometry]: Setting odometry parameter "Icp/Iterations"="10"
[INFO] [1771005849.200020625] [icp_odometry]: Setting odometry parameter "Icp/MaxCorrespondenceDistance"="1"
[INFO] [1771005849.200071251] [icp_odometry]: Setting odometry parameter "Icp/MaxTranslation"="2"
[INFO] [1771005849.200112436] [icp_odometry]: Setting odometry parameter "Icp/OutlierRatio"="0.7"
[INFO] [1771005849.200239961] [icp_odometry]: Setting odometry parameter "Icp/PointToPlaneK"="20"
[INFO] [1771005849.200312379] [icp_odometry]: Setting odometry parameter "Icp/PointToPlaneRadius"="0"
[INFO] [1771005849.200367421] [icp_odometry]: Setting odometry parameter "Icp/RangeMin"="0.3"
[INFO] [1771005849.200435679] [icp_odometry]: Setting odometry parameter "Icp/VoxelSize"="0.1"
[INFO] [1771005849.200777290] [icp_odometry]: Setting odometry parameter "Odom/ScanKeyFrameThr"="0.4"
[INFO] [1771005849.200845388] [icp_odometry]: Setting odometry parameter "OdomF2M/BundleAdjustment"="false"
[INFO] [1771005849.200996689] [icp_odometry]: Setting odometry parameter "OdomF2M/ScanMaxSize"="15000"
[INFO] [1771005849.201062708] [icp_odometry]: Setting odometry parameter "OdomF2M/ScanSubtractRadius"="0.1"
[WARN] [1771005849.203963667] [icp_odometry]: IcpOdometry: Transferring value 0.3 of "Icp/RangeMin" to ros parameter "scan_range_min" for convenience. "Icp/RangeMin" is set to 0.
[WARN] [1771005849.204031765] [icp_odometry]: IcpOdometry: Transferring value 0.1 of "Icp/VoxelSize" to ros parameter "scan_voxel_size" for convenience. "Icp/VoxelSize" is set to 0.
[WARN] [1771005849.204064214] [icp_odometry]: IcpOdometry: Transferring value 20 of "Icp/PointToPlaneK" to ros parameter "scan_normal_k" for convenience.
[INFO] [1771005849.207470246] [icp_odometry]: IcpOdometry: qos                    = 0
[INFO] [1771005849.207619691] [icp_odometry]: IcpOdometry: scan_cloud_max_points  = -1
[INFO] [1771005849.207646988] [icp_odometry]: IcpOdometry: scan_cloud_is_2d       = false
[INFO] [1771005849.207666573] [icp_odometry]: IcpOdometry: scan_downsampling_step = 1
[INFO] [1771005849.207685389] [icp_odometry]: IcpOdometry: scan_range_min         = 0.300000 m
[INFO] [1771005849.207711438] [icp_odometry]: IcpOdometry: scan_range_max         = 0.000000 m
[INFO] [1771005849.207732431] [icp_odometry]: IcpOdometry: scan_voxel_size        = 0.100000 m
[INFO] [1771005849.207753776] [icp_odometry]: IcpOdometry: scan_normal_k          = 20
[INFO] [1771005849.207772048] [icp_odometry]: IcpOdometry: scan_normal_radius     = 0.000000 m
[INFO] [1771005849.207798161] [icp_odometry]: IcpOdometry: scan_normal_ground_up  = 0.000000
[INFO] [1771005849.207820722] [icp_odometry]: IcpOdometry: deskewing              = false
[INFO] [1771005849.207839699] [icp_odometry]: IcpOdometry: deskewing_slerp        = false
[INFO] [1771005849.208521865] [icp_odometry]: 
icp_odometry subscribed to /scan and /leo04/livox/lidar (make sure only one of this topic is published, otherwise remap one to a dummy topic name).
[WARN] [1771005854.210455582] [icp_odometry]: icp_odometry: Did not receive data since 5 seconds! Make sure the input topics are published ("$ rostopic hz my_topic") and the timestamps in their header are set. 
icp_odometry subscribed to /scan and /leo04/livox/lidar (make sure only one of this topic is published, otherwise remap one to a dummy topic name).
[INFO] [1771005856.073402890] [rclcpp]: signal_handler(signum=2)
