[INFO] [1771070951.241246073] [icp_odometry]: Odometry: frame_id               = leo04/base_footprint
[INFO] [1771070951.241817069] [icp_odometry]: Odometry: odom_frame_id          = odom
[INFO] [1771070951.241857134] [icp_odometry]: Odometry: publish_tf             = true
[INFO] [1771070951.241874895] [icp_odometry]: Odometry: wait_for_transform     = 0.200000
[INFO] [1771070951.241904432] [icp_odometry]: Odometry: log_to_rosout_level    = 4
[INFO] [1771070951.241982323] [icp_odometry]: Odometry: initial_pose           = xyz=0.000000,0.000000,0.000000 rpy=0.000000,-0.000000,0.000000
[INFO] [1771070951.242007540] [icp_odometry]: Odometry: ground_truth_frame_id  = 
[INFO] [1771070951.242024980] [icp_odometry]: Odometry: ground_truth_base_frame_id = leo04/base_footprint
[INFO] [1771070951.242039861] [icp_odometry]: Odometry: config_path            = 
[INFO] [1771070951.242061493] [icp_odometry]: Odometry: publish_null_when_lost = true
[INFO] [1771070951.242074230] [icp_odometry]: Odometry: publish_compressed_sensor_data = false
[INFO] [1771070951.242084790] [icp_odometry]: Odometry: guess_frame_id         = 
[INFO] [1771070951.242094583] [icp_odometry]: Odometry: guess_min_translation  = 0.000000
[INFO] [1771070951.242105463] [icp_odometry]: Odometry: guess_min_rotation     = 0.000000
[INFO] [1771070951.242119416] [icp_odometry]: Odometry: guess_min_time         = 0.000000
[INFO] [1771070951.242131000] [icp_odometry]: Odometry: expected_update_rate   = 15.000000 Hz
[INFO] [1771070951.242144408] [icp_odometry]: Odometry: max_update_rate        = 0.000000 Hz
[INFO] [1771070951.242161113] [icp_odometry]: Odometry: min_update_rate        = 0.000000 Hz
[INFO] [1771070951.242172793] [icp_odometry]: Odometry: wait_imu_to_init       = false
[INFO] [1771070951.242183194] [icp_odometry]: Odometry: always_check_imu_tf    = true
[INFO] [1771070951.242193210] [icp_odometry]: Odometry: sensor_data_compression_format = .jpg
[INFO] [1771070951.242202586] [icp_odometry]: Odometry: sensor_data_parallel_compression = true
[INFO] [1771070951.242220603] [icp_odometry]: Odometry: stereoParams_=0 visParams_=0 icpParams_=1
[INFO] [1771070951.243265919] [icp_odometry]: Setting odometry parameter "Icp/CorrespondenceRatio"="0.01"
[INFO] [1771070951.243359139] [icp_odometry]: Setting odometry parameter "Icp/Epsilon"="0.001"
[INFO] [1771070951.243438853] [icp_odometry]: Setting odometry parameter "Icp/Iterations"="10"
[INFO] [1771070951.243478599] [icp_odometry]: Setting odometry parameter "Icp/MaxCorrespondenceDistance"="1"
[INFO] [1771070951.243542761] [icp_odometry]: Setting odometry parameter "Icp/MaxTranslation"="2"
[INFO] [1771070951.243583051] [icp_odometry]: Setting odometry parameter "Icp/OutlierRatio"="0.7"
[INFO] [1771070951.243728816] [icp_odometry]: Setting odometry parameter "Icp/PointToPlaneK"="20"
[INFO] [1771070951.243831571] [icp_odometry]: Setting odometry parameter "Icp/PointToPlaneRadius"="0"
[INFO] [1771070951.243890869] [icp_odometry]: Setting odometry parameter "Icp/RangeMin"="0.3"
[INFO] [1771070951.243968472] [icp_odometry]: Setting odometry parameter "Icp/VoxelSize"="0.1"
[INFO] [1771070951.244372998] [icp_odometry]: Setting odometry parameter "Odom/ScanKeyFrameThr"="0.4"
[INFO] [1771070951.244449097] [icp_odometry]: Setting odometry parameter "OdomF2M/BundleAdjustment"="false"
[INFO] [1771070951.244631471] [icp_odometry]: Setting odometry parameter "OdomF2M/ScanMaxSize"="15000"
[INFO] [1771070951.244833814] [icp_odometry]: Setting odometry parameter "OdomF2M/ScanSubtractRadius"="0.1"
[WARN] [1771070951.248480597] [icp_odometry]: IcpOdometry: Transferring value 0.3 of "Icp/RangeMin" to ros parameter "scan_range_min" for convenience. "Icp/RangeMin" is set to 0.
[WARN] [1771070951.248557496] [icp_odometry]: IcpOdometry: Transferring value 0.1 of "Icp/VoxelSize" to ros parameter "scan_voxel_size" for convenience. "Icp/VoxelSize" is set to 0.
[WARN] [1771070951.248586137] [icp_odometry]: IcpOdometry: Transferring value 20 of "Icp/PointToPlaneK" to ros parameter "scan_normal_k" for convenience.
[INFO] [1771070951.262360185] [icp_odometry]: IcpOdometry: qos                    = 0
[INFO] [1771070951.262524287] [icp_odometry]: IcpOdometry: scan_cloud_max_points  = -1
[INFO] [1771070951.262548799] [icp_odometry]: IcpOdometry: scan_cloud_is_2d       = false
[INFO] [1771070951.262561888] [icp_odometry]: IcpOdometry: scan_downsampling_step = 1
[INFO] [1771070951.262572896] [icp_odometry]: IcpOdometry: scan_range_min         = 0.300000 m
[INFO] [1771070951.262592033] [icp_odometry]: IcpOdometry: scan_range_max         = 0.000000 m
[INFO] [1771070951.262603297] [icp_odometry]: IcpOdometry: scan_voxel_size        = 0.100000 m
[INFO] [1771070951.262614626] [icp_odometry]: IcpOdometry: scan_normal_k          = 20
[INFO] [1771070951.262624578] [icp_odometry]: IcpOdometry: scan_normal_radius     = 0.000000 m
[INFO] [1771070951.262635106] [icp_odometry]: IcpOdometry: scan_normal_ground_up  = 0.000000
[INFO] [1771070951.262651139] [icp_odometry]: IcpOdometry: deskewing              = false
[INFO] [1771070951.262661635] [icp_odometry]: IcpOdometry: deskewing_slerp        = false
[INFO] [1771070951.264699338] [icp_odometry]: 
icp_odometry subscribed to /scan and /leo04/livox/lidar (make sure only one of this topic is published, otherwise remap one to a dummy topic name).
[ERROR] [1771070951.332657643] [icp_odometry]: We didn't receive IMU newer than previous image (0.000000) and we just received a new image (1771070951.212162). The previous image is dropped!
[INFO] [1771070951.336501009] [icp_odometry]: Odom: ratio=0.000000, std dev=99.995000m|99.995000rad, update time=0.003555s delay=0.124321s
[INFO] [1771070951.471654231] [icp_odometry]: Odom: ratio=0.540702, std dev=0.016299m|0.005154rad, update time=0.031746s delay=0.159646s
[INFO] [1771070951.554523263] [icp_odometry]: Odom: ratio=0.680246, std dev=0.015215m|0.004812rad, update time=0.029185s delay=0.142206s
[INFO] [1771070951.656009040] [icp_odometry]: Odom: ratio=0.544468, std dev=0.015194m|0.004805rad, update time=0.027522s delay=0.143358s
[INFO] [1771070951.758945363] [icp_odometry]: Odom: ratio=0.593613, std dev=0.015028m|0.004752rad, update time=0.028536s delay=0.146629s
[INFO] [1771070951.864487633] [icp_odometry]: Odom: ratio=0.536908, std dev=0.014764m|0.004669rad, update time=0.029999s delay=0.152156s
[INFO] [1771070951.957741507] [icp_odometry]: Odom: ratio=0.613437, std dev=0.013526m|0.004277rad, update time=0.024804s delay=0.145157s
[INFO] [1771070952.058943786] [icp_odometry]: Odom: ratio=0.553133, std dev=0.016397m|0.005185rad, update time=0.028875s delay=0.146680s
[INFO] [1771070952.164397605] [icp_odometry]: Odom: ratio=0.592127, std dev=0.014597m|0.004616rad, update time=0.033272s delay=0.151828s
[INFO] [1771070952.261918892] [icp_odometry]: Odom: ratio=0.578415, std dev=0.015659m|0.004952rad, update time=0.032502s delay=0.149284s
[INFO] [1771070952.362858857] [icp_odometry]: Odom: ratio=0.571809, std dev=0.015350m|0.004854rad, update time=0.032341s delay=0.150358s
[INFO] [1771070952.469150082] [icp_odometry]: Odom: ratio=0.590301, std dev=0.015197m|0.004806rad, update time=0.037356s delay=0.156824s
[INFO] [1771070952.555460929] [icp_odometry]: Odom: ratio=0.560919, std dev=0.014932m|0.004722rad, update time=0.028149s delay=0.143259s
[INFO] [1771070952.562408692] [rclcpp]: signal_handler(signum=2)
