[INFO] [1718656372.043997482] [icp_odometry]: Odometry: frame_id               = leo04/base_footprint
[INFO] [1718656372.046978485] [icp_odometry]: Odometry: odom_frame_id          = odom
[INFO] [1718656372.048456074] [icp_odometry]: Odometry: publish_tf             = true
[INFO] [1718656372.056008058] [icp_odometry]: Odometry: wait_for_transform     = 0.200000
[INFO] [1718656372.056065052] [icp_odometry]: Odometry: log_to_rosout_level    = 4
[INFO] [1718656372.056174592] [icp_odometry]: Odometry: initial_pose           = xyz=0.000000,0.000000,0.000000 rpy=0.000000,-0.000000,0.000000
[INFO] [1718656372.056207617] [icp_odometry]: Odometry: ground_truth_frame_id  = 
[INFO] [1718656372.056243778] [icp_odometry]: Odometry: ground_truth_base_frame_id = leo04/base_footprint
[INFO] [1718656372.056264291] [icp_odometry]: Odometry: config_path            = 
[INFO] [1718656372.056288132] [icp_odometry]: Odometry: publish_null_when_lost = true
[INFO] [1718656372.056307876] [icp_odometry]: Odometry: publish_compressed_sensor_data = false
[INFO] [1718656372.056325669] [icp_odometry]: Odometry: guess_frame_id         = 
[INFO] [1718656372.056342726] [icp_odometry]: Odometry: guess_min_translation  = 0.000000
[INFO] [1718656372.056362502] [icp_odometry]: Odometry: guess_min_rotation     = 0.000000
[INFO] [1718656372.056381063] [icp_odometry]: Odometry: guess_min_time         = 0.000000
[INFO] [1718656372.056399560] [icp_odometry]: Odometry: expected_update_rate   = 15.000000 Hz
[INFO] [1718656372.056899194] [icp_odometry]: Odometry: max_update_rate        = 0.000000 Hz
[INFO] [1718656372.056967836] [icp_odometry]: Odometry: min_update_rate        = 0.000000 Hz
[INFO] [1718656372.056994013] [icp_odometry]: Odometry: wait_imu_to_init       = false
[INFO] [1718656372.057015070] [icp_odometry]: Odometry: always_check_imu_tf    = true
[INFO] [1718656372.057034366] [icp_odometry]: Odometry: sensor_data_compression_format = .jpg
[INFO] [1718656372.057054175] [icp_odometry]: Odometry: sensor_data_parallel_compression = true
[INFO] [1718656372.057084576] [icp_odometry]: Odometry: stereoParams_=0 visParams_=0 icpParams_=1
[INFO] [1718656372.059643420] [icp_odometry]: Setting odometry parameter "Icp/CorrespondenceRatio"="0.01"
[INFO] [1718656372.059888837] [icp_odometry]: Setting odometry parameter "Icp/Epsilon"="0.001"
[INFO] [1718656372.060126765] [icp_odometry]: Setting odometry parameter "Icp/Iterations"="10"
[INFO] [1718656372.060187376] [icp_odometry]: Setting odometry parameter "Icp/MaxCorrespondenceDistance"="1"
[INFO] [1718656372.060455449] [icp_odometry]: Setting odometry parameter "Icp/MaxTranslation"="2"
[INFO] [1718656372.060567645] [icp_odometry]: Setting odometry parameter "Icp/OutlierRatio"="0.7"
[INFO] [1718656372.060978380] [icp_odometry]: Setting odometry parameter "Icp/PointToPlaneK"="20"
[INFO] [1718656372.061080368] [icp_odometry]: Setting odometry parameter "Icp/PointToPlaneRadius"="0"
[INFO] [1718656372.062013873] [icp_odometry]: Setting odometry parameter "Icp/RangeMin"="0.3"
[INFO] [1718656372.062135254] [icp_odometry]: Setting odometry parameter "Icp/VoxelSize"="0.1"
[INFO] [1718656372.062546308] [icp_odometry]: Setting odometry parameter "Odom/ScanKeyFrameThr"="0.4"
[INFO] [1718656372.062676873] [icp_odometry]: Setting odometry parameter "OdomF2M/BundleAdjustment"="false"
[INFO] [1718656372.062902513] [icp_odometry]: Setting odometry parameter "OdomF2M/ScanMaxSize"="15000"
[INFO] [1718656372.063224093] [icp_odometry]: Setting odometry parameter "OdomF2M/ScanSubtractRadius"="0.1"
[WARN] [1718656372.069753799] [icp_odometry]: IcpOdometry: Transferring value 0.3 of "Icp/RangeMin" to ros parameter "scan_range_min" for convenience. "Icp/RangeMin" is set to 0.
[WARN] [1718656372.069835498] [icp_odometry]: IcpOdometry: Transferring value 0.1 of "Icp/VoxelSize" to ros parameter "scan_voxel_size" for convenience. "Icp/VoxelSize" is set to 0.
[WARN] [1718656372.069865163] [icp_odometry]: IcpOdometry: Transferring value 20 of "Icp/PointToPlaneK" to ros parameter "scan_normal_k" for convenience.
[INFO] [1718656372.079802640] [icp_odometry]: IcpOdometry: qos                    = 0
[INFO] [1718656372.079988407] [icp_odometry]: IcpOdometry: scan_cloud_max_points  = -1
[INFO] [1718656372.080013144] [icp_odometry]: IcpOdometry: scan_cloud_is_2d       = false
[INFO] [1718656372.080029944] [icp_odometry]: IcpOdometry: scan_downsampling_step = 1
[INFO] [1718656372.080044729] [icp_odometry]: IcpOdometry: scan_range_min         = 0.300000 m
[INFO] [1718656372.080070138] [icp_odometry]: IcpOdometry: scan_range_max         = 0.000000 m
[INFO] [1718656372.080085082] [icp_odometry]: IcpOdometry: scan_voxel_size        = 0.100000 m
[INFO] [1718656372.080104827] [icp_odometry]: IcpOdometry: scan_normal_k          = 20
[INFO] [1718656372.080119419] [icp_odometry]: IcpOdometry: scan_normal_radius     = 0.000000 m
[INFO] [1718656372.080135068] [icp_odometry]: IcpOdometry: scan_normal_ground_up  = 0.000000
[INFO] [1718656372.080149533] [icp_odometry]: IcpOdometry: deskewing              = false
[INFO] [1718656372.080163005] [icp_odometry]: IcpOdometry: deskewing_slerp        = false
[INFO] [1718656372.082087970] [icp_odometry]: 
icp_odometry subscribed to /scan and /leo04/livox/lidar (make sure only one of this topic is published, otherwise remap one to a dummy topic name).
[ERROR] [1718656372.192309849] [icp_odometry]: We didn't receive IMU newer than previous image (0.000000) and we just received a new image (1718656372.071966). The previous image is dropped!
[INFO] [1718656372.195783125] [icp_odometry]: Odom: ratio=0.000000, std dev=99.995000m|99.995000rad, update time=0.003097s delay=0.123802s
[INFO] [1718656372.306216627] [icp_odometry]: Odom: ratio=0.613148, std dev=0.014000m|0.004427rad, update time=0.019013s delay=0.134081s
[INFO] [1718656372.395243696] [icp_odometry]: Odom: ratio=0.672285, std dev=0.008736m|0.002763rad, update time=0.013340s delay=0.123078s
[INFO] [1718656372.513575498] [icp_odometry]: Odom: ratio=0.605215, std dev=0.012305m|0.003891rad, update time=0.023596s delay=0.141589s
[INFO] [1718656372.602393664] [icp_odometry]: Odom: ratio=0.635697, std dev=0.010483m|0.003315rad, update time=0.012475s delay=0.130376s
[INFO] [1718656372.705948071] [icp_odometry]: Odom: ratio=0.608748, std dev=0.012143m|0.003840rad, update time=0.016260s delay=0.133979s
[INFO] [1718656372.801893276] [icp_odometry]: Odom: ratio=0.615047, std dev=0.011458m|0.003623rad, update time=0.012866s delay=0.129829s
[INFO] [1718656372.911232915] [icp_odometry]: Odom: ratio=0.632640, std dev=0.011230m|0.003551rad, update time=0.022450s delay=0.139276s
[INFO] [1718656373.018237558] [icp_odometry]: Odom: ratio=0.599878, std dev=0.011237m|0.003554rad, update time=0.029201s delay=0.146249s
[INFO] [1718656373.115627072] [icp_odometry]: Odom: ratio=0.614420, std dev=0.010442m|0.003302rad, update time=0.025602s delay=0.143562s
[INFO] [1718656373.210230757] [icp_odometry]: Odom: ratio=0.610406, std dev=0.011742m|0.003713rad, update time=0.023349s delay=0.138118s
[INFO] [1718656373.316609457] [icp_odometry]: Odom: ratio=0.624131, std dev=0.010747m|0.003398rad, update time=0.029787s delay=0.144611s
[INFO] [1718656373.414979646] [icp_odometry]: Odom: ratio=0.601905, std dev=0.012133m|0.003837rad, update time=0.027920s delay=0.142916s
[INFO] [1718656373.499541211] [icp_odometry]: Odom: ratio=0.652558, std dev=0.009604m|0.003037rad, update time=0.016214s delay=0.127449s
[INFO] [1718656373.615132978] [icp_odometry]: Odom: ratio=0.616596, std dev=0.012548m|0.003968rad, update time=0.026598s delay=0.143112s
[INFO] [1718656373.718196968] [icp_odometry]: Odom: ratio=0.644680, std dev=0.009691m|0.003064rad, update time=0.026838s delay=0.146043s
[INFO] [1718656373.812228473] [icp_odometry]: Odom: ratio=0.613383, std dev=0.011244m|0.003556rad, update time=0.024174s delay=0.140196s
[INFO] [1718656373.911560744] [icp_odometry]: Odom: ratio=0.612923, std dev=0.011654m|0.003685rad, update time=0.024030s delay=0.139553s
[INFO] [1718656374.017817296] [icp_odometry]: Odom: ratio=0.613308, std dev=0.012101m|0.003827rad, update time=0.026360s delay=0.145668s
[INFO] [1718656374.112939784] [icp_odometry]: Odom: ratio=0.597772, std dev=0.011156m|0.003528rad, update time=0.024587s delay=0.140790s
[INFO] [1718656374.219353718] [icp_odometry]: Odom: ratio=0.621775, std dev=0.011559m|0.003655rad, update time=0.029409s delay=0.147353s
[INFO] [1718656374.316832322] [icp_odometry]: Odom: ratio=0.612546, std dev=0.011108m|0.003513rad, update time=0.027034s delay=0.144826s
[INFO] [1718656374.418527366] [icp_odometry]: Odom: ratio=0.616223, std dev=0.011199m|0.003541rad, update time=0.027858s delay=0.146383s
[INFO] [1718656374.506454524] [icp_odometry]: Odom: ratio=0.599881, std dev=0.011433m|0.003615rad, update time=0.020179s delay=0.134381s
[INFO] [1718656374.619487224] [icp_odometry]: Odom: ratio=0.620563, std dev=0.010636m|0.003363rad, update time=0.030227s delay=0.147496s
[INFO] [1718656374.716453938] [icp_odometry]: Odom: ratio=0.595628, std dev=0.011595m|0.003667rad, update time=0.027552s delay=0.144453s
[INFO] [1718656374.813868636] [icp_odometry]: Odom: ratio=0.592345, std dev=0.010718m|0.003389rad, update time=0.025613s delay=0.141915s
[INFO] [1718656374.914212080] [icp_odometry]: Odom: ratio=0.619363, std dev=0.011096m|0.003509rad, update time=0.024757s delay=0.142256s
[INFO] [1718656375.021087662] [icp_odometry]: Odom: ratio=0.624462, std dev=0.010320m|0.003264rad, update time=0.029303s delay=0.149090s
[INFO] [1718656375.113178297] [icp_odometry]: Odom: ratio=0.684147, std dev=0.007772m|0.002458rad, update time=0.023746s delay=0.141164s
[INFO] [1718656375.215834784] [icp_odometry]: Odom: ratio=0.588631, std dev=0.011586m|0.003664rad, update time=0.025843s delay=0.143665s
[INFO] [1718656375.314459126] [icp_odometry]: Odom: ratio=0.656780, std dev=0.009734m|0.003078rad, update time=0.026155s delay=0.142377s
[INFO] [1718656375.417409991] [icp_odometry]: Odom: ratio=0.597813, std dev=0.011136m|0.003522rad, update time=0.028518s delay=0.145322s
[INFO] [1718656375.515208063] [icp_odometry]: Odom: ratio=0.606496, std dev=0.011414m|0.003609rad, update time=0.026662s delay=0.143181s
[INFO] [1718656375.604912821] [icp_odometry]: Odom: ratio=0.590435, std dev=0.011323m|0.003581rad, update time=0.019352s delay=0.132806s
[INFO] [1718656375.710656427] [icp_odometry]: Odom: ratio=0.613636, std dev=0.010335m|0.003268rad, update time=0.023038s delay=0.138630s
[INFO] [1718656375.812434674] [icp_odometry]: Odom: ratio=0.594385, std dev=0.011237m|0.003553rad, update time=0.022433s delay=0.140494s
[INFO] [1718656375.918312108] [icp_odometry]: Odom: ratio=0.632191, std dev=0.010836m|0.003427rad, update time=0.027309s delay=0.146357s
[INFO] [1718656376.018958763] [icp_odometry]: Odom: ratio=0.614183, std dev=0.011192m|0.003539rad, update time=0.029141s delay=0.146831s
[INFO] [1718656376.118303866] [icp_odometry]: Odom: ratio=0.608748, std dev=0.011885m|0.003758rad, update time=0.028199s delay=0.146047s
[INFO] [1718656376.217698892] [icp_odometry]: Odom: ratio=0.633479, std dev=0.010629m|0.003361rad, update time=0.028523s delay=0.145646s
[INFO] [1718656376.317805527] [icp_odometry]: Odom: ratio=0.598171, std dev=0.011070m|0.003501rad, update time=0.029159s delay=0.145702s
[INFO] [1718656376.419859176] [icp_odometry]: Odom: ratio=0.683951, std dev=0.009060m|0.002865rad, update time=0.028390s delay=0.147832s
[INFO] [1718656376.519448065] [icp_odometry]: Odom: ratio=0.599265, std dev=0.012920m|0.004086rad, update time=0.028403s delay=0.147384s
[INFO] [1718656376.597711643] [icp_odometry]: Odom: ratio=0.633190, std dev=0.010459m|0.003308rad, update time=0.015398s delay=0.125463s
[INFO] [1718656376.717417766] [icp_odometry]: Odom: ratio=0.593693, std dev=0.011792m|0.003729rad, update time=0.026952s delay=0.145358s
[INFO] [1718656376.814056693] [icp_odometry]: Odom: ratio=0.592015, std dev=0.011362m|0.003593rad, update time=0.023513s delay=0.142039s
[INFO] [1718656376.918374103] [icp_odometry]: Odom: ratio=0.602706, std dev=0.012339m|0.003902rad, update time=0.029121s delay=0.146339s
[INFO] [1718656377.020739444] [icp_odometry]: Odom: ratio=0.598401, std dev=0.011395m|0.003603rad, update time=0.031529s delay=0.148602s
[INFO] [1718656377.112809374] [icp_odometry]: Odom: ratio=0.595119, std dev=0.011218m|0.003547rad, update time=0.023950s delay=0.140798s
[INFO] [1718656377.216688593] [icp_odometry]: Odom: ratio=0.619286, std dev=0.011022m|0.003485rad, update time=0.026522s delay=0.144592s
[INFO] [1718656377.313913044] [icp_odometry]: Odom: ratio=0.613399, std dev=0.010319m|0.003263rad, update time=0.025298s delay=0.141857s
[INFO] [1718656377.415310862] [icp_odometry]: Odom: ratio=0.598259, std dev=0.012627m|0.003993rad, update time=0.026027s delay=0.143280s
[INFO] [1718656377.520597939] [icp_odometry]: Odom: ratio=0.616822, std dev=0.010419m|0.003295rad, update time=0.027033s delay=0.148613s
[INFO] [1718656377.618183907] [icp_odometry]: Odom: ratio=0.592866, std dev=0.012313m|0.003894rad, update time=0.027995s delay=0.146206s
[INFO] [1718656377.707089180] [icp_odometry]: Odom: ratio=0.632134, std dev=0.010031m|0.003172rad, update time=0.021611s delay=0.134936s
[INFO] [1718656377.816424179] [icp_odometry]: Odom: ratio=0.573193, std dev=0.013592m|0.004298rad, update time=0.027565s delay=0.144314s
[INFO] [1718656377.914962694] [icp_odometry]: Odom: ratio=0.657250, std dev=0.009157m|0.002896rad, update time=0.025907s delay=0.142859s
[INFO] [1718656378.015928464] [icp_odometry]: Odom: ratio=0.601262, std dev=0.011525m|0.003645rad, update time=0.026741s delay=0.143851s
[INFO] [1718656378.116644849] [icp_odometry]: Odom: ratio=0.720149, std dev=0.005879m|0.001859rad, update time=0.026356s delay=0.144607s
[INFO] [1718656378.214530892] [icp_odometry]: Odom: ratio=0.630489, std dev=0.009923m|0.003138rad, update time=0.024776s delay=0.142428s
[INFO] [1718656378.316937386] [icp_odometry]: Odom: ratio=0.656615, std dev=0.010442m|0.003302rad, update time=0.027505s delay=0.144904s
[INFO] [1718656378.414695361] [icp_odometry]: Odom: ratio=0.640025, std dev=0.011819m|0.003737rad, update time=0.024714s delay=0.142627s
[INFO] [1718656378.520430774] [icp_odometry]: Odom: ratio=0.619850, std dev=0.010478m|0.003313rad, update time=0.030568s delay=0.148269s
[INFO] [1718656378.618318001] [icp_odometry]: Odom: ratio=0.586782, std dev=0.011653m|0.003685rad, update time=0.027069s delay=0.146329s
[INFO] [1718656378.711371807] [icp_odometry]: Odom: ratio=0.582968, std dev=0.011242m|0.003555rad, update time=0.021128s delay=0.139356s
[INFO] [1718656378.817719594] [icp_odometry]: Odom: ratio=0.586544, std dev=0.011849m|0.003747rad, update time=0.027650s delay=0.145515s
[INFO] [1718656378.916503206] [icp_odometry]: Odom: ratio=0.582769, std dev=0.011836m|0.003743rad, update time=0.026179s delay=0.144300s
[INFO] [1718656379.016357864] [icp_odometry]: Odom: ratio=0.624528, std dev=0.011360m|0.003592rad, update time=0.025105s delay=0.144292s
[INFO] [1718656379.112275293] [icp_odometry]: Odom: ratio=0.605295, std dev=0.011569m|0.003659rad, update time=0.022791s delay=0.140223s
[INFO] [1718656379.216721860] [icp_odometry]: Odom: ratio=0.598652, std dev=0.011259m|0.003560rad, update time=0.028079s delay=0.144620s
[INFO] [1718656379.320640120] [icp_odometry]: Odom: ratio=0.607494, std dev=0.012048m|0.003810rad, update time=0.028390s delay=0.148489s
[INFO] [1718656379.414605030] [icp_odometry]: Odom: ratio=0.597096, std dev=0.011238m|0.003554rad, update time=0.024363s delay=0.142604s
[INFO] [1718656379.516773755] [icp_odometry]: Odom: ratio=0.626354, std dev=0.011955m|0.003781rad, update time=0.027038s delay=0.144720s
[INFO] [1718656379.619824080] [icp_odometry]: Odom: ratio=0.597926, std dev=0.011161m|0.003529rad, update time=0.027477s delay=0.147661s
[INFO] [1718656379.709955925] [icp_odometry]: Odom: ratio=0.651720, std dev=0.010247m|0.003240rad, update time=0.023386s delay=0.137832s
[INFO] [1718656379.817040603] [icp_odometry]: Odom: ratio=0.602203, std dev=0.011644m|0.003682rad, update time=0.028503s delay=0.144994s
[INFO] [1718656379.918696638] [icp_odometry]: Odom: ratio=0.603204, std dev=0.011773m|0.003723rad, update time=0.025586s delay=0.146660s
[INFO] [1718656380.016597977] [icp_odometry]: Odom: ratio=0.583180, std dev=0.011884m|0.003758rad, update time=0.028103s delay=0.144485s
[INFO] [1718656380.118286013] [icp_odometry]: Odom: ratio=0.576376, std dev=0.011100m|0.003510rad, update time=0.029886s delay=0.146142s
[INFO] [1718656380.214337239] [icp_odometry]: Odom: ratio=0.590827, std dev=0.011688m|0.003696rad, update time=0.025692s delay=0.142293s
[INFO] [1718656380.315404036] [icp_odometry]: Odom: ratio=0.604334, std dev=0.010276m|0.003250rad, update time=0.026379s delay=0.143341s
[INFO] [1718656380.415408236] [icp_odometry]: Odom: ratio=0.595642, std dev=0.011296m|0.003572rad, update time=0.025176s delay=0.143285s
[INFO] [1718656380.520002072] [icp_odometry]: Odom: ratio=0.590194, std dev=0.011891m|0.003760rad, update time=0.029061s delay=0.147883s
[INFO] [1718656380.614065674] [icp_odometry]: Odom: ratio=0.603684, std dev=0.011245m|0.003556rad, update time=0.024819s delay=0.141946s
[INFO] [1718656380.717914492] [icp_odometry]: Odom: ratio=0.605200, std dev=0.012088m|0.003823rad, update time=0.027252s delay=0.145757s
[INFO] [1718656380.815277988] [icp_odometry]: Odom: ratio=0.600242, std dev=0.010987m|0.003474rad, update time=0.025495s delay=0.143109s
[INFO] [1718656380.915316749] [icp_odometry]: Odom: ratio=0.585662, std dev=0.011633m|0.003679rad, update time=0.024343s delay=0.143228s
[INFO] [1718656381.018914998] [icp_odometry]: Odom: ratio=0.615195, std dev=0.010732m|0.003394rad, update time=0.028345s delay=0.146869s
[INFO] [1718656381.109671921] [icp_odometry]: Odom: ratio=0.584736, std dev=0.010703m|0.003385rad, update time=0.020460s delay=0.137542s
[INFO] [1718656381.213511266] [icp_odometry]: Odom: ratio=0.627160, std dev=0.009744m|0.003081rad, update time=0.024220s delay=0.141239s
[INFO] [1718656381.317931208] [icp_odometry]: Odom: ratio=0.572761, std dev=0.011914m|0.003768rad, update time=0.027253s delay=0.145781s
[INFO] [1718656381.416548670] [icp_odometry]: Odom: ratio=0.599253, std dev=0.011720m|0.003706rad, update time=0.027499s delay=0.144449s
[INFO] [1718656381.518168095] [icp_odometry]: Odom: ratio=0.594929, std dev=0.011695m|0.003698rad, update time=0.027005s delay=0.146014s
[INFO] [1718656381.599535721] [icp_odometry]: Odom: ratio=0.584104, std dev=0.012067m|0.003816rad, update time=0.016803s delay=0.127435s
[INFO] [1718656381.714522475] [icp_odometry]: Odom: ratio=0.601458, std dev=0.011099m|0.003510rad, update time=0.024941s delay=0.142424s
[INFO] [1718656381.817066990] [icp_odometry]: Odom: ratio=0.602469, std dev=0.011090m|0.003507rad, update time=0.026765s delay=0.144913s
[INFO] [1718656381.910017464] [icp_odometry]: Odom: ratio=0.629379, std dev=0.010556m|0.003338rad, update time=0.023370s delay=0.137835s
[INFO] [1718656382.016469415] [icp_odometry]: Odom: ratio=0.579013, std dev=0.013446m|0.004252rad, update time=0.026894s delay=0.144444s
[INFO] [1718656382.115820087] [icp_odometry]: Odom: ratio=0.642627, std dev=0.010130m|0.003204rad, update time=0.025870s delay=0.143656s
[INFO] [1718656382.216290191] [icp_odometry]: Odom: ratio=0.560252, std dev=0.013244m|0.004188rad, update time=0.026293s delay=0.144115s
[INFO] [1718656382.317876111] [icp_odometry]: Odom: ratio=0.701332, std dev=0.009030m|0.002856rad, update time=0.027284s delay=0.145672s
[INFO] [1718656382.416332127] [icp_odometry]: Odom: ratio=0.584577, std dev=0.013002m|0.004112rad, update time=0.027196s delay=0.144171s
[INFO] [1718656382.519105194] [icp_odometry]: Odom: ratio=0.652709, std dev=0.009693m|0.003065rad, update time=0.028825s delay=0.146964s
[INFO] [1718656382.614820375] [icp_odometry]: Odom: ratio=0.609018, std dev=0.012503m|0.003954rad, update time=0.025601s delay=0.142599s
[INFO] [1718656382.717184755] [icp_odometry]: Odom: ratio=0.607784, std dev=0.010651m|0.003368rad, update time=0.027913s delay=0.145130s
[INFO] [1718656382.814333844] [icp_odometry]: Odom: ratio=0.600617, std dev=0.012181m|0.003852rad, update time=0.025066s delay=0.142147s
[INFO] [1718656382.903800705] [icp_odometry]: Odom: ratio=0.603175, std dev=0.011233m|0.003552rad, update time=0.018988s delay=0.131707s
[INFO] [1718656383.017861666] [icp_odometry]: Odom: ratio=0.597622, std dev=0.011936m|0.003774rad, update time=0.028472s delay=0.145748s
[INFO] [1718656383.117045964] [icp_odometry]: Odom: ratio=0.597659, std dev=0.011569m|0.003658rad, update time=0.026208s delay=0.144924s
[INFO] [1718656383.220246598] [icp_odometry]: Odom: ratio=0.600490, std dev=0.010112m|0.003198rad, update time=0.029806s delay=0.148090s
[INFO] [1718656383.318721334] [icp_odometry]: Odom: ratio=0.581366, std dev=0.012650m|0.004000rad, update time=0.028963s delay=0.146626s
[INFO] [1718656383.418753151] [icp_odometry]: Odom: ratio=0.625078, std dev=0.010531m|0.003330rad, update time=0.029630s delay=0.146573s
[INFO] [1718656383.518385913] [icp_odometry]: Odom: ratio=0.573821, std dev=0.012438m|0.003933rad, update time=0.029324s delay=0.146272s
[INFO] [1718656383.619630669] [icp_odometry]: Odom: ratio=0.617739, std dev=0.010426m|0.003297rad, update time=0.027401s delay=0.147562s
[INFO] [1718656383.715480031] [icp_odometry]: Odom: ratio=0.573156, std dev=0.012892m|0.004077rad, update time=0.027652s delay=0.143318s
[INFO] [1718656383.815903894] [icp_odometry]: Odom: ratio=0.623970, std dev=0.010193m|0.003223rad, update time=0.025700s delay=0.143790s
[INFO] [1718656383.919058670] [icp_odometry]: Odom: ratio=0.610294, std dev=0.011635m|0.003679rad, update time=0.029873s delay=0.146982s
[INFO] [1718656384.005696342] [icp_odometry]: Odom: ratio=0.625154, std dev=0.009649m|0.003051rad, update time=0.020746s delay=0.133434s
[INFO] [1718656384.113834113] [icp_odometry]: Odom: ratio=0.656671, std dev=0.009914m|0.003135rad, update time=0.024460s delay=0.141550s
[INFO] [1718656384.217432618] [icp_odometry]: Odom: ratio=0.609346, std dev=0.011611m|0.003672rad, update time=0.026547s delay=0.145358s
[INFO] [1718656384.318679678] [icp_odometry]: Odom: ratio=0.639683, std dev=0.011200m|0.003542rad, update time=0.027692s delay=0.146594s
[INFO] [1718656384.416023398] [icp_odometry]: Odom: ratio=0.600617, std dev=0.011704m|0.003701rad, update time=0.025563s delay=0.143878s
[INFO] [1718656384.516889164] [icp_odometry]: Odom: ratio=0.581853, std dev=0.012206m|0.003860rad, update time=0.026022s delay=0.144721s
[INFO] [1718656384.618012348] [icp_odometry]: Odom: ratio=0.599130, std dev=0.011323m|0.003581rad, update time=0.029456s delay=0.145920s
[INFO] [1718656384.720604960] [icp_odometry]: Odom: ratio=0.601721, std dev=0.011976m|0.003787rad, update time=0.031042s delay=0.148420s
[INFO] [1718656384.812003794] [icp_odometry]: Odom: ratio=0.602059, std dev=0.011347m|0.003588rad, update time=0.023297s delay=0.139757s
[INFO] [1718656384.918191800] [icp_odometry]: Odom: ratio=0.618550, std dev=0.011826m|0.003740rad, update time=0.029503s delay=0.145992s
[INFO] [1718656385.010601903] [icp_odometry]: Odom: ratio=0.606863, std dev=0.011440m|0.003618rad, update time=0.024285s delay=0.138371s
[INFO] [1718656385.111205708] [icp_odometry]: Odom: ratio=0.597205, std dev=0.010980m|0.003472rad, update time=0.023317s delay=0.138960s
[INFO] [1718656385.217729917] [icp_odometry]: Odom: ratio=0.606246, std dev=0.011886m|0.003759rad, update time=0.027636s delay=0.145490s
[INFO] [1718656385.316747297] [icp_odometry]: Odom: ratio=0.612095, std dev=0.010902m|0.003447rad, update time=0.027399s delay=0.144652s
[INFO] [1718656385.419454986] [icp_odometry]: Odom: ratio=0.636861, std dev=0.010889m|0.003443rad, update time=0.032007s delay=0.147330s
[INFO] [1718656385.518954335] [icp_odometry]: Odom: ratio=0.585042, std dev=0.011472m|0.003628rad, update time=0.027440s delay=0.146875s
[INFO] [1718656385.618269422] [icp_odometry]: Odom: ratio=0.648284, std dev=0.010570m|0.003343rad, update time=0.026789s delay=0.146138s
[INFO] [1718656385.715459632] [icp_odometry]: Odom: ratio=0.585914, std dev=0.011192m|0.003539rad, update time=0.025484s delay=0.143239s
[INFO] [1718656385.817606597] [icp_odometry]: Odom: ratio=0.604192, std dev=0.010928m|0.003456rad, update time=0.027191s delay=0.145497s
[INFO] [1718656385.913667934] [icp_odometry]: Odom: ratio=0.578597, std dev=0.011986m|0.003790rad, update time=0.024066s delay=0.141414s
[INFO] [1718656386.013451390] [icp_odometry]: Odom: ratio=0.600124, std dev=0.011012m|0.003482rad, update time=0.024304s delay=0.141174s
[INFO] [1718656386.114830935] [icp_odometry]: Odom: ratio=0.587206, std dev=0.011697m|0.003699rad, update time=0.025094s delay=0.142617s
[INFO] [1718656386.219191323] [icp_odometry]: Odom: ratio=0.602978, std dev=0.011654m|0.003685rad, update time=0.028104s delay=0.147096s
[INFO] [1718656386.316025072] [icp_odometry]: Odom: ratio=0.571684, std dev=0.010974m|0.003470rad, update time=0.026175s delay=0.143840s
[INFO] [1718656386.412834821] [icp_odometry]: Odom: ratio=0.591471, std dev=0.011633m|0.003679rad, update time=0.024384s delay=0.140644s
[INFO] [1718656386.512842861] [icp_odometry]: Odom: ratio=0.593158, std dev=0.011805m|0.003733rad, update time=0.023641s delay=0.140672s
[INFO] [1718656386.615164775] [icp_odometry]: Odom: ratio=0.566295, std dev=0.011374m|0.003597rad, update time=0.025342s delay=0.142953s
[INFO] [1718656386.718389538] [icp_odometry]: Odom: ratio=0.644254, std dev=0.009486m|0.003000rad, update time=0.027828s delay=0.146185s
[INFO] [1718656386.819197639] [icp_odometry]: Odom: ratio=0.582263, std dev=0.010740m|0.003396rad, update time=0.026878s delay=0.147068s
[INFO] [1718656386.918621913] [icp_odometry]: Odom: ratio=0.718266, std dev=0.006043m|0.001911rad, update time=0.027879s delay=0.146488s
[INFO] [1718656387.019715912] [icp_odometry]: Odom: ratio=0.575031, std dev=0.013140m|0.004155rad, update time=0.029015s delay=0.147622s
[INFO] [1718656387.106373904] [icp_odometry]: Odom: ratio=0.657568, std dev=0.008669m|0.002741rad, update time=0.020013s delay=0.134115s
[INFO] [1718656387.217571657] [icp_odometry]: Odom: ratio=0.581683, std dev=0.012698m|0.004015rad, update time=0.028899s delay=0.145407s
[INFO] [1718656387.321823561] [icp_odometry]: Odom: ratio=0.633714, std dev=0.010877m|0.003440rad, update time=0.032394s delay=0.149607s
[INFO] [1718656387.419075438] [icp_odometry]: Odom: ratio=0.609188, std dev=0.012048m|0.003810rad, update time=0.028514s delay=0.146939s
[INFO] [1718656387.518143636] [icp_odometry]: Odom: ratio=0.583747, std dev=0.011619m|0.003674rad, update time=0.027315s delay=0.145897s
[INFO] [1718656387.616479775] [icp_odometry]: Odom: ratio=0.608614, std dev=0.010954m|0.003464rad, update time=0.025850s delay=0.144148s
[INFO] [1718656387.718896957] [icp_odometry]: Odom: ratio=0.563582, std dev=0.012225m|0.003866rad, update time=0.028427s delay=0.146696s
[INFO] [1718656387.814020086] [icp_odometry]: Odom: ratio=0.610024, std dev=0.010280m|0.003251rad, update time=0.024642s delay=0.141753s
[INFO] [1718656387.916369265] [icp_odometry]: Odom: ratio=0.592871, std dev=0.012724m|0.004024rad, update time=0.026083s delay=0.144237s
[INFO] [1718656388.019676015] [icp_odometry]: Odom: ratio=0.618421, std dev=0.010622m|0.003359rad, update time=0.029810s delay=0.147400s
[INFO] [1718656388.108601097] [icp_odometry]: Odom: ratio=0.590012, std dev=0.012685m|0.004011rad, update time=0.020065s delay=0.136440s
[INFO] [1718656388.220804806] [icp_odometry]: Odom: ratio=0.614796, std dev=0.009633m|0.003046rad, update time=0.028838s delay=0.148460s
[INFO] [1718656388.315554257] [icp_odometry]: Odom: ratio=0.577736, std dev=0.013419m|0.004244rad, update time=0.025998s delay=0.143375s
[INFO] [1718656388.417118513] [icp_odometry]: Odom: ratio=0.675366, std dev=0.008517m|0.002693rad, update time=0.026579s delay=0.144850s
[INFO] [1718656388.514887848] [icp_odometry]: Odom: ratio=0.631285, std dev=0.012611m|0.003988rad, update time=0.025015s delay=0.142651s
[INFO] [1718656388.616687024] [icp_odometry]: Odom: ratio=0.616541, std dev=0.009915m|0.003135rad, update time=0.026700s delay=0.144477s
[INFO] [1718656388.719290901] [icp_odometry]: Odom: ratio=0.605409, std dev=0.012002m|0.003795rad, update time=0.029052s delay=0.147122s
[INFO] [1718656388.817701027] [icp_odometry]: Odom: ratio=0.603565, std dev=0.011500m|0.003637rad, update time=0.028091s delay=0.145500s
[INFO] [1718656388.916391451] [icp_odometry]: Odom: ratio=0.591824, std dev=0.011387m|0.003601rad, update time=0.026775s delay=0.144163s
[INFO] [1718656389.017183103] [icp_odometry]: Odom: ratio=0.589888, std dev=0.011977m|0.003787rad, update time=0.026453s delay=0.145071s
[INFO] [1718656389.114418371] [icp_odometry]: Odom: ratio=0.601631, std dev=0.009906m|0.003133rad, update time=0.025381s delay=0.142174s
[INFO] [1718656389.202831210] [icp_odometry]: Odom: ratio=0.577709, std dev=0.011619m|0.003674rad, update time=0.017163s delay=0.130619s
[INFO] [1718656389.317843468] [icp_odometry]: Odom: ratio=0.601360, std dev=0.011152m|0.003527rad, update time=0.026931s delay=0.145604s
[INFO] [1718656389.414725476] [icp_odometry]: Odom: ratio=0.602446, std dev=0.011258m|0.003560rad, update time=0.025254s delay=0.142398s
[INFO] [1718656389.518544116] [icp_odometry]: Odom: ratio=0.599633, std dev=0.011378m|0.003598rad, update time=0.029445s delay=0.146367s
[INFO] [1718656389.619585377] [icp_odometry]: Odom: ratio=0.602196, std dev=0.012025m|0.003803rad, update time=0.027492s delay=0.147355s
[INFO] [1718656389.717299126] [icp_odometry]: Odom: ratio=0.600371, std dev=0.011686m|0.003695rad, update time=0.027753s delay=0.144918s
[INFO] [1718656389.815275509] [icp_odometry]: Odom: ratio=0.613886, std dev=0.010468m|0.003310rad, update time=0.025364s delay=0.142937s
[INFO] [1718656389.916606508] [icp_odometry]: Odom: ratio=0.596459, std dev=0.010694m|0.003382rad, update time=0.026553s delay=0.144460s
[INFO] [1718656390.018062023] [icp_odometry]: Odom: ratio=0.646987, std dev=0.009717m|0.003073rad, update time=0.027937s delay=0.145824s
[INFO] [1718656390.116813730] [icp_odometry]: Odom: ratio=0.597386, std dev=0.011377m|0.003598rad, update time=0.027669s delay=0.144580s
[INFO] [1718656390.218636906] [icp_odometry]: Odom: ratio=0.611351, std dev=0.010841m|0.003428rad, update time=0.028964s delay=0.146251s
[INFO] [1718656390.308382785] [icp_odometry]: Odom: ratio=0.566073, std dev=0.011426m|0.003613rad, update time=0.019113s delay=0.136179s
[INFO] [1718656390.415996730] [icp_odometry]: Odom: ratio=0.583855, std dev=0.012471m|0.003944rad, update time=0.026265s delay=0.143759s
[INFO] [1718656390.515698391] [icp_odometry]: Odom: ratio=0.588889, std dev=0.011177m|0.003534rad, update time=0.025969s delay=0.143361s
[INFO] [1718656390.617778121] [icp_odometry]: Odom: ratio=0.581952, std dev=0.011139m|0.003522rad, update time=0.028434s delay=0.145566s
[INFO] [1718656390.717767952] [icp_odometry]: Odom: ratio=0.598891, std dev=0.011659m|0.003687rad, update time=0.027332s delay=0.145586s
[INFO] [1718656390.818858462] [icp_odometry]: Odom: ratio=0.602190, std dev=0.010832m|0.003425rad, update time=0.028007s delay=0.146655s
[INFO] [1718656390.918562651] [icp_odometry]: Odom: ratio=0.594414, std dev=0.011259m|0.003561rad, update time=0.025655s delay=0.146377s
[INFO] [1718656391.016514136] [icp_odometry]: Odom: ratio=0.603978, std dev=0.010728m|0.003393rad, update time=0.026577s delay=0.144265s
[INFO] [1718656391.113959876] [icp_odometry]: Odom: ratio=0.611244, std dev=0.011296m|0.003572rad, update time=0.024241s delay=0.141777s
[INFO] [1718656391.214121777] [icp_odometry]: Odom: ratio=0.600000, std dev=0.011851m|0.003747rad, update time=0.026159s delay=0.141964s
[INFO] [1718656391.317010368] [icp_odometry]: Odom: ratio=0.609365, std dev=0.010757m|0.003402rad, update time=0.026666s delay=0.144740s
[INFO] [1718656391.413555211] [icp_odometry]: Odom: ratio=0.594158, std dev=0.011868m|0.003753rad, update time=0.025338s delay=0.141250s
[INFO] [1718656391.519288769] [icp_odometry]: Odom: ratio=0.673927, std dev=0.009161m|0.002897rad, update time=0.028011s delay=0.146978s
[INFO] [1718656391.613180653] [icp_odometry]: Odom: ratio=0.587089, std dev=0.011564m|0.003657rad, update time=0.023763s delay=0.140987s
[INFO] [1718656391.718280651] [icp_odometry]: Odom: ratio=0.617611, std dev=0.010468m|0.003310rad, update time=0.028984s delay=0.145962s
[INFO] [1718656391.815265222] [icp_odometry]: Odom: ratio=0.595771, std dev=0.012404m|0.003923rad, update time=0.025578s delay=0.143010s
[INFO] [1718656391.919206971] [icp_odometry]: Odom: ratio=0.593189, std dev=0.010580m|0.003346rad, update time=0.029458s delay=0.147042s
[INFO] [1718656392.018573707] [icp_odometry]: Odom: ratio=0.591078, std dev=0.011612m|0.003672rad, update time=0.024786s delay=0.146236s
[INFO] [1718656392.117105790] [icp_odometry]: Odom: ratio=0.597274, std dev=0.010850m|0.003431rad, update time=0.026136s delay=0.144901s
[INFO] [1718656392.220337209] [icp_odometry]: Odom: ratio=0.611663, std dev=0.011089m|0.003507rad, update time=0.030483s delay=0.148002s
[INFO] [1718656392.317410903] [icp_odometry]: Odom: ratio=0.590967, std dev=0.012887m|0.004075rad, update time=0.027065s delay=0.145209s
[INFO] [1718656392.415099052] [icp_odometry]: Odom: ratio=0.629866, std dev=0.010263m|0.003246rad, update time=0.025432s delay=0.142891s
[INFO] [1718656392.503358445] [icp_odometry]: Odom: ratio=0.571339, std dev=0.013409m|0.004240rad, update time=0.017085s delay=0.131076s
[INFO] [1718656392.614804752] [icp_odometry]: Odom: ratio=0.706182, std dev=0.007373m|0.002332rad, update time=0.024672s delay=0.142565s
[INFO] [1718656392.719485535] [icp_odometry]: Odom: ratio=0.601840, std dev=0.012517m|0.003958rad, update time=0.027167s delay=0.147143s
[INFO] [1718656392.816384215] [icp_odometry]: Odom: ratio=0.636919, std dev=0.009874m|0.003122rad, update time=0.026678s delay=0.144098s
[INFO] [1718656392.917564169] [icp_odometry]: Odom: ratio=0.594791, std dev=0.012516m|0.003958rad, update time=0.028061s delay=0.145311s
[INFO] [1718656393.016841110] [icp_odometry]: Odom: ratio=0.606324, std dev=0.009933m|0.003141rad, update time=0.027014s delay=0.144483s
[INFO] [1718656393.116768571] [icp_odometry]: Odom: ratio=0.603727, std dev=0.010976m|0.003471rad, update time=0.026799s delay=0.144480s
[INFO] [1718656393.216520537] [icp_odometry]: Odom: ratio=0.603044, std dev=0.012677m|0.004009rad, update time=0.025752s delay=0.144201s
[INFO] [1718656393.319872825] [icp_odometry]: Odom: ratio=0.636591, std dev=0.010053m|0.003179rad, update time=0.026854s delay=0.147612s
[INFO] [1718656393.419451377] [icp_odometry]: Odom: ratio=0.581115, std dev=0.012763m|0.004036rad, update time=0.027082s delay=0.147208s
[INFO] [1718656393.507776853] [icp_odometry]: Odom: ratio=0.619531, std dev=0.010076m|0.003186rad, update time=0.020862s delay=0.135395s
[INFO] [1718656393.614933757] [icp_odometry]: Odom: ratio=0.574873, std dev=0.013130m|0.004152rad, update time=0.024606s delay=0.142594s
[INFO] [1718656393.717547202] [icp_odometry]: Odom: ratio=0.626401, std dev=0.009426m|0.002981rad, update time=0.027484s delay=0.145396s
[INFO] [1718656393.821275984] [icp_odometry]: Odom: ratio=0.602731, std dev=0.012199m|0.003858rad, update time=0.027816s delay=0.148917s
[INFO] [1718656393.917840156] [icp_odometry]: Odom: ratio=0.654305, std dev=0.007537m|0.002383rad, update time=0.027150s delay=0.145457s
[INFO] [1718656394.011535808] [icp_odometry]: Odom: ratio=0.658328, std dev=0.009646m|0.003050rad, update time=0.022200s delay=0.139314s
[INFO] [1718656394.118892656] [icp_odometry]: Odom: ratio=0.615337, std dev=0.010931m|0.003457rad, update time=0.028209s delay=0.146664s
[INFO] [1718656394.216219255] [icp_odometry]: Odom: ratio=0.642988, std dev=0.009777m|0.003092rad, update time=0.021740s delay=0.143879s
[INFO] [1718656394.318301737] [icp_odometry]: Odom: ratio=0.575702, std dev=0.011264m|0.003562rad, update time=0.028001s delay=0.145966s
[INFO] [1718656394.418182796] [icp_odometry]: Odom: ratio=0.586078, std dev=0.011975m|0.003787rad, update time=0.028454s delay=0.145915s
[INFO] [1718656394.506150371] [icp_odometry]: Odom: ratio=0.585952, std dev=0.011957m|0.003781rad, update time=0.019997s delay=0.133860s
[INFO] [1718656394.615052330] [icp_odometry]: Odom: ratio=0.593400, std dev=0.012172m|0.003849rad, update time=0.026153s delay=0.142681s
[INFO] [1718656394.718535503] [icp_odometry]: Odom: ratio=0.590546, std dev=0.011232m|0.003552rad, update time=0.029597s delay=0.146265s
[INFO] [1718656394.817727257] [icp_odometry]: Odom: ratio=0.598545, std dev=0.011696m|0.003699rad, update time=0.026937s delay=0.145349s
[INFO] [1718656394.919307097] [icp_odometry]: Odom: ratio=0.592145, std dev=0.011278m|0.003566rad, update time=0.028706s delay=0.147026s
[INFO] [1718656395.019487335] [icp_odometry]: Odom: ratio=0.622961, std dev=0.011405m|0.003607rad, update time=0.029497s delay=0.147233s
[INFO] [1718656395.118026842] [icp_odometry]: Odom: ratio=0.594065, std dev=0.011259m|0.003560rad, update time=0.027436s delay=0.145726s
[INFO] [1718656395.214700970] [icp_odometry]: Odom: ratio=0.589853, std dev=0.011596m|0.003667rad, update time=0.025189s delay=0.142514s
[INFO] [1718656395.316516818] [icp_odometry]: Odom: ratio=0.625224, std dev=0.011617m|0.003674rad, update time=0.028718s delay=0.144173s
[INFO] [1718656395.418942865] [icp_odometry]: Odom: ratio=0.588889, std dev=0.011808m|0.003734rad, update time=0.028605s delay=0.146648s
[INFO] [1718656395.500065586] [icp_odometry]: Odom: ratio=0.584777, std dev=0.012067m|0.003816rad, update time=0.016218s delay=0.127821s
[INFO] [1718656395.616579562] [icp_odometry]: Odom: ratio=0.593808, std dev=0.011693m|0.003698rad, update time=0.023966s delay=0.144211s
[INFO] [1718656395.716062751] [icp_odometry]: Odom: ratio=0.581942, std dev=0.012474m|0.003945rad, update time=0.026554s delay=0.143755s
[INFO] [1718656395.818926605] [icp_odometry]: Odom: ratio=0.583433, std dev=0.011014m|0.003483rad, update time=0.028543s delay=0.146705s
[INFO] [1718656395.918207067] [icp_odometry]: Odom: ratio=0.599750, std dev=0.011818m|0.003737rad, update time=0.029703s delay=0.145970s
[INFO] [1718656396.019501840] [icp_odometry]: Odom: ratio=0.603625, std dev=0.011385m|0.003600rad, update time=0.028511s delay=0.147220s
[INFO] [1718656396.118310189] [icp_odometry]: Odom: ratio=0.608803, std dev=0.011596m|0.003667rad, update time=0.026668s delay=0.145894s
[INFO] [1718656396.215763257] [icp_odometry]: Odom: ratio=0.604819, std dev=0.011066m|0.003499rad, update time=0.026141s delay=0.143466s
[INFO] [1718656396.319265694] [icp_odometry]: Odom: ratio=0.617413, std dev=0.011231m|0.003552rad, update time=0.028321s delay=0.146979s
[INFO] [1718656396.411061022] [icp_odometry]: Odom: ratio=0.594891, std dev=0.011490m|0.003634rad, update time=0.022716s delay=0.138716s
[INFO] [1718656396.508217632] [icp_odometry]: Odom: ratio=0.589870, std dev=0.011122m|0.003517rad, update time=0.022519s delay=0.135940s
[INFO] [1718656396.614038040] [icp_odometry]: Odom: ratio=0.607916, std dev=0.011566m|0.003658rad, update time=0.023238s delay=0.141744s
[INFO] [1718656396.715325677] [icp_odometry]: Odom: ratio=0.572910, std dev=0.010407m|0.003291rad, update time=0.026147s delay=0.142975s
[INFO] [1718656396.815056043] [icp_odometry]: Odom: ratio=0.684531, std dev=0.007816m|0.002472rad, update time=0.024667s delay=0.142703s
[INFO] [1718656396.917995356] [icp_odometry]: Odom: ratio=0.576571, std dev=0.012138m|0.003838rad, update time=0.028033s delay=0.145582s
[INFO] [1718656397.014484773] [icp_odometry]: Odom: ratio=0.639194, std dev=0.008913m|0.002819rad, update time=0.025295s delay=0.142132s
[INFO] [1718656397.118076525] [icp_odometry]: Odom: ratio=0.577697, std dev=0.012418m|0.003927rad, update time=0.028540s delay=0.145692s
[INFO] [1718656397.214471219] [icp_odometry]: Odom: ratio=0.611318, std dev=0.010428m|0.003298rad, update time=0.023995s delay=0.142262s
[INFO] [1718656397.315332217] [icp_odometry]: Odom: ratio=0.595865, std dev=0.012011m|0.003798rad, update time=0.025734s delay=0.143067s
[INFO] [1718656397.421043374] [icp_odometry]: Odom: ratio=0.607867, std dev=0.011322m|0.003580rad, update time=0.027717s delay=0.148703s
[INFO] [1718656397.517534167] [icp_odometry]: Odom: ratio=0.624685, std dev=0.010248m|0.003241rad, update time=0.029050s delay=0.145130s
[INFO] [1718656397.608192815] [icp_odometry]: Odom: ratio=0.563738, std dev=0.012312m|0.003894rad, update time=0.022339s delay=0.135881s
[INFO] [1718656397.716581603] [icp_odometry]: Odom: ratio=0.612985, std dev=0.009808m|0.003102rad, update time=0.027549s delay=0.144330s
[INFO] [1718656397.820199565] [icp_odometry]: Odom: ratio=0.558514, std dev=0.013779m|0.004357rad, update time=0.029934s delay=0.147899s
[INFO] [1718656397.917500627] [icp_odometry]: Odom: ratio=0.652717, std dev=0.009559m|0.003023rad, update time=0.027801s delay=0.145283s
[INFO] [1718656398.016963111] [icp_odometry]: Odom: ratio=0.592337, std dev=0.012726m|0.004024rad, update time=0.027893s delay=0.144517s
[INFO] [1718656398.113149573] [icp_odometry]: Odom: ratio=0.654444, std dev=0.009121m|0.002884rad, update time=0.025274s delay=0.140785s
[INFO] [1718656398.215511873] [icp_odometry]: Odom: ratio=0.595941, std dev=0.010736m|0.003395rad, update time=0.024239s delay=0.143160s
[INFO] [1718656398.317907519] [icp_odometry]: Odom: ratio=0.610190, std dev=0.010756m|0.003401rad, update time=0.028664s delay=0.145635s
[INFO] [1718656398.414935899] [icp_odometry]: Odom: ratio=0.615433, std dev=0.011234m|0.003553rad, update time=0.026695s delay=0.142627s
[INFO] [1718656398.520772852] [icp_odometry]: Odom: ratio=0.595328, std dev=0.011446m|0.003620rad, update time=0.031147s delay=0.148497s
[INFO] [1718656398.620109284] [icp_odometry]: Odom: ratio=0.597153, std dev=0.010967m|0.003468rad, update time=0.029333s delay=0.147861s
[INFO] [1718656398.702791869] [icp_odometry]: Odom: ratio=0.585427, std dev=0.011186m|0.003537rad, update time=0.015300s delay=0.130493s
[INFO] [1718656398.815290277] [icp_odometry]: Odom: ratio=0.618069, std dev=0.010709m|0.003387rad, update time=0.024755s delay=0.143025s
[INFO] [1718656398.921281700] [icp_odometry]: Odom: ratio=0.598009, std dev=0.012378m|0.003914rad, update time=0.031102s delay=0.148966s
[INFO] [1718656399.013433713] [icp_odometry]: Odom: ratio=0.626429, std dev=0.010850m|0.003431rad, update time=0.024967s delay=0.140970s
[INFO] [1718656399.120026373] [icp_odometry]: Odom: ratio=0.576687, std dev=0.011968m|0.003785rad, update time=0.027888s delay=0.147698s
[INFO] [1718656399.218104967] [icp_odometry]: Odom: ratio=0.620862, std dev=0.010779m|0.003409rad, update time=0.026793s delay=0.145799s
[INFO] [1718656399.319863502] [icp_odometry]: Odom: ratio=0.584146, std dev=0.012888m|0.004075rad, update time=0.030063s delay=0.147565s
[INFO] [1718656399.420626705] [icp_odometry]: Odom: ratio=0.623197, std dev=0.010388m|0.003285rad, update time=0.031742s delay=0.148256s
[INFO] [1718656399.518770261] [icp_odometry]: Odom: ratio=0.605711, std dev=0.012598m|0.003984rad, update time=0.028796s delay=0.146464s
[INFO] [1718656399.616211393] [icp_odometry]: Odom: ratio=0.611520, std dev=0.010709m|0.003386rad, update time=0.026872s delay=0.143883s
[INFO] [1718656399.705630700] [icp_odometry]: Odom: ratio=0.661604, std dev=0.009825m|0.003107rad, update time=0.020095s delay=0.133224s
[INFO] [1718656399.815336560] [icp_odometry]: Odom: ratio=0.606324, std dev=0.011164m|0.003530rad, update time=0.024974s delay=0.143006s
[INFO] [1718656399.916402525] [icp_odometry]: Odom: ratio=0.629994, std dev=0.011155m|0.003527rad, update time=0.026760s delay=0.144069s
[INFO] [1718656400.016183901] [icp_odometry]: Odom: ratio=0.594328, std dev=0.011715m|0.003705rad, update time=0.025935s delay=0.143829s
[INFO] [1718656400.117473714] [icp_odometry]: Odom: ratio=0.598275, std dev=0.010866m|0.003436rad, update time=0.025897s delay=0.145211s
[INFO] [1718656400.219833198] [icp_odometry]: Odom: ratio=0.603427, std dev=0.011576m|0.003661rad, update time=0.028723s delay=0.147446s
[INFO] [1718656400.315268082] [icp_odometry]: Odom: ratio=0.617315, std dev=0.011326m|0.003581rad, update time=0.024276s delay=0.142851s
[INFO] [1718656400.421205262] [icp_odometry]: Odom: ratio=0.608349, std dev=0.010908m|0.003449rad, update time=0.029168s delay=0.148785s
[INFO] [1718656400.517351403] [icp_odometry]: Odom: ratio=0.601972, std dev=0.010850m|0.003431rad, update time=0.026812s delay=0.144990s
[INFO] [1718656400.614115582] [icp_odometry]: Odom: ratio=0.597957, std dev=0.011783m|0.003726rad, update time=0.024521s delay=0.141790s
[INFO] [1718656400.718170999] [icp_odometry]: Odom: ratio=0.610294, std dev=0.011294m|0.003571rad, update time=0.028069s delay=0.145743s
[INFO] [1718656400.807113841] [icp_odometry]: Odom: ratio=0.613365, std dev=0.011236m|0.003553rad, update time=0.018036s delay=0.134702s
[INFO] [1718656400.916349604] [icp_odometry]: Odom: ratio=0.592345, std dev=0.010971m|0.003469rad, update time=0.024952s delay=0.143996s
[INFO] [1718656401.020868046] [icp_odometry]: Odom: ratio=0.613776, std dev=0.011309m|0.003576rad, update time=0.028031s delay=0.148365s
[INFO] [1718656401.119120855] [icp_odometry]: Odom: ratio=0.594363, std dev=0.011466m|0.003626rad, update time=0.027689s delay=0.146725s
[INFO] [1718656401.219371591] [icp_odometry]: Odom: ratio=0.633939, std dev=0.011504m|0.003638rad, update time=0.027696s delay=0.147076s
[INFO] [1718656401.318580562] [icp_odometry]: Odom: ratio=0.599146, std dev=0.011260m|0.003561rad, update time=0.029453s delay=0.146184s
[INFO] [1718656401.421284570] [icp_odometry]: Odom: ratio=0.658552, std dev=0.010799m|0.003415rad, update time=0.030870s delay=0.148930s
[INFO] [1718656401.516686268] [icp_odometry]: Odom: ratio=0.597315, std dev=0.011434m|0.003616rad, update time=0.027967s delay=0.144241s
[INFO] [1718656401.619226751] [icp_odometry]: Odom: ratio=0.600874, std dev=0.011471m|0.003628rad, update time=0.028613s delay=0.146789s
[INFO] [1718656401.715033167] [icp_odometry]: Odom: ratio=0.581841, std dev=0.012520m|0.003959rad, update time=0.027249s delay=0.142495s
[INFO] [1718656401.810239147] [icp_odometry]: Odom: ratio=0.598639, std dev=0.011381m|0.003599rad, update time=0.023148s delay=0.137978s
[INFO] [1718656401.918289427] [icp_odometry]: Odom: ratio=0.607208, std dev=0.012210m|0.003861rad, update time=0.027111s delay=0.145951s
[INFO] [1718656402.015187019] [icp_odometry]: Odom: ratio=0.611669, std dev=0.009960m|0.003150rad, update time=0.025056s delay=0.142751s
[INFO] [1718656402.119111103] [icp_odometry]: Odom: ratio=0.591523, std dev=0.011063m|0.003498rad, update time=0.027943s delay=0.146658s
[INFO] [1718656402.216273920] [icp_odometry]: Odom: ratio=0.597751, std dev=0.012131m|0.003836rad, update time=0.025686s delay=0.143945s
[INFO] [1718656402.314682831] [icp_odometry]: Odom: ratio=0.620087, std dev=0.010994m|0.003476rad, update time=0.024196s delay=0.142210s
[INFO] [1718656402.419627207] [icp_odometry]: Odom: ratio=0.607547, std dev=0.012493m|0.003951rad, update time=0.030759s delay=0.147175s
[INFO] [1718656402.520924573] [icp_odometry]: Odom: ratio=0.616635, std dev=0.009986m|0.003158rad, update time=0.031138s delay=0.148614s
[INFO] [1718656402.610648276] [icp_odometry]: Odom: ratio=0.572976, std dev=0.014555m|0.004603rad, update time=0.020835s delay=0.138143s
[INFO] [1718656402.714597225] [icp_odometry]: Odom: ratio=0.650417, std dev=0.009360m|0.002960rad, update time=0.025477s delay=0.142132s
[INFO] [1718656402.818537149] [icp_odometry]: Odom: ratio=0.540984, std dev=0.013133m|0.004153rad, update time=0.027883s delay=0.146204s
[INFO] [1718656402.905229991] [icp_odometry]: Odom: ratio=0.695084, std dev=0.007891m|0.002495rad, update time=0.018974s delay=0.132808s
[INFO] [1718656403.010999997] [icp_odometry]: Odom: ratio=0.601508, std dev=0.012642m|0.003998rad, update time=0.025196s delay=0.138694s
[INFO] [1718656403.118142437] [icp_odometry]: Odom: ratio=0.652934, std dev=0.009834m|0.003110rad, update time=0.027498s delay=0.145747s
[INFO] [1718656403.215911900] [icp_odometry]: Odom: ratio=0.616953, std dev=0.011636m|0.003680rad, update time=0.026221s delay=0.143540s
[INFO] [1718656403.314672311] [icp_odometry]: Odom: ratio=0.603715, std dev=0.011520m|0.003643rad, update time=0.026110s delay=0.142349s
[INFO] [1718656403.417921331] [icp_odometry]: Odom: ratio=0.619674, std dev=0.011065m|0.003499rad, update time=0.027895s delay=0.145505s
[INFO] [1718656403.519124166] [icp_odometry]: Odom: ratio=0.606098, std dev=0.012313m|0.003894rad, update time=0.028180s delay=0.146734s
[INFO] [1718656403.620100432] [icp_odometry]: Odom: ratio=0.610797, std dev=0.010582m|0.003346rad, update time=0.028628s delay=0.147716s
[INFO] [1718656403.713809525] [icp_odometry]: Odom: ratio=0.605079, std dev=0.012336m|0.003901rad, update time=0.022728s delay=0.141407s
[INFO] [1718656403.816839753] [icp_odometry]: Odom: ratio=0.623824, std dev=0.010041m|0.003175rad, update time=0.026420s delay=0.144391s
[INFO] [1718656403.912427858] [icp_odometry]: Odom: ratio=0.569175, std dev=0.012783m|0.004042rad, update time=0.024084s delay=0.140083s
[INFO] [1718656404.013008238] [icp_odometry]: Odom: ratio=0.621605, std dev=0.010649m|0.003368rad, update time=0.023577s delay=0.140662s
[INFO] [1718656404.120079124] [icp_odometry]: Odom: ratio=0.583804, std dev=0.013373m|0.004229rad, update time=0.028671s delay=0.147567s
[INFO] [1718656404.220921913] [icp_odometry]: Odom: ratio=0.626422, std dev=0.010095m|0.003192rad, update time=0.030301s delay=0.148549s
[INFO] [1718656404.313863971] [icp_odometry]: Odom: ratio=0.611314, std dev=0.012260m|0.003877rad, update time=0.023609s delay=0.141501s
[INFO] [1718656404.417014619] [icp_odometry]: Odom: ratio=0.601721, std dev=0.009862m|0.003119rad, update time=0.025342s delay=0.144663s
[INFO] [1718656404.518750529] [icp_odometry]: Odom: ratio=0.657283, std dev=0.009396m|0.002971rad, update time=0.028292s delay=0.146381s
[INFO] [1718656404.619812911] [icp_odometry]: Odom: ratio=0.590174, std dev=0.011496m|0.003635rad, update time=0.028600s delay=0.147440s
[INFO] [1718656404.715133966] [icp_odometry]: Odom: ratio=0.612469, std dev=0.011069m|0.003500rad, update time=0.025310s delay=0.142600s
[INFO] [1718656404.817105884] [icp_odometry]: Odom: ratio=0.597772, std dev=0.011708m|0.003702rad, update time=0.027408s delay=0.144589s
[INFO] [1718656404.906150714] [icp_odometry]: Odom: ratio=0.585608, std dev=0.011122m|0.003517rad, update time=0.019070s delay=0.133685s
[INFO] [1718656405.019484928] [icp_odometry]: Odom: ratio=0.596059, std dev=0.011471m|0.003628rad, update time=0.027162s delay=0.147002s
[INFO] [1718656405.118719628] [icp_odometry]: Odom: ratio=0.591950, std dev=0.011121m|0.003517rad, update time=0.027178s delay=0.146308s
[INFO] [1718656405.214449178] [icp_odometry]: Odom: ratio=0.587629, std dev=0.011231m|0.003552rad, update time=0.024474s delay=0.141962s
[INFO] [1718656405.317553200] [icp_odometry]: Odom: ratio=0.603681, std dev=0.011460m|0.003624rad, update time=0.024947s delay=0.145136s
[INFO] [1718656405.418280722] [icp_odometry]: Odom: ratio=0.605950, std dev=0.011384m|0.003600rad, update time=0.028616s delay=0.145839s
[INFO] [1718656405.521501069] [icp_odometry]: Odom: ratio=0.597332, std dev=0.011328m|0.003582rad, update time=0.030312s delay=0.149013s
[INFO] [1718656405.621099046] [icp_odometry]: Odom: ratio=0.622386, std dev=0.010929m|0.003456rad, update time=0.026696s delay=0.148672s
[INFO] [1718656405.714835980] [icp_odometry]: Odom: ratio=0.601100, std dev=0.010198m|0.003225rad, update time=0.024066s delay=0.142280s
[INFO] [1718656405.817459442] [icp_odometry]: Odom: ratio=0.609337, std dev=0.011001m|0.003479rad, update time=0.026709s delay=0.145044s
[INFO] [1718656405.914603346] [icp_odometry]: Odom: ratio=0.597307, std dev=0.011975m|0.003787rad, update time=0.025777s delay=0.142216s
[INFO] [1718656406.000268215] [icp_odometry]: Odom: ratio=0.579926, std dev=0.011377m|0.003598rad, update time=0.016188s delay=0.127933s
[INFO] [1718656406.117446919] [icp_odometry]: Odom: ratio=0.582976, std dev=0.011694m|0.003698rad, update time=0.025998s delay=0.144890s
[INFO] [1718656406.215802803] [icp_odometry]: Odom: ratio=0.594022, std dev=0.011283m|0.003568rad, update time=0.024141s delay=0.143401s
[INFO] [1718656406.316047203] [icp_odometry]: Odom: ratio=0.588378, std dev=0.011266m|0.003563rad, update time=0.025727s delay=0.143565s
[INFO] [1718656406.419317632] [icp_odometry]: Odom: ratio=0.608749, std dev=0.011565m|0.003657rad, update time=0.030377s delay=0.146800s
[INFO] [1718656406.517066198] [icp_odometry]: Odom: ratio=0.591157, std dev=0.011181m|0.003536rad, update time=0.027058s delay=0.144609s
[INFO] [1718656406.616504906] [icp_odometry]: Odom: ratio=0.601347, std dev=0.012110m|0.003830rad, update time=0.027145s delay=0.144057s
[INFO] [1718656406.719571903] [icp_odometry]: Odom: ratio=0.603271, std dev=0.011134m|0.003521rad, update time=0.026794s delay=0.147207s
[INFO] [1718656406.814989122] [icp_odometry]: Odom: ratio=0.598045, std dev=0.011400m|0.003605rad, update time=0.027668s delay=0.142502s
[INFO] [1718656406.918783217] [icp_odometry]: Odom: ratio=0.596273, std dev=0.011304m|0.003575rad, update time=0.028011s delay=0.146340s
[INFO] [1718656407.007243226] [icp_odometry]: Odom: ratio=0.583283, std dev=0.012064m|0.003815rad, update time=0.017941s delay=0.134835s
[INFO] [1718656407.108859963] [icp_odometry]: Odom: ratio=0.653416, std dev=0.010605m|0.003354rad, update time=0.022527s delay=0.136464s
[INFO] [1718656407.218396537] [icp_odometry]: Odom: ratio=0.576251, std dev=0.012650m|0.004000rad, update time=0.027512s delay=0.145947s
[INFO] [1718656407.315998602] [icp_odometry]: Odom: ratio=0.674023, std dev=0.008813m|0.002787rad, update time=0.026251s delay=0.143639s
[INFO] [1718656407.416284732] [icp_odometry]: Odom: ratio=0.588384, std dev=0.012767m|0.004037rad, update time=0.027563s delay=0.143926s
[INFO] [1718656407.519891301] [icp_odometry]: Odom: ratio=0.646067, std dev=0.010164m|0.003214rad, update time=0.027988s delay=0.147468s
[INFO] [1718656407.617963495] [icp_odometry]: Odom: ratio=0.598508, std dev=0.012297m|0.003889rad, update time=0.027261s delay=0.145575s
[INFO] [1718656407.721057501] [icp_odometry]: Odom: ratio=0.579404, std dev=0.013152m|0.004159rad, update time=0.029951s delay=0.148593s
[INFO] [1718656407.819156000] [icp_odometry]: Odom: ratio=0.576947, std dev=0.014053m|0.004444rad, update time=0.028402s delay=0.146584s
[INFO] [1718656407.917376968] [icp_odometry]: Odom: ratio=0.532953, std dev=0.014799m|0.004680rad, update time=0.027043s delay=0.144843s
[INFO] [1718656408.009947012] [icp_odometry]: Odom: ratio=0.548611, std dev=0.015271m|0.004829rad, update time=0.022473s delay=0.137540s
[INFO] [1718656408.122944734] [icp_odometry]: Odom: ratio=0.504854, std dev=0.015883m|0.005023rad, update time=0.029348s delay=0.150563s
[INFO] [1718656408.218942358] [icp_odometry]: Odom: ratio=0.544607, std dev=0.015091m|0.004772rad, update time=0.029772s delay=0.146378s
[INFO] [1718656408.315442687] [icp_odometry]: Odom: ratio=0.529221, std dev=0.016179m|0.005116rad, update time=0.025594s delay=0.143022s
[INFO] [1718656408.415881462] [icp_odometry]: Odom: ratio=0.554588, std dev=0.013882m|0.004390rad, update time=0.025973s delay=0.143356s
[INFO] [1718656408.517086505] [icp_odometry]: Odom: ratio=0.562083, std dev=0.013073m|0.004134rad, update time=0.028418s delay=0.144693s
[INFO] [1718656408.612112606] [icp_odometry]: Odom: ratio=0.557576, std dev=0.012224m|0.003865rad, update time=0.024247s delay=0.139576s
[INFO] [1718656408.714221745] [icp_odometry]: Odom: ratio=0.545701, std dev=0.013673m|0.004324rad, update time=0.023516s delay=0.141754s
[INFO] [1718656408.819323535] [icp_odometry]: Odom: ratio=0.548493, std dev=0.012515m|0.003958rad, update time=0.029285s delay=0.146945s
[INFO] [1718656408.917834657] [icp_odometry]: Odom: ratio=0.548867, std dev=0.013232m|0.004184rad, update time=0.027555s delay=0.145306s
[INFO] [1718656409.020752561] [icp_odometry]: Odom: ratio=0.555336, std dev=0.013682m|0.004327rad, update time=0.028547s delay=0.148316s
[INFO] [1718656409.110799763] [icp_odometry]: Odom: ratio=0.552995, std dev=0.014019m|0.004433rad, update time=0.024185s delay=0.138303s
[INFO] [1718656409.214406876] [icp_odometry]: Odom: ratio=0.518205, std dev=0.013434m|0.004248rad, update time=0.025154s delay=0.141963s
[INFO] [1718656409.314460133] [icp_odometry]: Odom: ratio=0.533246, std dev=0.012523m|0.003960rad, update time=0.025288s delay=0.141880s
[INFO] [1718656409.416041349] [icp_odometry]: Odom: ratio=0.525346, std dev=0.013759m|0.004351rad, update time=0.024671s delay=0.143556s
[INFO] [1718656409.516965454] [icp_odometry]: Odom: ratio=0.518880, std dev=0.012748m|0.004031rad, update time=0.027013s delay=0.144587s
[INFO] [1718656409.617443814] [icp_odometry]: Odom: ratio=0.540417, std dev=0.013297m|0.004205rad, update time=0.028242s delay=0.144937s
[INFO] [1718656409.718947523] [icp_odometry]: Odom: ratio=0.543394, std dev=0.011774m|0.003723rad, update time=0.029103s delay=0.146441s
[INFO] [1718656409.815471406] [icp_odometry]: Odom: ratio=0.528765, std dev=0.013091m|0.004140rad, update time=0.026760s delay=0.142935s
[INFO] [1718656409.921442379] [icp_odometry]: Odom: ratio=0.553719, std dev=0.012930m|0.004089rad, update time=0.029863s delay=0.149118s
[INFO] [1718656410.017012468] [icp_odometry]: Odom: ratio=0.531210, std dev=0.013342m|0.004219rad, update time=0.028603s delay=0.144597s
[INFO] [1718656410.117188897] [icp_odometry]: Odom: ratio=0.547604, std dev=0.012673m|0.004008rad, update time=0.026505s delay=0.144676s
[INFO] [1718656410.212490080] [icp_odometry]: Odom: ratio=0.545395, std dev=0.012465m|0.003942rad, update time=0.023502s delay=0.140093s
[INFO] [1718656410.315714075] [icp_odometry]: Odom: ratio=0.531330, std dev=0.012176m|0.003850rad, update time=0.027212s delay=0.143242s
[INFO] [1718656410.417473313] [icp_odometry]: Odom: ratio=0.547855, std dev=0.012568m|0.003974rad, update time=0.025567s delay=0.145061s
[INFO] [1718656410.519631734] [icp_odometry]: Odom: ratio=0.517442, std dev=0.013352m|0.004222rad, update time=0.029170s delay=0.147238s
[INFO] [1718656410.620146864] [icp_odometry]: Odom: ratio=0.556139, std dev=0.012164m|0.003847rad, update time=0.028319s delay=0.147674s
[INFO] [1718656410.712483364] [icp_odometry]: Odom: ratio=0.537109, std dev=0.014358m|0.004540rad, update time=0.023943s delay=0.140085s
[INFO] [1718656410.815400820] [icp_odometry]: Odom: ratio=0.546772, std dev=0.012363m|0.003909rad, update time=0.024781s delay=0.142989s
[INFO] [1718656410.919506575] [icp_odometry]: Odom: ratio=0.548828, std dev=0.013601m|0.004301rad, update time=0.028205s delay=0.146975s
[INFO] [1718656411.017040446] [icp_odometry]: Odom: ratio=0.543646, std dev=0.012063m|0.003815rad, update time=0.028636s delay=0.144530s
[INFO] [1718656411.119862218] [icp_odometry]: Odom: ratio=0.532686, std dev=0.013453m|0.004254rad, update time=0.029964s delay=0.147408s
[INFO] [1718656411.221388712] [icp_odometry]: Odom: ratio=0.549613, std dev=0.012615m|0.003989rad, update time=0.028920s delay=0.148898s
[INFO] [1718656411.304774619] [icp_odometry]: Odom: ratio=0.533719, std dev=0.012894m|0.004078rad, update time=0.017111s delay=0.132391s
[INFO] [1718656411.417697778] [icp_odometry]: Odom: ratio=0.552151, std dev=0.012934m|0.004090rad, update time=0.025002s delay=0.145246s
[INFO] [1718656411.513635976] [icp_odometry]: Odom: ratio=0.535645, std dev=0.013160m|0.004162rad, update time=0.024429s delay=0.141110s
[INFO] [1718656411.618724518] [icp_odometry]: Odom: ratio=0.522222, std dev=0.012303m|0.003891rad, update time=0.029158s delay=0.146284s
[INFO] [1718656411.717706409] [icp_odometry]: Odom: ratio=0.540360, std dev=0.013170m|0.004165rad, update time=0.029356s delay=0.145301s
[INFO] [1718656411.816953429] [icp_odometry]: Odom: ratio=0.509804, std dev=0.013678m|0.004325rad, update time=0.027201s delay=0.144400s
[INFO] [1718656411.913854829] [icp_odometry]: Odom: ratio=0.544079, std dev=0.012856m|0.004065rad, update time=0.024355s delay=0.141321s
[INFO] [1718656412.019369050] [icp_odometry]: Odom: ratio=0.522272, std dev=0.013239m|0.004187rad, update time=0.028781s delay=0.146825s
[INFO] [1718656412.117672997] [icp_odometry]: Odom: ratio=0.543406, std dev=0.012079m|0.003820rad, update time=0.027930s delay=0.145105s
[INFO] [1718656412.215758919] [icp_odometry]: Odom: ratio=0.528068, std dev=0.013754m|0.004350rad, update time=0.025487s delay=0.143162s
[INFO] [1718656412.315916884] [icp_odometry]: Odom: ratio=0.529909, std dev=0.013531m|0.004279rad, update time=0.026869s delay=0.143306s
[INFO] [1718656412.414620973] [icp_odometry]: Odom: ratio=0.516588, std dev=0.013786m|0.004360rad, update time=0.025598s delay=0.142186s
[INFO] [1718656412.513810583] [icp_odometry]: Odom: ratio=0.547981, std dev=0.012629m|0.003994rad, update time=0.023677s delay=0.141261s
[INFO] [1718656412.611069052] [icp_odometry]: Odom: ratio=0.544721, std dev=0.012497m|0.003952rad, update time=0.021271s delay=0.138498s
[INFO] [1718656412.716892052] [icp_odometry]: Odom: ratio=0.501637, std dev=0.013535m|0.004280rad, update time=0.026912s delay=0.144488s
[INFO] [1718656412.815460904] [icp_odometry]: Odom: ratio=0.548084, std dev=0.012734m|0.004027rad, update time=0.026613s delay=0.142889s
[INFO] [1718656412.916008419] [icp_odometry]: Odom: ratio=0.503843, std dev=0.012491m|0.003950rad, update time=0.025318s delay=0.143389s
[INFO] [1718656413.019792722] [icp_odometry]: Odom: ratio=0.519152, std dev=0.012358m|0.003908rad, update time=0.030597s delay=0.147214s
[INFO] [1718656413.115219477] [icp_odometry]: Odom: ratio=0.536011, std dev=0.013220m|0.004180rad, update time=0.025221s delay=0.142773s
[INFO] [1718656413.212488763] [icp_odometry]: Odom: ratio=0.529372, std dev=0.012215m|0.003863rad, update time=0.023937s delay=0.140000s
[INFO] [1718656413.317037381] [icp_odometry]: Odom: ratio=0.510049, std dev=0.012903m|0.004080rad, update time=0.027074s delay=0.144474s
[INFO] [1718656413.409828842] [icp_odometry]: Odom: ratio=0.526497, std dev=0.012264m|0.003878rad, update time=0.023636s delay=0.137387s
[INFO] [1718656413.514153932] [icp_odometry]: Odom: ratio=0.532020, std dev=0.012540m|0.003966rad, update time=0.024633s delay=0.141544s
[INFO] [1718656413.616590955] [icp_odometry]: Odom: ratio=0.533657, std dev=0.013457m|0.004256rad, update time=0.027306s delay=0.144122s
[INFO] [1718656413.715940955] [icp_odometry]: Odom: ratio=0.542700, std dev=0.012069m|0.003817rad, update time=0.024256s delay=0.143300s
[INFO] [1718656413.817393782] [icp_odometry]: Odom: ratio=0.524113, std dev=0.012560m|0.003972rad, update time=0.026987s delay=0.144939s
[INFO] [1718656413.916595777] [icp_odometry]: Odom: ratio=0.535117, std dev=0.012439m|0.003934rad, update time=0.026644s delay=0.144163s
[INFO] [1718656414.019333515] [icp_odometry]: Odom: ratio=0.530161, std dev=0.012563m|0.003973rad, update time=0.029479s delay=0.146792s
[INFO] [1718656414.114363487] [icp_odometry]: Odom: ratio=0.531662, std dev=0.012993m|0.004109rad, update time=0.023158s delay=0.141783s
[INFO] [1718656414.215946560] [icp_odometry]: Odom: ratio=0.542362, std dev=0.013283m|0.004200rad, update time=0.025961s delay=0.143430s
[INFO] [1718656414.315015141] [icp_odometry]: Odom: ratio=0.524568, std dev=0.013156m|0.004160rad, update time=0.024472s delay=0.142470s
[INFO] [1718656414.416772140] [icp_odometry]: Odom: ratio=0.531929, std dev=0.012566m|0.003974rad, update time=0.026182s delay=0.144319s
[INFO] [1718656414.512380789] [icp_odometry]: Odom: ratio=0.535882, std dev=0.014257m|0.004508rad, update time=0.025650s delay=0.139775s
[INFO] [1718656414.618136971] [icp_odometry]: Odom: ratio=0.550000, std dev=0.012834m|0.004058rad, update time=0.028023s delay=0.145538s
[INFO] [1718656414.714170756] [icp_odometry]: Odom: ratio=0.526554, std dev=0.013876m|0.004388rad, update time=0.024418s delay=0.141550s
[INFO] [1718656414.817349598] [icp_odometry]: Odom: ratio=0.543081, std dev=0.012025m|0.003803rad, update time=0.024757s delay=0.144840s
[INFO] [1718656414.918931134] [icp_odometry]: Odom: ratio=0.539550, std dev=0.013544m|0.004283rad, update time=0.029954s delay=0.146405s
[INFO] [1718656415.018389458] [icp_odometry]: Odom: ratio=0.538015, std dev=0.013118m|0.004148rad, update time=0.029097s delay=0.145877s
[INFO] [1718656415.114850266] [icp_odometry]: Odom: ratio=0.540417, std dev=0.013331m|0.004216rad, update time=0.025632s delay=0.142252s
[INFO] [1718656415.213390573] [icp_odometry]: Odom: ratio=0.535156, std dev=0.012121m|0.003833rad, update time=0.024599s delay=0.140883s
[INFO] [1718656415.314315829] [icp_odometry]: Odom: ratio=0.517693, std dev=0.013580m|0.004294rad, update time=0.024434s delay=0.141715s
[INFO] [1718656415.414384223] [icp_odometry]: Odom: ratio=0.525132, std dev=0.012360m|0.003909rad, update time=0.024585s delay=0.141929s
[INFO] [1718656415.508218313] [icp_odometry]: Odom: ratio=0.528314, std dev=0.012870m|0.004070rad, update time=0.019902s delay=0.135677s
[INFO] [1718656415.620795092] [icp_odometry]: Odom: ratio=0.511039, std dev=0.013291m|0.004203rad, update time=0.028999s delay=0.148253s
[INFO] [1718656415.712659927] [icp_odometry]: Odom: ratio=0.526839, std dev=0.012874m|0.004071rad, update time=0.023094s delay=0.140075s
[INFO] [1718656415.816846709] [icp_odometry]: Odom: ratio=0.512195, std dev=0.013270m|0.004196rad, update time=0.026147s delay=0.144303s
[INFO] [1718656415.916400716] [icp_odometry]: Odom: ratio=0.532398, std dev=0.011912m|0.003767rad, update time=0.024947s delay=0.143887s
[INFO] [1718656416.017538524] [icp_odometry]: Odom: ratio=0.514852, std dev=0.013887m|0.004391rad, update time=0.026939s delay=0.144949s
[INFO] [1718656416.116335000] [icp_odometry]: Odom: ratio=0.541328, std dev=0.012052m|0.003811rad, update time=0.026878s delay=0.143742s
[INFO] [1718656416.217115355] [icp_odometry]: Odom: ratio=0.540136, std dev=0.013680m|0.004326rad, update time=0.024094s delay=0.144599s
[INFO] [1718656416.315191102] [icp_odometry]: Odom: ratio=0.529373, std dev=0.012435m|0.003932rad, update time=0.026783s delay=0.142659s
[INFO] [1718656416.417994090] [icp_odometry]: Odom: ratio=0.527632, std dev=0.013549m|0.004285rad, update time=0.027054s delay=0.145482s
[INFO] [1718656416.503826164] [icp_odometry]: Odom: ratio=0.539078, std dev=0.011713m|0.003704rad, update time=0.020525s delay=0.131271s
[INFO] [1718656416.614181711] [icp_odometry]: Odom: ratio=0.532383, std dev=0.013249m|0.004190rad, update time=0.025625s delay=0.141721s
[INFO] [1718656416.718046529] [icp_odometry]: Odom: ratio=0.542020, std dev=0.012767m|0.004037rad, update time=0.029016s delay=0.145481s
[INFO] [1718656416.819343319] [icp_odometry]: Odom: ratio=0.535032, std dev=0.013267m|0.004195rad, update time=0.026651s delay=0.146864s
[INFO] [1718656416.916316498] [icp_odometry]: Odom: ratio=0.538061, std dev=0.012393m|0.003919rad, update time=0.026879s delay=0.143811s
[INFO] [1718656417.011346823] [icp_odometry]: Odom: ratio=0.550068, std dev=0.013199m|0.004174rad, update time=0.022490s delay=0.138735s
[INFO] [1718656417.117501483] [icp_odometry]: Odom: ratio=0.543218, std dev=0.012833m|0.004058rad, update time=0.027736s delay=0.144997s
[INFO] [1718656417.214568009] [icp_odometry]: Odom: ratio=0.538361, std dev=0.012672m|0.004007rad, update time=0.023252s delay=0.142070s
[INFO] [1718656417.320465220] [icp_odometry]: Odom: ratio=0.512837, std dev=0.014089m|0.004455rad, update time=0.029071s delay=0.147834s
[INFO] [1718656417.415374228] [icp_odometry]: Odom: ratio=0.549934, std dev=0.012770m|0.004038rad, update time=0.025691s delay=0.142776s
[INFO] [1718656417.509426150] [icp_odometry]: Odom: ratio=0.533592, std dev=0.013538m|0.004281rad, update time=0.021892s delay=0.136940s
[INFO] [1718656417.614777870] [icp_odometry]: Odom: ratio=0.553417, std dev=0.012963m|0.004099rad, update time=0.025888s delay=0.142149s
[INFO] [1718656417.720316988] [icp_odometry]: Odom: ratio=0.536021, std dev=0.013838m|0.004376rad, update time=0.029748s delay=0.147744s
[INFO] [1718656417.811459621] [icp_odometry]: Odom: ratio=0.558033, std dev=0.013395m|0.004236rad, update time=0.023922s delay=0.138916s
[INFO] [1718656417.915382969] [icp_odometry]: Odom: ratio=0.540417, std dev=0.012923m|0.004087rad, update time=0.023040s delay=0.142816s
[INFO] [1718656418.010799484] [icp_odometry]: Odom: ratio=0.531984, std dev=0.012926m|0.004087rad, update time=0.022483s delay=0.138292s
[INFO] [1718656418.117386544] [icp_odometry]: Odom: ratio=0.557344, std dev=0.012911m|0.004083rad, update time=0.027337s delay=0.144814s
[INFO] [1718656418.215103333] [icp_odometry]: Odom: ratio=0.549798, std dev=0.013595m|0.004299rad, update time=0.025594s delay=0.142634s
[INFO] [1718656418.315315796] [icp_odometry]: Odom: ratio=0.553191, std dev=0.013443m|0.004251rad, update time=0.026339s delay=0.142856s
[INFO] [1718656418.418234020] [icp_odometry]: Odom: ratio=0.537736, std dev=0.013542m|0.004282rad, update time=0.026159s delay=0.145683s
[INFO] [1718656418.515125084] [icp_odometry]: Odom: ratio=0.545213, std dev=0.012778m|0.004041rad, update time=0.025705s delay=0.142595s
[INFO] [1718656418.609603133] [icp_odometry]: Odom: ratio=0.532886, std dev=0.013314m|0.004210rad, update time=0.022823s delay=0.137034s
[INFO] [1718656418.715691999] [icp_odometry]: Odom: ratio=0.542989, std dev=0.013375m|0.004230rad, update time=0.026264s delay=0.143219s
[INFO] [1718656418.810674386] [icp_odometry]: Odom: ratio=0.542373, std dev=0.013047m|0.004126rad, update time=0.021447s delay=0.138132s
[INFO] [1718656418.915601034] [icp_odometry]: Odom: ratio=0.542986, std dev=0.013044m|0.004125rad, update time=0.026850s delay=0.143087s
[INFO] [1718656419.013775184] [icp_odometry]: Odom: ratio=0.548409, std dev=0.012269m|0.003880rad, update time=0.025132s delay=0.141283s
[INFO] [1718656419.116948809] [icp_odometry]: Odom: ratio=0.536271, std dev=0.013877m|0.004388rad, update time=0.029548s delay=0.144356s
[INFO] [1718656419.213571607] [icp_odometry]: Odom: ratio=0.528782, std dev=0.012973m|0.004103rad, update time=0.026100s delay=0.141053s
[INFO] [1718656419.317506924] [icp_odometry]: Odom: ratio=0.545033, std dev=0.013613m|0.004305rad, update time=0.028666s delay=0.144892s
[INFO] [1718656419.415527308] [icp_odometry]: Odom: ratio=0.524804, std dev=0.013120m|0.004149rad, update time=0.026015s delay=0.142997s
[INFO] [1718656419.517402774] [icp_odometry]: Odom: ratio=0.522786, std dev=0.014329m|0.004531rad, update time=0.027949s delay=0.144676s
[INFO] [1718656419.602616267] [icp_odometry]: Odom: ratio=0.558901, std dev=0.012415m|0.003926rad, update time=0.018760s delay=0.130067s
[INFO] [1718656419.712781535] [icp_odometry]: Odom: ratio=0.542014, std dev=0.014213m|0.004495rad, update time=0.024922s delay=0.140272s
[INFO] [1718656419.813809291] [icp_odometry]: Odom: ratio=0.552249, std dev=0.012999m|0.004111rad, update time=0.025336s delay=0.141198s
[INFO] [1718656419.918308756] [icp_odometry]: Odom: ratio=0.534426, std dev=0.013113m|0.004147rad, update time=0.027833s delay=0.145722s
[INFO] [1718656420.014719322] [icp_odometry]: Odom: ratio=0.538210, std dev=0.012649m|0.004000rad, update time=0.026205s delay=0.142128s
[INFO] [1718656420.117261565] [icp_odometry]: Odom: ratio=0.529644, std dev=0.011990m|0.003792rad, update time=0.029337s delay=0.144647s
[INFO] [1718656420.218288489] [icp_odometry]: Odom: ratio=0.533937, std dev=0.013805m|0.004365rad, update time=0.028188s delay=0.145655s
[INFO] [1718656420.316545714] [icp_odometry]: Odom: ratio=0.535413, std dev=0.012712m|0.004020rad, update time=0.028314s delay=0.144049s
[INFO] [1718656420.417897610] [icp_odometry]: Odom: ratio=0.516890, std dev=0.013548m|0.004284rad, update time=0.028528s delay=0.145331s
[INFO] [1718656420.513400016] [icp_odometry]: Odom: ratio=0.529993, std dev=0.012623m|0.003992rad, update time=0.024564s delay=0.140760s
[INFO] [1718656420.618147841] [icp_odometry]: Odom: ratio=0.532723, std dev=0.013503m|0.004270rad, update time=0.030214s delay=0.145543s
[INFO] [1718656420.708442540] [icp_odometry]: Odom: ratio=0.544801, std dev=0.011896m|0.003762rad, update time=0.022056s delay=0.135709s
[INFO] [1718656420.814990110] [icp_odometry]: Odom: ratio=0.545869, std dev=0.013789m|0.004360rad, update time=0.026025s delay=0.142248s
[INFO] [1718656420.913666742] [icp_odometry]: Odom: ratio=0.548575, std dev=0.012343m|0.003903rad, update time=0.024333s delay=0.141093s
[INFO] [1718656421.013728608] [icp_odometry]: Odom: ratio=0.535944, std dev=0.013365m|0.004227rad, update time=0.024953s delay=0.141198s
[INFO] [1718656421.115578537] [icp_odometry]: Odom: ratio=0.538660, std dev=0.012861m|0.004067rad, update time=0.025399s delay=0.142907s
[INFO] [1718656421.218343540] [icp_odometry]: Odom: ratio=0.536835, std dev=0.013659m|0.004319rad, update time=0.029315s delay=0.145696s
[INFO] [1718656421.315881987] [icp_odometry]: Odom: ratio=0.549107, std dev=0.012276m|0.003882rad, update time=0.026223s delay=0.143330s
[INFO] [1718656421.417639977] [icp_odometry]: Odom: ratio=0.528920, std dev=0.013319m|0.004212rad, update time=0.028180s delay=0.145098s
[INFO] [1718656421.517350278] [icp_odometry]: Odom: ratio=0.544473, std dev=0.012898m|0.004079rad, update time=0.028593s delay=0.144798s
[INFO] [1718656421.618350994] [icp_odometry]: Odom: ratio=0.538462, std dev=0.012632m|0.003995rad, update time=0.028818s delay=0.145773s
[INFO] [1718656421.717507515] [icp_odometry]: Odom: ratio=0.528351, std dev=0.012983m|0.004106rad, update time=0.028651s delay=0.144871s
[INFO] [1718656421.812210084] [icp_odometry]: Odom: ratio=0.524548, std dev=0.012576m|0.003977rad, update time=0.026759s delay=0.139573s
[INFO] [1718656421.916267773] [icp_odometry]: Odom: ratio=0.521063, std dev=0.013781m|0.004358rad, update time=0.027187s delay=0.143711s
[INFO] [1718656422.017130531] [icp_odometry]: Odom: ratio=0.548344, std dev=0.011910m|0.003766rad, update time=0.026797s delay=0.144484s
[INFO] [1718656422.115622516] [icp_odometry]: Odom: ratio=0.532899, std dev=0.014063m|0.004447rad, update time=0.027534s delay=0.143057s
[INFO] [1718656422.213926558] [icp_odometry]: Odom: ratio=0.539652, std dev=0.012377m|0.003914rad, update time=0.025218s delay=0.141299s
[INFO] [1718656422.311065407] [icp_odometry]: Odom: ratio=0.531148, std dev=0.013584m|0.004296rad, update time=0.022320s delay=0.138531s
[INFO] [1718656422.415616170] [icp_odometry]: Odom: ratio=0.535667, std dev=0.013519m|0.004275rad, update time=0.027904s delay=0.143087s
[INFO] [1718656422.517433266] [icp_odometry]: Odom: ratio=0.527796, std dev=0.014709m|0.004652rad, update time=0.026917s delay=0.144852s
[INFO] [1718656422.617960044] [icp_odometry]: Odom: ratio=0.552614, std dev=0.014163m|0.004479rad, update time=0.026347s delay=0.145424s
[INFO] [1718656422.716851916] [icp_odometry]: Odom: ratio=0.545394, std dev=0.012615m|0.003989rad, update time=0.027853s delay=0.144201s
[INFO] [1718656422.811008833] [icp_odometry]: Odom: ratio=0.533775, std dev=0.013812m|0.004368rad, update time=0.023571s delay=0.138310s
[INFO] [1718656422.917737850] [icp_odometry]: Odom: ratio=0.576627, std dev=0.012688m|0.004012rad, update time=0.027760s delay=0.144914s
[INFO] [1718656423.014380937] [icp_odometry]: Odom: ratio=0.536536, std dev=0.013568m|0.004290rad, update time=0.025219s delay=0.141763s
[INFO] [1718656423.115439926] [icp_odometry]: Odom: ratio=0.541582, std dev=0.013134m|0.004153rad, update time=0.024797s delay=0.142896s
[INFO] [1718656423.213586523] [icp_odometry]: Odom: ratio=0.519839, std dev=0.013128m|0.004151rad, update time=0.025295s delay=0.140870s
[INFO] [1718656423.314883633] [icp_odometry]: Odom: ratio=0.571429, std dev=0.013400m|0.004237rad, update time=0.025897s delay=0.142340s
[INFO] [1718656423.416799453] [icp_odometry]: Odom: ratio=0.537692, std dev=0.013301m|0.004206rad, update time=0.027714s delay=0.144271s
[INFO] [1718656423.516208015] [icp_odometry]: Odom: ratio=0.569201, std dev=0.012045m|0.003809rad, update time=0.028053s delay=0.143644s
[INFO] [1718656423.616621765] [icp_odometry]: Odom: ratio=0.553333, std dev=0.013144m|0.004157rad, update time=0.027534s delay=0.143993s
[INFO] [1718656423.717987550] [icp_odometry]: Odom: ratio=0.551207, std dev=0.012989m|0.004108rad, update time=0.029798s delay=0.145451s
[INFO] [1718656423.816973024] [icp_odometry]: Odom: ratio=0.543566, std dev=0.013258m|0.004193rad, update time=0.027978s delay=0.144313s
[INFO] [1718656423.909016938] [icp_odometry]: Odom: ratio=0.551837, std dev=0.013368m|0.004227rad, update time=0.021634s delay=0.136324s
[INFO] [1718656424.012055198] [icp_odometry]: Odom: ratio=0.549598, std dev=0.012912m|0.004083rad, update time=0.023909s delay=0.139465s
[INFO] [1718656424.113384117] [icp_odometry]: Odom: ratio=0.547826, std dev=0.013603m|0.004302rad, update time=0.023991s delay=0.140755s
[INFO] [1718656424.213141364] [icp_odometry]: Odom: ratio=0.555030, std dev=0.013325m|0.004214rad, update time=0.024399s delay=0.140570s
[INFO] [1718656424.318955596] [icp_odometry]: Odom: ratio=0.533910, std dev=0.014509m|0.004588rad, update time=0.028681s delay=0.146314s
[INFO] [1718656424.414643577] [icp_odometry]: Odom: ratio=0.546854, std dev=0.012719m|0.004022rad, update time=0.026658s delay=0.141992s
[INFO] [1718656424.515082416] [icp_odometry]: Odom: ratio=0.524173, std dev=0.013118m|0.004148rad, update time=0.027029s delay=0.142447s
[INFO] [1718656424.616117020] [icp_odometry]: Odom: ratio=0.533893, std dev=0.012718m|0.004022rad, update time=0.026598s delay=0.143358s
[INFO] [1718656424.718091850] [icp_odometry]: Odom: ratio=0.542744, std dev=0.013137m|0.004154rad, update time=0.027849s delay=0.145456s
[INFO] [1718656424.816435958] [icp_odometry]: Odom: ratio=0.527979, std dev=0.013340m|0.004218rad, update time=0.027144s delay=0.143716s
[INFO] [1718656424.912027647] [icp_odometry]: Odom: ratio=0.528877, std dev=0.013654m|0.004318rad, update time=0.025463s delay=0.139356s
[INFO] [1718656425.016339393] [icp_odometry]: Odom: ratio=0.520954, std dev=0.013832m|0.004374rad, update time=0.026604s delay=0.143658s
[INFO] [1718656425.116019773] [icp_odometry]: Odom: ratio=0.541910, std dev=0.012378m|0.003914rad, update time=0.027007s delay=0.143388s
[INFO] [1718656425.213915129] [icp_odometry]: Odom: ratio=0.526762, std dev=0.013389m|0.004234rad, update time=0.025856s delay=0.141304s
[INFO] [1718656425.316621057] [icp_odometry]: Odom: ratio=0.535714, std dev=0.012826m|0.004056rad, update time=0.027818s delay=0.143984s
[INFO] [1718656425.414787175] [icp_odometry]: Odom: ratio=0.527886, std dev=0.013469m|0.004259rad, update time=0.026127s delay=0.142128s
[INFO] [1718656425.514611368] [icp_odometry]: Odom: ratio=0.547059, std dev=0.012979m|0.004104rad, update time=0.025101s delay=0.141532s
[INFO] [1718656425.616335501] [icp_odometry]: Odom: ratio=0.540090, std dev=0.014051m|0.004443rad, update time=0.027117s delay=0.143646s
[INFO] [1718656425.718562020] [icp_odometry]: Odom: ratio=0.557962, std dev=0.012645m|0.003999rad, update time=0.029159s delay=0.145937s
[INFO] [1718656425.812291114] [icp_odometry]: Odom: ratio=0.542986, std dev=0.012961m|0.004099rad, update time=0.023498s delay=0.139737s
[INFO] [1718656425.915936020] [icp_odometry]: Odom: ratio=0.544933, std dev=0.012861m|0.004067rad, update time=0.026485s delay=0.143229s
[INFO] [1718656426.011311093] [icp_odometry]: Odom: ratio=0.541557, std dev=0.013487m|0.004265rad, update time=0.023254s delay=0.138666s
[INFO] [1718656426.069807274] [rclcpp]: signal_handler(signum=2)
