[INFO] [1772803950.881953275] [icp_odometry]: Odometry: frame_id               = leo04/base_footprint
[INFO] [1772803950.882428308] [icp_odometry]: Odometry: odom_frame_id          = odom
[INFO] [1772803950.882461621] [icp_odometry]: Odometry: publish_tf             = true
[INFO] [1772803950.882473590] [icp_odometry]: Odometry: wait_for_transform     = 0.200000
[INFO] [1772803950.882493207] [icp_odometry]: Odometry: log_to_rosout_level    = 4
[INFO] [1772803950.882564251] [icp_odometry]: Odometry: initial_pose           = xyz=0.000000,0.000000,0.000000 rpy=0.000000,-0.000000,0.000000
[INFO] [1772803950.882580732] [icp_odometry]: Odometry: ground_truth_frame_id  = 
[INFO] [1772803950.882666464] [icp_odometry]: Odometry: ground_truth_base_frame_id = leo04/base_footprint
[INFO] [1772803950.882679489] [icp_odometry]: Odometry: config_path            = 
[INFO] [1772803950.882688705] [icp_odometry]: Odometry: publish_null_when_lost = true
[INFO] [1772803950.882696898] [icp_odometry]: Odometry: publish_compressed_sensor_data = false
[INFO] [1772803950.882705474] [icp_odometry]: Odometry: guess_frame_id         = 
[INFO] [1772803950.882713827] [icp_odometry]: Odometry: guess_min_translation  = 0.000000
[INFO] [1772803950.882724163] [icp_odometry]: Odometry: guess_min_rotation     = 0.000000
[INFO] [1772803950.882732900] [icp_odometry]: Odometry: guess_min_time         = 0.000000
[INFO] [1772803950.882741540] [icp_odometry]: Odometry: expected_update_rate   = 15.000000 Hz
[INFO] [1772803950.882753349] [icp_odometry]: Odometry: max_update_rate        = 0.000000 Hz
[INFO] [1772803950.882762309] [icp_odometry]: Odometry: min_update_rate        = 0.000000 Hz
[INFO] [1772803950.882770918] [icp_odometry]: Odometry: wait_imu_to_init       = false
[INFO] [1772803950.882779206] [icp_odometry]: Odometry: always_check_imu_tf    = true
[INFO] [1772803950.882787719] [icp_odometry]: Odometry: sensor_data_compression_format = .jpg
[INFO] [1772803950.882796263] [icp_odometry]: Odometry: sensor_data_parallel_compression = true
[INFO] [1772803950.882817512] [icp_odometry]: Odometry: stereoParams_=0 visParams_=0 icpParams_=1
[INFO] [1772803950.884419004] [icp_odometry]: Setting odometry parameter "Icp/CorrespondenceRatio"="0.01"
[INFO] [1772803950.885273321] [icp_odometry]: Setting odometry parameter "Icp/Epsilon"="0.001"
[INFO] [1772803950.885535127] [icp_odometry]: Setting odometry parameter "Icp/Iterations"="10"
[INFO] [1772803950.885630780] [icp_odometry]: Setting odometry parameter "Icp/MaxCorrespondenceDistance"="1"
[INFO] [1772803950.885834343] [icp_odometry]: Setting odometry parameter "Icp/MaxTranslation"="2"
[INFO] [1772803950.885952653] [icp_odometry]: Setting odometry parameter "Icp/OutlierRatio"="0.7"
[INFO] [1772803950.889797655] [icp_odometry]: Setting odometry parameter "Icp/PointToPlaneK"="20"
[INFO] [1772803950.890691910] [icp_odometry]: Setting odometry parameter "Icp/PointToPlaneRadius"="0"
[INFO] [1772803950.890991510] [icp_odometry]: Setting odometry parameter "Icp/RangeMin"="0.3"
[INFO] [1772803950.891194273] [icp_odometry]: Setting odometry parameter "Icp/VoxelSize"="0.1"
[INFO] [1772803950.894690040] [icp_odometry]: Setting odometry parameter "Odom/ScanKeyFrameThr"="0.4"
[INFO] [1772803950.894986472] [icp_odometry]: Setting odometry parameter "OdomF2M/BundleAdjustment"="false"
[INFO] [1772803950.901934517] [icp_odometry]: Setting odometry parameter "OdomF2M/ScanMaxSize"="15000"
[INFO] [1772803950.902954091] [icp_odometry]: Setting odometry parameter "OdomF2M/ScanSubtractRadius"="0.1"
[WARN] [1772803950.938854250] [icp_odometry]: IcpOdometry: Transferring value 0.3 of "Icp/RangeMin" to ros parameter "scan_range_min" for convenience. "Icp/RangeMin" is set to 0.
[WARN] [1772803950.938972080] [icp_odometry]: IcpOdometry: Transferring value 0.1 of "Icp/VoxelSize" to ros parameter "scan_voxel_size" for convenience. "Icp/VoxelSize" is set to 0.
[WARN] [1772803950.938999314] [icp_odometry]: IcpOdometry: Transferring value 20 of "Icp/PointToPlaneK" to ros parameter "scan_normal_k" for convenience.
[INFO] [1772803950.962177493] [icp_odometry]: IcpOdometry: qos                    = 0
[INFO] [1772803950.962358014] [icp_odometry]: IcpOdometry: scan_cloud_max_points  = -1
[INFO] [1772803950.962382975] [icp_odometry]: IcpOdometry: scan_cloud_is_2d       = false
[INFO] [1772803950.962397984] [icp_odometry]: IcpOdometry: scan_downsampling_step = 1
[INFO] [1772803950.962409313] [icp_odometry]: IcpOdometry: scan_range_min         = 0.300000 m
[INFO] [1772803950.962429314] [icp_odometry]: IcpOdometry: scan_range_max         = 0.000000 m
[INFO] [1772803950.962439650] [icp_odometry]: IcpOdometry: scan_voxel_size        = 0.100000 m
[INFO] [1772803950.962450659] [icp_odometry]: IcpOdometry: scan_normal_k          = 20
[INFO] [1772803950.962459619] [icp_odometry]: IcpOdometry: scan_normal_radius     = 0.000000 m
[INFO] [1772803950.962469156] [icp_odometry]: IcpOdometry: scan_normal_ground_up  = 0.000000
[INFO] [1772803950.962478308] [icp_odometry]: IcpOdometry: deskewing              = false
[INFO] [1772803950.962486501] [icp_odometry]: IcpOdometry: deskewing_slerp        = false
[INFO] [1772803950.968216018] [icp_odometry]: 
icp_odometry subscribed to /scan and /leo04/livox/lidar (make sure only one of this topic is published, otherwise remap one to a dummy topic name).
[WARN] [1772803955.974050019] [icp_odometry]: icp_odometry: Did not receive data since 5 seconds! Make sure the input topics are published ("$ rostopic hz my_topic") and the timestamps in their header are set. 
icp_odometry subscribed to /scan and /leo04/livox/lidar (make sure only one of this topic is published, otherwise remap one to a dummy topic name).
[WARN] [1772803960.974297322] [icp_odometry]: icp_odometry: Did not receive data since 5 seconds! Make sure the input topics are published ("$ rostopic hz my_topic") and the timestamps in their header are set. 
icp_odometry subscribed to /scan and /leo04/livox/lidar (make sure only one of this topic is published, otherwise remap one to a dummy topic name).
[INFO] [1772803964.714691603] [rclcpp]: signal_handler(signum=2)
