[INFO] [1771004693.895859366] [icp_odometry]: Odometry: frame_id               = leo04/base_footprint
[INFO] [1771004693.900771827] [icp_odometry]: Odometry: odom_frame_id          = odom
[INFO] [1771004693.900892504] [icp_odometry]: Odometry: publish_tf             = true
[INFO] [1771004693.900915000] [icp_odometry]: Odometry: wait_for_transform     = 0.200000
[INFO] [1771004693.900941849] [icp_odometry]: Odometry: log_to_rosout_level    = 4
[INFO] [1771004693.901033629] [icp_odometry]: Odometry: initial_pose           = xyz=0.000000,0.000000,0.000000 rpy=0.000000,-0.000000,0.000000
[INFO] [1771004693.901061534] [icp_odometry]: Odometry: ground_truth_frame_id  = 
[INFO] [1771004693.901079134] [icp_odometry]: Odometry: ground_truth_base_frame_id = leo04/base_footprint
[INFO] [1771004693.901102783] [icp_odometry]: Odometry: config_path            = 
[INFO] [1771004693.901122432] [icp_odometry]: Odometry: publish_null_when_lost = true
[INFO] [1771004693.901135136] [icp_odometry]: Odometry: publish_compressed_sensor_data = false
[INFO] [1771004693.901146721] [icp_odometry]: Odometry: guess_frame_id         = 
[INFO] [1771004693.901157473] [icp_odometry]: Odometry: guess_min_translation  = 0.000000
[INFO] [1771004693.901169697] [icp_odometry]: Odometry: guess_min_rotation     = 0.000000
[INFO] [1771004693.901180450] [icp_odometry]: Odometry: guess_min_time         = 0.000000
[INFO] [1771004693.901190818] [icp_odometry]: Odometry: expected_update_rate   = 15.000000 Hz
[INFO] [1771004693.901204931] [icp_odometry]: Odometry: max_update_rate        = 0.000000 Hz
[INFO] [1771004693.901234180] [icp_odometry]: Odometry: min_update_rate        = 0.000000 Hz
[INFO] [1771004693.901249636] [icp_odometry]: Odometry: wait_imu_to_init       = false
[INFO] [1771004693.901261189] [icp_odometry]: Odometry: always_check_imu_tf    = true
[INFO] [1771004693.901271973] [icp_odometry]: Odometry: sensor_data_compression_format = .jpg
[INFO] [1771004693.901282501] [icp_odometry]: Odometry: sensor_data_parallel_compression = true
[INFO] [1771004693.901302054] [icp_odometry]: Odometry: stereoParams_=0 visParams_=0 icpParams_=1
[INFO] [1771004693.904457174] [icp_odometry]: Setting odometry parameter "Icp/CorrespondenceRatio"="0.01"
[INFO] [1771004693.905038122] [icp_odometry]: Setting odometry parameter "Icp/Epsilon"="0.001"
[INFO] [1771004693.905563037] [icp_odometry]: Setting odometry parameter "Icp/Iterations"="10"
[INFO] [1771004693.905668865] [icp_odometry]: Setting odometry parameter "Icp/MaxCorrespondenceDistance"="1"
[INFO] [1771004693.905774884] [icp_odometry]: Setting odometry parameter "Icp/MaxTranslation"="2"
[INFO] [1771004693.905828486] [icp_odometry]: Setting odometry parameter "Icp/OutlierRatio"="0.7"
[INFO] [1771004693.906005997] [icp_odometry]: Setting odometry parameter "Icp/PointToPlaneK"="20"
[INFO] [1771004693.906101040] [icp_odometry]: Setting odometry parameter "Icp/PointToPlaneRadius"="0"
[INFO] [1771004693.906172531] [icp_odometry]: Setting odometry parameter "Icp/RangeMin"="0.3"
[INFO] [1771004693.906263574] [icp_odometry]: Setting odometry parameter "Icp/VoxelSize"="0.1"
[INFO] [1771004693.906690533] [icp_odometry]: Setting odometry parameter "Odom/ScanKeyFrameThr"="0.4"
[INFO] [1771004693.906781832] [icp_odometry]: Setting odometry parameter "OdomF2M/BundleAdjustment"="false"
[INFO] [1771004693.906995760] [icp_odometry]: Setting odometry parameter "OdomF2M/ScanMaxSize"="15000"
[INFO] [1771004693.907130100] [icp_odometry]: Setting odometry parameter "OdomF2M/ScanSubtractRadius"="0.1"
[WARN] [1771004693.917455938] [icp_odometry]: IcpOdometry: Transferring value 0.3 of "Icp/RangeMin" to ros parameter "scan_range_min" for convenience. "Icp/RangeMin" is set to 0.
[WARN] [1771004693.917548261] [icp_odometry]: IcpOdometry: Transferring value 0.1 of "Icp/VoxelSize" to ros parameter "scan_voxel_size" for convenience. "Icp/VoxelSize" is set to 0.
[WARN] [1771004693.917578662] [icp_odometry]: IcpOdometry: Transferring value 20 of "Icp/PointToPlaneK" to ros parameter "scan_normal_k" for convenience.
[INFO] [1771004693.925500191] [icp_odometry]: IcpOdometry: qos                    = 0
[INFO] [1771004693.925705286] [icp_odometry]: IcpOdometry: scan_cloud_max_points  = -1
[INFO] [1771004693.925733863] [icp_odometry]: IcpOdometry: scan_cloud_is_2d       = false
[INFO] [1771004693.925752903] [icp_odometry]: IcpOdometry: scan_downsampling_step = 1
[INFO] [1771004693.925770568] [icp_odometry]: IcpOdometry: scan_range_min         = 0.300000 m
[INFO] [1771004693.925798857] [icp_odometry]: IcpOdometry: scan_range_max         = 0.000000 m
[INFO] [1771004693.925817738] [icp_odometry]: IcpOdometry: scan_voxel_size        = 0.100000 m
[INFO] [1771004693.925843179] [icp_odometry]: IcpOdometry: scan_normal_k          = 20
[INFO] [1771004693.925860843] [icp_odometry]: IcpOdometry: scan_normal_radius     = 0.000000 m
[INFO] [1771004693.925879148] [icp_odometry]: IcpOdometry: scan_normal_ground_up  = 0.000000
[INFO] [1771004693.925896045] [icp_odometry]: IcpOdometry: deskewing              = false
[INFO] [1771004693.925912013] [icp_odometry]: IcpOdometry: deskewing_slerp        = false
[INFO] [1771004693.927335263] [icp_odometry]: 
icp_odometry subscribed to /scan and /leo04/livox/lidar (make sure only one of this topic is published, otherwise remap one to a dummy topic name).
[ERROR] [1771004693.958339689] [icp_odometry]: We didn't receive IMU newer than previous image (0.000000) and we just received a new image (1771004693.840137). The previous image is dropped!
[INFO] [1771004693.962347095] [icp_odometry]: Odom: ratio=0.000000, std dev=99.995000m|99.995000rad, update time=0.003713s delay=0.122189s
[INFO] [1771004694.098898807] [icp_odometry]: Odom: ratio=0.628701, std dev=0.017071m|0.005398rad, update time=0.042170s delay=0.158553s
[INFO] [1771004694.200974675] [icp_odometry]: Odom: ratio=0.745994, std dev=0.013351m|0.004222rad, update time=0.038625s delay=0.160521s
[INFO] [1771004694.313958866] [icp_odometry]: Odom: ratio=0.618378, std dev=0.017195m|0.005437rad, update time=0.049471s delay=0.173049s
[INFO] [1771004694.389952531] [icp_odometry]: Odom: ratio=0.648231, std dev=0.017603m|0.005567rad, update time=0.035947s delay=0.149930s
[INFO] [1771004694.494778673] [icp_odometry]: Odom: ratio=0.635846, std dev=0.016324m|0.005162rad, update time=0.036786s delay=0.154337s
[INFO] [1771004694.599523532] [icp_odometry]: Odom: ratio=0.662998, std dev=0.016500m|0.005218rad, update time=0.037597s delay=0.158863s
[INFO] [1771004694.703605039] [icp_odometry]: Odom: ratio=0.650375, std dev=0.015735m|0.004976rad, update time=0.042408s delay=0.163101s
[INFO] [1771004694.796321537] [icp_odometry]: Odom: ratio=0.642591, std dev=0.017040m|0.005389rad, update time=0.038363s delay=0.155478s
[INFO] [1771004694.909103000] [icp_odometry]: Odom: ratio=0.653315, std dev=0.015856m|0.005014rad, update time=0.043717s delay=0.168683s
[INFO] [1771004694.994600554] [icp_odometry]: Odom: ratio=0.628767, std dev=0.017251m|0.005455rad, update time=0.035978s delay=0.154171s
[INFO] [1771004695.096412893] [icp_odometry]: Odom: ratio=0.659806, std dev=0.015818m|0.005002rad, update time=0.037261s delay=0.156104s
[INFO] [1771004695.202674765] [icp_odometry]: Odom: ratio=0.644319, std dev=0.016604m|0.005250rad, update time=0.040868s delay=0.162239s
[INFO] [1771004695.299879837] [icp_odometry]: Odom: ratio=0.653410, std dev=0.017700m|0.005597rad, update time=0.039677s delay=0.159477s
[INFO] [1771004695.406924650] [icp_odometry]: Odom: ratio=0.629977, std dev=0.016865m|0.005333rad, update time=0.041117s delay=0.166544s
[INFO] [1771004695.495002423] [icp_odometry]: Odom: ratio=0.679795, std dev=0.018592m|0.005879rad, update time=0.038846s delay=0.154554s
[INFO] [1771004695.600462859] [icp_odometry]: Odom: ratio=0.627023, std dev=0.016088m|0.005087rad, update time=0.038352s delay=0.160004s
[INFO] [1771004695.705142692] [icp_odometry]: Odom: ratio=0.689497, std dev=0.017490m|0.005531rad, update time=0.039663s delay=0.164709s
[INFO] [1771004695.802277777] [icp_odometry]: Odom: ratio=0.629910, std dev=0.015389m|0.004867rad, update time=0.039968s delay=0.161719s
[INFO] [1771004695.909438594] [icp_odometry]: Odom: ratio=0.656678, std dev=0.018946m|0.005991rad, update time=0.044877s delay=0.168948s
[INFO] [1771004696.005921656] [icp_odometry]: Odom: ratio=0.615281, std dev=0.017529m|0.005543rad, update time=0.040424s delay=0.165618s
[INFO] [1771004696.103660155] [icp_odometry]: Odom: ratio=0.635688, std dev=0.018248m|0.005771rad, update time=0.042130s delay=0.163294s
[INFO] [1771004696.202200890] [icp_odometry]: Odom: ratio=0.629964, std dev=0.016791m|0.005310rad, update time=0.039682s delay=0.161788s
[INFO] [1771004696.299302247] [icp_odometry]: Odom: ratio=0.651296, std dev=0.016202m|0.005124rad, update time=0.038235s delay=0.158594s
[INFO] [1771004696.400185209] [icp_odometry]: Odom: ratio=0.640551, std dev=0.017919m|0.005667rad, update time=0.041875s delay=0.159460s
[INFO] [1771004696.492639425] [icp_odometry]: Odom: ratio=0.641958, std dev=0.017382m|0.005497rad, update time=0.036526s delay=0.151947s
[INFO] [1771004696.598972884] [icp_odometry]: Odom: ratio=0.640868, std dev=0.017251m|0.005455rad, update time=0.037512s delay=0.158470s
[INFO] [1771004696.704396487] [icp_odometry]: Odom: ratio=0.652184, std dev=0.016292m|0.005152rad, update time=0.039656s delay=0.163891s
[INFO] [1771004696.805863118] [icp_odometry]: Odom: ratio=0.654212, std dev=0.019086m|0.006036rad, update time=0.042513s delay=0.165447s
[INFO] [1771004696.908790408] [icp_odometry]: Odom: ratio=0.636255, std dev=0.015086m|0.004770rad, update time=0.041885s delay=0.168266s
[INFO] [1771004696.999224041] [icp_odometry]: Odom: ratio=0.659678, std dev=0.017885m|0.005656rad, update time=0.039991s delay=0.158813s
[INFO] [1771004697.099731822] [icp_odometry]: Odom: ratio=0.639178, std dev=0.016666m|0.005270rad, update time=0.039654s delay=0.159415s
[INFO] [1771004697.202607494] [icp_odometry]: Odom: ratio=0.679942, std dev=0.014750m|0.004664rad, update time=0.038721s delay=0.161963s
[INFO] [1771004697.303247472] [icp_odometry]: Odom: ratio=0.678361, std dev=0.015544m|0.004916rad, update time=0.040043s delay=0.162918s
[INFO] [1771004697.400142933] [icp_odometry]: Odom: ratio=0.693060, std dev=0.013899m|0.004395rad, update time=0.038997s delay=0.159657s
[INFO] [1771004697.496553289] [icp_odometry]: Odom: ratio=0.692039, std dev=0.016140m|0.005104rad, update time=0.037396s delay=0.156150s
[INFO] [1771004697.600449414] [icp_odometry]: Odom: ratio=0.660820, std dev=0.014604m|0.004618rad, update time=0.041703s delay=0.159837s
[INFO] [1771004697.702678184] [icp_odometry]: Odom: ratio=0.653245, std dev=0.016987m|0.005372rad, update time=0.040453s delay=0.162310s
[INFO] [1771004697.805821802] [icp_odometry]: Odom: ratio=0.634902, std dev=0.016094m|0.005089rad, update time=0.037483s delay=0.165484s
[INFO] [1771004697.900425726] [icp_odometry]: Odom: ratio=0.665953, std dev=0.016114m|0.005096rad, update time=0.038702s delay=0.159911s
[INFO] [1771004697.999599348] [icp_odometry]: Odom: ratio=0.639067, std dev=0.017355m|0.005488rad, update time=0.037711s delay=0.159153s
[INFO] [1771004698.106573054] [icp_odometry]: Odom: ratio=0.665471, std dev=0.015808m|0.004999rad, update time=0.041884s delay=0.165947s
[INFO] [1771004698.203636713] [icp_odometry]: Odom: ratio=0.638342, std dev=0.017545m|0.005548rad, update time=0.041214s delay=0.163321s
[INFO] [1771004698.299461960] [icp_odometry]: Odom: ratio=0.637935, std dev=0.016000m|0.005060rad, update time=0.036625s delay=0.158914s
[INFO] [1771004698.415281483] [icp_odometry]: Odom: ratio=0.645892, std dev=0.015400m|0.004870rad, update time=0.045849s delay=0.174797s
[INFO] [1771004698.496385729] [icp_odometry]: Odom: ratio=0.628265, std dev=0.016207m|0.005125rad, update time=0.039492s delay=0.155859s
[INFO] [1771004698.595854145] [icp_odometry]: Odom: ratio=0.657009, std dev=0.014738m|0.004660rad, update time=0.035864s delay=0.155452s
[INFO] [1771004698.703524771] [icp_odometry]: Odom: ratio=0.625922, std dev=0.016578m|0.005242rad, update time=0.040404s delay=0.163014s
[INFO] [1771004698.796541791] [icp_odometry]: Odom: ratio=0.700334, std dev=0.014726m|0.004657rad, update time=0.038181s delay=0.156146s
[INFO] [1771004698.899987628] [icp_odometry]: Odom: ratio=0.615954, std dev=0.016455m|0.005203rad, update time=0.039252s delay=0.159574s
[INFO] [1771004699.006065878] [icp_odometry]: Odom: ratio=0.843397, std dev=0.010108m|0.003197rad, update time=0.041772s delay=0.165595s
[INFO] [1771004699.098934477] [icp_odometry]: Odom: ratio=0.622190, std dev=0.016702m|0.005282rad, update time=0.039132s delay=0.158509s
[INFO] [1771004699.204039157] [icp_odometry]: Odom: ratio=0.733238, std dev=0.015569m|0.004923rad, update time=0.040451s delay=0.163719s
[INFO] [1771004699.305890537] [icp_odometry]: Odom: ratio=0.628571, std dev=0.016849m|0.005328rad, update time=0.040896s delay=0.164133s
[INFO] [1771004699.400257397] [icp_odometry]: Odom: ratio=0.651596, std dev=0.017948m|0.005676rad, update time=0.040483s delay=0.159913s
[INFO] [1771004699.446829861] [rclcpp]: signal_handler(signum=2)
