[INFO] [1773308092.473493272] [icp_odometry]: Odometry: frame_id               = leo04/base_footprint
[INFO] [1773308092.475869936] [icp_odometry]: Odometry: odom_frame_id          = odom
[INFO] [1773308092.477150047] [icp_odometry]: Odometry: publish_tf             = true
[INFO] [1773308092.477186976] [icp_odometry]: Odometry: wait_for_transform     = 0.200000
[INFO] [1773308092.477213953] [icp_odometry]: Odometry: log_to_rosout_level    = 4
[INFO] [1773308092.477309253] [icp_odometry]: Odometry: initial_pose           = xyz=0.000000,0.000000,0.000000 rpy=0.000000,-0.000000,0.000000
[INFO] [1773308092.477340070] [icp_odometry]: Odometry: ground_truth_frame_id  = 
[INFO] [1773308092.477360935] [icp_odometry]: Odometry: ground_truth_base_frame_id = leo04/base_footprint
[INFO] [1773308092.477379495] [icp_odometry]: Odometry: config_path            = 
[INFO] [1773308092.477400744] [icp_odometry]: Odometry: publish_null_when_lost = true
[INFO] [1773308092.477414729] [icp_odometry]: Odometry: publish_compressed_sensor_data = false
[INFO] [1773308092.477425353] [icp_odometry]: Odometry: guess_frame_id         = 
[INFO] [1773308092.477435689] [icp_odometry]: Odometry: guess_min_translation  = 0.000000
[INFO] [1773308092.477446570] [icp_odometry]: Odometry: guess_min_rotation     = 0.000000
[INFO] [1773308092.477456650] [icp_odometry]: Odometry: guess_min_time         = 0.000000
[INFO] [1773308092.477466315] [icp_odometry]: Odometry: expected_update_rate   = 15.000000 Hz
[INFO] [1773308092.477479915] [icp_odometry]: Odometry: max_update_rate        = 0.000000 Hz
[INFO] [1773308092.477522573] [icp_odometry]: Odometry: min_update_rate        = 0.000000 Hz
[INFO] [1773308092.477536365] [icp_odometry]: Odometry: wait_imu_to_init       = false
[INFO] [1773308092.477546733] [icp_odometry]: Odometry: always_check_imu_tf    = true
[INFO] [1773308092.477556846] [icp_odometry]: Odometry: sensor_data_compression_format = .jpg
[INFO] [1773308092.477565966] [icp_odometry]: Odometry: sensor_data_parallel_compression = true
[INFO] [1773308092.477583663] [icp_odometry]: Odometry: stereoParams_=0 visParams_=0 icpParams_=1
[INFO] [1773308092.478894943] [icp_odometry]: Setting odometry parameter "Icp/CorrespondenceRatio"="0.01"
[INFO] [1773308092.479015108] [icp_odometry]: Setting odometry parameter "Icp/Epsilon"="0.001"
[INFO] [1773308092.479105735] [icp_odometry]: Setting odometry parameter "Icp/Iterations"="10"
[INFO] [1773308092.479154377] [icp_odometry]: Setting odometry parameter "Icp/MaxCorrespondenceDistance"="1"
[INFO] [1773308092.479216267] [icp_odometry]: Setting odometry parameter "Icp/MaxTranslation"="2"
[INFO] [1773308092.479259117] [icp_odometry]: Setting odometry parameter "Icp/OutlierRatio"="0.7"
[INFO] [1773308092.479584153] [icp_odometry]: Setting odometry parameter "Icp/PointToPlaneK"="20"
[INFO] [1773308092.479685308] [icp_odometry]: Setting odometry parameter "Icp/PointToPlaneRadius"="0"
[INFO] [1773308092.479750143] [icp_odometry]: Setting odometry parameter "Icp/RangeMin"="0.3"
[INFO] [1773308092.479841314] [icp_odometry]: Setting odometry parameter "Icp/VoxelSize"="0.1"
[INFO] [1773308092.480252913] [icp_odometry]: Setting odometry parameter "Odom/ScanKeyFrameThr"="0.4"
[INFO] [1773308092.480336564] [icp_odometry]: Setting odometry parameter "OdomF2M/BundleAdjustment"="false"
[INFO] [1773308092.480518651] [icp_odometry]: Setting odometry parameter "OdomF2M/ScanMaxSize"="15000"
[INFO] [1773308092.480596062] [icp_odometry]: Setting odometry parameter "OdomF2M/ScanSubtractRadius"="0.1"
[WARN] [1773308092.487912075] [icp_odometry]: IcpOdometry: Transferring value 0.3 of "Icp/RangeMin" to ros parameter "scan_range_min" for convenience. "Icp/RangeMin" is set to 0.
[WARN] [1773308092.488274521] [icp_odometry]: IcpOdometry: Transferring value 0.1 of "Icp/VoxelSize" to ros parameter "scan_voxel_size" for convenience. "Icp/VoxelSize" is set to 0.
[WARN] [1773308092.488304794] [icp_odometry]: IcpOdometry: Transferring value 20 of "Icp/PointToPlaneK" to ros parameter "scan_normal_k" for convenience.
[INFO] [1773308092.499053702] [icp_odometry]: IcpOdometry: qos                    = 0
[INFO] [1773308092.500840584] [icp_odometry]: IcpOdometry: scan_cloud_max_points  = -1
[INFO] [1773308092.500942539] [icp_odometry]: IcpOdometry: scan_cloud_is_2d       = false
[INFO] [1773308092.500963948] [icp_odometry]: IcpOdometry: scan_downsampling_step = 1
[INFO] [1773308092.500991373] [icp_odometry]: IcpOdometry: scan_range_min         = 0.300000 m
[INFO] [1773308092.501016462] [icp_odometry]: IcpOdometry: scan_range_max         = 0.000000 m
[INFO] [1773308092.501029775] [icp_odometry]: IcpOdometry: scan_voxel_size        = 0.100000 m
[INFO] [1773308092.501052047] [icp_odometry]: IcpOdometry: scan_normal_k          = 20
[INFO] [1773308092.501064496] [icp_odometry]: IcpOdometry: scan_normal_radius     = 0.000000 m
[INFO] [1773308092.501086961] [icp_odometry]: IcpOdometry: scan_normal_ground_up  = 0.000000
[INFO] [1773308092.501101105] [icp_odometry]: IcpOdometry: deskewing              = false
[INFO] [1773308092.501165108] [icp_odometry]: IcpOdometry: deskewing_slerp        = false
[INFO] [1773308092.503678800] [icp_odometry]: 
icp_odometry subscribed to /scan and /leo04/livox/lidar (make sure only one of this topic is published, otherwise remap one to a dummy topic name).
[INFO] [1773308094.165220012] [rclcpp]: signal_handler(signum=2)
