[INFO] [1773308101.316298705] [icp_odometry]: Odometry: frame_id               = leo04/base_footprint
[INFO] [1773308101.318529425] [icp_odometry]: Odometry: odom_frame_id          = odom
[INFO] [1773308101.318592947] [icp_odometry]: Odometry: publish_tf             = true
[INFO] [1773308101.318614324] [icp_odometry]: Odometry: wait_for_transform     = 0.200000
[INFO] [1773308101.318638804] [icp_odometry]: Odometry: log_to_rosout_level    = 4
[INFO] [1773308101.318716278] [icp_odometry]: Odometry: initial_pose           = xyz=0.000000,0.000000,0.000000 rpy=0.000000,-0.000000,0.000000
[INFO] [1773308101.318743127] [icp_odometry]: Odometry: ground_truth_frame_id  = 
[INFO] [1773308101.318760856] [icp_odometry]: Odometry: ground_truth_base_frame_id = leo04/base_footprint
[INFO] [1773308101.318776280] [icp_odometry]: Odometry: config_path            = 
[INFO] [1773308101.318797081] [icp_odometry]: Odometry: publish_null_when_lost = true
[INFO] [1773308101.318812441] [icp_odometry]: Odometry: publish_compressed_sensor_data = false
[INFO] [1773308101.318823962] [icp_odometry]: Odometry: guess_frame_id         = 
[INFO] [1773308101.318833914] [icp_odometry]: Odometry: guess_min_translation  = 0.000000
[INFO] [1773308101.318845306] [icp_odometry]: Odometry: guess_min_rotation     = 0.000000
[INFO] [1773308101.318859323] [icp_odometry]: Odometry: guess_min_time         = 0.000000
[INFO] [1773308101.318870171] [icp_odometry]: Odometry: expected_update_rate   = 15.000000 Hz
[INFO] [1773308101.318883451] [icp_odometry]: Odometry: max_update_rate        = 0.000000 Hz
[INFO] [1773308101.318906364] [icp_odometry]: Odometry: min_update_rate        = 0.000000 Hz
[INFO] [1773308101.318918524] [icp_odometry]: Odometry: wait_imu_to_init       = false
[INFO] [1773308101.318929117] [icp_odometry]: Odometry: always_check_imu_tf    = true
[INFO] [1773308101.318938301] [icp_odometry]: Odometry: sensor_data_compression_format = .jpg
[INFO] [1773308101.318947901] [icp_odometry]: Odometry: sensor_data_parallel_compression = true
[INFO] [1773308101.318967038] [icp_odometry]: Odometry: stereoParams_=0 visParams_=0 icpParams_=1
[INFO] [1773308101.320772785] [icp_odometry]: Setting odometry parameter "Icp/CorrespondenceRatio"="0.01"
[INFO] [1773308101.321189789] [icp_odometry]: Setting odometry parameter "Icp/Epsilon"="0.001"
[INFO] [1773308101.321372323] [icp_odometry]: Setting odometry parameter "Icp/Iterations"="10"
[INFO] [1773308101.321515527] [icp_odometry]: Setting odometry parameter "Icp/MaxCorrespondenceDistance"="1"
[INFO] [1773308101.321664619] [icp_odometry]: Setting odometry parameter "Icp/MaxTranslation"="2"
[INFO] [1773308101.321727373] [icp_odometry]: Setting odometry parameter "Icp/OutlierRatio"="0.7"
[INFO] [1773308101.321966932] [icp_odometry]: Setting odometry parameter "Icp/PointToPlaneK"="20"
[INFO] [1773308101.322071895] [icp_odometry]: Setting odometry parameter "Icp/PointToPlaneRadius"="0"
[INFO] [1773308101.322155993] [icp_odometry]: Setting odometry parameter "Icp/RangeMin"="0.3"
[INFO] [1773308101.322316990] [icp_odometry]: Setting odometry parameter "Icp/VoxelSize"="0.1"
[INFO] [1773308101.322795115] [icp_odometry]: Setting odometry parameter "Odom/ScanKeyFrameThr"="0.4"
[INFO] [1773308101.322887886] [icp_odometry]: Setting odometry parameter "OdomF2M/BundleAdjustment"="false"
[INFO] [1773308101.323095348] [icp_odometry]: Setting odometry parameter "OdomF2M/ScanMaxSize"="15000"
[INFO] [1773308101.323182583] [icp_odometry]: Setting odometry parameter "OdomF2M/ScanSubtractRadius"="0.1"
[WARN] [1773308101.327680728] [icp_odometry]: IcpOdometry: Transferring value 0.3 of "Icp/RangeMin" to ros parameter "scan_range_min" for convenience. "Icp/RangeMin" is set to 0.
[WARN] [1773308101.327761082] [icp_odometry]: IcpOdometry: Transferring value 0.1 of "Icp/VoxelSize" to ros parameter "scan_voxel_size" for convenience. "Icp/VoxelSize" is set to 0.
[WARN] [1773308101.327792635] [icp_odometry]: IcpOdometry: Transferring value 20 of "Icp/PointToPlaneK" to ros parameter "scan_normal_k" for convenience.
[INFO] [1773308101.344822787] [icp_odometry]: IcpOdometry: qos                    = 0
[INFO] [1773308101.345071274] [icp_odometry]: IcpOdometry: scan_cloud_max_points  = -1
[INFO] [1773308101.345296561] [icp_odometry]: IcpOdometry: scan_cloud_is_2d       = false
[INFO] [1773308101.345354450] [icp_odometry]: IcpOdometry: scan_downsampling_step = 1
[INFO] [1773308101.345389875] [icp_odometry]: IcpOdometry: scan_range_min         = 0.300000 m
[INFO] [1773308101.345430133] [icp_odometry]: IcpOdometry: scan_range_max         = 0.000000 m
[INFO] [1773308101.345459797] [icp_odometry]: IcpOdometry: scan_voxel_size        = 0.100000 m
[INFO] [1773308101.345489718] [icp_odometry]: IcpOdometry: scan_normal_k          = 20
[INFO] [1773308101.345520215] [icp_odometry]: IcpOdometry: scan_normal_radius     = 0.000000 m
[INFO] [1773308101.345550136] [icp_odometry]: IcpOdometry: scan_normal_ground_up  = 0.000000
[INFO] [1773308101.345578777] [icp_odometry]: IcpOdometry: deskewing              = false
[INFO] [1773308101.345605050] [icp_odometry]: IcpOdometry: deskewing_slerp        = false
[INFO] [1773308101.347002978] [icp_odometry]: 
icp_odometry subscribed to /scan and /leo04/livox/lidar (make sure only one of this topic is published, otherwise remap one to a dummy topic name).
[WARN] [1773308106.349520551] [icp_odometry]: icp_odometry: Did not receive data since 5 seconds! Make sure the input topics are published ("$ rostopic hz my_topic") and the timestamps in their header are set. 
icp_odometry subscribed to /scan and /leo04/livox/lidar (make sure only one of this topic is published, otherwise remap one to a dummy topic name).
[WARN] [1773308111.349559845] [icp_odometry]: icp_odometry: Did not receive data since 5 seconds! Make sure the input topics are published ("$ rostopic hz my_topic") and the timestamps in their header are set. 
icp_odometry subscribed to /scan and /leo04/livox/lidar (make sure only one of this topic is published, otherwise remap one to a dummy topic name).
[INFO] [1773308116.140506582] [rclcpp]: signal_handler(signum=2)
