[INFO] [1772803871.463104945] [icp_odometry]: Odometry: frame_id               = leo04/base_footprint
[INFO] [1772803871.463695920] [icp_odometry]: Odometry: odom_frame_id          = odom
[INFO] [1772803871.463732754] [icp_odometry]: Odometry: publish_tf             = true
[INFO] [1772803871.463745939] [icp_odometry]: Odometry: wait_for_transform     = 0.200000
[INFO] [1772803871.463768404] [icp_odometry]: Odometry: log_to_rosout_level    = 4
[INFO] [1772803871.463840664] [icp_odometry]: Odometry: initial_pose           = xyz=0.000000,0.000000,0.000000 rpy=0.000000,-0.000000,0.000000
[INFO] [1772803871.463856569] [icp_odometry]: Odometry: ground_truth_frame_id  = 
[INFO] [1772803871.463868953] [icp_odometry]: Odometry: ground_truth_base_frame_id = leo04/base_footprint
[INFO] [1772803871.463880026] [icp_odometry]: Odometry: config_path            = 
[INFO] [1772803871.463889754] [icp_odometry]: Odometry: publish_null_when_lost = true
[INFO] [1772803871.463898811] [icp_odometry]: Odometry: publish_compressed_sensor_data = false
[INFO] [1772803871.463907899] [icp_odometry]: Odometry: guess_frame_id         = 
[INFO] [1772803871.463916540] [icp_odometry]: Odometry: guess_min_translation  = 0.000000
[INFO] [1772803871.463926204] [icp_odometry]: Odometry: guess_min_rotation     = 0.000000
[INFO] [1772803871.463935613] [icp_odometry]: Odometry: guess_min_time         = 0.000000
[INFO] [1772803871.463945213] [icp_odometry]: Odometry: expected_update_rate   = 15.000000 Hz
[INFO] [1772803871.463958238] [icp_odometry]: Odometry: max_update_rate        = 0.000000 Hz
[INFO] [1772803871.463968222] [icp_odometry]: Odometry: min_update_rate        = 0.000000 Hz
[INFO] [1772803871.463983135] [icp_odometry]: Odometry: wait_imu_to_init       = false
[INFO] [1772803871.463993504] [icp_odometry]: Odometry: always_check_imu_tf    = true
[INFO] [1772803871.464002592] [icp_odometry]: Odometry: sensor_data_compression_format = .jpg
[INFO] [1772803871.464011137] [icp_odometry]: Odometry: sensor_data_parallel_compression = true
[INFO] [1772803871.464029026] [icp_odometry]: Odometry: stereoParams_=0 visParams_=0 icpParams_=1
[INFO] [1772803871.465549138] [icp_odometry]: Setting odometry parameter "Icp/CorrespondenceRatio"="0.01"
[INFO] [1772803871.465899716] [icp_odometry]: Setting odometry parameter "Icp/Epsilon"="0.001"
[INFO] [1772803871.466239062] [icp_odometry]: Setting odometry parameter "Icp/Iterations"="10"
[INFO] [1772803871.466368029] [icp_odometry]: Setting odometry parameter "Icp/MaxCorrespondenceDistance"="1"
[INFO] [1772803871.466545478] [icp_odometry]: Setting odometry parameter "Icp/MaxTranslation"="2"
[INFO] [1772803871.466661932] [icp_odometry]: Setting odometry parameter "Icp/OutlierRatio"="0.7"
[INFO] [1772803871.467476919] [icp_odometry]: Setting odometry parameter "Icp/PointToPlaneK"="20"
[INFO] [1772803871.468100248] [icp_odometry]: Setting odometry parameter "Icp/PointToPlaneRadius"="0"
[INFO] [1772803871.468464491] [icp_odometry]: Setting odometry parameter "Icp/RangeMin"="0.3"
[INFO] [1772803871.469036585] [icp_odometry]: Setting odometry parameter "Icp/VoxelSize"="0.1"
[INFO] [1772803871.471340866] [icp_odometry]: Setting odometry parameter "Odom/ScanKeyFrameThr"="0.4"
[INFO] [1772803871.471585327] [icp_odometry]: Setting odometry parameter "OdomF2M/BundleAdjustment"="false"
[INFO] [1772803871.472226737] [icp_odometry]: Setting odometry parameter "OdomF2M/ScanMaxSize"="15000"
[INFO] [1772803871.472493951] [icp_odometry]: Setting odometry parameter "OdomF2M/ScanSubtractRadius"="0.1"
[WARN] [1772803871.508751537] [icp_odometry]: IcpOdometry: Transferring value 0.3 of "Icp/RangeMin" to ros parameter "scan_range_min" for convenience. "Icp/RangeMin" is set to 0.
[WARN] [1772803871.508933018] [icp_odometry]: IcpOdometry: Transferring value 0.1 of "Icp/VoxelSize" to ros parameter "scan_voxel_size" for convenience. "Icp/VoxelSize" is set to 0.
[WARN] [1772803871.508961948] [icp_odometry]: IcpOdometry: Transferring value 20 of "Icp/PointToPlaneK" to ros parameter "scan_normal_k" for convenience.
[INFO] [1772803871.546994028] [icp_odometry]: IcpOdometry: qos                    = 0
[INFO] [1772803871.547195510] [icp_odometry]: IcpOdometry: scan_cloud_max_points  = -1
[INFO] [1772803871.547221016] [icp_odometry]: IcpOdometry: scan_cloud_is_2d       = false
[INFO] [1772803871.547235384] [icp_odometry]: IcpOdometry: scan_downsampling_step = 1
[INFO] [1772803871.547246585] [icp_odometry]: IcpOdometry: scan_range_min         = 0.300000 m
[INFO] [1772803871.547268058] [icp_odometry]: IcpOdometry: scan_range_max         = 0.000000 m
[INFO] [1772803871.547279547] [icp_odometry]: IcpOdometry: scan_voxel_size        = 0.100000 m
[INFO] [1772803871.547290267] [icp_odometry]: IcpOdometry: scan_normal_k          = 20
[INFO] [1772803871.547300188] [icp_odometry]: IcpOdometry: scan_normal_radius     = 0.000000 m
[INFO] [1772803871.547310524] [icp_odometry]: IcpOdometry: scan_normal_ground_up  = 0.000000
[INFO] [1772803871.547319357] [icp_odometry]: IcpOdometry: deskewing              = false
[INFO] [1772803871.547327837] [icp_odometry]: IcpOdometry: deskewing_slerp        = false
[INFO] [1772803871.555628754] [icp_odometry]: 
icp_odometry subscribed to /scan and /leo04/livox/lidar (make sure only one of this topic is published, otherwise remap one to a dummy topic name).
[INFO] [1772803871.622523887] [rclcpp]: signal_handler(signum=2)
