[INFO] [1771076147.639776452] [icp_odometry]: Odometry: frame_id               = leo04/base_footprint
[INFO] [1771076147.640826477] [icp_odometry]: Odometry: odom_frame_id          = odom
[INFO] [1771076147.640872014] [icp_odometry]: Odometry: publish_tf             = true
[INFO] [1771076147.640890991] [icp_odometry]: Odometry: wait_for_transform     = 0.200000
[INFO] [1771076147.640916720] [icp_odometry]: Odometry: log_to_rosout_level    = 4
[INFO] [1771076147.641008244] [icp_odometry]: Odometry: initial_pose           = xyz=0.000000,0.000000,0.000000 rpy=0.000000,-0.000000,0.000000
[INFO] [1771076147.641033941] [icp_odometry]: Odometry: ground_truth_frame_id  = 
[INFO] [1771076147.641052021] [icp_odometry]: Odometry: ground_truth_base_frame_id = leo04/base_footprint
[INFO] [1771076147.641066742] [icp_odometry]: Odometry: config_path            = 
[INFO] [1771076147.641082679] [icp_odometry]: Odometry: publish_null_when_lost = true
[INFO] [1771076147.641095287] [icp_odometry]: Odometry: publish_compressed_sensor_data = false
[INFO] [1771076147.641106359] [icp_odometry]: Odometry: guess_frame_id         = 
[INFO] [1771076147.641116760] [icp_odometry]: Odometry: guess_min_translation  = 0.000000
[INFO] [1771076147.641128280] [icp_odometry]: Odometry: guess_min_rotation     = 0.000000
[INFO] [1771076147.641139001] [icp_odometry]: Odometry: guess_min_time         = 0.000000
[INFO] [1771076147.641153369] [icp_odometry]: Odometry: expected_update_rate   = 15.000000 Hz
[INFO] [1771076147.641167962] [icp_odometry]: Odometry: max_update_rate        = 0.000000 Hz
[INFO] [1771076147.641185179] [icp_odometry]: Odometry: min_update_rate        = 0.000000 Hz
[INFO] [1771076147.641197115] [icp_odometry]: Odometry: wait_imu_to_init       = false
[INFO] [1771076147.641207515] [icp_odometry]: Odometry: always_check_imu_tf    = true
[INFO] [1771076147.641217660] [icp_odometry]: Odometry: sensor_data_compression_format = .jpg
[INFO] [1771076147.641227356] [icp_odometry]: Odometry: sensor_data_parallel_compression = true
[INFO] [1771076147.641245085] [icp_odometry]: Odometry: stereoParams_=0 visParams_=0 icpParams_=1
[INFO] [1771076147.642367369] [icp_odometry]: Setting odometry parameter "Icp/CorrespondenceRatio"="0.01"
[INFO] [1771076147.642502414] [icp_odometry]: Setting odometry parameter "Icp/Epsilon"="0.001"
[INFO] [1771076147.642613938] [icp_odometry]: Setting odometry parameter "Icp/Iterations"="10"
[INFO] [1771076147.642678069] [icp_odometry]: Setting odometry parameter "Icp/MaxCorrespondenceDistance"="1"
[INFO] [1771076147.643463219] [icp_odometry]: Setting odometry parameter "Icp/MaxTranslation"="2"
[INFO] [1771076147.643537654] [icp_odometry]: Setting odometry parameter "Icp/OutlierRatio"="0.7"
[INFO] [1771076147.643757631] [icp_odometry]: Setting odometry parameter "Icp/PointToPlaneK"="20"
[INFO] [1771076147.644541694] [icp_odometry]: Setting odometry parameter "Icp/PointToPlaneRadius"="0"
[INFO] [1771076147.644627457] [icp_odometry]: Setting odometry parameter "Icp/RangeMin"="0.3"
[INFO] [1771076147.644740645] [icp_odometry]: Setting odometry parameter "Icp/VoxelSize"="0.1"
[INFO] [1771076147.645326972] [icp_odometry]: Setting odometry parameter "Odom/ScanKeyFrameThr"="0.4"
[INFO] [1771076147.645432608] [icp_odometry]: Setting odometry parameter "OdomF2M/BundleAdjustment"="false"
[INFO] [1771076147.645714731] [icp_odometry]: Setting odometry parameter "OdomF2M/ScanMaxSize"="15000"
[INFO] [1771076147.645857553] [icp_odometry]: Setting odometry parameter "OdomF2M/ScanSubtractRadius"="0.1"
[WARN] [1771076147.663030639] [icp_odometry]: IcpOdometry: Transferring value 0.3 of "Icp/RangeMin" to ros parameter "scan_range_min" for convenience. "Icp/RangeMin" is set to 0.
[WARN] [1771076147.663153876] [icp_odometry]: IcpOdometry: Transferring value 0.1 of "Icp/VoxelSize" to ros parameter "scan_voxel_size" for convenience. "Icp/VoxelSize" is set to 0.
[WARN] [1771076147.663182933] [icp_odometry]: IcpOdometry: Transferring value 20 of "Icp/PointToPlaneK" to ros parameter "scan_normal_k" for convenience.
[INFO] [1771076147.674178530] [icp_odometry]: IcpOdometry: qos                    = 0
[INFO] [1771076147.674362921] [icp_odometry]: IcpOdometry: scan_cloud_max_points  = -1
[INFO] [1771076147.674386858] [icp_odometry]: IcpOdometry: scan_cloud_is_2d       = false
[INFO] [1771076147.674402187] [icp_odometry]: IcpOdometry: scan_downsampling_step = 1
[INFO] [1771076147.674419563] [icp_odometry]: IcpOdometry: scan_range_min         = 0.300000 m
[INFO] [1771076147.674441388] [icp_odometry]: IcpOdometry: scan_range_max         = 0.000000 m
[INFO] [1771076147.674452973] [icp_odometry]: IcpOdometry: scan_voxel_size        = 0.100000 m
[INFO] [1771076147.674464333] [icp_odometry]: IcpOdometry: scan_normal_k          = 20
[INFO] [1771076147.674474317] [icp_odometry]: IcpOdometry: scan_normal_radius     = 0.000000 m
[INFO] [1771076147.674484878] [icp_odometry]: IcpOdometry: scan_normal_ground_up  = 0.000000
[INFO] [1771076147.674494670] [icp_odometry]: IcpOdometry: deskewing              = false
[INFO] [1771076147.674504271] [icp_odometry]: IcpOdometry: deskewing_slerp        = false
[INFO] [1771076147.676735302] [icp_odometry]: 
icp_odometry subscribed to /scan and /leo04/livox/lidar (make sure only one of this topic is published, otherwise remap one to a dummy topic name).
[ERROR] [1771076147.744158796] [icp_odometry]: We didn't receive IMU newer than previous image (0.000000) and we just received a new image (1771076147.612805). The previous image is dropped!
[INFO] [1771076147.750449762] [icp_odometry]: Odom: ratio=0.000000, std dev=99.995000m|99.995000rad, update time=0.006021s delay=0.137628s
[INFO] [1771076147.879062940] [icp_odometry]: Odom: ratio=0.645455, std dev=0.016753m|0.005298rad, update time=0.046122s delay=0.166282s
[INFO] [1771076148.014760779] [icp_odometry]: Odom: ratio=0.781429, std dev=0.012976m|0.004103rad, update time=0.038161s delay=0.202039s
[INFO] [1771076148.071773755] [icp_odometry]: Odom: ratio=0.641830, std dev=0.017574m|0.005557rad, update time=0.040757s delay=0.158956s
[INFO] [1771076148.170529096] [icp_odometry]: Odom: ratio=0.711236, std dev=0.014682m|0.004643rad, update time=0.038442s delay=0.157829s
[INFO] [1771076148.268545337] [icp_odometry]: Odom: ratio=0.672237, std dev=0.017074m|0.005399rad, update time=0.035990s delay=0.155804s
[INFO] [1771076148.368464212] [icp_odometry]: Odom: ratio=0.702306, std dev=0.015651m|0.004949rad, update time=0.033775s delay=0.155707s
[INFO] [1771076148.468487090] [icp_odometry]: Odom: ratio=0.663713, std dev=0.015488m|0.004898rad, update time=0.037182s delay=0.155765s
[INFO] [1771076148.570235060] [icp_odometry]: Odom: ratio=0.674872, std dev=0.016962m|0.005364rad, update time=0.038959s delay=0.157532s
[INFO] [1771076148.667226493] [icp_odometry]: Odom: ratio=0.684162, std dev=0.014892m|0.004709rad, update time=0.036838s delay=0.154328s
[INFO] [1771076148.773906047] [icp_odometry]: Odom: ratio=0.659648, std dev=0.017515m|0.005539rad, update time=0.037457s delay=0.161081s
[INFO] [1771076148.874377231] [icp_odometry]: Odom: ratio=0.701985, std dev=0.014068m|0.004449rad, update time=0.035965s delay=0.161564s
[INFO] [1771076148.973307107] [icp_odometry]: Odom: ratio=0.666362, std dev=0.017001m|0.005376rad, update time=0.040081s delay=0.160434s
[INFO] [1771076149.073027798] [icp_odometry]: Odom: ratio=0.705801, std dev=0.014349m|0.004538rad, update time=0.042617s delay=0.160283s
[INFO] [1771076149.171549050] [icp_odometry]: Odom: ratio=0.666744, std dev=0.016663m|0.005269rad, update time=0.037349s delay=0.158752s
[INFO] [1771076149.281388376] [icp_odometry]: Odom: ratio=0.764897, std dev=0.014973m|0.004735rad, update time=0.041741s delay=0.168548s
[INFO] [1771076149.376479638] [icp_odometry]: Odom: ratio=0.648988, std dev=0.016202m|0.005124rad, update time=0.039974s delay=0.163605s
[INFO] [1771076149.470231712] [icp_odometry]: Odom: ratio=0.816297, std dev=0.015027m|0.004752rad, update time=0.036297s delay=0.157423s
[INFO] [1771076149.579807092] [icp_odometry]: Odom: ratio=0.660907, std dev=0.015380m|0.004864rad, update time=0.041623s delay=0.167067s
[INFO] [1771076149.668234894] [icp_odometry]: Odom: ratio=0.713773, std dev=0.018930m|0.005986rad, update time=0.038585s delay=0.155408s
[INFO] [1771076149.765207318] [icp_odometry]: Odom: ratio=0.667239, std dev=0.015063m|0.004763rad, update time=0.033253s delay=0.152389s
[INFO] [1771076149.879573796] [icp_odometry]: Odom: ratio=0.684461, std dev=0.018725m|0.005921rad, update time=0.041657s delay=0.166801s
[INFO] [1771076149.974491740] [icp_odometry]: Odom: ratio=0.659291, std dev=0.015832m|0.005006rad, update time=0.039303s delay=0.161781s
[INFO] [1771076150.071426338] [icp_odometry]: Odom: ratio=0.690528, std dev=0.017664m|0.005586rad, update time=0.038895s delay=0.158648s
[INFO] [1771076150.169105669] [icp_odometry]: Odom: ratio=0.680775, std dev=0.016133m|0.005102rad, update time=0.039612s delay=0.156281s
[INFO] [1771076150.270381269] [icp_odometry]: Odom: ratio=0.680117, std dev=0.017923m|0.005668rad, update time=0.038086s delay=0.157682s
[INFO] [1771076150.380232211] [icp_odometry]: Odom: ratio=0.668005, std dev=0.016904m|0.005346rad, update time=0.039525s delay=0.167473s
[INFO] [1771076150.475790787] [icp_odometry]: Odom: ratio=0.674611, std dev=0.015936m|0.005039rad, update time=0.038125s delay=0.163038s
[INFO] [1771076150.571580701] [icp_odometry]: Odom: ratio=0.677513, std dev=0.017153m|0.005424rad, update time=0.039591s delay=0.158728s
[INFO] [1771076150.675138533] [icp_odometry]: Odom: ratio=0.680603, std dev=0.016222m|0.005130rad, update time=0.040405s delay=0.162303s
[INFO] [1771076150.772135118] [icp_odometry]: Odom: ratio=0.670969, std dev=0.017104m|0.005409rad, update time=0.035570s delay=0.159382s
[INFO] [1771076150.866750106] [icp_odometry]: Odom: ratio=0.678848, std dev=0.016791m|0.005310rad, update time=0.035539s delay=0.153995s
[INFO] [1771076150.976681499] [icp_odometry]: Odom: ratio=0.709740, std dev=0.014891m|0.004709rad, update time=0.038108s delay=0.164014s
[INFO] [1771076151.078262774] [icp_odometry]: Odom: ratio=0.707881, std dev=0.014869m|0.004702rad, update time=0.041756s delay=0.165457s
[INFO] [1771076151.174891633] [icp_odometry]: Odom: ratio=0.692859, std dev=0.014412m|0.004557rad, update time=0.042478s delay=0.162152s
[INFO] [1771076151.271164893] [icp_odometry]: Odom: ratio=0.733683, std dev=0.014892m|0.004709rad, update time=0.035901s delay=0.158359s
[INFO] [1771076151.372708279] [icp_odometry]: Odom: ratio=0.674768, std dev=0.016645m|0.005264rad, update time=0.035718s delay=0.159916s
[INFO] [1771076151.475317211] [icp_odometry]: Odom: ratio=0.710190, std dev=0.013625m|0.004309rad, update time=0.040147s delay=0.162499s
[INFO] [1771076151.572666801] [icp_odometry]: Odom: ratio=0.679857, std dev=0.016515m|0.005223rad, update time=0.041856s delay=0.159988s
[INFO] [1771076151.675138671] [icp_odometry]: Odom: ratio=0.714081, std dev=0.014399m|0.004553rad, update time=0.040155s delay=0.162425s
[INFO] [1771076151.778858558] [icp_odometry]: Odom: ratio=0.657285, std dev=0.016634m|0.005260rad, update time=0.038815s delay=0.166097s
[INFO] [1771076151.873557709] [icp_odometry]: Odom: ratio=0.712527, std dev=0.015077m|0.004768rad, update time=0.038974s delay=0.160705s
[INFO] [1771076151.974879871] [icp_odometry]: Odom: ratio=0.657833, std dev=0.015929m|0.005037rad, update time=0.038866s delay=0.160978s
[INFO] [1771076152.074062781] [icp_odometry]: Odom: ratio=0.685181, std dev=0.016180m|0.005117rad, update time=0.037767s delay=0.161366s
[INFO] [1771076152.176340243] [icp_odometry]: Odom: ratio=0.680501, std dev=0.015476m|0.004894rad, update time=0.041209s delay=0.163548s
[INFO] [1771076152.275382508] [icp_odometry]: Odom: ratio=0.654023, std dev=0.017015m|0.005381rad, update time=0.045317s delay=0.162616s
[INFO] [1771076152.367512566] [icp_odometry]: Odom: ratio=0.706889, std dev=0.014457m|0.004572rad, update time=0.035717s delay=0.154711s
[INFO] [1771076152.470572652] [icp_odometry]: Odom: ratio=0.653873, std dev=0.017348m|0.005486rad, update time=0.035599s delay=0.157846s
[INFO] [1771076152.584518570] [icp_odometry]: Odom: ratio=0.762191, std dev=0.013674m|0.004324rad, update time=0.042937s delay=0.171735s
[INFO] [1771076152.671849753] [icp_odometry]: Odom: ratio=0.636258, std dev=0.016686m|0.005276rad, update time=0.040555s delay=0.159099s
[INFO] [1771076152.771306722] [icp_odometry]: Odom: ratio=0.898439, std dev=0.007299m|0.002308rad, update time=0.036641s delay=0.158560s
[INFO] [1771076152.879682246] [icp_odometry]: Odom: ratio=0.656426, std dev=0.016847m|0.005327rad, update time=0.041090s delay=0.166806s
[INFO] [1771076152.974115083] [icp_odometry]: Odom: ratio=0.779685, std dev=0.013137m|0.004154rad, update time=0.039994s delay=0.161380s
[INFO] [1771076153.070117901] [icp_odometry]: Odom: ratio=0.640797, std dev=0.017069m|0.005398rad, update time=0.038594s delay=0.157386s
[INFO] [1771076153.175676579] [icp_odometry]: Odom: ratio=0.703460, std dev=0.016920m|0.005351rad, update time=0.041222s delay=0.162730s
[INFO] [1771076153.277204797] [icp_odometry]: Odom: ratio=0.661110, std dev=0.015779m|0.004990rad, update time=0.047053s delay=0.164337s
[INFO] [1771076153.372694731] [icp_odometry]: Odom: ratio=0.694683, std dev=0.016446m|0.005201rad, update time=0.036429s delay=0.159959s
[INFO] [1771076153.476367064] [icp_odometry]: Odom: ratio=0.661903, std dev=0.015693m|0.004962rad, update time=0.041491s delay=0.163560s
[INFO] [1771076153.577251384] [icp_odometry]: Odom: ratio=0.674924, std dev=0.017429m|0.005512rad, update time=0.039683s delay=0.164443s
[INFO] [1771076153.668699880] [icp_odometry]: Odom: ratio=0.667746, std dev=0.015534m|0.004912rad, update time=0.036193s delay=0.155891s
[INFO] [1771076153.779702899] [icp_odometry]: Odom: ratio=0.667595, std dev=0.017538m|0.005546rad, update time=0.040384s delay=0.166955s
[INFO] [1771076153.871986788] [icp_odometry]: Odom: ratio=0.688919, std dev=0.015012m|0.004747rad, update time=0.040490s delay=0.159058s
[INFO] [1771076153.974089236] [icp_odometry]: Odom: ratio=0.672044, std dev=0.016886m|0.005340rad, update time=0.039925s delay=0.161323s
[INFO] [1771076154.076100224] [icp_odometry]: Odom: ratio=0.688321, std dev=0.015969m|0.005050rad, update time=0.038359s delay=0.163155s
[INFO] [1771076154.174030445] [icp_odometry]: Odom: ratio=0.659374, std dev=0.016319m|0.005160rad, update time=0.039478s delay=0.161208s
[INFO] [1771076154.274312310] [icp_odometry]: Odom: ratio=0.738789, std dev=0.018334m|0.005798rad, update time=0.040620s delay=0.161494s
[INFO] [1771076154.371936471] [icp_odometry]: Odom: ratio=0.645236, std dev=0.015880m|0.005022rad, update time=0.041190s delay=0.159165s
[INFO] [1771076154.471814064] [icp_odometry]: Odom: ratio=0.801420, std dev=0.015553m|0.004918rad, update time=0.040196s delay=0.159116s
[INFO] [1771076154.576112502] [icp_odometry]: Odom: ratio=0.649497, std dev=0.015799m|0.004996rad, update time=0.038704s delay=0.163249s
[INFO] [1771076154.675977966] [icp_odometry]: Odom: ratio=0.709763, std dev=0.019698m|0.006229rad, update time=0.039680s delay=0.163088s
[INFO] [1771076154.772913876] [icp_odometry]: Odom: ratio=0.663736, std dev=0.014830m|0.004690rad, update time=0.037469s delay=0.160115s
[INFO] [1771076154.872593734] [icp_odometry]: Odom: ratio=0.679137, std dev=0.018125m|0.005732rad, update time=0.038439s delay=0.159753s
[INFO] [1771076154.973963193] [icp_odometry]: Odom: ratio=0.659302, std dev=0.016591m|0.005247rad, update time=0.039213s delay=0.161102s
[INFO] [1771076155.068020431] [icp_odometry]: Odom: ratio=0.691014, std dev=0.015996m|0.005058rad, update time=0.035226s delay=0.155102s
[INFO] [1771076155.169594122] [icp_odometry]: Odom: ratio=0.684876, std dev=0.016462m|0.005206rad, update time=0.038607s delay=0.156767s
[INFO] [1771076155.267323919] [icp_odometry]: Odom: ratio=0.676812, std dev=0.017074m|0.005399rad, update time=0.034758s delay=0.154470s
[INFO] [1771076155.372674366] [icp_odometry]: Odom: ratio=0.677029, std dev=0.017465m|0.005523rad, update time=0.039295s delay=0.159926s
[INFO] [1771076155.468281232] [icp_odometry]: Odom: ratio=0.678961, std dev=0.015734m|0.004976rad, update time=0.037105s delay=0.155509s
[INFO] [1771076155.577999657] [icp_odometry]: Odom: ratio=0.681633, std dev=0.017593m|0.005563rad, update time=0.038866s delay=0.165253s
[INFO] [1771076155.674641412] [icp_odometry]: Odom: ratio=0.680000, std dev=0.016450m|0.005202rad, update time=0.041689s delay=0.161704s
[INFO] [1771076155.773689405] [icp_odometry]: Odom: ratio=0.671698, std dev=0.017183m|0.005434rad, update time=0.042896s delay=0.160825s
[INFO] [1771076155.870612546] [icp_odometry]: Odom: ratio=0.665867, std dev=0.017219m|0.005445rad, update time=0.038507s delay=0.157736s
[INFO] [1771076155.971915955] [icp_odometry]: Odom: ratio=0.697301, std dev=0.014629m|0.004626rad, update time=0.036875s delay=0.159160s
[INFO] [1771076156.067232986] [icp_odometry]: Odom: ratio=0.714456, std dev=0.013459m|0.004256rad, update time=0.032765s delay=0.154426s
[INFO] [1771076156.173462187] [icp_odometry]: Odom: ratio=0.701884, std dev=0.013913m|0.004400rad, update time=0.036978s delay=0.160664s
[INFO] [1771076156.275257647] [icp_odometry]: Odom: ratio=0.760048, std dev=0.010907m|0.003449rad, update time=0.038867s delay=0.162407s
[INFO] [1771076156.372860303] [icp_odometry]: Odom: ratio=0.663617, std dev=0.016570m|0.005240rad, update time=0.037582s delay=0.159901s
[INFO] [1771076156.470151587] [icp_odometry]: Odom: ratio=0.694991, std dev=0.013570m|0.004291rad, update time=0.038925s delay=0.157292s
[INFO] [1771076156.572311797] [icp_odometry]: Odom: ratio=0.622532, std dev=0.017856m|0.005646rad, update time=0.038496s delay=0.159391s
[INFO] [1771076156.671345325] [icp_odometry]: Odom: ratio=0.621647, std dev=0.018868m|0.005967rad, update time=0.038609s delay=0.158530s
[INFO] [1771076156.780775323] [icp_odometry]: Odom: ratio=0.579830, std dev=0.018924m|0.005984rad, update time=0.038871s delay=0.167873s
[INFO] [1771076156.882864074] [icp_odometry]: Odom: ratio=0.609321, std dev=0.018311m|0.005790rad, update time=0.043387s delay=0.170047s
[INFO] [1771076156.972659834] [icp_odometry]: Odom: ratio=0.568460, std dev=0.018333m|0.005798rad, update time=0.038992s delay=0.159818s
[INFO] [1771076157.077679868] [icp_odometry]: Odom: ratio=0.556994, std dev=0.017834m|0.005640rad, update time=0.038706s delay=0.164936s
[INFO] [1771076157.174492989] [icp_odometry]: Odom: ratio=0.546676, std dev=0.018669m|0.005904rad, update time=0.039866s delay=0.161567s
[INFO] [1771076157.272062684] [icp_odometry]: Odom: ratio=0.570819, std dev=0.018277m|0.005780rad, update time=0.039045s delay=0.159199s
[INFO] [1771076157.375513153] [icp_odometry]: Odom: ratio=0.600235, std dev=0.018617m|0.005887rad, update time=0.040621s delay=0.162609s
[INFO] [1771076157.479675233] [icp_odometry]: Odom: ratio=0.557230, std dev=0.018645m|0.005896rad, update time=0.040559s delay=0.166840s
[INFO] [1771076157.569742011] [icp_odometry]: Odom: ratio=0.586264, std dev=0.018855m|0.005963rad, update time=0.040024s delay=0.156745s
[INFO] [1771076157.672830033] [icp_odometry]: Odom: ratio=0.558010, std dev=0.018244m|0.005769rad, update time=0.041410s delay=0.159965s
[INFO] [1771076157.770357615] [icp_odometry]: Odom: ratio=0.586320, std dev=0.018438m|0.005831rad, update time=0.037401s delay=0.157453s
[INFO] [1771076157.877386367] [icp_odometry]: Odom: ratio=0.563125, std dev=0.018516m|0.005855rad, update time=0.042325s delay=0.164596s
[INFO] [1771076157.976539803] [icp_odometry]: Odom: ratio=0.585372, std dev=0.018451m|0.005835rad, update time=0.040667s delay=0.163654s
[INFO] [1771076158.068553122] [icp_odometry]: Odom: ratio=0.568198, std dev=0.018233m|0.005766rad, update time=0.037380s delay=0.155719s
[INFO] [1771076158.172111754] [icp_odometry]: Odom: ratio=0.581604, std dev=0.017934m|0.005671rad, update time=0.036649s delay=0.159348s
[INFO] [1771076158.275805656] [icp_odometry]: Odom: ratio=0.568736, std dev=0.018520m|0.005857rad, update time=0.041139s delay=0.162858s
[INFO] [1771076158.386111176] [icp_odometry]: Odom: ratio=0.570539, std dev=0.018154m|0.005741rad, update time=0.046627s delay=0.173221s
[INFO] [1771076158.473549340] [icp_odometry]: Odom: ratio=0.573148, std dev=0.019041m|0.006021rad, update time=0.042847s delay=0.160721s
[INFO] [1771076158.579557892] [icp_odometry]: Odom: ratio=0.563048, std dev=0.019180m|0.006065rad, update time=0.040445s delay=0.166647s
[INFO] [1771076158.673607898] [icp_odometry]: Odom: ratio=0.585856, std dev=0.018760m|0.005932rad, update time=0.038959s delay=0.160749s
[INFO] [1771076158.775398269] [icp_odometry]: Odom: ratio=0.563259, std dev=0.018592m|0.005879rad, update time=0.039599s delay=0.162601s
[INFO] [1771076158.875611587] [icp_odometry]: Odom: ratio=0.577219, std dev=0.018945m|0.005991rad, update time=0.038966s delay=0.162683s
[INFO] [1771076158.978407854] [icp_odometry]: Odom: ratio=0.565556, std dev=0.018627m|0.005890rad, update time=0.041295s delay=0.165593s
[INFO] [1771076159.071970513] [icp_odometry]: Odom: ratio=0.595846, std dev=0.018263m|0.005775rad, update time=0.036834s delay=0.159036s
[INFO] [1771076159.169462861] [icp_odometry]: Odom: ratio=0.568591, std dev=0.019622m|0.006205rad, update time=0.036892s delay=0.156643s
[INFO] [1771076159.282702895] [icp_odometry]: Odom: ratio=0.595969, std dev=0.017823m|0.005636rad, update time=0.041431s delay=0.169670s
[INFO] [1771076159.366618970] [icp_odometry]: Odom: ratio=0.565258, std dev=0.019240m|0.006084rad, update time=0.035357s delay=0.153659s
[INFO] [1771076159.481256883] [icp_odometry]: Odom: ratio=0.593308, std dev=0.018449m|0.005834rad, update time=0.043217s delay=0.168312s
[INFO] [1771076159.573605478] [icp_odometry]: Odom: ratio=0.568352, std dev=0.018144m|0.005738rad, update time=0.038354s delay=0.160637s
[INFO] [1771076159.668863979] [icp_odometry]: Odom: ratio=0.579762, std dev=0.018742m|0.005927rad, update time=0.038163s delay=0.155960s
[INFO] [1771076159.775788983] [icp_odometry]: Odom: ratio=0.582846, std dev=0.018187m|0.005751rad, update time=0.040144s delay=0.162911s
[INFO] [1771076159.876012957] [icp_odometry]: Odom: ratio=0.575963, std dev=0.019095m|0.006038rad, update time=0.038768s delay=0.163205s
[INFO] [1771076159.977434162] [icp_odometry]: Odom: ratio=0.580189, std dev=0.019171m|0.006062rad, update time=0.042033s delay=0.164383s
[INFO] [1771076160.068413616] [icp_odometry]: Odom: ratio=0.577586, std dev=0.018653m|0.005899rad, update time=0.036741s delay=0.155525s
[INFO] [1771076160.178444789] [icp_odometry]: Odom: ratio=0.563619, std dev=0.019730m|0.006239rad, update time=0.043340s delay=0.165440s
[INFO] [1771076160.276485415] [icp_odometry]: Odom: ratio=0.579049, std dev=0.019210m|0.006075rad, update time=0.040436s delay=0.163547s
[INFO] [1771076160.379208847] [icp_odometry]: Odom: ratio=0.559942, std dev=0.019206m|0.006074rad, update time=0.040419s delay=0.166363s
[INFO] [1771076160.473364937] [icp_odometry]: Odom: ratio=0.580946, std dev=0.018999m|0.006008rad, update time=0.040281s delay=0.160532s
[INFO] [1771076160.573695315] [icp_odometry]: Odom: ratio=0.566548, std dev=0.018991m|0.006006rad, update time=0.038878s delay=0.160941s
[INFO] [1771076160.674043103] [icp_odometry]: Odom: ratio=0.583940, std dev=0.019296m|0.006102rad, update time=0.041731s delay=0.161028s
[INFO] [1771076160.768512453] [icp_odometry]: Odom: ratio=0.573010, std dev=0.019584m|0.006193rad, update time=0.037790s delay=0.155530s
[INFO] [1771076160.872051661] [icp_odometry]: Odom: ratio=0.593743, std dev=0.019019m|0.006014rad, update time=0.036756s delay=0.159222s
[INFO] [1771076160.977459773] [icp_odometry]: Odom: ratio=0.559258, std dev=0.019128m|0.006049rad, update time=0.039493s delay=0.164625s
[INFO] [1771076161.076598266] [icp_odometry]: Odom: ratio=0.595458, std dev=0.018923m|0.005984rad, update time=0.042605s delay=0.163628s
[INFO] [1771076161.178387549] [icp_odometry]: Odom: ratio=0.584222, std dev=0.018852m|0.005962rad, update time=0.042829s delay=0.165414s
[INFO] [1771076161.276248008] [icp_odometry]: Odom: ratio=0.594879, std dev=0.017960m|0.005679rad, update time=0.041420s delay=0.163403s
[INFO] [1771076161.375348642] [icp_odometry]: Odom: ratio=0.572229, std dev=0.018519m|0.005856rad, update time=0.038668s delay=0.162408s
[INFO] [1771076161.470552837] [icp_odometry]: Odom: ratio=0.596233, std dev=0.018700m|0.005913rad, update time=0.040222s delay=0.157698s
[INFO] [1771076161.583197136] [icp_odometry]: Odom: ratio=0.559196, std dev=0.019166m|0.006061rad, update time=0.046601s delay=0.170400s
[INFO] [1771076161.673827936] [icp_odometry]: Odom: ratio=0.574118, std dev=0.018859m|0.005964rad, update time=0.043131s delay=0.160916s
[INFO] [1771076161.769875172] [icp_odometry]: Odom: ratio=0.565332, std dev=0.019142m|0.006053rad, update time=0.037456s delay=0.157043s
[INFO] [1771076161.869036353] [icp_odometry]: Odom: ratio=0.542598, std dev=0.019366m|0.006124rad, update time=0.038514s delay=0.156101s
[INFO] [1771076161.966670306] [icp_odometry]: Odom: ratio=0.569654, std dev=0.018593m|0.005880rad, update time=0.034826s delay=0.153683s
[INFO] [1771076162.077966905] [icp_odometry]: Odom: ratio=0.547033, std dev=0.018761m|0.005933rad, update time=0.041530s delay=0.165054s
[INFO] [1771076162.166683487] [icp_odometry]: Odom: ratio=0.596363, std dev=0.018498m|0.005850rad, update time=0.035298s delay=0.153823s
[INFO] [1771076162.275074244] [icp_odometry]: Odom: ratio=0.546994, std dev=0.018180m|0.005749rad, update time=0.039570s delay=0.162094s
[INFO] [1771076162.384317994] [icp_odometry]: Odom: ratio=0.576996, std dev=0.018526m|0.005858rad, update time=0.044908s delay=0.171262s
[INFO] [1771076162.472309907] [icp_odometry]: Odom: ratio=0.546850, std dev=0.019594m|0.006196rad, update time=0.039649s delay=0.159352s
[INFO] [1771076162.573302392] [icp_odometry]: Odom: ratio=0.559259, std dev=0.018659m|0.005900rad, update time=0.040749s delay=0.160294s
[INFO] [1771076162.676038273] [icp_odometry]: Odom: ratio=0.534432, std dev=0.018126m|0.005732rad, update time=0.040200s delay=0.163039s
[INFO] [1771076162.780701940] [icp_odometry]: Odom: ratio=0.550172, std dev=0.019454m|0.006152rad, update time=0.041958s delay=0.167827s
[INFO] [1771076162.874427517] [icp_odometry]: Odom: ratio=0.528918, std dev=0.018700m|0.005914rad, update time=0.041887s delay=0.161394s
[INFO] [1771076162.978549596] [icp_odometry]: Odom: ratio=0.525450, std dev=0.018632m|0.005892rad, update time=0.041375s delay=0.165719s
[INFO] [1771076163.082586231] [icp_odometry]: Odom: ratio=0.509001, std dev=0.018815m|0.005950rad, update time=0.043274s delay=0.169529s
[INFO] [1771076163.177285062] [icp_odometry]: Odom: ratio=0.523561, std dev=0.018355m|0.005804rad, update time=0.043969s delay=0.164451s
[INFO] [1771076163.270167214] [icp_odometry]: Odom: ratio=0.499772, std dev=0.018929m|0.005986rad, update time=0.039636s delay=0.157323s
[INFO] [1771076163.374707645] [icp_odometry]: Odom: ratio=0.521120, std dev=0.019589m|0.006195rad, update time=0.041144s delay=0.161693s
[INFO] [1771076163.476620326] [icp_odometry]: Odom: ratio=0.495227, std dev=0.018472m|0.005841rad, update time=0.039645s delay=0.163708s
[INFO] [1771076163.573338563] [icp_odometry]: Odom: ratio=0.510673, std dev=0.018602m|0.005882rad, update time=0.039812s delay=0.160483s
[INFO] [1771076163.683513102] [icp_odometry]: Odom: ratio=0.505164, std dev=0.018819m|0.005951rad, update time=0.045230s delay=0.170540s
[INFO] [1771076163.775977414] [icp_odometry]: Odom: ratio=0.513039, std dev=0.019093m|0.006038rad, update time=0.038617s delay=0.162908s
[INFO] [1771076163.870962816] [icp_odometry]: Odom: ratio=0.500922, std dev=0.019593m|0.006196rad, update time=0.040553s delay=0.158041s
[INFO] [1771076163.975829820] [icp_odometry]: Odom: ratio=0.501243, std dev=0.018874m|0.005968rad, update time=0.044766s delay=0.162886s
[INFO] [1771076164.075992096] [icp_odometry]: Odom: ratio=0.497599, std dev=0.018796m|0.005944rad, update time=0.040586s delay=0.163089s
[INFO] [1771076164.171961569] [icp_odometry]: Odom: ratio=0.483089, std dev=0.018991m|0.006006rad, update time=0.038495s delay=0.158937s
[INFO] [1771076164.279647946] [icp_odometry]: Odom: ratio=0.482364, std dev=0.018474m|0.005842rad, update time=0.043657s delay=0.166688s
[INFO] [1771076164.373442358] [icp_odometry]: Odom: ratio=0.482751, std dev=0.018646m|0.005896rad, update time=0.040240s delay=0.160586s
[INFO] [1771076164.474985744] [icp_odometry]: Odom: ratio=0.491697, std dev=0.018488m|0.005846rad, update time=0.040750s delay=0.162070s
[INFO] [1771076164.574595038] [icp_odometry]: Odom: ratio=0.472973, std dev=0.018740m|0.005926rad, update time=0.042912s delay=0.161809s
[INFO] [1771076164.677165345] [icp_odometry]: Odom: ratio=0.480290, std dev=0.019174m|0.006063rad, update time=0.043702s delay=0.164127s
[INFO] [1771076164.776897748] [icp_odometry]: Odom: ratio=0.473387, std dev=0.019084m|0.006035rad, update time=0.040280s delay=0.163937s
[INFO] [1771076164.874461683] [icp_odometry]: Odom: ratio=0.466987, std dev=0.018851m|0.005961rad, update time=0.038175s delay=0.161501s
[INFO] [1771076164.973075738] [icp_odometry]: Odom: ratio=0.480981, std dev=0.018409m|0.005822rad, update time=0.042059s delay=0.160116s
[INFO] [1771076165.066943177] [icp_odometry]: Odom: ratio=0.461609, std dev=0.018564m|0.005871rad, update time=0.037438s delay=0.153928s
[INFO] [1771076165.173993210] [icp_odometry]: Odom: ratio=0.479191, std dev=0.018911m|0.005980rad, update time=0.038072s delay=0.161037s
[INFO] [1771076165.270399179] [icp_odometry]: Odom: ratio=0.447001, std dev=0.018932m|0.005987rad, update time=0.037019s delay=0.157397s
[INFO] [1771076165.375967394] [icp_odometry]: Odom: ratio=0.480936, std dev=0.018932m|0.005987rad, update time=0.040851s delay=0.162938s
[INFO] [1771076165.477418905] [icp_odometry]: Odom: ratio=0.462554, std dev=0.019047m|0.006023rad, update time=0.039019s delay=0.164455s
[INFO] [1771076165.572161962] [icp_odometry]: Odom: ratio=0.492380, std dev=0.018759m|0.005932rad, update time=0.036815s delay=0.159235s
[INFO] [1771076165.674548132] [icp_odometry]: Odom: ratio=0.473178, std dev=0.018684m|0.005908rad, update time=0.040560s delay=0.161705s
[INFO] [1771076165.775314560] [icp_odometry]: Odom: ratio=0.483813, std dev=0.019076m|0.006032rad, update time=0.039073s delay=0.162304s
[INFO] [1771076165.874871341] [icp_odometry]: Odom: ratio=0.469839, std dev=0.019125m|0.006048rad, update time=0.039584s delay=0.161879s
[INFO] [1771076165.969832038] [icp_odometry]: Odom: ratio=0.481724, std dev=0.018467m|0.005840rad, update time=0.039985s delay=0.157058s
[INFO] [1771076166.068895551] [icp_odometry]: Odom: ratio=0.478201, std dev=0.019117m|0.006045rad, update time=0.038128s delay=0.155913s
[INFO] [1771076166.175625443] [icp_odometry]: Odom: ratio=0.481016, std dev=0.018880m|0.005970rad, update time=0.038970s delay=0.162713s
[INFO] [1771076166.268983742] [icp_odometry]: Odom: ratio=0.479417, std dev=0.018600m|0.005882rad, update time=0.033706s delay=0.155982s
[INFO] [1771076166.379138280] [icp_odometry]: Odom: ratio=0.475474, std dev=0.019112m|0.006044rad, update time=0.041270s delay=0.166155s
[INFO] [1771076166.472340317] [icp_odometry]: Odom: ratio=0.477646, std dev=0.018935m|0.005988rad, update time=0.040089s delay=0.159381s
[INFO] [1771076166.575896773] [icp_odometry]: Odom: ratio=0.476313, std dev=0.019631m|0.006208rad, update time=0.040705s delay=0.162953s
[INFO] [1771076166.674255939] [icp_odometry]: Odom: ratio=0.488808, std dev=0.018988m|0.006005rad, update time=0.038094s delay=0.161350s
[INFO] [1771076166.783783701] [icp_odometry]: Odom: ratio=0.467190, std dev=0.019285m|0.006098rad, update time=0.042412s delay=0.170726s
[INFO] [1771076166.879381863] [icp_odometry]: Odom: ratio=0.484342, std dev=0.018998m|0.006008rad, update time=0.042701s delay=0.166329s
[INFO] [1771076166.972763970] [icp_odometry]: Odom: ratio=0.479440, std dev=0.018957m|0.005995rad, update time=0.041543s delay=0.159875s
[INFO] [1771076167.073379928] [icp_odometry]: Odom: ratio=0.485349, std dev=0.018437m|0.005830rad, update time=0.042968s delay=0.160307s
[INFO] [1771076167.175912825] [icp_odometry]: Odom: ratio=0.480624, std dev=0.019199m|0.006071rad, update time=0.041688s delay=0.163028s
[INFO] [1771076167.276213218] [icp_odometry]: Odom: ratio=0.498135, std dev=0.018985m|0.006004rad, update time=0.041395s delay=0.163119s
[INFO] [1771076167.372857789] [icp_odometry]: Odom: ratio=0.496045, std dev=0.018656m|0.005900rad, update time=0.040272s delay=0.159757s
[INFO] [1771076167.480137239] [icp_odometry]: Odom: ratio=0.488750, std dev=0.019002m|0.006009rad, update time=0.039968s delay=0.167045s
[INFO] [1771076167.572760949] [icp_odometry]: Odom: ratio=0.485535, std dev=0.018588m|0.005878rad, update time=0.040598s delay=0.159875s
[INFO] [1771076167.672541450] [icp_odometry]: Odom: ratio=0.475468, std dev=0.019085m|0.006035rad, update time=0.037603s delay=0.159619s
[INFO] [1771076167.773855771] [icp_odometry]: Odom: ratio=0.485983, std dev=0.018842m|0.005958rad, update time=0.037662s delay=0.160942s
[INFO] [1771076167.878899166] [icp_odometry]: Odom: ratio=0.470575, std dev=0.018721m|0.005920rad, update time=0.040488s delay=0.165799s
[INFO] [1771076167.968067221] [icp_odometry]: Odom: ratio=0.491232, std dev=0.018781m|0.005939rad, update time=0.039713s delay=0.155101s
[INFO] [1771076168.075997640] [icp_odometry]: Odom: ratio=0.477313, std dev=0.018700m|0.005913rad, update time=0.044408s delay=0.163060s
[INFO] [1771076168.174438313] [icp_odometry]: Odom: ratio=0.504693, std dev=0.019351m|0.006119rad, update time=0.039083s delay=0.161392s
[INFO] [1771076168.273560485] [icp_odometry]: Odom: ratio=0.485261, std dev=0.019112m|0.006044rad, update time=0.040826s delay=0.160541s
[INFO] [1771076168.374083223] [icp_odometry]: Odom: ratio=0.501094, std dev=0.019145m|0.006054rad, update time=0.036775s delay=0.161172s
[INFO] [1771076168.475748054] [icp_odometry]: Odom: ratio=0.492507, std dev=0.019264m|0.006092rad, update time=0.040394s delay=0.162988s
[INFO] [1771076168.572037539] [icp_odometry]: Odom: ratio=0.497290, std dev=0.018672m|0.005905rad, update time=0.036801s delay=0.159028s
[INFO] [1771076168.683653094] [icp_odometry]: Odom: ratio=0.489138, std dev=0.018870m|0.005967rad, update time=0.043010s delay=0.170715s
[INFO] [1771076168.775585993] [icp_odometry]: Odom: ratio=0.487115, std dev=0.018703m|0.005914rad, update time=0.038979s delay=0.162809s
[INFO] [1771076168.874234066] [icp_odometry]: Odom: ratio=0.487727, std dev=0.019187m|0.006067rad, update time=0.039606s delay=0.161159s
[INFO] [1771076168.976594476] [icp_odometry]: Odom: ratio=0.489482, std dev=0.018947m|0.005992rad, update time=0.042665s delay=0.163686s
[INFO] [1771076169.079016872] [icp_odometry]: Odom: ratio=0.486982, std dev=0.018800m|0.005945rad, update time=0.041269s delay=0.166072s
[INFO] [1771076169.173305927] [icp_odometry]: Odom: ratio=0.483893, std dev=0.019244m|0.006086rad, update time=0.041030s delay=0.160275s
[INFO] [1771076169.277698992] [icp_odometry]: Odom: ratio=0.488603, std dev=0.018970m|0.005999rad, update time=0.040429s delay=0.164619s
[INFO] [1771076169.380946541] [icp_odometry]: Odom: ratio=0.476351, std dev=0.018978m|0.006001rad, update time=0.039755s delay=0.167872s
[INFO] [1771076169.475006595] [icp_odometry]: Odom: ratio=0.487283, std dev=0.018905m|0.005978rad, update time=0.039663s delay=0.161909s
[INFO] [1771076169.576066058] [icp_odometry]: Odom: ratio=0.482175, std dev=0.018858m|0.005964rad, update time=0.040451s delay=0.162955s
[INFO] [1771076169.668898576] [icp_odometry]: Odom: ratio=0.505919, std dev=0.019068m|0.006030rad, update time=0.036951s delay=0.155920s
[INFO] [1771076169.773864048] [icp_odometry]: Odom: ratio=0.490411, std dev=0.019103m|0.006041rad, update time=0.037053s delay=0.160845s
[INFO] [1771076169.866840987] [icp_odometry]: Odom: ratio=0.498282, std dev=0.018912m|0.005981rad, update time=0.035521s delay=0.153751s
[INFO] [1771076169.974106197] [icp_odometry]: Odom: ratio=0.485821, std dev=0.018413m|0.005823rad, update time=0.037234s delay=0.161141s
[INFO] [1771076170.071398441] [icp_odometry]: Odom: ratio=0.485494, std dev=0.018613m|0.005886rad, update time=0.040795s delay=0.158476s
[INFO] [1771076170.173856390] [icp_odometry]: Odom: ratio=0.484462, std dev=0.018743m|0.005927rad, update time=0.038785s delay=0.160793s
[INFO] [1771076170.279225718] [icp_odometry]: Odom: ratio=0.500000, std dev=0.018482m|0.005845rad, update time=0.041139s delay=0.166237s
[INFO] [1771076170.374194863] [icp_odometry]: Odom: ratio=0.482268, std dev=0.018868m|0.005967rad, update time=0.037559s delay=0.161261s
[INFO] [1771076170.475703336] [icp_odometry]: Odom: ratio=0.491132, std dev=0.018642m|0.005895rad, update time=0.039812s delay=0.162641s
[INFO] [1771076170.584071340] [icp_odometry]: Odom: ratio=0.503140, std dev=0.019895m|0.006291rad, update time=0.048437s delay=0.171125s
[INFO] [1771076170.671368410] [icp_odometry]: Odom: ratio=0.524785, std dev=0.019286m|0.006099rad, update time=0.038252s delay=0.158387s
[INFO] [1771076170.775949867] [icp_odometry]: Odom: ratio=0.504960, std dev=0.019559m|0.006185rad, update time=0.041282s delay=0.162937s
[INFO] [1771076170.873259264] [icp_odometry]: Odom: ratio=0.528024, std dev=0.018843m|0.005959rad, update time=0.037676s delay=0.160214s
[INFO] [1771076170.976344310] [icp_odometry]: Odom: ratio=0.498387, std dev=0.019091m|0.006037rad, update time=0.040922s delay=0.163327s
[INFO] [1771076171.070047038] [icp_odometry]: Odom: ratio=0.522014, std dev=0.018710m|0.005917rad, update time=0.038988s delay=0.157222s
[INFO] [1771076171.170592753] [icp_odometry]: Odom: ratio=0.500230, std dev=0.019580m|0.006192rad, update time=0.039236s delay=0.157690s
[INFO] [1771076171.273715049] [icp_odometry]: Odom: ratio=0.519126, std dev=0.019245m|0.006086rad, update time=0.043253s delay=0.160643s
[INFO] [1771076171.375415849] [icp_odometry]: Odom: ratio=0.495870, std dev=0.019004m|0.006010rad, update time=0.045089s delay=0.162493s
[INFO] [1771076171.467898369] [icp_odometry]: Odom: ratio=0.496411, std dev=0.019723m|0.006237rad, update time=0.036495s delay=0.154841s
[INFO] [1771076171.579545158] [icp_odometry]: Odom: ratio=0.487156, std dev=0.018968m|0.005998rad, update time=0.041646s delay=0.166492s
[INFO] [1771076171.672492752] [icp_odometry]: Odom: ratio=0.489895, std dev=0.019300m|0.006103rad, update time=0.039070s delay=0.159460s
[INFO] [1771076171.776938300] [icp_odometry]: Odom: ratio=0.484166, std dev=0.018581m|0.005876rad, update time=0.036636s delay=0.163941s
[INFO] [1771076171.873725500] [icp_odometry]: Odom: ratio=0.484751, std dev=0.018598m|0.005881rad, update time=0.040969s delay=0.160601s
[INFO] [1771076171.978087972] [icp_odometry]: Odom: ratio=0.492230, std dev=0.019275m|0.006095rad, update time=0.040138s delay=0.165121s
[INFO] [1771076172.084392376] [icp_odometry]: Odom: ratio=0.494513, std dev=0.018765m|0.005934rad, update time=0.043173s delay=0.171438s
[INFO] [1771076172.174873378] [icp_odometry]: Odom: ratio=0.477941, std dev=0.018780m|0.005939rad, update time=0.039673s delay=0.161713s
[INFO] [1771076172.272488387] [icp_odometry]: Odom: ratio=0.490553, std dev=0.019123m|0.006047rad, update time=0.041925s delay=0.159403s
[INFO] [1771076172.380343347] [icp_odometry]: Odom: ratio=0.491669, std dev=0.019935m|0.006304rad, update time=0.046466s delay=0.167309s
[INFO] [1771076172.475345390] [icp_odometry]: Odom: ratio=0.482989, std dev=0.018764m|0.005934rad, update time=0.037721s delay=0.162276s
[INFO] [1771076172.585093800] [icp_odometry]: Odom: ratio=0.485835, std dev=0.019113m|0.006044rad, update time=0.046003s delay=0.172097s
[INFO] [1771076172.673971412] [icp_odometry]: Odom: ratio=0.493645, std dev=0.019630m|0.006208rad, update time=0.040926s delay=0.160934s
[INFO] [1771076172.768793864] [icp_odometry]: Odom: ratio=0.492695, std dev=0.019038m|0.006020rad, update time=0.038724s delay=0.155850s
[INFO] [1771076172.873869452] [icp_odometry]: Odom: ratio=0.484441, std dev=0.019155m|0.006057rad, update time=0.036298s delay=0.160832s
[INFO] [1771076172.973822536] [icp_odometry]: Odom: ratio=0.488074, std dev=0.019770m|0.006252rad, update time=0.040557s delay=0.160989s
[INFO] [1771076173.074478527] [icp_odometry]: Odom: ratio=0.492986, std dev=0.019776m|0.006254rad, update time=0.041755s delay=0.161522s
[INFO] [1771076173.175656651] [icp_odometry]: Odom: ratio=0.495223, std dev=0.019425m|0.006143rad, update time=0.040507s delay=0.162687s
[INFO] [1771076173.274490011] [icp_odometry]: Odom: ratio=0.496109, std dev=0.019489m|0.006163rad, update time=0.042241s delay=0.161597s
[INFO] [1771076173.375813837] [icp_odometry]: Odom: ratio=0.484268, std dev=0.019414m|0.006139rad, update time=0.039385s delay=0.162763s
[INFO] [1771076173.479038824] [icp_odometry]: Odom: ratio=0.489832, std dev=0.019751m|0.006246rad, update time=0.042758s delay=0.166008s
[INFO] [1771076173.575930893] [icp_odometry]: Odom: ratio=0.488409, std dev=0.019321m|0.006110rad, update time=0.040294s delay=0.162892s
[INFO] [1771076173.671764104] [icp_odometry]: Odom: ratio=0.490087, std dev=0.019267m|0.006093rad, update time=0.036287s delay=0.158737s
[INFO] [1771076173.777866004] [icp_odometry]: Odom: ratio=0.490346, std dev=0.018949m|0.005992rad, update time=0.037640s delay=0.164885s
[INFO] [1771076173.879572308] [icp_odometry]: Odom: ratio=0.485411, std dev=0.019189m|0.006068rad, update time=0.040914s delay=0.166412s
[INFO] [1771076173.972391194] [icp_odometry]: Odom: ratio=0.477876, std dev=0.018910m|0.005980rad, update time=0.037491s delay=0.159357s
[INFO] [1771076174.070944383] [icp_odometry]: Odom: ratio=0.488570, std dev=0.019216m|0.006077rad, update time=0.039363s delay=0.157954s
[INFO] [1771076174.175754649] [icp_odometry]: Odom: ratio=0.476424, std dev=0.019117m|0.006045rad, update time=0.039736s delay=0.162810s
[INFO] [1771076174.279868407] [icp_odometry]: Odom: ratio=0.482068, std dev=0.019529m|0.006176rad, update time=0.041911s delay=0.166864s
[INFO] [1771076174.372619162] [icp_odometry]: Odom: ratio=0.469766, std dev=0.019457m|0.006153rad, update time=0.042352s delay=0.159610s
[INFO] [1771076174.475840373] [icp_odometry]: Odom: ratio=0.470431, std dev=0.018771m|0.005936rad, update time=0.041411s delay=0.162854s
[INFO] [1771076174.571054808] [icp_odometry]: Odom: ratio=0.469542, std dev=0.018883m|0.005971rad, update time=0.038550s delay=0.158059s
[INFO] [1771076174.675245178] [icp_odometry]: Odom: ratio=0.465137, std dev=0.019326m|0.006111rad, update time=0.040625s delay=0.162227s
[INFO] [1771076174.774691170] [icp_odometry]: Odom: ratio=0.466948, std dev=0.019265m|0.006092rad, update time=0.039689s delay=0.161610s
[INFO] [1771076174.874307505] [icp_odometry]: Odom: ratio=0.469666, std dev=0.019635m|0.006209rad, update time=0.040870s delay=0.161324s
[INFO] [1771076174.971998260] [icp_odometry]: Odom: ratio=0.447738, std dev=0.019486m|0.006162rad, update time=0.040912s delay=0.159123s
[INFO] [1771076175.073226882] [icp_odometry]: Odom: ratio=0.442226, std dev=0.019768m|0.006251rad, update time=0.038082s delay=0.160190s
[INFO] [1771076175.174777981] [icp_odometry]: Odom: ratio=0.443824, std dev=0.019503m|0.006167rad, update time=0.040008s delay=0.161865s
[INFO] [1771076175.275352977] [icp_odometry]: Odom: ratio=0.430646, std dev=0.019566m|0.006187rad, update time=0.038116s delay=0.162166s
[INFO] [1771076175.373067989] [icp_odometry]: Odom: ratio=0.446910, std dev=0.019947m|0.006308rad, update time=0.042004s delay=0.159981s
[INFO] [1771076175.467565852] [icp_odometry]: Odom: ratio=0.443902, std dev=0.020060m|0.006344rad, update time=0.039070s delay=0.154566s
[INFO] [1771076175.577451068] [icp_odometry]: Odom: ratio=0.448724, std dev=0.019968m|0.006314rad, update time=0.044586s delay=0.164386s
[INFO] [1771076175.672039207] [icp_odometry]: Odom: ratio=0.436533, std dev=0.019623m|0.006205rad, update time=0.041047s delay=0.159149s
[INFO] [1771076175.783922740] [icp_odometry]: Odom: ratio=0.439364, std dev=0.020370m|0.006441rad, update time=0.044907s delay=0.170796s
[INFO] [1771076175.877307216] [icp_odometry]: Odom: ratio=0.437876, std dev=0.020615m|0.006519rad, update time=0.042369s delay=0.164224s
[INFO] [1771076175.973370292] [icp_odometry]: Odom: ratio=0.427055, std dev=0.019794m|0.006259rad, update time=0.040232s delay=0.160469s
[INFO] [1771076176.074857708] [icp_odometry]: Odom: ratio=0.426515, std dev=0.020808m|0.006580rad, update time=0.041516s delay=0.161665s
[INFO] [1771076176.175055313] [icp_odometry]: Odom: ratio=0.426832, std dev=0.020740m|0.006559rad, update time=0.039868s delay=0.162011s
[INFO] [1771076176.274881320] [icp_odometry]: Odom: ratio=0.427427, std dev=0.019861m|0.006281rad, update time=0.039345s delay=0.161954s
[INFO] [1771076176.378694363] [icp_odometry]: Odom: ratio=0.435564, std dev=0.019534m|0.006177rad, update time=0.042921s delay=0.165754s
[INFO] [1771076176.469167173] [icp_odometry]: Odom: ratio=0.433154, std dev=0.020292m|0.006417rad, update time=0.039650s delay=0.156259s
[INFO] [1771076176.573324869] [icp_odometry]: Odom: ratio=0.440117, std dev=0.019455m|0.006152rad, update time=0.040130s delay=0.160173s
[INFO] [1771076176.683616852] [icp_odometry]: Odom: ratio=0.423744, std dev=0.019650m|0.006214rad, update time=0.041967s delay=0.170569s
[INFO] [1771076176.776389944] [icp_odometry]: Odom: ratio=0.426309, std dev=0.019675m|0.006222rad, update time=0.040084s delay=0.163436s
[INFO] [1771076176.874000665] [icp_odometry]: Odom: ratio=0.409008, std dev=0.019300m|0.006103rad, update time=0.039156s delay=0.161004s
[INFO] [1771076176.976411829] [icp_odometry]: Odom: ratio=0.413738, std dev=0.019621m|0.006205rad, update time=0.041887s delay=0.163286s
[INFO] [1771076177.078334813] [icp_odometry]: Odom: ratio=0.411988, std dev=0.018538m|0.005862rad, update time=0.041509s delay=0.165235s
[INFO] [1771076177.174241340] [icp_odometry]: Odom: ratio=0.413530, std dev=0.018763m|0.005933rad, update time=0.042007s delay=0.161195s
[INFO] [1771076177.282013417] [icp_odometry]: Odom: ratio=0.414344, std dev=0.019009m|0.006011rad, update time=0.041849s delay=0.168859s
[INFO] [1771076177.374481857] [icp_odometry]: Odom: ratio=0.408905, std dev=0.019054m|0.006025rad, update time=0.041817s delay=0.161380s
[INFO] [1771076177.474210452] [icp_odometry]: Odom: ratio=0.422491, std dev=0.019332m|0.006113rad, update time=0.038979s delay=0.161062s
[INFO] [1771076177.574252019] [icp_odometry]: Odom: ratio=0.415313, std dev=0.019213m|0.006076rad, update time=0.039362s delay=0.161209s
[INFO] [1771076177.672513389] [icp_odometry]: Odom: ratio=0.417793, std dev=0.018876m|0.005969rad, update time=0.041596s delay=0.159555s
[INFO] [1771076177.778948134] [icp_odometry]: Odom: ratio=0.421543, std dev=0.018769m|0.005935rad, update time=0.042018s delay=0.166011s
[INFO] [1771076177.874576345] [icp_odometry]: Odom: ratio=0.415846, std dev=0.018808m|0.005948rad, update time=0.037722s delay=0.161445s
[INFO] [1771076177.968790933] [icp_odometry]: Odom: ratio=0.406539, std dev=0.018451m|0.005835rad, update time=0.036497s delay=0.155786s
[INFO] [1771076178.075352307] [icp_odometry]: Odom: ratio=0.424854, std dev=0.019222m|0.006078rad, update time=0.040433s delay=0.162453s
[INFO] [1771076178.172475361] [icp_odometry]: Odom: ratio=0.417735, std dev=0.019187m|0.006068rad, update time=0.037134s delay=0.159703s
[INFO] [1771076178.273230236] [icp_odometry]: Odom: ratio=0.419502, std dev=0.019180m|0.006065rad, update time=0.039611s delay=0.160237s
[INFO] [1771076178.381552414] [icp_odometry]: Odom: ratio=0.417048, std dev=0.019425m|0.006143rad, update time=0.043739s delay=0.168595s
[INFO] [1771076178.477342552] [icp_odometry]: Odom: ratio=0.410081, std dev=0.018950m|0.005993rad, update time=0.039792s delay=0.164300s
[INFO] [1771076178.568537406] [icp_odometry]: Odom: ratio=0.417940, std dev=0.019336m|0.006115rad, update time=0.038920s delay=0.155626s
[INFO] [1771076178.684130556] [icp_odometry]: Odom: ratio=0.412418, std dev=0.018882m|0.005971rad, update time=0.047076s delay=0.171267s
[INFO] [1771076178.774438176] [icp_odometry]: Odom: ratio=0.420405, std dev=0.019161m|0.006059rad, update time=0.040293s delay=0.161372s
[INFO] [1771076178.878605953] [icp_odometry]: Odom: ratio=0.413642, std dev=0.019532m|0.006177rad, update time=0.042300s delay=0.165533s
[INFO] [1771076178.976465163] [icp_odometry]: Odom: ratio=0.417433, std dev=0.019222m|0.006078rad, update time=0.039812s delay=0.163542s
[INFO] [1771076179.082393392] [icp_odometry]: Odom: ratio=0.435455, std dev=0.019532m|0.006176rad, update time=0.042209s delay=0.169261s
[INFO] [1771076179.176256894] [icp_odometry]: Odom: ratio=0.441953, std dev=0.019220m|0.006078rad, update time=0.042604s delay=0.163197s
[INFO] [1771076179.279322996] [icp_odometry]: Odom: ratio=0.425668, std dev=0.019311m|0.006107rad, update time=0.041286s delay=0.166176s
[INFO] [1771076179.378915810] [icp_odometry]: Odom: ratio=0.441590, std dev=0.019129m|0.006049rad, update time=0.037773s delay=0.165753s
[INFO] [1771076179.473873019] [icp_odometry]: Odom: ratio=0.425373, std dev=0.019000m|0.006008rad, update time=0.040603s delay=0.160802s
[INFO] [1771076179.577934967] [icp_odometry]: Odom: ratio=0.428293, std dev=0.019211m|0.006075rad, update time=0.040907s delay=0.164861s
[INFO] [1771076179.675127303] [icp_odometry]: Odom: ratio=0.435926, std dev=0.019152m|0.006056rad, update time=0.039065s delay=0.161904s
[INFO] [1771076179.771242765] [icp_odometry]: Odom: ratio=0.444544, std dev=0.019177m|0.006064rad, update time=0.038908s delay=0.158049s
[INFO] [1771076179.874434056] [icp_odometry]: Odom: ratio=0.432677, std dev=0.018787m|0.005941rad, update time=0.037296s delay=0.161281s
[INFO] [1771076179.977743943] [icp_odometry]: Odom: ratio=0.433966, std dev=0.019022m|0.006015rad, update time=0.040120s delay=0.164713s
[INFO] [1771076180.075174752] [icp_odometry]: Odom: ratio=0.424105, std dev=0.018613m|0.005886rad, update time=0.039011s delay=0.161983s
[INFO] [1771076180.175811159] [icp_odometry]: Odom: ratio=0.418949, std dev=0.019855m|0.006279rad, update time=0.041466s delay=0.162729s
[INFO] [1771076180.272252778] [icp_odometry]: Odom: ratio=0.443995, std dev=0.019485m|0.006162rad, update time=0.039165s delay=0.159308s
[INFO] [1771076180.381892672] [icp_odometry]: Odom: ratio=0.435734, std dev=0.018889m|0.005973rad, update time=0.045972s delay=0.168688s
[INFO] [1771076180.480479494] [icp_odometry]: Odom: ratio=0.440045, std dev=0.019139m|0.006052rad, update time=0.040049s delay=0.167347s
[INFO] [1771076180.571671085] [icp_odometry]: Odom: ratio=0.448684, std dev=0.018858m|0.005964rad, update time=0.042497s delay=0.158643s
[INFO] [1771076180.675700616] [icp_odometry]: Odom: ratio=0.445719, std dev=0.018783m|0.005940rad, update time=0.042622s delay=0.162686s
[INFO] [1771076180.780332570] [icp_odometry]: Odom: ratio=0.445294, std dev=0.019780m|0.006255rad, update time=0.041630s delay=0.167284s
[INFO] [1771076180.873674356] [icp_odometry]: Odom: ratio=0.431942, std dev=0.019615m|0.006203rad, update time=0.042338s delay=0.160497s
[INFO] [1771076180.977563050] [icp_odometry]: Odom: ratio=0.455467, std dev=0.019206m|0.006073rad, update time=0.045724s delay=0.164611s
[INFO] [1771076181.075627964] [icp_odometry]: Odom: ratio=0.447673, std dev=0.019226m|0.006080rad, update time=0.040989s delay=0.162645s
[INFO] [1771076181.176969646] [icp_odometry]: Odom: ratio=0.443449, std dev=0.019228m|0.006080rad, update time=0.039512s delay=0.164043s
[INFO] [1771076181.275353773] [icp_odometry]: Odom: ratio=0.443141, std dev=0.019038m|0.006020rad, update time=0.044067s delay=0.162406s
[INFO] [1771076181.379266211] [icp_odometry]: Odom: ratio=0.437820, std dev=0.019646m|0.006212rad, update time=0.040411s delay=0.166395s
[INFO] [1771076181.480068480] [icp_odometry]: Odom: ratio=0.444011, std dev=0.019667m|0.006219rad, update time=0.041264s delay=0.166971s
[INFO] [1771076181.575007961] [icp_odometry]: Odom: ratio=0.438732, std dev=0.018861m|0.005964rad, update time=0.040396s delay=0.161926s
[INFO] [1771076181.671119103] [icp_odometry]: Odom: ratio=0.443841, std dev=0.019684m|0.006225rad, update time=0.040594s delay=0.157849s
[INFO] [1771076181.771155486] [icp_odometry]: Odom: ratio=0.428212, std dev=0.019278m|0.006096rad, update time=0.041162s delay=0.157962s
[INFO] [1771076181.879058384] [icp_odometry]: Odom: ratio=0.423165, std dev=0.018484m|0.005845rad, update time=0.041939s delay=0.166095s
[INFO] [1771076181.970316953] [icp_odometry]: Odom: ratio=0.439771, std dev=0.019384m|0.006130rad, update time=0.035820s delay=0.157226s
[INFO] [1771076182.075201813] [icp_odometry]: Odom: ratio=0.427527, std dev=0.019458m|0.006153rad, update time=0.041008s delay=0.162076s
[INFO] [1771076182.180424767] [icp_odometry]: Odom: ratio=0.425618, std dev=0.019025m|0.006016rad, update time=0.041958s delay=0.167327s
[INFO] [1771076182.273916799] [icp_odometry]: Odom: ratio=0.424744, std dev=0.019170m|0.006062rad, update time=0.039821s delay=0.160847s
[INFO] [1771076182.377380804] [icp_odometry]: Odom: ratio=0.442423, std dev=0.019124m|0.006047rad, update time=0.041416s delay=0.164308s
[INFO] [1771076182.483677463] [icp_odometry]: Odom: ratio=0.437622, std dev=0.019100m|0.006040rad, update time=0.046108s delay=0.170432s
[INFO] [1771076182.577915636] [icp_odometry]: Odom: ratio=0.439236, std dev=0.019238m|0.006084rad, update time=0.041738s delay=0.164696s
[INFO] [1771076182.668266874] [icp_odometry]: Odom: ratio=0.445032, std dev=0.019445m|0.006149rad, update time=0.039322s delay=0.155415s
[INFO] [1771076182.778612555] [icp_odometry]: Odom: ratio=0.437581, std dev=0.019109m|0.006043rad, update time=0.042840s delay=0.165588s
[INFO] [1771076182.874216477] [icp_odometry]: Odom: ratio=0.439305, std dev=0.019131m|0.006050rad, update time=0.038694s delay=0.161127s
[INFO] [1771076182.976679643] [icp_odometry]: Odom: ratio=0.447408, std dev=0.019035m|0.006019rad, update time=0.041687s delay=0.163463s
[INFO] [1771076183.072716414] [icp_odometry]: Odom: ratio=0.441785, std dev=0.019025m|0.006016rad, update time=0.038390s delay=0.159600s
[INFO] [1771076183.184212093] [icp_odometry]: Odom: ratio=0.439991, std dev=0.019398m|0.006134rad, update time=0.044816s delay=0.171190s
[INFO] [1771076183.265280952] [icp_odometry]: Odom: ratio=0.444346, std dev=0.019163m|0.006060rad, update time=0.034208s delay=0.152371s
[INFO] [1771076183.368834464] [icp_odometry]: Odom: ratio=0.430122, std dev=0.019177m|0.006064rad, update time=0.035371s delay=0.155753s
[INFO] [1771076183.472919677] [icp_odometry]: Odom: ratio=0.436535, std dev=0.019116m|0.006045rad, update time=0.041117s delay=0.159866s
[INFO] [1771076183.574379988] [icp_odometry]: Odom: ratio=0.438670, std dev=0.019207m|0.006074rad, update time=0.039795s delay=0.161519s
[INFO] [1771076183.672350787] [icp_odometry]: Odom: ratio=0.440513, std dev=0.018764m|0.005934rad, update time=0.037011s delay=0.159328s
[INFO] [1771076183.771530177] [icp_odometry]: Odom: ratio=0.443573, std dev=0.018909m|0.005980rad, update time=0.040748s delay=0.158590s
[INFO] [1771076183.868810644] [icp_odometry]: Odom: ratio=0.451989, std dev=0.019026m|0.006017rad, update time=0.036146s delay=0.155835s
[INFO] [1771076183.979808383] [icp_odometry]: Odom: ratio=0.447998, std dev=0.018990m|0.006005rad, update time=0.045340s delay=0.167614s
[INFO] [1771076184.070731323] [icp_odometry]: Odom: ratio=0.443351, std dev=0.018282m|0.005781rad, update time=0.037460s delay=0.157822s
[INFO] [1771076184.175983494] [icp_odometry]: Odom: ratio=0.444158, std dev=0.019123m|0.006047rad, update time=0.037400s delay=0.163006s
[INFO] [1771076184.272547709] [icp_odometry]: Odom: ratio=0.434727, std dev=0.019096m|0.006039rad, update time=0.037670s delay=0.159321s
[INFO] [1771076184.379129276] [icp_odometry]: Odom: ratio=0.444156, std dev=0.018999m|0.006008rad, update time=0.039927s delay=0.165945s
[INFO] [1771076184.480057566] [icp_odometry]: Odom: ratio=0.438520, std dev=0.018555m|0.005868rad, update time=0.044245s delay=0.166795s
[INFO] [1771076184.567435599] [icp_odometry]: Odom: ratio=0.442375, std dev=0.019065m|0.006029rad, update time=0.033306s delay=0.154266s
[INFO] [1771076184.678565119] [icp_odometry]: Odom: ratio=0.439320, std dev=0.019024m|0.006016rad, update time=0.040921s delay=0.165526s
[INFO] [1771076184.768876547] [icp_odometry]: Odom: ratio=0.441882, std dev=0.018751m|0.005930rad, update time=0.040044s delay=0.155764s
[INFO] [1771076184.870580451] [icp_odometry]: Odom: ratio=0.450333, std dev=0.018967m|0.005998rad, update time=0.034294s delay=0.157552s
[INFO] [1771076184.979543903] [icp_odometry]: Odom: ratio=0.430238, std dev=0.019086m|0.006035rad, update time=0.043796s delay=0.166416s
[INFO] [1771076185.074220237] [icp_odometry]: Odom: ratio=0.429797, std dev=0.019498m|0.006166rad, update time=0.037810s delay=0.161117s
[INFO] [1771076185.178108451] [icp_odometry]: Odom: ratio=0.435700, std dev=0.019351m|0.006119rad, update time=0.043921s delay=0.165059s
[INFO] [1771076185.275075850] [icp_odometry]: Odom: ratio=0.443356, std dev=0.019400m|0.006135rad, update time=0.040983s delay=0.161900s
[INFO] [1771076185.369179554] [icp_odometry]: Odom: ratio=0.450503, std dev=0.019494m|0.006165rad, update time=0.035738s delay=0.156059s
[INFO] [1771076185.484891237] [icp_odometry]: Odom: ratio=0.450942, std dev=0.019411m|0.006138rad, update time=0.042174s delay=0.171843s
[INFO] [1771076185.578883576] [icp_odometry]: Odom: ratio=0.452672, std dev=0.019412m|0.006139rad, update time=0.037505s delay=0.165755s
[INFO] [1771076185.672834314] [icp_odometry]: Odom: ratio=0.450091, std dev=0.019223m|0.006079rad, update time=0.037296s delay=0.159594s
[INFO] [1771076185.775929056] [icp_odometry]: Odom: ratio=0.448307, std dev=0.019671m|0.006221rad, update time=0.042001s delay=0.162832s
[INFO] [1771076185.879226047] [icp_odometry]: Odom: ratio=0.446876, std dev=0.019107m|0.006042rad, update time=0.041178s delay=0.166096s
[INFO] [1771076185.975099132] [icp_odometry]: Odom: ratio=0.443197, std dev=0.019798m|0.006261rad, update time=0.039599s delay=0.162903s
[INFO] [1771076186.075660207] [icp_odometry]: Odom: ratio=0.457509, std dev=0.019242m|0.006085rad, update time=0.040319s delay=0.163418s
[INFO] [1771076186.173963979] [icp_odometry]: Odom: ratio=0.434552, std dev=0.019253m|0.006088rad, update time=0.040851s delay=0.161699s
[INFO] [1771076186.279159827] [icp_odometry]: Odom: ratio=0.452594, std dev=0.018887m|0.005973rad, update time=0.040954s delay=0.166047s
[INFO] [1771076186.368617686] [icp_odometry]: Odom: ratio=0.451280, std dev=0.019296m|0.006102rad, update time=0.037555s delay=0.155595s
[INFO] [1771076186.476213692] [icp_odometry]: Odom: ratio=0.450348, std dev=0.019351m|0.006119rad, update time=0.039076s delay=0.163183s
[INFO] [1771076186.570978510] [icp_odometry]: Odom: ratio=0.450124, std dev=0.018943m|0.005990rad, update time=0.037596s delay=0.157722s
[INFO] [1771076186.680951248] [icp_odometry]: Odom: ratio=0.437073, std dev=0.018952m|0.005993rad, update time=0.041126s delay=0.167792s
[INFO] [1771076186.765486483] [icp_odometry]: Odom: ratio=0.443917, std dev=0.019086m|0.006036rad, update time=0.035063s delay=0.152358s
[INFO] [1771076186.874948450] [icp_odometry]: Odom: ratio=0.434065, std dev=0.018806m|0.005947rad, update time=0.040132s delay=0.161881s
[INFO] [1771076186.973777458] [icp_odometry]: Odom: ratio=0.450772, std dev=0.019140m|0.006053rad, update time=0.040461s delay=0.160472s
[INFO] [1771076187.072484637] [icp_odometry]: Odom: ratio=0.438631, std dev=0.019056m|0.006026rad, update time=0.040722s delay=0.159345s
[INFO] [1771076187.175073696] [icp_odometry]: Odom: ratio=0.434948, std dev=0.018856m|0.005963rad, update time=0.040885s delay=0.161955s
[INFO] [1771076187.275918751] [icp_odometry]: Odom: ratio=0.440120, std dev=0.019197m|0.006071rad, update time=0.040714s delay=0.162837s
[INFO] [1771076187.375527341] [icp_odometry]: Odom: ratio=0.445693, std dev=0.018694m|0.005912rad, update time=0.044280s delay=0.162346s
[INFO] [1771076187.478627204] [icp_odometry]: Odom: ratio=0.440821, std dev=0.019034m|0.006019rad, update time=0.042157s delay=0.165436s
[INFO] [1771076187.572929060] [icp_odometry]: Odom: ratio=0.434680, std dev=0.018724m|0.005921rad, update time=0.039833s delay=0.159839s
[INFO] [1771076187.673966410] [icp_odometry]: Odom: ratio=0.441132, std dev=0.018824m|0.005953rad, update time=0.038093s delay=0.160763s
[INFO] [1771076187.779943697] [icp_odometry]: Odom: ratio=0.442441, std dev=0.019025m|0.006016rad, update time=0.042437s delay=0.166954s
[INFO] [1771076187.782152839] [rclcpp]: signal_handler(signum=2)
