[INFO] [1771083843.205059532] [icp_odometry]: Odometry: frame_id               = leo04/base_footprint
[INFO] [1771083843.205699331] [icp_odometry]: Odometry: odom_frame_id          = odom
[INFO] [1771083843.205738884] [icp_odometry]: Odometry: publish_tf             = true
[INFO] [1771083843.205758981] [icp_odometry]: Odometry: wait_for_transform     = 0.200000
[INFO] [1771083843.205786374] [icp_odometry]: Odometry: log_to_rosout_level    = 4
[INFO] [1771083843.205879017] [icp_odometry]: Odometry: initial_pose           = xyz=0.000000,0.000000,0.000000 rpy=0.000000,-0.000000,0.000000
[INFO] [1771083843.205908234] [icp_odometry]: Odometry: ground_truth_frame_id  = 
[INFO] [1771083843.205929611] [icp_odometry]: Odometry: ground_truth_base_frame_id = leo04/base_footprint
[INFO] [1771083843.205949163] [icp_odometry]: Odometry: config_path            = 
[INFO] [1771083843.205990637] [icp_odometry]: Odometry: publish_null_when_lost = true
[INFO] [1771083843.206012238] [icp_odometry]: Odometry: publish_compressed_sensor_data = false
[INFO] [1771083843.206031406] [icp_odometry]: Odometry: guess_frame_id         = 
[INFO] [1771083843.206049327] [icp_odometry]: Odometry: guess_min_translation  = 0.000000
[INFO] [1771083843.206070448] [icp_odometry]: Odometry: guess_min_rotation     = 0.000000
[INFO] [1771083843.209318369] [icp_odometry]: Odometry: guess_min_time         = 0.000000
[INFO] [1771083843.209417156] [icp_odometry]: Odometry: expected_update_rate   = 15.000000 Hz
[INFO] [1771083843.209474726] [icp_odometry]: Odometry: max_update_rate        = 0.000000 Hz
[INFO] [1771083843.209524168] [icp_odometry]: Odometry: min_update_rate        = 0.000000 Hz
[INFO] [1771083843.209574250] [icp_odometry]: Odometry: wait_imu_to_init       = false
[INFO] [1771083843.209597099] [icp_odometry]: Odometry: always_check_imu_tf    = true
[INFO] [1771083843.209614667] [icp_odometry]: Odometry: sensor_data_compression_format = .jpg
[INFO] [1771083843.209657293] [icp_odometry]: Odometry: sensor_data_parallel_compression = true
[INFO] [1771083843.209692526] [icp_odometry]: Odometry: stereoParams_=0 visParams_=0 icpParams_=1
[INFO] [1771083843.213699706] [icp_odometry]: Setting odometry parameter "Icp/CorrespondenceRatio"="0.01"
[INFO] [1771083843.213878560] [icp_odometry]: Setting odometry parameter "Icp/Epsilon"="0.001"
[INFO] [1771083843.213995524] [icp_odometry]: Setting odometry parameter "Icp/Iterations"="10"
[INFO] [1771083843.214051174] [icp_odometry]: Setting odometry parameter "Icp/MaxCorrespondenceDistance"="1"
[INFO] [1771083843.214139593] [icp_odometry]: Setting odometry parameter "Icp/MaxTranslation"="2"
[INFO] [1771083843.214192875] [icp_odometry]: Setting odometry parameter "Icp/OutlierRatio"="0.7"
[INFO] [1771083843.214484949] [icp_odometry]: Setting odometry parameter "Icp/PointToPlaneK"="20"
[INFO] [1771083843.214632250] [icp_odometry]: Setting odometry parameter "Icp/PointToPlaneRadius"="0"
[INFO] [1771083843.214725790] [icp_odometry]: Setting odometry parameter "Icp/RangeMin"="0.3"
[INFO] [1771083843.214827937] [icp_odometry]: Setting odometry parameter "Icp/VoxelSize"="0.1"
[INFO] [1771083843.215437270] [icp_odometry]: Setting odometry parameter "Odom/ScanKeyFrameThr"="0.4"
[INFO] [1771083843.215541402] [icp_odometry]: Setting odometry parameter "OdomF2M/BundleAdjustment"="false"
[INFO] [1771083843.215806115] [icp_odometry]: Setting odometry parameter "OdomF2M/ScanMaxSize"="15000"
[INFO] [1771083843.215909607] [icp_odometry]: Setting odometry parameter "OdomF2M/ScanSubtractRadius"="0.1"
[WARN] [1771083843.224250762] [icp_odometry]: IcpOdometry: Transferring value 0.3 of "Icp/RangeMin" to ros parameter "scan_range_min" for convenience. "Icp/RangeMin" is set to 0.
[WARN] [1771083843.224351149] [icp_odometry]: IcpOdometry: Transferring value 0.1 of "Icp/VoxelSize" to ros parameter "scan_voxel_size" for convenience. "Icp/VoxelSize" is set to 0.
[WARN] [1771083843.224380366] [icp_odometry]: IcpOdometry: Transferring value 20 of "Icp/PointToPlaneK" to ros parameter "scan_normal_k" for convenience.
[INFO] [1771083843.236220652] [icp_odometry]: IcpOdometry: qos                    = 0
[INFO] [1771083843.239603234] [icp_odometry]: IcpOdometry: scan_cloud_max_points  = -1
[INFO] [1771083843.240786347] [icp_odometry]: IcpOdometry: scan_cloud_is_2d       = false
[INFO] [1771083843.243252289] [icp_odometry]: IcpOdometry: scan_downsampling_step = 1
[INFO] [1771083843.244466091] [icp_odometry]: IcpOdometry: scan_range_min         = 0.300000 m
[INFO] [1771083843.244516205] [icp_odometry]: IcpOdometry: scan_range_max         = 0.000000 m
[INFO] [1771083843.244540590] [icp_odometry]: IcpOdometry: scan_voxel_size        = 0.100000 m
[INFO] [1771083843.244563183] [icp_odometry]: IcpOdometry: scan_normal_k          = 20
[INFO] [1771083843.244581263] [icp_odometry]: IcpOdometry: scan_normal_radius     = 0.000000 m
[INFO] [1771083843.244600528] [icp_odometry]: IcpOdometry: scan_normal_ground_up  = 0.000000
[INFO] [1771083843.244618385] [icp_odometry]: IcpOdometry: deskewing              = false
[INFO] [1771083843.244634641] [icp_odometry]: IcpOdometry: deskewing_slerp        = false
[INFO] [1771083843.253003157] [icp_odometry]: 
icp_odometry subscribed to /scan and /leo04/livox/lidar (make sure only one of this topic is published, otherwise remap one to a dummy topic name).
[ERROR] [1771083843.310695250] [icp_odometry]: We didn't receive IMU newer than previous image (0.000000) and we just received a new image (1771083843.173265). The previous image is dropped!
[INFO] [1771083843.316892170] [icp_odometry]: Odom: ratio=0.000000, std dev=99.995000m|99.995000rad, update time=0.005865s delay=0.143598s
[INFO] [1771083843.498643695] [icp_odometry]: Odom: ratio=0.622637, std dev=0.018010m|0.005695rad, update time=0.047887s delay=0.225362s
[INFO] [1771083843.627800106] [icp_odometry]: Odom: ratio=0.630642, std dev=0.016607m|0.005252rad, update time=0.038721s delay=0.154517s
[INFO] [1771083843.735837315] [icp_odometry]: Odom: ratio=0.691111, std dev=0.016417m|0.005191rad, update time=0.046294s delay=0.162495s
[INFO] [1771083843.835512345] [icp_odometry]: Odom: ratio=0.643776, std dev=0.016677m|0.005274rad, update time=0.043110s delay=0.162230s
[INFO] [1771083843.932870077] [icp_odometry]: Odom: ratio=0.660024, std dev=0.018075m|0.005716rad, update time=0.039858s delay=0.159659s
[INFO] [1771083844.028377890] [icp_odometry]: Odom: ratio=0.646680, std dev=0.015825m|0.005004rad, update time=0.038122s delay=0.155164s
[INFO] [1771083844.125118993] [icp_odometry]: Odom: ratio=0.638707, std dev=0.017856m|0.005647rad, update time=0.037291s delay=0.151805s
[INFO] [1771083844.233244813] [icp_odometry]: Odom: ratio=0.675406, std dev=0.015863m|0.005016rad, update time=0.041018s delay=0.160027s
[INFO] [1771083844.337345149] [icp_odometry]: Odom: ratio=0.637897, std dev=0.018121m|0.005730rad, update time=0.042588s delay=0.164009s
[INFO] [1771083844.435729414] [icp_odometry]: Odom: ratio=0.690789, std dev=0.015534m|0.004912rad, update time=0.042286s delay=0.162392s
[INFO] [1771083844.527940919] [icp_odometry]: Odom: ratio=0.637732, std dev=0.018165m|0.005744rad, update time=0.039689s delay=0.154652s
[INFO] [1771083844.631465107] [icp_odometry]: Odom: ratio=0.665911, std dev=0.016686m|0.005276rad, update time=0.038800s delay=0.158338s
[INFO] [1771083844.729791386] [icp_odometry]: Odom: ratio=0.623691, std dev=0.017831m|0.005639rad, update time=0.041779s delay=0.156635s
[INFO] [1771083844.835774315] [icp_odometry]: Odom: ratio=0.711195, std dev=0.019384m|0.006130rad, update time=0.043338s delay=0.162537s
[INFO] [1771083844.924995188] [icp_odometry]: Odom: ratio=0.617016, std dev=0.017429m|0.005512rad, update time=0.035131s delay=0.151784s
[INFO] [1771083845.034069394] [icp_odometry]: Odom: ratio=0.750505, std dev=0.015233m|0.004817rad, update time=0.037787s delay=0.160850s
[INFO] [1771083845.135989622] [icp_odometry]: Odom: ratio=0.628914, std dev=0.016200m|0.005123rad, update time=0.039949s delay=0.162796s
[INFO] [1771083845.239989122] [icp_odometry]: Odom: ratio=0.669118, std dev=0.016962m|0.005364rad, update time=0.040649s delay=0.166798s
[INFO] [1771083845.338313897] [icp_odometry]: Odom: ratio=0.628578, std dev=0.016396m|0.005185rad, update time=0.043253s delay=0.165145s
[INFO] [1771083845.437897627] [icp_odometry]: Odom: ratio=0.660253, std dev=0.017734m|0.005608rad, update time=0.043827s delay=0.164704s
[INFO] [1771083845.536941019] [icp_odometry]: Odom: ratio=0.646395, std dev=0.016751m|0.005297rad, update time=0.041244s delay=0.163706s
[INFO] [1771083845.630762468] [icp_odometry]: Odom: ratio=0.665275, std dev=0.017789m|0.005625rad, update time=0.038786s delay=0.157572s
[INFO] [1771083845.731885516] [icp_odometry]: Odom: ratio=0.642538, std dev=0.017259m|0.005458rad, update time=0.042003s delay=0.158606s
[INFO] [1771083845.836485038] [icp_odometry]: Odom: ratio=0.643422, std dev=0.018058m|0.005710rad, update time=0.041352s delay=0.163281s
[INFO] [1771083845.935085694] [icp_odometry]: Odom: ratio=0.676773, std dev=0.017409m|0.005505rad, update time=0.041271s delay=0.161801s
[INFO] [1771083846.038747679] [icp_odometry]: Odom: ratio=0.634233, std dev=0.016090m|0.005088rad, update time=0.039391s delay=0.165526s
[INFO] [1771083846.133800723] [icp_odometry]: Odom: ratio=0.663970, std dev=0.017783m|0.005623rad, update time=0.041132s delay=0.160621s
[INFO] [1771083846.234397097] [icp_odometry]: Odom: ratio=0.630195, std dev=0.015291m|0.004835rad, update time=0.040022s delay=0.161111s
[INFO] [1771083846.338956009] [icp_odometry]: Odom: ratio=0.664582, std dev=0.017435m|0.005513rad, update time=0.043331s delay=0.165555s
[INFO] [1771083846.434482382] [icp_odometry]: Odom: ratio=0.625899, std dev=0.016637m|0.005261rad, update time=0.046190s delay=0.161217s
[INFO] [1771083846.531661676] [icp_odometry]: Odom: ratio=0.704124, std dev=0.017974m|0.005684rad, update time=0.042375s delay=0.158491s
[INFO] [1771083846.637038025] [icp_odometry]: Odom: ratio=0.664850, std dev=0.017201m|0.005439rad, update time=0.043397s delay=0.163750s
[INFO] [1771083846.727865994] [icp_odometry]: Odom: ratio=0.709350, std dev=0.014219m|0.004497rad, update time=0.039397s delay=0.154651s
[INFO] [1771083846.842987578] [icp_odometry]: Odom: ratio=0.686058, std dev=0.015709m|0.004967rad, update time=0.048135s delay=0.169846s
[INFO] [1771083846.935982279] [icp_odometry]: Odom: ratio=0.681085, std dev=0.015315m|0.004843rad, update time=0.041539s delay=0.162748s
[INFO] [1771083847.032120769] [icp_odometry]: Odom: ratio=0.639336, std dev=0.016495m|0.005216rad, update time=0.041434s delay=0.158959s
[INFO] [1771083847.131581135] [icp_odometry]: Odom: ratio=0.656018, std dev=0.016607m|0.005252rad, update time=0.040940s delay=0.158258s
[INFO] [1771083847.230569709] [icp_odometry]: Odom: ratio=0.666751, std dev=0.015697m|0.004964rad, update time=0.038120s delay=0.157326s
[INFO] [1771083847.328133977] [icp_odometry]: Odom: ratio=0.640102, std dev=0.018521m|0.005857rad, update time=0.037553s delay=0.154813s
[INFO] [1771083847.439108857] [icp_odometry]: Odom: ratio=0.673209, std dev=0.016449m|0.005201rad, update time=0.043695s delay=0.165953s
[INFO] [1771083847.523800963] [icp_odometry]: Odom: ratio=0.651003, std dev=0.017730m|0.005607rad, update time=0.034195s delay=0.150640s
[INFO] [1771083847.633888900] [icp_odometry]: Odom: ratio=0.650913, std dev=0.017829m|0.005638rad, update time=0.039923s delay=0.160674s
[INFO] [1771083847.734076492] [icp_odometry]: Odom: ratio=0.666242, std dev=0.016080m|0.005085rad, update time=0.038083s delay=0.160805s
[INFO] [1771083847.828289827] [icp_odometry]: Odom: ratio=0.645871, std dev=0.017521m|0.005541rad, update time=0.040261s delay=0.154984s
[INFO] [1771083847.927789298] [icp_odometry]: Odom: ratio=0.693498, std dev=0.015050m|0.004759rad, update time=0.036028s delay=0.154391s
[INFO] [1771083848.042548214] [icp_odometry]: Odom: ratio=0.639115, std dev=0.018252m|0.005772rad, update time=0.043806s delay=0.169248s
[INFO] [1771083848.132123371] [icp_odometry]: Odom: ratio=0.730554, std dev=0.014362m|0.004542rad, update time=0.038406s delay=0.158836s
[INFO] [1771083848.233420634] [icp_odometry]: Odom: ratio=0.611111, std dev=0.017934m|0.005671rad, update time=0.040066s delay=0.160069s
[INFO] [1771083848.331652989] [icp_odometry]: Odom: ratio=0.858196, std dev=0.009357m|0.002959rad, update time=0.037730s delay=0.158357s
[INFO] [1771083848.434955217] [icp_odometry]: Odom: ratio=0.623826, std dev=0.017955m|0.005678rad, update time=0.041742s delay=0.161612s
[INFO] [1771083848.532656514] [icp_odometry]: Odom: ratio=0.766877, std dev=0.014079m|0.004452rad, update time=0.038062s delay=0.159308s
[INFO] [1771083848.640113767] [icp_odometry]: Odom: ratio=0.626598, std dev=0.017507m|0.005536rad, update time=0.043661s delay=0.166912s
[INFO] [1771083848.735106681] [icp_odometry]: Odom: ratio=0.673297, std dev=0.017860m|0.005648rad, update time=0.041526s delay=0.161964s
[INFO] [1771083848.842506716] [icp_odometry]: Odom: ratio=0.643101, std dev=0.016783m|0.005307rad, update time=0.042295s delay=0.169305s
[INFO] [1771083848.928398929] [icp_odometry]: Odom: ratio=0.661561, std dev=0.017777m|0.005621rad, update time=0.039109s delay=0.155032s
[INFO] [1771083849.036362888] [icp_odometry]: Odom: ratio=0.641777, std dev=0.016190m|0.005120rad, update time=0.041941s delay=0.163102s
[INFO] [1771083849.138468498] [icp_odometry]: Odom: ratio=0.648094, std dev=0.017547m|0.005549rad, update time=0.039839s delay=0.165285s
[INFO] [1771083849.232815566] [icp_odometry]: Odom: ratio=0.654680, std dev=0.017154m|0.005425rad, update time=0.041426s delay=0.159480s
[INFO] [1771083849.339267376] [icp_odometry]: Odom: ratio=0.636790, std dev=0.018148m|0.005739rad, update time=0.045750s delay=0.165961s
[INFO] [1771083849.444287488] [icp_odometry]: Odom: ratio=0.678391, std dev=0.016775m|0.005305rad, update time=0.042534s delay=0.171070s
[INFO] [1771083849.528320948] [icp_odometry]: Odom: ratio=0.625376, std dev=0.016725m|0.005289rad, update time=0.034745s delay=0.154966s
[INFO] [1771083849.636928129] [icp_odometry]: Odom: ratio=0.663190, std dev=0.018344m|0.005801rad, update time=0.043940s delay=0.163667s
[INFO] [1771083849.738828933] [icp_odometry]: Odom: ratio=0.624690, std dev=0.017542m|0.005547rad, update time=0.043749s delay=0.165625s
[INFO] [1771083849.824595637] [icp_odometry]: Odom: ratio=0.689542, std dev=0.019857m|0.006279rad, update time=0.038084s delay=0.151156s
[INFO] [1771083849.928086768] [icp_odometry]: Odom: ratio=0.606722, std dev=0.015649m|0.004949rad, update time=0.039198s delay=0.154807s
[INFO] [1771083850.033307783] [icp_odometry]: Odom: ratio=0.745034, std dev=0.016492m|0.005215rad, update time=0.038824s delay=0.160167s
[INFO] [1771083850.130845074] [icp_odometry]: Odom: ratio=0.618679, std dev=0.015729m|0.004974rad, update time=0.040608s delay=0.157560s
[INFO] [1771083850.239555587] [icp_odometry]: Odom: ratio=0.694479, std dev=0.017769m|0.005619rad, update time=0.043662s delay=0.166251s
[INFO] [1771083850.334218922] [icp_odometry]: Odom: ratio=0.621773, std dev=0.016467m|0.005207rad, update time=0.037852s delay=0.161021s
[INFO] [1771083850.433463568] [icp_odometry]: Odom: ratio=0.663091, std dev=0.017253m|0.005456rad, update time=0.041649s delay=0.160138s
[INFO] [1771083850.534063366] [icp_odometry]: Odom: ratio=0.642387, std dev=0.016736m|0.005293rad, update time=0.041244s delay=0.160701s
[INFO] [1771083850.630867000] [icp_odometry]: Odom: ratio=0.669087, std dev=0.016422m|0.005193rad, update time=0.039034s delay=0.157730s
[INFO] [1771083850.738478178] [icp_odometry]: Odom: ratio=0.654254, std dev=0.017822m|0.005636rad, update time=0.044148s delay=0.165174s
[INFO] [1771083850.832355597] [icp_odometry]: Odom: ratio=0.656296, std dev=0.016707m|0.005283rad, update time=0.039065s delay=0.159113s
[INFO] [1771083850.933566233] [icp_odometry]: Odom: ratio=0.666243, std dev=0.017572m|0.005557rad, update time=0.039836s delay=0.160347s
[INFO] [1771083851.032383088] [icp_odometry]: Odom: ratio=0.643256, std dev=0.016875m|0.005336rad, update time=0.040866s delay=0.159147s
[INFO] [1771083851.141918334] [icp_odometry]: Odom: ratio=0.673018, std dev=0.017483m|0.005529rad, update time=0.042831s delay=0.168661s
[INFO] [1771083851.234493052] [icp_odometry]: Odom: ratio=0.630451, std dev=0.016501m|0.005218rad, update time=0.038287s delay=0.161094s
[INFO] [1771083851.339645233] [icp_odometry]: Odom: ratio=0.696875, std dev=0.016462m|0.005206rad, update time=0.041544s delay=0.166363s
[INFO] [1771083851.431970214] [icp_odometry]: Odom: ratio=0.634477, std dev=0.017620m|0.005572rad, update time=0.040725s delay=0.158745s
[INFO] [1771083851.532987946] [icp_odometry]: Odom: ratio=0.750710, std dev=0.012695m|0.004015rad, update time=0.037222s delay=0.159715s
[INFO] [1771083851.630491380] [icp_odometry]: Odom: ratio=0.675716, std dev=0.017278m|0.005464rad, update time=0.037215s delay=0.157168s
[INFO] [1771083851.736357282] [icp_odometry]: Odom: ratio=0.729346, std dev=0.011964m|0.003783rad, update time=0.039968s delay=0.163127s
[INFO] [1771083851.839813147] [icp_odometry]: Odom: ratio=0.702020, std dev=0.011679m|0.003693rad, update time=0.043598s delay=0.166625s
[INFO] [1771083851.927830842] [icp_odometry]: Odom: ratio=0.685663, std dev=0.014717m|0.004654rad, update time=0.036981s delay=0.154497s
[INFO] [1771083852.036244129] [icp_odometry]: Odom: ratio=0.652370, std dev=0.015494m|0.004900rad, update time=0.043301s delay=0.163001s
[INFO] [1771083852.129705053] [icp_odometry]: Odom: ratio=0.649025, std dev=0.016834m|0.005323rad, update time=0.039749s delay=0.156514s
[INFO] [1771083852.235994234] [icp_odometry]: Odom: ratio=0.663719, std dev=0.016877m|0.005337rad, update time=0.039312s delay=0.162729s
[INFO] [1771083852.333522341] [icp_odometry]: Odom: ratio=0.644577, std dev=0.017997m|0.005691rad, update time=0.041036s delay=0.160122s
[INFO] [1771083852.437358283] [icp_odometry]: Odom: ratio=0.668535, std dev=0.017136m|0.005419rad, update time=0.041184s delay=0.164053s
[INFO] [1771083852.531620164] [icp_odometry]: Odom: ratio=0.655208, std dev=0.016694m|0.005279rad, update time=0.039721s delay=0.158257s
[INFO] [1771083852.639813443] [icp_odometry]: Odom: ratio=0.651826, std dev=0.017808m|0.005632rad, update time=0.043680s delay=0.166490s
[INFO] [1771083852.735695796] [icp_odometry]: Odom: ratio=0.676860, std dev=0.017305m|0.005472rad, update time=0.042600s delay=0.162365s
[INFO] [1771083852.841929583] [icp_odometry]: Odom: ratio=0.657772, std dev=0.017550m|0.005550rad, update time=0.041548s delay=0.168506s
[INFO] [1771083852.934939932] [icp_odometry]: Odom: ratio=0.681783, std dev=0.015279m|0.004832rad, update time=0.039272s delay=0.161489s
[INFO] [1771083853.041987475] [icp_odometry]: Odom: ratio=0.640980, std dev=0.017882m|0.005655rad, update time=0.043316s delay=0.168757s
[INFO] [1771083853.127940265] [icp_odometry]: Odom: ratio=0.684439, std dev=0.017616m|0.005571rad, update time=0.039037s delay=0.154592s
[INFO] [1771083853.229813868] [icp_odometry]: Odom: ratio=0.612626, std dev=0.017822m|0.005636rad, update time=0.039222s delay=0.156502s
[INFO] [1771083853.335672281] [icp_odometry]: Odom: ratio=0.806888, std dev=0.013396m|0.004236rad, update time=0.040100s delay=0.162263s
[INFO] [1771083853.432097629] [icp_odometry]: Odom: ratio=0.621126, std dev=0.017443m|0.005516rad, update time=0.040603s delay=0.158864s
[INFO] [1771083853.533505775] [icp_odometry]: Odom: ratio=0.756539, std dev=0.015313m|0.004842rad, update time=0.039251s delay=0.160312s
[INFO] [1771083853.629739597] [icp_odometry]: Odom: ratio=0.625576, std dev=0.017468m|0.005524rad, update time=0.037991s delay=0.156397s
[INFO] [1771083853.736989771] [icp_odometry]: Odom: ratio=0.684736, std dev=0.017765m|0.005618rad, update time=0.040833s delay=0.163680s
[INFO] [1771083853.835738272] [icp_odometry]: Odom: ratio=0.635444, std dev=0.016240m|0.005136rad, update time=0.038889s delay=0.162368s
[INFO] [1771083853.936436442] [icp_odometry]: Odom: ratio=0.663354, std dev=0.018281m|0.005781rad, update time=0.038017s delay=0.163234s
[INFO] [1771083854.027834222] [icp_odometry]: Odom: ratio=0.640523, std dev=0.015983m|0.005054rad, update time=0.037463s delay=0.154390s
[INFO] [1771083854.132380110] [icp_odometry]: Odom: ratio=0.656258, std dev=0.017891m|0.005658rad, update time=0.040482s delay=0.159118s
[INFO] [1771083854.236215861] [icp_odometry]: Odom: ratio=0.650112, std dev=0.016576m|0.005242rad, update time=0.043705s delay=0.163035s
[INFO] [1771083854.336644549] [icp_odometry]: Odom: ratio=0.638003, std dev=0.017254m|0.005456rad, update time=0.040594s delay=0.163291s
[INFO] [1771083854.439708432] [icp_odometry]: Odom: ratio=0.671980, std dev=0.017032m|0.005386rad, update time=0.040160s delay=0.166438s
[INFO] [1771083854.538872532] [icp_odometry]: Odom: ratio=0.634347, std dev=0.016325m|0.005162rad, update time=0.037023s delay=0.165595s
[INFO] [1771083854.634042381] [icp_odometry]: Odom: ratio=0.671761, std dev=0.018276m|0.005779rad, update time=0.041953s delay=0.160720s
[INFO] [1771083854.736507204] [icp_odometry]: Odom: ratio=0.623085, std dev=0.016140m|0.005104rad, update time=0.040313s delay=0.163142s
[INFO] [1771083854.832537690] [icp_odometry]: Odom: ratio=0.684598, std dev=0.019099m|0.006040rad, update time=0.040084s delay=0.159163s
[INFO] [1771083854.934234582] [icp_odometry]: Odom: ratio=0.597636, std dev=0.015816m|0.005001rad, update time=0.039832s delay=0.160946s
[INFO] [1771083855.035516964] [icp_odometry]: Odom: ratio=0.756716, std dev=0.015279m|0.004832rad, update time=0.039372s delay=0.162228s
[INFO] [1771083855.136900373] [icp_odometry]: Odom: ratio=0.623940, std dev=0.016708m|0.005283rad, update time=0.039303s delay=0.163487s
[INFO] [1771083855.228760570] [icp_odometry]: Odom: ratio=0.705664, std dev=0.017599m|0.005565rad, update time=0.040438s delay=0.155548s
[INFO] [1771083855.328118405] [icp_odometry]: Odom: ratio=0.616415, std dev=0.017123m|0.005415rad, update time=0.038148s delay=0.154853s
[INFO] [1771083855.435980184] [icp_odometry]: Odom: ratio=0.655786, std dev=0.015218m|0.004813rad, update time=0.044625s delay=0.162662s
[INFO] [1771083855.536929850] [icp_odometry]: Odom: ratio=0.641326, std dev=0.017240m|0.005452rad, update time=0.038580s delay=0.163732s
[INFO] [1771083855.632632581] [icp_odometry]: Odom: ratio=0.666426, std dev=0.015653m|0.004950rad, update time=0.038754s delay=0.159275s
[INFO] [1771083855.739686268] [icp_odometry]: Odom: ratio=0.636252, std dev=0.016899m|0.005344rad, update time=0.043719s delay=0.166349s
[INFO] [1771083855.840768675] [icp_odometry]: Odom: ratio=0.645018, std dev=0.017103m|0.005408rad, update time=0.043064s delay=0.167424s
[INFO] [1771083855.931626309] [icp_odometry]: Odom: ratio=0.678452, std dev=0.017121m|0.005414rad, update time=0.041607s delay=0.158276s
[INFO] [1771083856.040562302] [icp_odometry]: Odom: ratio=0.631833, std dev=0.018137m|0.005735rad, update time=0.043970s delay=0.167185s
[INFO] [1771083856.131487298] [icp_odometry]: Odom: ratio=0.702106, std dev=0.016061m|0.005079rad, update time=0.035499s delay=0.158161s
[INFO] [1771083856.239862311] [icp_odometry]: Odom: ratio=0.633509, std dev=0.017775m|0.005621rad, update time=0.040091s delay=0.166598s
[INFO] [1771083856.329950638] [icp_odometry]: Odom: ratio=0.704652, std dev=0.015798m|0.004996rad, update time=0.041954s delay=0.156576s
[INFO] [1771083856.432292193] [icp_odometry]: Odom: ratio=0.639178, std dev=0.017766m|0.005618rad, update time=0.039203s delay=0.159004s
[INFO] [1771083856.534345289] [icp_odometry]: Odom: ratio=0.755883, std dev=0.012869m|0.004070rad, update time=0.041583s delay=0.160884s
[INFO] [1771083856.626643870] [icp_odometry]: Odom: ratio=0.669821, std dev=0.016467m|0.005207rad, update time=0.034002s delay=0.153437s
[INFO] [1771083856.743443369] [icp_odometry]: Odom: ratio=0.750063, std dev=0.008857m|0.002801rad, update time=0.044015s delay=0.170059s
[INFO] [1771083856.832882393] [icp_odometry]: Odom: ratio=0.723896, std dev=0.009716m|0.003073rad, update time=0.041506s delay=0.159599s
[INFO] [1771083856.928883279] [icp_odometry]: Odom: ratio=0.695204, std dev=0.014745m|0.004663rad, update time=0.036368s delay=0.155488s
[INFO] [1771083857.028704137] [icp_odometry]: Odom: ratio=0.673449, std dev=0.015658m|0.004951rad, update time=0.038299s delay=0.155398s
[INFO] [1771083857.133675352] [icp_odometry]: Odom: ratio=0.651987, std dev=0.018154m|0.005741rad, update time=0.041440s delay=0.160359s
[INFO] [1771083857.235122635] [icp_odometry]: Odom: ratio=0.668638, std dev=0.016889m|0.005341rad, update time=0.041471s delay=0.161711s
[INFO] [1771083857.328426947] [icp_odometry]: Odom: ratio=0.657834, std dev=0.016183m|0.005118rad, update time=0.039991s delay=0.155142s
[INFO] [1771083857.434801154] [icp_odometry]: Odom: ratio=0.664629, std dev=0.017204m|0.005440rad, update time=0.044055s delay=0.161403s
[INFO] [1771083857.528279423] [icp_odometry]: Odom: ratio=0.652308, std dev=0.016744m|0.005295rad, update time=0.039660s delay=0.155011s
[INFO] [1771083857.637356957] [icp_odometry]: Odom: ratio=0.662015, std dev=0.017288m|0.005467rad, update time=0.041083s delay=0.164113s
[INFO] [1771083857.733500567] [icp_odometry]: Odom: ratio=0.657821, std dev=0.016783m|0.005307rad, update time=0.039963s delay=0.160148s
[INFO] [1771083857.836376157] [icp_odometry]: Odom: ratio=0.665731, std dev=0.017121m|0.005414rad, update time=0.039641s delay=0.163089s
[INFO] [1771083857.928257474] [icp_odometry]: Odom: ratio=0.669613, std dev=0.015934m|0.005039rad, update time=0.041669s delay=0.154843s
[INFO] [1771083858.033745155] [icp_odometry]: Odom: ratio=0.641172, std dev=0.017185m|0.005434rad, update time=0.043354s delay=0.160466s
[INFO] [1771083858.133752356] [icp_odometry]: Odom: ratio=0.667941, std dev=0.019090m|0.006037rad, update time=0.041504s delay=0.160537s
[INFO] [1771083858.238204736] [icp_odometry]: Odom: ratio=0.614639, std dev=0.017824m|0.005637rad, update time=0.042949s delay=0.164992s
[INFO] [1771083858.340231848] [icp_odometry]: Odom: ratio=0.746582, std dev=0.018042m|0.005706rad, update time=0.043956s delay=0.166884s
[INFO] [1771083858.426848342] [icp_odometry]: Odom: ratio=0.611560, std dev=0.016948m|0.005359rad, update time=0.038330s delay=0.153497s
[INFO] [1771083858.533824234] [icp_odometry]: Odom: ratio=0.749811, std dev=0.015572m|0.004924rad, update time=0.039788s delay=0.160548s
[INFO] [1771083858.634887504] [icp_odometry]: Odom: ratio=0.626757, std dev=0.016953m|0.005361rad, update time=0.041364s delay=0.161388s
[INFO] [1771083858.728130054] [icp_odometry]: Odom: ratio=0.677805, std dev=0.018026m|0.005700rad, update time=0.034729s delay=0.154701s
[INFO] [1771083858.834115127] [icp_odometry]: Odom: ratio=0.627484, std dev=0.016391m|0.005183rad, update time=0.041224s delay=0.160753s
[INFO] [1771083858.933049267] [icp_odometry]: Odom: ratio=0.658339, std dev=0.017946m|0.005675rad, update time=0.038389s delay=0.159722s
[INFO] [1771083859.034809650] [icp_odometry]: Odom: ratio=0.644245, std dev=0.016832m|0.005323rad, update time=0.042007s delay=0.161536s
[INFO] [1771083859.133188730] [icp_odometry]: Odom: ratio=0.672936, std dev=0.017411m|0.005506rad, update time=0.042229s delay=0.159776s
[INFO] [1771083859.232718859] [icp_odometry]: Odom: ratio=0.645849, std dev=0.017760m|0.005616rad, update time=0.042371s delay=0.159366s
[INFO] [1771083859.340544029] [icp_odometry]: Odom: ratio=0.639518, std dev=0.016985m|0.005371rad, update time=0.038881s delay=0.167233s
[INFO] [1771083859.429707843] [icp_odometry]: Odom: ratio=0.674888, std dev=0.016978m|0.005369rad, update time=0.039529s delay=0.156293s
[INFO] [1771083859.533660846] [icp_odometry]: Odom: ratio=0.622590, std dev=0.015494m|0.004900rad, update time=0.037903s delay=0.160311s
[INFO] [1771083859.642512452] [icp_odometry]: Odom: ratio=0.671374, std dev=0.017857m|0.005647rad, update time=0.042983s delay=0.169217s
[INFO] [1771083859.727983882] [icp_odometry]: Odom: ratio=0.616209, std dev=0.016077m|0.005084rad, update time=0.036441s delay=0.154554s
[INFO] [1771083859.834056767] [icp_odometry]: Odom: ratio=0.687563, std dev=0.017748m|0.005613rad, update time=0.042058s delay=0.160710s
[INFO] [1771083859.935458769] [icp_odometry]: Odom: ratio=0.605993, std dev=0.017276m|0.005463rad, update time=0.040820s delay=0.161935s
[INFO] [1771083860.033771159] [icp_odometry]: Odom: ratio=0.755500, std dev=0.014501m|0.004586rad, update time=0.040126s delay=0.160522s
[INFO] [1771083860.136259343] [icp_odometry]: Odom: ratio=0.613036, std dev=0.017818m|0.005635rad, update time=0.040363s delay=0.162951s
[INFO] [1771083860.235808192] [icp_odometry]: Odom: ratio=0.759630, std dev=0.014729m|0.004658rad, update time=0.042091s delay=0.162392s
[INFO] [1771083860.334533620] [icp_odometry]: Odom: ratio=0.623425, std dev=0.016481m|0.005212rad, update time=0.038421s delay=0.161188s
[INFO] [1771083860.431042972] [icp_odometry]: Odom: ratio=0.692576, std dev=0.015428m|0.004879rad, update time=0.042345s delay=0.157556s
[INFO] [1771083860.531086750] [icp_odometry]: Odom: ratio=0.637322, std dev=0.016394m|0.005184rad, update time=0.041705s delay=0.157630s
[INFO] [1771083860.571047024] [rclcpp]: signal_handler(signum=2)
