[INFO] [1771002878.702508905] [icp_odometry]: Odometry: frame_id               = leo04/base_footprint
[INFO] [1771002878.703022201] [icp_odometry]: Odometry: odom_frame_id          = odom
[INFO] [1771002878.703085019] [icp_odometry]: Odometry: publish_tf             = true
[INFO] [1771002878.703102044] [icp_odometry]: Odometry: wait_for_transform     = 0.200000
[INFO] [1771002878.703123229] [icp_odometry]: Odometry: log_to_rosout_level    = 4
[INFO] [1771002878.703196863] [icp_odometry]: Odometry: initial_pose           = xyz=0.000000,0.000000,0.000000 rpy=0.000000,-0.000000,0.000000
[INFO] [1771002878.703217408] [icp_odometry]: Odometry: ground_truth_frame_id  = 
[INFO] [1771002878.703230400] [icp_odometry]: Odometry: ground_truth_base_frame_id = leo04/base_footprint
[INFO] [1771002878.703241377] [icp_odometry]: Odometry: config_path            = 
[INFO] [1771002878.703250145] [icp_odometry]: Odometry: publish_null_when_lost = true
[INFO] [1771002878.703259297] [icp_odometry]: Odometry: publish_compressed_sensor_data = false
[INFO] [1771002878.703268353] [icp_odometry]: Odometry: guess_frame_id         = 
[INFO] [1771002878.703276482] [icp_odometry]: Odometry: guess_min_translation  = 0.000000
[INFO] [1771002878.703286882] [icp_odometry]: Odometry: guess_min_rotation     = 0.000000
[INFO] [1771002878.703296482] [icp_odometry]: Odometry: guess_min_time         = 0.000000
[INFO] [1771002878.703305347] [icp_odometry]: Odometry: expected_update_rate   = 15.000000 Hz
[INFO] [1771002878.703317859] [icp_odometry]: Odometry: max_update_rate        = 0.000000 Hz
[INFO] [1771002878.703332996] [icp_odometry]: Odometry: min_update_rate        = 0.000000 Hz
[INFO] [1771002878.703343460] [icp_odometry]: Odometry: wait_imu_to_init       = false
[INFO] [1771002878.703352164] [icp_odometry]: Odometry: always_check_imu_tf    = true
[INFO] [1771002878.703360484] [icp_odometry]: Odometry: sensor_data_compression_format = .jpg
[INFO] [1771002878.703368453] [icp_odometry]: Odometry: sensor_data_parallel_compression = true
[INFO] [1771002878.703384965] [icp_odometry]: Odometry: stereoParams_=0 visParams_=0 icpParams_=1
[INFO] [1771002878.708102719] [icp_odometry]: Setting odometry parameter "Icp/CorrespondenceRatio"="0.01"
[INFO] [1771002878.708758741] [icp_odometry]: Setting odometry parameter "Icp/Epsilon"="0.001"
[INFO] [1771002878.709479276] [icp_odometry]: Setting odometry parameter "Icp/Iterations"="10"
[INFO] [1771002878.709803831] [icp_odometry]: Setting odometry parameter "Icp/MaxCorrespondenceDistance"="1"
[INFO] [1771002878.710408394] [icp_odometry]: Setting odometry parameter "Icp/MaxTranslation"="2"
[INFO] [1771002878.710885530] [icp_odometry]: Setting odometry parameter "Icp/OutlierRatio"="0.7"
[INFO] [1771002878.712747671] [icp_odometry]: Setting odometry parameter "Icp/PointToPlaneK"="20"
[INFO] [1771002878.713890812] [icp_odometry]: Setting odometry parameter "Icp/PointToPlaneRadius"="0"
[INFO] [1771002878.714688822] [icp_odometry]: Setting odometry parameter "Icp/RangeMin"="0.3"
[INFO] [1771002878.715668310] [icp_odometry]: Setting odometry parameter "Icp/VoxelSize"="0.1"
[INFO] [1771002878.719849662] [icp_odometry]: Setting odometry parameter "Odom/ScanKeyFrameThr"="0.4"
[INFO] [1771002878.720270636] [icp_odometry]: Setting odometry parameter "OdomF2M/BundleAdjustment"="false"
[INFO] [1771002878.721657145] [icp_odometry]: Setting odometry parameter "OdomF2M/ScanMaxSize"="15000"
[INFO] [1771002878.722570455] [icp_odometry]: Setting odometry parameter "OdomF2M/ScanSubtractRadius"="0.1"
[WARN] [1771002878.762147971] [icp_odometry]: IcpOdometry: Transferring value 0.3 of "Icp/RangeMin" to ros parameter "scan_range_min" for convenience. "Icp/RangeMin" is set to 0.
[WARN] [1771002878.762270503] [icp_odometry]: IcpOdometry: Transferring value 0.1 of "Icp/VoxelSize" to ros parameter "scan_voxel_size" for convenience. "Icp/VoxelSize" is set to 0.
[WARN] [1771002878.762299912] [icp_odometry]: IcpOdometry: Transferring value 20 of "Icp/PointToPlaneK" to ros parameter "scan_normal_k" for convenience.
[INFO] [1771002878.801699789] [icp_odometry]: IcpOdometry: qos                    = 0
[INFO] [1771002878.801912692] [icp_odometry]: IcpOdometry: scan_cloud_max_points  = 50000
[INFO] [1771002878.801943221] [icp_odometry]: IcpOdometry: scan_cloud_is_2d       = false
[INFO] [1771002878.801961206] [icp_odometry]: IcpOdometry: scan_downsampling_step = 1
[INFO] [1771002878.801974038] [icp_odometry]: IcpOdometry: scan_range_min         = 0.300000 m
[INFO] [1771002878.801994615] [icp_odometry]: IcpOdometry: scan_range_max         = 0.000000 m
[INFO] [1771002878.802005143] [icp_odometry]: IcpOdometry: scan_voxel_size        = 0.100000 m
[INFO] [1771002878.802015480] [icp_odometry]: IcpOdometry: scan_normal_k          = 20
[INFO] [1771002878.802024728] [icp_odometry]: IcpOdometry: scan_normal_radius     = 0.000000 m
[INFO] [1771002878.802034296] [icp_odometry]: IcpOdometry: scan_normal_ground_up  = 0.000000
[INFO] [1771002878.802043224] [icp_odometry]: IcpOdometry: deskewing              = false
[INFO] [1771002878.802051737] [icp_odometry]: IcpOdometry: deskewing_slerp        = false
[INFO] [1771002878.809038941] [icp_odometry]: 
icp_odometry subscribed to /scan and /leo04/livox/lidar (make sure only one of this topic is published, otherwise remap one to a dummy topic name).
[INFO] [1771002880.065837582] [rclcpp]: signal_handler(signum=2)
