[INFO] [1774356118.411126882] [icp_odometry]: Odometry: frame_id               = leo04/base_footprint
[INFO] [1774356118.411816217] [icp_odometry]: Odometry: odom_frame_id          = odom
[INFO] [1774356118.411855866] [icp_odometry]: Odometry: publish_tf             = true
[INFO] [1774356118.411876347] [icp_odometry]: Odometry: wait_for_transform     = 0.200000
[INFO] [1774356118.411900956] [icp_odometry]: Odometry: log_to_rosout_level    = 4
[INFO] [1774356118.411985663] [icp_odometry]: Odometry: initial_pose           = xyz=0.000000,0.000000,0.000000 rpy=0.000000,-0.000000,0.000000
[INFO] [1774356118.412009504] [icp_odometry]: Odometry: ground_truth_frame_id  = 
[INFO] [1774356118.412026528] [icp_odometry]: Odometry: ground_truth_base_frame_id = leo04/base_footprint
[INFO] [1774356118.412041089] [icp_odometry]: Odometry: config_path            = 
[INFO] [1774356118.412061185] [icp_odometry]: Odometry: publish_null_when_lost = true
[INFO] [1774356118.412073730] [icp_odometry]: Odometry: publish_compressed_sensor_data = false
[INFO] [1774356118.412084194] [icp_odometry]: Odometry: guess_frame_id         = 
[INFO] [1774356118.412093986] [icp_odometry]: Odometry: guess_min_translation  = 0.000000
[INFO] [1774356118.412105123] [icp_odometry]: Odometry: guess_min_rotation     = 0.000000
[INFO] [1774356118.412115587] [icp_odometry]: Odometry: guess_min_time         = 0.000000
[INFO] [1774356118.412125635] [icp_odometry]: Odometry: expected_update_rate   = 15.000000 Hz
[INFO] [1774356118.412140260] [icp_odometry]: Odometry: max_update_rate        = 0.000000 Hz
[INFO] [1774356118.412156325] [icp_odometry]: Odometry: min_update_rate        = 0.000000 Hz
[INFO] [1774356118.412168293] [icp_odometry]: Odometry: wait_imu_to_init       = false
[INFO] [1774356118.412178885] [icp_odometry]: Odometry: always_check_imu_tf    = true
[INFO] [1774356118.412189126] [icp_odometry]: Odometry: sensor_data_compression_format = .jpg
[INFO] [1774356118.412199718] [icp_odometry]: Odometry: sensor_data_parallel_compression = true
[INFO] [1774356118.412218983] [icp_odometry]: Odometry: stereoParams_=0 visParams_=0 icpParams_=1
[INFO] [1774356118.416704415] [icp_odometry]: Setting odometry parameter "Icp/CorrespondenceRatio"="0.01"
[INFO] [1774356118.417768547] [icp_odometry]: Setting odometry parameter "Icp/Epsilon"="0.001"
[INFO] [1774356118.418837031] [icp_odometry]: Setting odometry parameter "Icp/Iterations"="10"
[INFO] [1774356118.423255101] [icp_odometry]: Setting odometry parameter "Icp/MaxCorrespondenceDistance"="1"
[INFO] [1774356118.424138395] [icp_odometry]: Setting odometry parameter "Icp/MaxTranslation"="2"
[INFO] [1774356118.424430053] [icp_odometry]: Setting odometry parameter "Icp/OutlierRatio"="0.7"
[INFO] [1774356118.426533453] [icp_odometry]: Setting odometry parameter "Icp/PointToPlaneK"="20"
[INFO] [1774356118.427729877] [icp_odometry]: Setting odometry parameter "Icp/PointToPlaneRadius"="0"
[INFO] [1774356118.428424941] [icp_odometry]: Setting odometry parameter "Icp/RangeMin"="0.3"
[INFO] [1774356118.429345996] [icp_odometry]: Setting odometry parameter "Icp/VoxelSize"="0.1"
[INFO] [1774356118.441277921] [icp_odometry]: Setting odometry parameter "Odom/ScanKeyFrameThr"="0.4"
[INFO] [1774356118.443066174] [icp_odometry]: Setting odometry parameter "OdomF2M/BundleAdjustment"="false"
[INFO] [1774356118.452914285] [icp_odometry]: Setting odometry parameter "OdomF2M/ScanMaxSize"="15000"
[INFO] [1774356118.454053939] [icp_odometry]: Setting odometry parameter "OdomF2M/ScanSubtractRadius"="0.1"
[WARN] [1774356118.520646793] [icp_odometry]: IcpOdometry: Transferring value 0.3 of "Icp/RangeMin" to ros parameter "scan_range_min" for convenience. "Icp/RangeMin" is set to 0.
[WARN] [1774356118.520771885] [icp_odometry]: IcpOdometry: Transferring value 0.1 of "Icp/VoxelSize" to ros parameter "scan_voxel_size" for convenience. "Icp/VoxelSize" is set to 0.
[WARN] [1774356118.520802638] [icp_odometry]: IcpOdometry: Transferring value 20 of "Icp/PointToPlaneK" to ros parameter "scan_normal_k" for convenience.
[INFO] [1774356118.553973204] [icp_odometry]: IcpOdometry: qos                    = 0
[INFO] [1774356118.554240669] [icp_odometry]: IcpOdometry: scan_cloud_max_points  = -1
[INFO] [1774356118.554270750] [icp_odometry]: IcpOdometry: scan_cloud_is_2d       = false
[INFO] [1774356118.554286591] [icp_odometry]: IcpOdometry: scan_downsampling_step = 1
[INFO] [1774356118.554297407] [icp_odometry]: IcpOdometry: scan_range_min         = 0.300000 m
[INFO] [1774356118.554318240] [icp_odometry]: IcpOdometry: scan_range_max         = 0.000000 m
[INFO] [1774356118.554329696] [icp_odometry]: IcpOdometry: scan_voxel_size        = 0.100000 m
[INFO] [1774356118.554341377] [icp_odometry]: IcpOdometry: scan_normal_k          = 20
[INFO] [1774356118.554351521] [icp_odometry]: IcpOdometry: scan_normal_radius     = 0.000000 m
[INFO] [1774356118.554367778] [icp_odometry]: IcpOdometry: scan_normal_ground_up  = 0.000000
[INFO] [1774356118.554379586] [icp_odometry]: IcpOdometry: deskewing              = false
[INFO] [1774356118.554389474] [icp_odometry]: IcpOdometry: deskewing_slerp        = false
[INFO] [1774356118.560209128] [icp_odometry]: 
icp_odometry subscribed to /scan and /leo04/livox/lidar (make sure only one of this topic is published, otherwise remap one to a dummy topic name).
[WARN] [1774356123.568528640] [icp_odometry]: icp_odometry: Did not receive data since 5 seconds! Make sure the input topics are published ("$ rostopic hz my_topic") and the timestamps in their header are set. 
icp_odometry subscribed to /scan and /leo04/livox/lidar (make sure only one of this topic is published, otherwise remap one to a dummy topic name).
[INFO] [1774356125.768356078] [rclcpp]: signal_handler(signum=2)
