[INFO] [1772726303.646636302] [icp_odometry]: Odometry: frame_id               = leo04/base_footprint
[INFO] [1772726303.647227940] [icp_odometry]: Odometry: odom_frame_id          = odom
[INFO] [1772726303.647268358] [icp_odometry]: Odometry: publish_tf             = true
[INFO] [1772726303.647289254] [icp_odometry]: Odometry: wait_for_transform     = 0.200000
[INFO] [1772726303.647313415] [icp_odometry]: Odometry: log_to_rosout_level    = 4
[INFO] [1772726303.647423884] [icp_odometry]: Odometry: initial_pose           = xyz=0.000000,0.000000,0.000000 rpy=0.000000,-0.000000,0.000000
[INFO] [1772726303.648015618] [icp_odometry]: Odometry: ground_truth_frame_id  = 
[INFO] [1772726303.649679840] [icp_odometry]: Odometry: ground_truth_base_frame_id = leo04/base_footprint
[INFO] [1772726303.649705600] [icp_odometry]: Odometry: config_path            = 
[INFO] [1772726303.649729569] [icp_odometry]: Odometry: publish_null_when_lost = true
[INFO] [1772726303.649746050] [icp_odometry]: Odometry: publish_compressed_sensor_data = false
[INFO] [1772726303.649757474] [icp_odometry]: Odometry: guess_frame_id         = 
[INFO] [1772726303.649768259] [icp_odometry]: Odometry: guess_min_translation  = 0.000000
[INFO] [1772726303.649784099] [icp_odometry]: Odometry: guess_min_rotation     = 0.000000
[INFO] [1772726303.649795332] [icp_odometry]: Odometry: guess_min_time         = 0.000000
[INFO] [1772726303.649805764] [icp_odometry]: Odometry: expected_update_rate   = 15.000000 Hz
[INFO] [1772726303.649819781] [icp_odometry]: Odometry: max_update_rate        = 0.000000 Hz
[INFO] [1772726303.649837669] [icp_odometry]: Odometry: min_update_rate        = 0.000000 Hz
[INFO] [1772726303.649849958] [icp_odometry]: Odometry: wait_imu_to_init       = false
[INFO] [1772726303.649860358] [icp_odometry]: Odometry: always_check_imu_tf    = true
[INFO] [1772726303.649870407] [icp_odometry]: Odometry: sensor_data_compression_format = .jpg
[INFO] [1772726303.649880071] [icp_odometry]: Odometry: sensor_data_parallel_compression = true
[INFO] [1772726303.649901608] [icp_odometry]: Odometry: stereoParams_=0 visParams_=0 icpParams_=1
[INFO] [1772726303.653259877] [icp_odometry]: Setting odometry parameter "Icp/CorrespondenceRatio"="0.01"
[INFO] [1772726303.654572214] [icp_odometry]: Setting odometry parameter "Icp/Epsilon"="0.001"
[INFO] [1772726303.654729724] [icp_odometry]: Setting odometry parameter "Icp/Iterations"="10"
[INFO] [1772726303.655497880] [icp_odometry]: Setting odometry parameter "Icp/MaxCorrespondenceDistance"="1"
[INFO] [1772726303.655649022] [icp_odometry]: Setting odometry parameter "Icp/MaxTranslation"="2"
[INFO] [1772726303.655703232] [icp_odometry]: Setting odometry parameter "Icp/OutlierRatio"="0.7"
[INFO] [1772726303.655875494] [icp_odometry]: Setting odometry parameter "Icp/PointToPlaneK"="20"
[INFO] [1772726303.656727334] [icp_odometry]: Setting odometry parameter "Icp/PointToPlaneRadius"="0"
[INFO] [1772726303.656826378] [icp_odometry]: Setting odometry parameter "Icp/RangeMin"="0.3"
[INFO] [1772726303.656918157] [icp_odometry]: Setting odometry parameter "Icp/VoxelSize"="0.1"
[INFO] [1772726303.658905847] [icp_odometry]: Setting odometry parameter "Odom/ScanKeyFrameThr"="0.4"
[INFO] [1772726303.659771351] [icp_odometry]: Setting odometry parameter "OdomF2M/BundleAdjustment"="false"
[INFO] [1772726303.660675129] [icp_odometry]: Setting odometry parameter "OdomF2M/ScanMaxSize"="15000"
[INFO] [1772726303.661595579] [icp_odometry]: Setting odometry parameter "OdomF2M/ScanSubtractRadius"="0.1"
[WARN] [1772726303.665953054] [icp_odometry]: IcpOdometry: Transferring value 0.3 of "Icp/RangeMin" to ros parameter "scan_range_min" for convenience. "Icp/RangeMin" is set to 0.
[WARN] [1772726303.666202887] [icp_odometry]: IcpOdometry: Transferring value 0.1 of "Icp/VoxelSize" to ros parameter "scan_voxel_size" for convenience. "Icp/VoxelSize" is set to 0.
[WARN] [1772726303.666255305] [icp_odometry]: IcpOdometry: Transferring value 20 of "Icp/PointToPlaneK" to ros parameter "scan_normal_k" for convenience.
[INFO] [1772726303.674134222] [icp_odometry]: IcpOdometry: qos                    = 0
[INFO] [1772726303.674314197] [icp_odometry]: IcpOdometry: scan_cloud_max_points  = -1
[INFO] [1772726303.674339606] [icp_odometry]: IcpOdometry: scan_cloud_is_2d       = false
[INFO] [1772726303.674354871] [icp_odometry]: IcpOdometry: scan_downsampling_step = 1
[INFO] [1772726303.674367959] [icp_odometry]: IcpOdometry: scan_range_min         = 0.300000 m
[INFO] [1772726303.674416121] [icp_odometry]: IcpOdometry: scan_range_max         = 0.000000 m
[INFO] [1772726303.674438042] [icp_odometry]: IcpOdometry: scan_voxel_size        = 0.100000 m
[INFO] [1772726303.674454938] [icp_odometry]: IcpOdometry: scan_normal_k          = 20
[INFO] [1772726303.674468315] [icp_odometry]: IcpOdometry: scan_normal_radius     = 0.000000 m
[INFO] [1772726303.674483035] [icp_odometry]: IcpOdometry: scan_normal_ground_up  = 0.000000
[INFO] [1772726303.674501756] [icp_odometry]: IcpOdometry: deskewing              = false
[INFO] [1772726303.674515549] [icp_odometry]: IcpOdometry: deskewing_slerp        = false
[INFO] [1772726303.675858287] [icp_odometry]: 
icp_odometry subscribed to /scan and /leo04/livox/lidar (make sure only one of this topic is published, otherwise remap one to a dummy topic name).
[WARN] [1772726308.679042797] [icp_odometry]: icp_odometry: Did not receive data since 5 seconds! Make sure the input topics are published ("$ rostopic hz my_topic") and the timestamps in their header are set. 
icp_odometry subscribed to /scan and /leo04/livox/lidar (make sure only one of this topic is published, otherwise remap one to a dummy topic name).
[WARN] [1772726313.679178714] [icp_odometry]: icp_odometry: Did not receive data since 5 seconds! Make sure the input topics are published ("$ rostopic hz my_topic") and the timestamps in their header are set. 
icp_odometry subscribed to /scan and /leo04/livox/lidar (make sure only one of this topic is published, otherwise remap one to a dummy topic name).
[WARN] [1772726318.679460013] [icp_odometry]: icp_odometry: Did not receive data since 5 seconds! Make sure the input topics are published ("$ rostopic hz my_topic") and the timestamps in their header are set. 
icp_odometry subscribed to /scan and /leo04/livox/lidar (make sure only one of this topic is published, otherwise remap one to a dummy topic name).
[WARN] [1772726323.679548792] [icp_odometry]: icp_odometry: Did not receive data since 5 seconds! Make sure the input topics are published ("$ rostopic hz my_topic") and the timestamps in their header are set. 
icp_odometry subscribed to /scan and /leo04/livox/lidar (make sure only one of this topic is published, otherwise remap one to a dummy topic name).
[WARN] [1772726328.679798281] [icp_odometry]: icp_odometry: Did not receive data since 5 seconds! Make sure the input topics are published ("$ rostopic hz my_topic") and the timestamps in their header are set. 
icp_odometry subscribed to /scan and /leo04/livox/lidar (make sure only one of this topic is published, otherwise remap one to a dummy topic name).
[INFO] [1772726329.721570424] [rclcpp]: signal_handler(signum=2)
