[INFO] [1770986164.692197372] [icp_odometry]: Odometry: frame_id               = leo04/base_footprint
[INFO] [1770986164.692883821] [icp_odometry]: Odometry: odom_frame_id          = odom
[INFO] [1770986164.692946447] [icp_odometry]: Odometry: publish_tf             = true
[INFO] [1770986164.692973903] [icp_odometry]: Odometry: wait_for_transform     = 0.200000
[INFO] [1770986164.693006576] [icp_odometry]: Odometry: log_to_rosout_level    = 4
[INFO] [1770986164.693098898] [icp_odometry]: Odometry: initial_pose           = xyz=0.000000,0.000000,0.000000 rpy=0.000000,-0.000000,0.000000
[INFO] [1770986164.693130707] [icp_odometry]: Odometry: ground_truth_frame_id  = 
[INFO] [1770986164.693153524] [icp_odometry]: Odometry: ground_truth_base_frame_id = leo04/base_footprint
[INFO] [1770986164.693175028] [icp_odometry]: Odometry: config_path            = 
[INFO] [1770986164.693202485] [icp_odometry]: Odometry: publish_null_when_lost = true
[INFO] [1770986164.693225526] [icp_odometry]: Odometry: publish_compressed_sensor_data = false
[INFO] [1770986164.693246358] [icp_odometry]: Odometry: guess_frame_id         = 
[INFO] [1770986164.693266679] [icp_odometry]: Odometry: guess_min_translation  = 0.000000
[INFO] [1770986164.693305112] [icp_odometry]: Odometry: guess_min_rotation     = 0.000000
[INFO] [1770986164.693329592] [icp_odometry]: Odometry: guess_min_time         = 0.000000
[INFO] [1770986164.693352185] [icp_odometry]: Odometry: expected_update_rate   = 15.000000 Hz
[INFO] [1770986164.693383002] [icp_odometry]: Odometry: max_update_rate        = 0.000000 Hz
[INFO] [1770986164.693428827] [icp_odometry]: Odometry: min_update_rate        = 0.000000 Hz
[INFO] [1770986164.693451515] [icp_odometry]: Odometry: wait_imu_to_init       = false
[INFO] [1770986164.693470972] [icp_odometry]: Odometry: always_check_imu_tf    = true
[INFO] [1770986164.693489148] [icp_odometry]: Odometry: sensor_data_compression_format = .jpg
[INFO] [1770986164.693507101] [icp_odometry]: Odometry: sensor_data_parallel_compression = true
[INFO] [1770986164.693534782] [icp_odometry]: Odometry: stereoParams_=0 visParams_=0 icpParams_=1
[INFO] [1770986164.694661658] [icp_odometry]: Setting odometry parameter "Icp/CorrespondenceRatio"="0.01"
[INFO] [1770986164.694849471] [icp_odometry]: Setting odometry parameter "Icp/Epsilon"="0.001"
[INFO] [1770986164.694943681] [icp_odometry]: Setting odometry parameter "Icp/Iterations"="10"
[INFO] [1770986164.695005155] [icp_odometry]: Setting odometry parameter "Icp/MaxCorrespondenceDistance"="1"
[INFO] [1770986164.695080453] [icp_odometry]: Setting odometry parameter "Icp/MaxTranslation"="2"
[INFO] [1770986164.695152902] [icp_odometry]: Setting odometry parameter "Icp/OutlierRatio"="0.7"
[INFO] [1770986164.695421261] [icp_odometry]: Setting odometry parameter "Icp/PointToPlaneK"="20"
[INFO] [1770986164.695584497] [icp_odometry]: Setting odometry parameter "Icp/PointToPlaneRadius"="0"
[INFO] [1770986164.695664051] [icp_odometry]: Setting odometry parameter "Icp/RangeMax"="0.4"
[INFO] [1770986164.695743253] [icp_odometry]: Setting odometry parameter "Icp/RangeMin"="0.3"
[INFO] [1770986164.695886585] [icp_odometry]: Setting odometry parameter "Icp/VoxelSize"="0.1"
[INFO] [1770986164.696315236] [icp_odometry]: Setting odometry parameter "Odom/ScanKeyFrameThr"="0.4"
[INFO] [1770986164.696426407] [icp_odometry]: Setting odometry parameter "OdomF2M/BundleAdjustment"="false"
[INFO] [1770986164.696645164] [icp_odometry]: Setting odometry parameter "OdomF2M/ScanMaxSize"="15000"
[INFO] [1770986164.696746735] [icp_odometry]: Setting odometry parameter "OdomF2M/ScanSubtractRadius"="0.1"
[WARN] [1770986164.725384740] [icp_odometry]: IcpOdometry: Transferring value 0.3 of "Icp/RangeMin" to ros parameter "scan_range_min" for convenience. "Icp/RangeMin" is set to 0.
[WARN] [1770986164.725499079] [icp_odometry]: IcpOdometry: Transferring value 0.4 of "Icp/RangeMax" to ros parameter "scan_range_max" for convenience. "Icp/RangeMax" is set to 0.
[WARN] [1770986164.725529127] [icp_odometry]: IcpOdometry: Transferring value 0.1 of "Icp/VoxelSize" to ros parameter "scan_voxel_size" for convenience. "Icp/VoxelSize" is set to 0.
[WARN] [1770986164.725642538] [icp_odometry]: IcpOdometry: Transferring value 20 of "Icp/PointToPlaneK" to ros parameter "scan_normal_k" for convenience.
[INFO] [1770986164.752240300] [icp_odometry]: IcpOdometry: qos                    = 0
[INFO] [1770986164.752335502] [icp_odometry]: IcpOdometry: scan_cloud_max_points  = 50000
[INFO] [1770986164.752362927] [icp_odometry]: IcpOdometry: scan_cloud_is_2d       = false
[INFO] [1770986164.752381135] [icp_odometry]: IcpOdometry: scan_downsampling_step = 1
[INFO] [1770986164.752396911] [icp_odometry]: IcpOdometry: scan_range_min         = 0.300000 m
[INFO] [1770986164.752423312] [icp_odometry]: IcpOdometry: scan_range_max         = 0.400000 m
[INFO] [1770986164.752442193] [icp_odometry]: IcpOdometry: scan_voxel_size        = 0.100000 m
[INFO] [1770986164.752460849] [icp_odometry]: IcpOdometry: scan_normal_k          = 20
[INFO] [1770986164.752476721] [icp_odometry]: IcpOdometry: scan_normal_radius     = 0.000000 m
[INFO] [1770986164.752494642] [icp_odometry]: IcpOdometry: scan_normal_ground_up  = 0.000000
[INFO] [1770986164.752511794] [icp_odometry]: IcpOdometry: deskewing              = false
[INFO] [1770986164.752527347] [icp_odometry]: IcpOdometry: deskewing_slerp        = false
[INFO] [1770986164.753901654] [icp_odometry]: 
icp_odometry subscribed to /scan and /leo04/livox/lidar (make sure only one of this topic is published, otherwise remap one to a dummy topic name).
[ERROR] [1770986164.861648349] [icp_odometry]: We didn't receive IMU newer than previous image (0.000000) and we just received a new image (1770986164.750976). The previous image is dropped!
[INFO] [1770986164.863565837] [icp_odometry]: Odom: ratio=0.000000, std dev=0.000000m|0.000000rad, update time=0.001587s delay=0.112575s
[INFO] [1770986164.967793052] [icp_odometry]: Odom: ratio=0.000000, std dev=0.000000m|0.000000rad, update time=0.000575s delay=0.117580s
[INFO] [1770986165.061826952] [icp_odometry]: Odom: ratio=0.000000, std dev=0.000000m|0.000000rad, update time=0.000510s delay=0.111682s
[INFO] [1770986165.167629950] [icp_odometry]: Odom: ratio=0.000000, std dev=0.000000m|0.000000rad, update time=0.000487s delay=0.117675s
[INFO] [1770986165.269961660] [icp_odometry]: Odom: ratio=0.000000, std dev=0.000000m|0.000000rad, update time=0.000513s delay=0.119788s
[INFO] [1770986165.367866475] [icp_odometry]: Odom: ratio=0.000000, std dev=0.000000m|0.000000rad, update time=0.000585s delay=0.117688s
[INFO] [1770986165.467321728] [icp_odometry]: Odom: ratio=0.000000, std dev=0.000000m|0.000000rad, update time=0.000777s delay=0.117315s
[INFO] [1770986165.565626744] [icp_odometry]: Odom: ratio=0.000000, std dev=0.000000m|0.000000rad, update time=0.000479s delay=0.116354s
[INFO] [1770986165.667049920] [icp_odometry]: Odom: ratio=0.000000, std dev=0.000000m|0.000000rad, update time=0.000502s delay=0.116902s
[INFO] [1770986165.767857719] [icp_odometry]: Odom: ratio=0.000000, std dev=0.000000m|0.000000rad, update time=0.000450s delay=0.117766s
[INFO] [1770986165.866903683] [icp_odometry]: Odom: ratio=0.000000, std dev=0.000000m|0.000000rad, update time=0.000627s delay=0.116936s
[INFO] [1770986165.967849086] [icp_odometry]: Odom: ratio=0.000000, std dev=0.000000m|0.000000rad, update time=0.000594s delay=0.118702s
[INFO] [1770986166.065539463] [icp_odometry]: Odom: ratio=0.000000, std dev=0.000000m|0.000000rad, update time=0.000587s delay=0.115474s
[INFO] [1770986166.167969191] [icp_odometry]: Odom: ratio=0.000000, std dev=0.000000m|0.000000rad, update time=0.000654s delay=0.117914s
[INFO] [1770986166.266008121] [icp_odometry]: Odom: ratio=0.000000, std dev=0.000000m|0.000000rad, update time=0.000738s delay=0.115827s
[INFO] [1770986166.365887321] [icp_odometry]: Odom: ratio=0.000000, std dev=0.000000m|0.000000rad, update time=0.000555s delay=0.115736s
[INFO] [1770986166.469043340] [icp_odometry]: Odom: ratio=0.000000, std dev=0.000000m|0.000000rad, update time=0.000801s delay=0.119014s
[INFO] [1770986166.568271900] [icp_odometry]: Odom: ratio=0.000000, std dev=0.000000m|0.000000rad, update time=0.000792s delay=0.118115s
[INFO] [1770986166.665778208] [icp_odometry]: Odom: ratio=0.000000, std dev=0.000000m|0.000000rad, update time=0.000773s delay=0.115657s
[INFO] [1770986166.767278026] [icp_odometry]: Odom: ratio=0.000000, std dev=0.000000m|0.000000rad, update time=0.000809s delay=0.117254s
[INFO] [1770986166.868888438] [icp_odometry]: Odom: ratio=0.000000, std dev=0.000000m|0.000000rad, update time=0.000899s delay=0.118936s
[INFO] [1770986166.968618002] [icp_odometry]: Odom: ratio=0.000000, std dev=0.000000m|0.000000rad, update time=0.000818s delay=0.119308s
[INFO] [1770986167.066807719] [icp_odometry]: Odom: ratio=0.000000, std dev=0.000000m|0.000000rad, update time=0.000829s delay=0.116829s
[INFO] [1770986167.166590789] [icp_odometry]: Odom: ratio=0.000000, std dev=0.000000m|0.000000rad, update time=0.000805s delay=0.116534s
[INFO] [1770986167.267834984] [icp_odometry]: Odom: ratio=0.000000, std dev=0.000000m|0.000000rad, update time=0.000687s delay=0.117760s
[INFO] [1770986167.368249270] [icp_odometry]: Odom: ratio=0.000000, std dev=0.000000m|0.000000rad, update time=0.000715s delay=0.118932s
[INFO] [1770986167.468644963] [icp_odometry]: Odom: ratio=0.000000, std dev=0.000000m|0.000000rad, update time=0.000880s delay=0.118313s
[INFO] [1770986167.572451142] [icp_odometry]: Odom: ratio=0.000000, std dev=0.000000m|0.000000rad, update time=0.000748s delay=0.122457s
[INFO] [1770986167.667804465] [icp_odometry]: Odom: ratio=0.000000, std dev=0.000000m|0.000000rad, update time=0.000821s delay=0.118658s
[INFO] [1770986167.769005991] [icp_odometry]: Odom: ratio=0.000000, std dev=0.000000m|0.000000rad, update time=0.000609s delay=0.118964s
[INFO] [1770986167.869007891] [icp_odometry]: Odom: ratio=0.000000, std dev=0.000000m|0.000000rad, update time=0.000592s delay=0.118825s
[INFO] [1770986167.970062147] [icp_odometry]: Odom: ratio=0.000000, std dev=0.000000m|0.000000rad, update time=0.000589s delay=0.119936s
[INFO] [1770986168.067553880] [icp_odometry]: Odom: ratio=0.000000, std dev=0.000000m|0.000000rad, update time=0.000597s delay=0.117571s
[INFO] [1770986168.171394025] [icp_odometry]: Odom: ratio=0.000000, std dev=0.000000m|0.000000rad, update time=0.000597s delay=0.121164s
[INFO] [1770986168.273863851] [icp_odometry]: Odom: ratio=0.000000, std dev=0.000000m|0.000000rad, update time=0.000610s delay=0.123855s
[INFO] [1770986168.369075921] [icp_odometry]: Odom: ratio=0.000000, std dev=0.000000m|0.000000rad, update time=0.000582s delay=0.118922s
[INFO] [1770986168.467465221] [icp_odometry]: Odom: ratio=0.000000, std dev=0.000000m|0.000000rad, update time=0.000639s delay=0.117464s
[INFO] [1770986168.570280402] [icp_odometry]: Odom: ratio=0.000000, std dev=0.000000m|0.000000rad, update time=0.000608s delay=0.121050s
[INFO] [1770986168.668568355] [icp_odometry]: Odom: ratio=0.000000, std dev=0.000000m|0.000000rad, update time=0.000575s delay=0.119325s
[INFO] [1770986168.770064483] [icp_odometry]: Odom: ratio=0.000000, std dev=0.000000m|0.000000rad, update time=0.000621s delay=0.120718s
[INFO] [1770986168.872119318] [icp_odometry]: Odom: ratio=0.000000, std dev=0.000000m|0.000000rad, update time=0.000607s delay=0.121922s
[INFO] [1770986168.971112127] [icp_odometry]: Odom: ratio=0.000000, std dev=0.000000m|0.000000rad, update time=0.000643s delay=0.120835s
[INFO] [1770986169.068007391] [icp_odometry]: Odom: ratio=0.000000, std dev=0.000000m|0.000000rad, update time=0.000590s delay=0.117907s
[INFO] [1770986169.170269338] [icp_odometry]: Odom: ratio=0.000000, std dev=0.000000m|0.000000rad, update time=0.000576s delay=0.121106s
[INFO] [1770986169.267721197] [icp_odometry]: Odom: ratio=0.000000, std dev=0.000000m|0.000000rad, update time=0.000804s delay=0.117612s
[INFO] [1770986169.372154419] [icp_odometry]: Odom: ratio=0.000000, std dev=0.000000m|0.000000rad, update time=0.000783s delay=0.122060s
[INFO] [1770986169.468503872] [icp_odometry]: Odom: ratio=0.000000, std dev=0.000000m|0.000000rad, update time=0.000799s delay=0.119290s
[INFO] [1770986169.570192135] [icp_odometry]: Odom: ratio=0.000000, std dev=0.000000m|0.000000rad, update time=0.000714s delay=0.120059s
[INFO] [1770986169.670481117] [icp_odometry]: Odom: ratio=0.000000, std dev=0.000000m|0.000000rad, update time=0.000855s delay=0.120327s
[INFO] [1770986169.767905391] [icp_odometry]: Odom: ratio=0.000000, std dev=0.000000m|0.000000rad, update time=0.000672s delay=0.117880s
[INFO] [1770986169.869244810] [icp_odometry]: Odom: ratio=0.000000, std dev=0.000000m|0.000000rad, update time=0.000830s delay=0.119236s
[INFO] [1770986169.970442687] [icp_odometry]: Odom: ratio=0.000000, std dev=0.000000m|0.000000rad, update time=0.000590s delay=0.120229s
[INFO] [1770986170.068329122] [icp_odometry]: Odom: ratio=0.000000, std dev=0.000000m|0.000000rad, update time=0.000590s delay=0.119152s
[INFO] [1770986170.167570356] [icp_odometry]: Odom: ratio=0.000000, std dev=0.000000m|0.000000rad, update time=0.000601s delay=0.117569s
[INFO] [1770986170.270537094] [icp_odometry]: Odom: ratio=0.000000, std dev=0.000000m|0.000000rad, update time=0.000570s delay=0.120516s
[INFO] [1770986170.368998877] [icp_odometry]: Odom: ratio=0.000000, std dev=0.000000m|0.000000rad, update time=0.000886s delay=0.118915s
[INFO] [1770986170.467741981] [icp_odometry]: Odom: ratio=0.000000, std dev=0.000000m|0.000000rad, update time=0.000611s delay=0.118576s
[INFO] [1770986170.566456093] [icp_odometry]: Odom: ratio=0.000000, std dev=0.000000m|0.000000rad, update time=0.000598s delay=0.116361s
[INFO] [1770986170.672191472] [icp_odometry]: Odom: ratio=0.000000, std dev=0.000000m|0.000000rad, update time=0.000575s delay=0.122198s
[INFO] [1770986170.768986380] [icp_odometry]: Odom: ratio=0.000000, std dev=0.000000m|0.000000rad, update time=0.000576s delay=0.118857s
[INFO] [1770986170.869033370] [icp_odometry]: Odom: ratio=0.000000, std dev=0.000000m|0.000000rad, update time=0.000606s delay=0.118913s
[INFO] [1770986170.972293687] [icp_odometry]: Odom: ratio=0.000000, std dev=0.000000m|0.000000rad, update time=0.000588s delay=0.122322s
[INFO] [1770986171.069127893] [icp_odometry]: Odom: ratio=0.000000, std dev=0.000000m|0.000000rad, update time=0.000599s delay=0.118959s
[INFO] [1770986171.168742164] [icp_odometry]: Odom: ratio=0.000000, std dev=0.000000m|0.000000rad, update time=0.000642s delay=0.118661s
[INFO] [1770986171.267690299] [icp_odometry]: Odom: ratio=0.000000, std dev=0.000000m|0.000000rad, update time=0.000590s delay=0.117635s
[INFO] [1770986171.370424454] [icp_odometry]: Odom: ratio=0.000000, std dev=0.000000m|0.000000rad, update time=0.000591s delay=0.121206s
[INFO] [1770986171.469644375] [icp_odometry]: Odom: ratio=0.000000, std dev=99.995000m|99.995000rad, update time=0.001514s delay=0.119530s
[INFO] [1770986171.574413640] [icp_odometry]: Odom: ratio=0.001432, std dev=0.000000m|0.000000rad, update time=0.008453s delay=0.124362s
[INFO] [1770986171.668216925] [icp_odometry]: Odom: ratio=0.001782, std dev=0.000000m|0.000000rad, update time=0.002858s delay=0.117990s
[INFO] [1770986171.772787688] [icp_odometry]: Odom: ratio=0.001282, std dev=0.000000m|0.000000rad, update time=0.005005s delay=0.122645s
[INFO] [1770986171.870589704] [icp_odometry]: Odom: ratio=0.001339, std dev=0.000000m|0.000000rad, update time=0.003298s delay=0.120494s
[INFO] [1770986171.971362542] [icp_odometry]: Odom: ratio=0.001712, std dev=0.000000m|0.000000rad, update time=0.002925s delay=0.121335s
[INFO] [1770986172.071518400] [icp_odometry]: Odom: ratio=0.001314, std dev=0.000000m|0.000000rad, update time=0.003857s delay=0.121455s
[INFO] [1770986172.174504851] [icp_odometry]: Odom: ratio=0.001871, std dev=0.000000m|0.000000rad, update time=0.005279s delay=0.124432s
[INFO] [1770986172.270419217] [icp_odometry]: Odom: ratio=0.001338, std dev=0.000000m|0.000000rad, update time=0.002924s delay=0.120389s
[INFO] [1770986172.371355422] [icp_odometry]: Odom: ratio=0.001605, std dev=0.000000m|0.000000rad, update time=0.002826s delay=0.121943s
[INFO] [1770986172.470229763] [icp_odometry]: Odom: ratio=0.001323, std dev=0.000000m|0.000000rad, update time=0.003302s delay=0.119965s
[INFO] [1770986172.573058129] [icp_odometry]: Odom: ratio=0.001599, std dev=0.000000m|0.000000rad, update time=0.003899s delay=0.122958s
[INFO] [1770986172.671732815] [icp_odometry]: Odom: ratio=0.001441, std dev=0.000000m|0.000000rad, update time=0.003348s delay=0.122498s
[INFO] [1770986172.768970747] [icp_odometry]: Odom: ratio=0.001925, std dev=0.000000m|0.000000rad, update time=0.002722s delay=0.118801s
[INFO] [1770986172.871627395] [icp_odometry]: Odom: ratio=0.000000, std dev=0.000000m|0.000000rad, update time=0.003880s delay=0.121445s
[INFO] [1770986172.972026909] [icp_odometry]: Odom: ratio=0.001766, std dev=0.000000m|0.000000rad, update time=0.004687s delay=0.122016s
[INFO] [1770986173.072959529] [icp_odometry]: Odom: ratio=0.000000, std dev=0.000000m|0.000000rad, update time=0.005369s delay=0.122863s
[INFO] [1770986173.170663269] [icp_odometry]: Odom: ratio=0.001650, std dev=0.000000m|0.000000rad, update time=0.002903s delay=0.120672s
[INFO] [1770986173.270819799] [icp_odometry]: Odom: ratio=0.001478, std dev=0.000000m|0.000000rad, update time=0.003058s delay=0.120647s
[INFO] [1770986173.370812131] [icp_odometry]: Odom: ratio=0.001640, std dev=0.000000m|0.000000rad, update time=0.003123s delay=0.120584s
[INFO] [1770986173.472493385] [icp_odometry]: Odom: ratio=0.001584, std dev=0.000000m|0.000000rad, update time=0.004064s delay=0.123194s
[INFO] [1770986173.571303883] [icp_odometry]: Odom: ratio=0.001472, std dev=0.000000m|0.000000rad, update time=0.003194s delay=0.120957s
[INFO] [1770986173.672137748] [icp_odometry]: Odom: ratio=0.001606, std dev=0.000000m|0.000000rad, update time=0.004107s delay=0.121974s
[INFO] [1770986173.770630956] [icp_odometry]: Odom: ratio=0.001613, std dev=0.000000m|0.000000rad, update time=0.003284s delay=0.121237s
[INFO] [1770986173.873081645] [icp_odometry]: Odom: ratio=0.001496, std dev=0.000000m|0.000000rad, update time=0.004678s delay=0.123058s
[INFO] [1770986173.971198360] [icp_odometry]: Odom: ratio=0.001489, std dev=0.000000m|0.000000rad, update time=0.003225s delay=0.120971s
[INFO] [1770986174.073025283] [icp_odometry]: Odom: ratio=0.001370, std dev=0.000000m|0.000000rad, update time=0.004202s delay=0.122870s
[INFO] [1770986174.174801740] [icp_odometry]: Odom: ratio=0.001496, std dev=0.000000m|0.000000rad, update time=0.003640s delay=0.124665s
[INFO] [1770986174.271443044] [icp_odometry]: Odom: ratio=0.001814, std dev=0.000000m|0.000000rad, update time=0.003459s delay=0.121247s
[INFO] [1770986174.369982525] [icp_odometry]: Odom: ratio=0.001469, std dev=0.000000m|0.000000rad, update time=0.003189s delay=0.119879s
[INFO] [1770986174.471399770] [icp_odometry]: Odom: ratio=0.001625, std dev=0.000000m|0.000000rad, update time=0.002972s delay=0.122071s
[INFO] [1770986174.573121026] [icp_odometry]: Odom: ratio=0.001612, std dev=0.000000m|0.000000rad, update time=0.003706s delay=0.123928s
[INFO] [1770986174.674292535] [icp_odometry]: Odom: ratio=0.001740, std dev=0.000000m|0.000000rad, update time=0.003220s delay=0.124021s
[INFO] [1770986174.770075472] [icp_odometry]: Odom: ratio=0.001463, std dev=0.000000m|0.000000rad, update time=0.002943s delay=0.120817s
[INFO] [1770986174.873169960] [icp_odometry]: Odom: ratio=0.001582, std dev=0.000000m|0.000000rad, update time=0.003017s delay=0.123071s
[INFO] [1770986174.970732735] [icp_odometry]: Odom: ratio=0.001200, std dev=0.000000m|0.000000rad, update time=0.003059s delay=0.120474s
[INFO] [1770986175.070812014] [icp_odometry]: Odom: ratio=0.001447, std dev=0.000000m|0.000000rad, update time=0.003026s delay=0.121575s
[INFO] [1770986175.170854619] [icp_odometry]: Odom: ratio=0.001344, std dev=0.000000m|0.000000rad, update time=0.003814s delay=0.121472s
[INFO] [1770986175.270904585] [icp_odometry]: Odom: ratio=0.001135, std dev=0.000000m|0.000000rad, update time=0.003628s delay=0.121726s
[INFO] [1770986175.370894548] [icp_odometry]: Odom: ratio=0.001031, std dev=0.000000m|0.000000rad, update time=0.002841s delay=0.120714s
[INFO] [1770986175.471143401] [icp_odometry]: Odom: ratio=0.001563, std dev=0.000000m|0.000000rad, update time=0.003014s delay=0.121851s
[INFO] [1770986175.569964268] [icp_odometry]: Odom: ratio=0.001619, std dev=0.000000m|0.000000rad, update time=0.002983s delay=0.119733s
[INFO] [1770986175.670953786] [icp_odometry]: Odom: ratio=0.001133, std dev=0.000000m|0.000000rad, update time=0.003278s delay=0.120890s
[INFO] [1770986175.775641161] [icp_odometry]: Odom: ratio=0.001600, std dev=0.000000m|0.000000rad, update time=0.004061s delay=0.125625s
[INFO] [1770986175.873123869] [icp_odometry]: Odom: ratio=0.001569, std dev=0.000000m|0.000000rad, update time=0.002868s delay=0.122957s
[INFO] [1770986175.970694229] [icp_odometry]: Odom: ratio=0.001285, std dev=0.000000m|0.000000rad, update time=0.003143s delay=0.120571s
[INFO] [1770986176.073670472] [icp_odometry]: Odom: ratio=0.001453, std dev=0.000000m|0.000000rad, update time=0.003902s delay=0.123626s
[INFO] [1770986176.170779120] [icp_odometry]: Odom: ratio=0.001594, std dev=0.000000m|0.000000rad, update time=0.003056s delay=0.120535s
[INFO] [1770986176.270400463] [icp_odometry]: Odom: ratio=0.001596, std dev=0.000000m|0.000000rad, update time=0.003532s delay=0.120230s
[INFO] [1770986176.370213140] [icp_odometry]: Odom: ratio=0.001413, std dev=0.000000m|0.000000rad, update time=0.003055s delay=0.120886s
[INFO] [1770986176.474451027] [icp_odometry]: Odom: ratio=0.001746, std dev=0.000000m|0.000000rad, update time=0.003011s delay=0.125247s
[INFO] [1770986176.573074159] [icp_odometry]: Odom: ratio=0.001425, std dev=0.000000m|0.000000rad, update time=0.003525s delay=0.122799s
[INFO] [1770986176.672709231] [icp_odometry]: Odom: ratio=0.001622, std dev=0.000000m|0.000000rad, update time=0.003566s delay=0.122452s
[INFO] [1770986176.770961374] [icp_odometry]: Odom: ratio=0.001422, std dev=0.000000m|0.000000rad, update time=0.003170s delay=0.120696s
[INFO] [1770986176.872986256] [icp_odometry]: Odom: ratio=0.001619, std dev=0.000000m|0.000000rad, update time=0.005283s delay=0.122698s
[INFO] [1770986176.970099032] [icp_odometry]: Odom: ratio=0.001566, std dev=0.000000m|0.000000rad, update time=0.003135s delay=0.119851s
[INFO] [1770986177.070007393] [icp_odometry]: Odom: ratio=0.001478, std dev=0.000000m|0.000000rad, update time=0.003174s delay=0.119815s
[INFO] [1770986177.172207961] [icp_odometry]: Odom: ratio=0.001723, std dev=0.000000m|0.000000rad, update time=0.003459s delay=0.122116s
[INFO] [1770986177.270502602] [icp_odometry]: Odom: ratio=0.001929, std dev=0.000000m|0.000000rad, update time=0.003087s delay=0.120372s
[INFO] [1770986177.372753220] [icp_odometry]: Odom: ratio=0.001307, std dev=0.000000m|0.000000rad, update time=0.004152s delay=0.123441s
[INFO] [1770986177.472164795] [icp_odometry]: Odom: ratio=0.001476, std dev=0.000000m|0.000000rad, update time=0.003452s delay=0.122134s
[INFO] [1770986177.571455215] [icp_odometry]: Odom: ratio=0.001592, std dev=0.000000m|0.000000rad, update time=0.003619s delay=0.121230s
[INFO] [1770986177.670882215] [icp_odometry]: Odom: ratio=0.001748, std dev=0.000000m|0.000000rad, update time=0.003630s delay=0.121559s
[INFO] [1770986177.771701167] [icp_odometry]: Odom: ratio=0.001788, std dev=0.000000m|0.000000rad, update time=0.003255s delay=0.121457s
[INFO] [1770986177.870842269] [icp_odometry]: Odom: ratio=0.001188, std dev=0.000000m|0.000000rad, update time=0.002725s delay=0.120679s
[INFO] [1770986177.972350430] [icp_odometry]: Odom: ratio=0.001641, std dev=0.000000m|0.000000rad, update time=0.003881s delay=0.122111s
[INFO] [1770986178.071604880] [icp_odometry]: Odom: ratio=0.001916, std dev=0.000000m|0.000000rad, update time=0.002993s delay=0.122370s
[INFO] [1770986178.170401906] [icp_odometry]: Odom: ratio=0.001788, std dev=0.000000m|0.000000rad, update time=0.003378s delay=0.120297s
[INFO] [1770986178.270569156] [icp_odometry]: Odom: ratio=0.001314, std dev=0.000000m|0.000000rad, update time=0.003579s delay=0.120510s
[INFO] [1770986178.370141537] [icp_odometry]: Odom: ratio=0.001774, std dev=0.000000m|0.000000rad, update time=0.003083s delay=0.119953s
[INFO] [1770986178.471391224] [icp_odometry]: Odom: ratio=0.001470, std dev=0.000000m|0.000000rad, update time=0.002976s delay=0.122026s
[INFO] [1770986178.571127771] [icp_odometry]: Odom: ratio=0.001575, std dev=0.000000m|0.000000rad, update time=0.002725s delay=0.121014s
[INFO] [1770986178.671536693] [icp_odometry]: Odom: ratio=0.001636, std dev=0.000000m|0.000000rad, update time=0.003641s delay=0.121276s
[INFO] [1770986178.775361158] [icp_odometry]: Odom: ratio=0.001744, std dev=0.000000m|0.000000rad, update time=0.006133s delay=0.126102s
[INFO] [1770986178.871954812] [icp_odometry]: Odom: ratio=0.001757, std dev=0.000000m|0.000000rad, update time=0.003219s delay=0.122570s
[INFO] [1770986178.969978339] [icp_odometry]: Odom: ratio=0.001338, std dev=0.000000m|0.000000rad, update time=0.002964s delay=0.119733s
[INFO] [1770986179.069939694] [icp_odometry]: Odom: ratio=0.001500, std dev=0.000000m|0.000000rad, update time=0.003152s delay=0.119754s
[INFO] [1770986179.173602393] [icp_odometry]: Odom: ratio=0.001328, std dev=0.000000m|0.000000rad, update time=0.006613s delay=0.123418s
[INFO] [1770986179.272104689] [icp_odometry]: Odom: ratio=0.001644, std dev=0.000000m|0.000000rad, update time=0.003316s delay=0.122717s
[INFO] [1770986179.370519718] [icp_odometry]: Odom: ratio=0.001625, std dev=0.000000m|0.000000rad, update time=0.002942s delay=0.121229s
[INFO] [1770986179.470848701] [icp_odometry]: Odom: ratio=0.001475, std dev=0.000000m|0.000000rad, update time=0.003809s delay=0.121472s
[INFO] [1770986179.571212757] [icp_odometry]: Odom: ratio=0.001763, std dev=0.000000m|0.000000rad, update time=0.003608s delay=0.121871s
[INFO] [1770986179.670985338] [icp_odometry]: Odom: ratio=0.001603, std dev=0.000000m|0.000000rad, update time=0.003311s delay=0.120785s
[INFO] [1770986179.771792545] [icp_odometry]: Odom: ratio=0.001446, std dev=0.000000m|0.000000rad, update time=0.003455s delay=0.122375s
[INFO] [1770986179.874515372] [icp_odometry]: Odom: ratio=0.001567, std dev=0.000000m|0.000000rad, update time=0.004945s delay=0.124325s
[INFO] [1770986179.973186602] [icp_odometry]: Odom: ratio=0.001641, std dev=0.000000m|0.000000rad, update time=0.003750s delay=0.123028s
[INFO] [1770986180.071226962] [icp_odometry]: Odom: ratio=0.001439, std dev=0.000000m|0.000000rad, update time=0.003269s delay=0.121155s
[INFO] [1770986180.170688907] [icp_odometry]: Odom: ratio=0.001211, std dev=0.000000m|0.000000rad, update time=0.002954s delay=0.121380s
[INFO] [1770986180.270595860] [icp_odometry]: Odom: ratio=0.001556, std dev=0.000000m|0.000000rad, update time=0.003245s delay=0.121230s
[INFO] [1770986180.371031311] [icp_odometry]: Odom: ratio=0.001642, std dev=0.000000m|0.000000rad, update time=0.002740s delay=0.120926s
[INFO] [1770986180.473030368] [icp_odometry]: Odom: ratio=0.001139, std dev=0.000000m|0.000000rad, update time=0.003864s delay=0.122934s
[INFO] [1770986180.572450776] [icp_odometry]: Odom: ratio=0.001468, std dev=0.000000m|0.000000rad, update time=0.004651s delay=0.122400s
[INFO] [1770986180.670195350] [icp_odometry]: Odom: ratio=0.001428, std dev=0.000000m|0.000000rad, update time=0.003069s delay=0.121017s
[INFO] [1770986180.771016830] [icp_odometry]: Odom: ratio=0.001606, std dev=0.000000m|0.000000rad, update time=0.003863s delay=0.120878s
[INFO] [1770986180.873539138] [icp_odometry]: Odom: ratio=0.001575, std dev=0.000000m|0.000000rad, update time=0.003693s delay=0.123463s
[INFO] [1770986180.970869073] [icp_odometry]: Odom: ratio=0.001280, std dev=0.000000m|0.000000rad, update time=0.003546s delay=0.121591s
[INFO] [1770986181.070106754] [icp_odometry]: Odom: ratio=0.001726, std dev=0.000000m|0.000000rad, update time=0.003416s delay=0.119912s
[INFO] [1770986181.170615648] [icp_odometry]: Odom: ratio=0.000856, std dev=0.000000m|0.000000rad, update time=0.003662s delay=0.120416s
[INFO] [1770986181.269945173] [icp_odometry]: Odom: ratio=0.001312, std dev=0.000000m|0.000000rad, update time=0.002955s delay=0.119796s
[INFO] [1770986181.371634491] [icp_odometry]: Odom: ratio=0.000859, std dev=0.000000m|0.000000rad, update time=0.003214s delay=0.121534s
[INFO] [1770986181.472225340] [icp_odometry]: Odom: ratio=0.001427, std dev=0.000000m|0.000000rad, update time=0.004722s delay=0.122770s
[INFO] [1770986181.572833373] [icp_odometry]: Odom: ratio=0.001848, std dev=0.000000m|0.000000rad, update time=0.003897s delay=0.122756s
[INFO] [1770986181.669831169] [icp_odometry]: Odom: ratio=0.001912, std dev=0.000000m|0.000000rad, update time=0.003047s delay=0.119617s
[INFO] [1770986181.770433121] [icp_odometry]: Odom: ratio=0.001417, std dev=0.000000m|0.000000rad, update time=0.003058s delay=0.120248s
[INFO] [1770986181.875194194] [icp_odometry]: Odom: ratio=0.001762, std dev=0.000000m|0.000000rad, update time=0.005506s delay=0.125074s
[INFO] [1770986181.970137519] [icp_odometry]: Odom: ratio=0.001277, std dev=0.000000m|0.000000rad, update time=0.003295s delay=0.119978s
[INFO] [1770986182.071156574] [icp_odometry]: Odom: ratio=0.001781, std dev=0.000000m|0.000000rad, update time=0.002896s delay=0.120983s
[INFO] [1770986182.172796195] [icp_odometry]: Odom: ratio=0.001585, std dev=0.000000m|0.000000rad, update time=0.003685s delay=0.123449s
[INFO] [1770986182.271707273] [icp_odometry]: Odom: ratio=0.001802, std dev=0.000000m|0.000000rad, update time=0.003272s delay=0.121438s
[INFO] [1770986182.370917594] [icp_odometry]: Odom: ratio=0.001458, std dev=0.000000m|0.000000rad, update time=0.003297s delay=0.121516s
[INFO] [1770986182.472116591] [icp_odometry]: Odom: ratio=0.001481, std dev=0.000000m|0.000000rad, update time=0.003427s delay=0.121891s
[INFO] [1770986182.572286337] [icp_odometry]: Odom: ratio=0.001613, std dev=0.000000m|0.000000rad, update time=0.003486s delay=0.122144s
[INFO] [1770986182.670980992] [icp_odometry]: Odom: ratio=0.001036, std dev=0.000000m|0.000000rad, update time=0.003495s delay=0.120863s
[INFO] [1770986182.772937616] [icp_odometry]: Odom: ratio=0.001756, std dev=0.000000m|0.000000rad, update time=0.003591s delay=0.122885s
[INFO] [1770986182.870826386] [icp_odometry]: Odom: ratio=0.000000, std dev=0.000000m|0.000000rad, update time=0.002808s delay=0.121674s
[INFO] [1770986182.971657563] [icp_odometry]: Odom: ratio=0.001953, std dev=0.000000m|0.000000rad, update time=0.003212s delay=0.122572s
[INFO] [1770986183.070423900] [icp_odometry]: Odom: ratio=0.001326, std dev=0.000000m|0.000000rad, update time=0.003369s delay=0.121012s
[INFO] [1770986183.169787282] [icp_odometry]: Odom: ratio=0.001493, std dev=0.000000m|0.000000rad, update time=0.002911s delay=0.120437s
[INFO] [1770986183.271660607] [icp_odometry]: Odom: ratio=0.001449, std dev=0.000000m|0.000000rad, update time=0.004184s delay=0.121440s
[INFO] [1770986183.370293788] [icp_odometry]: Odom: ratio=0.001637, std dev=0.000000m|0.000000rad, update time=0.003561s delay=0.120948s
[INFO] [1770986183.472794846] [icp_odometry]: Odom: ratio=0.001448, std dev=0.000000m|0.000000rad, update time=0.005326s delay=0.122690s
[INFO] [1770986183.570446809] [icp_odometry]: Odom: ratio=0.001613, std dev=0.000000m|0.000000rad, update time=0.003533s delay=0.120154s
[INFO] [1770986183.672165313] [icp_odometry]: Odom: ratio=0.001591, std dev=0.000000m|0.000000rad, update time=0.003492s delay=0.123122s
[INFO] [1770986183.770606166] [icp_odometry]: Odom: ratio=0.001336, std dev=0.000000m|0.000000rad, update time=0.003460s delay=0.120486s
[INFO] [1770986183.872607784] [icp_odometry]: Odom: ratio=0.001460, std dev=0.000000m|0.000000rad, update time=0.004604s delay=0.123333s
[INFO] [1770986183.971246629] [icp_odometry]: Odom: ratio=0.001616, std dev=0.000000m|0.000000rad, update time=0.002891s delay=0.120873s
[INFO] [1770986184.070035622] [icp_odometry]: Odom: ratio=0.001813, std dev=0.000000m|0.000000rad, update time=0.003779s delay=0.119719s
[INFO] [1770986184.170604486] [icp_odometry]: Odom: ratio=0.001345, std dev=0.000000m|0.000000rad, update time=0.003462s delay=0.120540s
[INFO] [1770986184.271183622] [icp_odometry]: Odom: ratio=0.001639, std dev=0.000000m|0.000000rad, update time=0.003431s delay=0.121035s
[INFO] [1770986184.374441315] [icp_odometry]: Odom: ratio=0.001456, std dev=0.000000m|0.000000rad, update time=0.002945s delay=0.124209s
[INFO] [1770986184.471312995] [icp_odometry]: Odom: ratio=0.001626, std dev=0.000000m|0.000000rad, update time=0.003088s delay=0.120972s
[INFO] [1770986184.570940706] [icp_odometry]: Odom: ratio=0.001453, std dev=0.000000m|0.000000rad, update time=0.002926s delay=0.121540s
[INFO] [1770986184.670099024] [icp_odometry]: Odom: ratio=0.001602, std dev=0.000000m|0.000000rad, update time=0.003078s delay=0.120887s
[INFO] [1770986184.769638028] [icp_odometry]: Odom: ratio=0.001621, std dev=0.000000m|0.000000rad, update time=0.002960s delay=0.120262s
[INFO] [1770986184.870697661] [icp_odometry]: Odom: ratio=0.001705, std dev=0.000000m|0.000000rad, update time=0.003031s delay=0.120610s
[INFO] [1770986184.974592336] [icp_odometry]: Odom: ratio=0.001622, std dev=0.000000m|0.000000rad, update time=0.005342s delay=0.124353s
[INFO] [1770986185.070908860] [icp_odometry]: Odom: ratio=0.001436, std dev=0.000000m|0.000000rad, update time=0.003173s delay=0.120750s
[INFO] [1770986185.171019820] [icp_odometry]: Odom: ratio=0.001344, std dev=0.000000m|0.000000rad, update time=0.002768s delay=0.120943s
[INFO] [1770986185.272084189] [icp_odometry]: Odom: ratio=0.001441, std dev=0.000000m|0.000000rad, update time=0.003730s delay=0.122820s
[INFO] [1770986185.373874311] [icp_odometry]: Odom: ratio=0.001179, std dev=0.000000m|0.000000rad, update time=0.004410s delay=0.123529s
[INFO] [1770986185.470644483] [icp_odometry]: Odom: ratio=0.001429, std dev=0.000000m|0.000000rad, update time=0.002982s delay=0.121388s
[INFO] [1770986185.573225608] [icp_odometry]: Odom: ratio=0.001461, std dev=0.000000m|0.000000rad, update time=0.003670s delay=0.123027s
[INFO] [1770986185.670659195] [icp_odometry]: Odom: ratio=0.001570, std dev=0.000000m|0.000000rad, update time=0.003483s delay=0.121254s
[INFO] [1770986185.773019993] [icp_odometry]: Odom: ratio=0.001443, std dev=0.000000m|0.000000rad, update time=0.003276s delay=0.123672s
[INFO] [1770986185.873100904] [icp_odometry]: Odom: ratio=0.001430, std dev=0.000000m|0.000000rad, update time=0.003144s delay=0.123910s
[INFO] [1770986185.971039372] [icp_odometry]: Odom: ratio=0.001287, std dev=0.000000m|0.000000rad, update time=0.002778s delay=0.120852s
[INFO] [1770986186.070429571] [icp_odometry]: Odom: ratio=0.001708, std dev=0.000000m|0.000000rad, update time=0.003008s delay=0.121134s
[INFO] [1770986186.173168910] [icp_odometry]: Odom: ratio=0.001728, std dev=0.000000m|0.000000rad, update time=0.003235s delay=0.124043s
[INFO] [1770986186.270437979] [icp_odometry]: Odom: ratio=0.001300, std dev=0.000000m|0.000000rad, update time=0.003009s delay=0.120337s
[INFO] [1770986186.373155974] [icp_odometry]: Odom: ratio=0.001437, std dev=0.000000m|0.000000rad, update time=0.003355s delay=0.123812s
[INFO] [1770986186.470966886] [icp_odometry]: Odom: ratio=0.001441, std dev=0.000000m|0.000000rad, update time=0.003318s delay=0.120870s
[INFO] [1770986186.570606245] [icp_odometry]: Odom: ratio=0.001712, std dev=0.000000m|0.000000rad, update time=0.003487s delay=0.120485s
[INFO] [1770986186.669950266] [icp_odometry]: Odom: ratio=0.001485, std dev=0.000000m|0.000000rad, update time=0.003108s delay=0.120745s
[INFO] [1770986186.772319896] [icp_odometry]: Odom: ratio=0.001294, std dev=0.000000m|0.000000rad, update time=0.004154s delay=0.122000s
[INFO] [1770986186.873160482] [icp_odometry]: Odom: ratio=0.001483, std dev=0.000000m|0.000000rad, update time=0.005271s delay=0.122953s
[INFO] [1770986186.976808588] [icp_odometry]: Odom: ratio=0.001293, std dev=0.000000m|0.000000rad, update time=0.003345s delay=0.126543s
[INFO] [1770986187.072822766] [icp_odometry]: Odom: ratio=0.001336, std dev=0.000000m|0.000000rad, update time=0.003642s delay=0.122537s
[INFO] [1770986187.092843940] [rclcpp]: signal_handler(signum=2)
