[INFO] [1772804018.768841400] [icp_odometry]: Odometry: frame_id               = leo04/base_footprint
[INFO] [1772804018.769440205] [icp_odometry]: Odometry: odom_frame_id          = odom
[INFO] [1772804018.769483663] [icp_odometry]: Odometry: publish_tf             = true
[INFO] [1772804018.769498287] [icp_odometry]: Odometry: wait_for_transform     = 0.200000
[INFO] [1772804018.769519184] [icp_odometry]: Odometry: log_to_rosout_level    = 4
[INFO] [1772804018.769594355] [icp_odometry]: Odometry: initial_pose           = xyz=0.000000,0.000000,0.000000 rpy=0.000000,-0.000000,0.000000
[INFO] [1772804018.769613203] [icp_odometry]: Odometry: ground_truth_frame_id  = 
[INFO] [1772804018.769626068] [icp_odometry]: Odometry: ground_truth_base_frame_id = leo04/base_footprint
[INFO] [1772804018.769637172] [icp_odometry]: Odometry: config_path            = 
[INFO] [1772804018.769646036] [icp_odometry]: Odometry: publish_null_when_lost = true
[INFO] [1772804018.769654389] [icp_odometry]: Odometry: publish_compressed_sensor_data = false
[INFO] [1772804018.769663349] [icp_odometry]: Odometry: guess_frame_id         = 
[INFO] [1772804018.769672181] [icp_odometry]: Odometry: guess_min_translation  = 0.000000
[INFO] [1772804018.769681878] [icp_odometry]: Odometry: guess_min_rotation     = 0.000000
[INFO] [1772804018.769690614] [icp_odometry]: Odometry: guess_min_time         = 0.000000
[INFO] [1772804018.769700182] [icp_odometry]: Odometry: expected_update_rate   = 15.000000 Hz
[INFO] [1772804018.769712759] [icp_odometry]: Odometry: max_update_rate        = 0.000000 Hz
[INFO] [1772804018.769722199] [icp_odometry]: Odometry: min_update_rate        = 0.000000 Hz
[INFO] [1772804018.769731255] [icp_odometry]: Odometry: wait_imu_to_init       = false
[INFO] [1772804018.769739928] [icp_odometry]: Odometry: always_check_imu_tf    = true
[INFO] [1772804018.769748728] [icp_odometry]: Odometry: sensor_data_compression_format = .jpg
[INFO] [1772804018.769756888] [icp_odometry]: Odometry: sensor_data_parallel_compression = true
[INFO] [1772804018.769778585] [icp_odometry]: Odometry: stereoParams_=0 visParams_=0 icpParams_=1
[INFO] [1772804018.772169836] [icp_odometry]: Setting odometry parameter "Icp/CorrespondenceRatio"="0.01"
[INFO] [1772804018.772576826] [icp_odometry]: Setting odometry parameter "Icp/Epsilon"="0.001"
[INFO] [1772804018.772962184] [icp_odometry]: Setting odometry parameter "Icp/Iterations"="10"
[INFO] [1772804018.773195856] [icp_odometry]: Setting odometry parameter "Icp/MaxCorrespondenceDistance"="1"
[INFO] [1772804018.773423000] [icp_odometry]: Setting odometry parameter "Icp/MaxTranslation"="2"
[INFO] [1772804018.773590141] [icp_odometry]: Setting odometry parameter "Icp/OutlierRatio"="0.7"
[INFO] [1772804018.774214515] [icp_odometry]: Setting odometry parameter "Icp/PointToPlaneK"="20"
[INFO] [1772804018.775136243] [icp_odometry]: Setting odometry parameter "Icp/PointToPlaneRadius"="0"
[INFO] [1772804018.775345306] [icp_odometry]: Setting odometry parameter "Icp/RangeMin"="0.3"
[INFO] [1772804018.776289691] [icp_odometry]: Setting odometry parameter "Icp/VoxelSize"="0.1"
[INFO] [1772804018.779167967] [icp_odometry]: Setting odometry parameter "Odom/ScanKeyFrameThr"="0.4"
[INFO] [1772804018.779557068] [icp_odometry]: Setting odometry parameter "OdomF2M/BundleAdjustment"="false"
[INFO] [1772804018.781410605] [icp_odometry]: Setting odometry parameter "OdomF2M/ScanMaxSize"="15000"
[INFO] [1772804018.781904382] [icp_odometry]: Setting odometry parameter "OdomF2M/ScanSubtractRadius"="0.1"
[WARN] [1772804018.819036743] [icp_odometry]: IcpOdometry: Transferring value 0.3 of "Icp/RangeMin" to ros parameter "scan_range_min" for convenience. "Icp/RangeMin" is set to 0.
[WARN] [1772804018.819176076] [icp_odometry]: IcpOdometry: Transferring value 0.1 of "Icp/VoxelSize" to ros parameter "scan_voxel_size" for convenience. "Icp/VoxelSize" is set to 0.
[WARN] [1772804018.819201837] [icp_odometry]: IcpOdometry: Transferring value 20 of "Icp/PointToPlaneK" to ros parameter "scan_normal_k" for convenience.
[INFO] [1772804018.867353172] [icp_odometry]: IcpOdometry: qos                    = 0
[INFO] [1772804018.867568507] [icp_odometry]: IcpOdometry: scan_cloud_max_points  = -1
[INFO] [1772804018.867596924] [icp_odometry]: IcpOdometry: scan_cloud_is_2d       = false
[INFO] [1772804018.867610813] [icp_odometry]: IcpOdometry: scan_downsampling_step = 1
[INFO] [1772804018.867621181] [icp_odometry]: IcpOdometry: scan_range_min         = 0.300000 m
[INFO] [1772804018.867642206] [icp_odometry]: IcpOdometry: scan_range_max         = 0.000000 m
[INFO] [1772804018.867652478] [icp_odometry]: IcpOdometry: scan_voxel_size        = 0.100000 m
[INFO] [1772804018.867663487] [icp_odometry]: IcpOdometry: scan_normal_k          = 20
[INFO] [1772804018.867672991] [icp_odometry]: IcpOdometry: scan_normal_radius     = 0.000000 m
[INFO] [1772804018.867682335] [icp_odometry]: IcpOdometry: scan_normal_ground_up  = 0.000000
[INFO] [1772804018.867691936] [icp_odometry]: IcpOdometry: deskewing              = false
[INFO] [1772804018.867700192] [icp_odometry]: IcpOdometry: deskewing_slerp        = false
[INFO] [1772804018.876491249] [icp_odometry]: 
icp_odometry subscribed to /scan and /leo04/livox/lidar (make sure only one of this topic is published, otherwise remap one to a dummy topic name).
[WARN] [1772804023.885716227] [icp_odometry]: icp_odometry: Did not receive data since 5 seconds! Make sure the input topics are published ("$ rostopic hz my_topic") and the timestamps in their header are set. 
icp_odometry subscribed to /scan and /leo04/livox/lidar (make sure only one of this topic is published, otherwise remap one to a dummy topic name).
[WARN] [1772804028.885819481] [icp_odometry]: icp_odometry: Did not receive data since 5 seconds! Make sure the input topics are published ("$ rostopic hz my_topic") and the timestamps in their header are set. 
icp_odometry subscribed to /scan and /leo04/livox/lidar (make sure only one of this topic is published, otherwise remap one to a dummy topic name).
[INFO] [1772804033.053498960] [rclcpp]: signal_handler(signum=2)
