[INFO] [1772814771.621929331] [icp_odometry]: Odometry: frame_id               = leo04/base_footprint
[INFO] [1772814771.622680399] [icp_odometry]: Odometry: odom_frame_id          = odom
[INFO] [1772814771.622739281] [icp_odometry]: Odometry: publish_tf             = true
[INFO] [1772814771.622761458] [icp_odometry]: Odometry: wait_for_transform     = 0.200000
[INFO] [1772814771.622788851] [icp_odometry]: Odometry: log_to_rosout_level    = 4
[INFO] [1772814771.622884055] [icp_odometry]: Odometry: initial_pose           = xyz=0.000000,0.000000,0.000000 rpy=0.000000,-0.000000,0.000000
[INFO] [1772814771.622913560] [icp_odometry]: Odometry: ground_truth_frame_id  = 
[INFO] [1772814771.622945401] [icp_odometry]: Odometry: ground_truth_base_frame_id = leo04/base_footprint
[INFO] [1772814771.622964250] [icp_odometry]: Odometry: config_path            = 
[INFO] [1772814771.622987546] [icp_odometry]: Odometry: publish_null_when_lost = true
[INFO] [1772814771.623006875] [icp_odometry]: Odometry: publish_compressed_sensor_data = false
[INFO] [1772814771.623035964] [icp_odometry]: Odometry: guess_frame_id         = 
[INFO] [1772814771.623054429] [icp_odometry]: Odometry: guess_min_translation  = 0.000000
[INFO] [1772814771.623074398] [icp_odometry]: Odometry: guess_min_rotation     = 0.000000
[INFO] [1772814771.623092798] [icp_odometry]: Odometry: guess_min_time         = 0.000000
[INFO] [1772814771.623135104] [icp_odometry]: Odometry: expected_update_rate   = 15.000000 Hz
[INFO] [1772814771.623160001] [icp_odometry]: Odometry: max_update_rate        = 0.000000 Hz
[INFO] [1772814771.623187202] [icp_odometry]: Odometry: min_update_rate        = 0.000000 Hz
[INFO] [1772814771.623207715] [icp_odometry]: Odometry: wait_imu_to_init       = false
[INFO] [1772814771.623238180] [icp_odometry]: Odometry: always_check_imu_tf    = true
[INFO] [1772814771.623256901] [icp_odometry]: Odometry: sensor_data_compression_format = .jpg
[INFO] [1772814771.623274021] [icp_odometry]: Odometry: sensor_data_parallel_compression = true
[INFO] [1772814771.623300358] [icp_odometry]: Odometry: stereoParams_=0 visParams_=0 icpParams_=1
[INFO] [1772814771.625241999] [icp_odometry]: Setting odometry parameter "Icp/CorrespondenceRatio"="0.01"
[INFO] [1772814771.625504825] [icp_odometry]: Setting odometry parameter "Icp/Epsilon"="0.001"
[INFO] [1772814771.627794190] [icp_odometry]: Setting odometry parameter "Icp/Iterations"="10"
[INFO] [1772814771.627978005] [icp_odometry]: Setting odometry parameter "Icp/MaxCorrespondenceDistance"="1"
[INFO] [1772814771.628117082] [icp_odometry]: Setting odometry parameter "Icp/MaxTranslation"="2"
[INFO] [1772814771.628179325] [icp_odometry]: Setting odometry parameter "Icp/OutlierRatio"="0.7"
[INFO] [1772814771.628457383] [icp_odometry]: Setting odometry parameter "Icp/PointToPlaneK"="20"
[INFO] [1772814771.628609101] [icp_odometry]: Setting odometry parameter "Icp/PointToPlaneRadius"="0"
[INFO] [1772814771.628707568] [icp_odometry]: Setting odometry parameter "Icp/RangeMin"="0.3"
[INFO] [1772814771.628815060] [icp_odometry]: Setting odometry parameter "Icp/VoxelSize"="0.1"
[INFO] [1772814771.629568369] [icp_odometry]: Setting odometry parameter "Odom/ScanKeyFrameThr"="0.4"
[INFO] [1772814771.630056611] [icp_odometry]: Setting odometry parameter "OdomF2M/BundleAdjustment"="false"
[INFO] [1772814771.630500116] [icp_odometry]: Setting odometry parameter "OdomF2M/ScanMaxSize"="15000"
[INFO] [1772814771.630629976] [icp_odometry]: Setting odometry parameter "OdomF2M/ScanSubtractRadius"="0.1"
[WARN] [1772814771.639380096] [icp_odometry]: IcpOdometry: Transferring value 0.3 of "Icp/RangeMin" to ros parameter "scan_range_min" for convenience. "Icp/RangeMin" is set to 0.
[WARN] [1772814771.639578951] [icp_odometry]: IcpOdometry: Transferring value 0.1 of "Icp/VoxelSize" to ros parameter "scan_voxel_size" for convenience. "Icp/VoxelSize" is set to 0.
[WARN] [1772814771.639622761] [icp_odometry]: IcpOdometry: Transferring value 20 of "Icp/PointToPlaneK" to ros parameter "scan_normal_k" for convenience.
[INFO] [1772814771.657377825] [icp_odometry]: IcpOdometry: qos                    = 0
[INFO] [1772814771.657682604] [icp_odometry]: IcpOdometry: scan_cloud_max_points  = -1
[INFO] [1772814771.657757359] [icp_odometry]: IcpOdometry: scan_cloud_is_2d       = false
[INFO] [1772814771.657793137] [icp_odometry]: IcpOdometry: scan_downsampling_step = 1
[INFO] [1772814771.657813329] [icp_odometry]: IcpOdometry: scan_range_min         = 0.300000 m
[INFO] [1772814771.657842866] [icp_odometry]: IcpOdometry: scan_range_max         = 0.000000 m
[INFO] [1772814771.657893620] [icp_odometry]: IcpOdometry: scan_voxel_size        = 0.100000 m
[INFO] [1772814771.657922805] [icp_odometry]: IcpOdometry: scan_normal_k          = 20
[INFO] [1772814771.657943222] [icp_odometry]: IcpOdometry: scan_normal_radius     = 0.000000 m
[INFO] [1772814771.657963703] [icp_odometry]: IcpOdometry: scan_normal_ground_up  = 0.000000
[INFO] [1772814771.657994552] [icp_odometry]: IcpOdometry: deskewing              = false
[INFO] [1772814771.658015769] [icp_odometry]: IcpOdometry: deskewing_slerp        = false
[INFO] [1772814771.660087302] [icp_odometry]: 
icp_odometry subscribed to /scan and /leo04/livox/lidar (make sure only one of this topic is published, otherwise remap one to a dummy topic name).
[WARN] [1772814776.664387754] [icp_odometry]: icp_odometry: Did not receive data since 5 seconds! Make sure the input topics are published ("$ rostopic hz my_topic") and the timestamps in their header are set. 
icp_odometry subscribed to /scan and /leo04/livox/lidar (make sure only one of this topic is published, otherwise remap one to a dummy topic name).
[INFO] [1772814781.649455935] [rclcpp]: signal_handler(signum=2)
