[INFO] [1773308118.940431870] [icp_odometry]: Odometry: frame_id               = leo04/base_footprint
[INFO] [1773308118.942412150] [icp_odometry]: Odometry: odom_frame_id          = odom
[INFO] [1773308118.942495289] [icp_odometry]: Odometry: publish_tf             = true
[INFO] [1773308118.942514713] [icp_odometry]: Odometry: wait_for_transform     = 0.200000
[INFO] [1773308118.942537210] [icp_odometry]: Odometry: log_to_rosout_level    = 4
[INFO] [1773308118.942722271] [icp_odometry]: Odometry: initial_pose           = xyz=0.000000,0.000000,0.000000 rpy=0.000000,-0.000000,0.000000
[INFO] [1773308118.942761280] [icp_odometry]: Odometry: ground_truth_frame_id  = 
[INFO] [1773308118.942785281] [icp_odometry]: Odometry: ground_truth_base_frame_id = leo04/base_footprint
[INFO] [1773308118.942800578] [icp_odometry]: Odometry: config_path            = 
[INFO] [1773308118.942817506] [icp_odometry]: Odometry: publish_null_when_lost = true
[INFO] [1773308118.942829218] [icp_odometry]: Odometry: publish_compressed_sensor_data = false
[INFO] [1773308118.942839139] [icp_odometry]: Odometry: guess_frame_id         = 
[INFO] [1773308118.942848483] [icp_odometry]: Odometry: guess_min_translation  = 0.000000
[INFO] [1773308118.942860195] [icp_odometry]: Odometry: guess_min_rotation     = 0.000000
[INFO] [1773308118.942870244] [icp_odometry]: Odometry: guess_min_time         = 0.000000
[INFO] [1773308118.942879876] [icp_odometry]: Odometry: expected_update_rate   = 15.000000 Hz
[INFO] [1773308118.942892612] [icp_odometry]: Odometry: max_update_rate        = 0.000000 Hz
[INFO] [1773308118.942990663] [icp_odometry]: Odometry: min_update_rate        = 0.000000 Hz
[INFO] [1773308118.943067625] [icp_odometry]: Odometry: wait_imu_to_init       = false
[INFO] [1773308118.943091498] [icp_odometry]: Odometry: always_check_imu_tf    = true
[INFO] [1773308118.943104106] [icp_odometry]: Odometry: sensor_data_compression_format = .jpg
[INFO] [1773308118.943114731] [icp_odometry]: Odometry: sensor_data_parallel_compression = true
[INFO] [1773308118.943134955] [icp_odometry]: Odometry: stereoParams_=0 visParams_=0 icpParams_=1
[INFO] [1773308118.956849044] [icp_odometry]: Setting odometry parameter "Icp/CorrespondenceRatio"="0.01"
[INFO] [1773308118.962466006] [icp_odometry]: Setting odometry parameter "Icp/Epsilon"="0.001"
[INFO] [1773308118.971571259] [icp_odometry]: Setting odometry parameter "Icp/Iterations"="10"
[INFO] [1773308118.972811518] [icp_odometry]: Setting odometry parameter "Icp/MaxCorrespondenceDistance"="1"
[INFO] [1773308118.974879130] [icp_odometry]: Setting odometry parameter "Icp/MaxTranslation"="2"
[INFO] [1773308118.975973689] [icp_odometry]: Setting odometry parameter "Icp/OutlierRatio"="0.7"
[INFO] [1773308118.994461515] [icp_odometry]: Setting odometry parameter "Icp/PointToPlaneK"="20"
[INFO] [1773308119.001181612] [icp_odometry]: Setting odometry parameter "Icp/PointToPlaneRadius"="0"
[INFO] [1773308119.005816721] [icp_odometry]: Setting odometry parameter "Icp/RangeMin"="0.3"
[INFO] [1773308119.011675769] [icp_odometry]: Setting odometry parameter "Icp/VoxelSize"="0.1"
[INFO] [1773308119.038441752] [icp_odometry]: Setting odometry parameter "Odom/ScanKeyFrameThr"="0.4"
[INFO] [1773308119.038619965] [icp_odometry]: Setting odometry parameter "OdomF2M/BundleAdjustment"="false"
[INFO] [1773308119.038847460] [icp_odometry]: Setting odometry parameter "OdomF2M/ScanMaxSize"="15000"
[INFO] [1773308119.038941447] [icp_odometry]: Setting odometry parameter "OdomF2M/ScanSubtractRadius"="0.1"
[WARN] [1773308119.042851191] [icp_odometry]: IcpOdometry: Transferring value 0.3 of "Icp/RangeMin" to ros parameter "scan_range_min" for convenience. "Icp/RangeMin" is set to 0.
[WARN] [1773308119.042948474] [icp_odometry]: IcpOdometry: Transferring value 0.1 of "Icp/VoxelSize" to ros parameter "scan_voxel_size" for convenience. "Icp/VoxelSize" is set to 0.
[WARN] [1773308119.042974650] [icp_odometry]: IcpOdometry: Transferring value 20 of "Icp/PointToPlaneK" to ros parameter "scan_normal_k" for convenience.
[INFO] [1773308119.094856938] [icp_odometry]: IcpOdometry: qos                    = 0
[INFO] [1773308119.096247826] [icp_odometry]: IcpOdometry: scan_cloud_max_points  = -1
[INFO] [1773308119.097056041] [icp_odometry]: IcpOdometry: scan_cloud_is_2d       = false
[INFO] [1773308119.097752573] [icp_odometry]: IcpOdometry: scan_downsampling_step = 1
[INFO] [1773308119.097800031] [icp_odometry]: IcpOdometry: scan_range_min         = 0.300000 m
[INFO] [1773308119.097832288] [icp_odometry]: IcpOdometry: scan_range_max         = 0.000000 m
[INFO] [1773308119.097849920] [icp_odometry]: IcpOdometry: scan_voxel_size        = 0.100000 m
[INFO] [1773308119.097865312] [icp_odometry]: IcpOdometry: scan_normal_k          = 20
[INFO] [1773308119.097879009] [icp_odometry]: IcpOdometry: scan_normal_radius     = 0.000000 m
[INFO] [1773308119.097892321] [icp_odometry]: IcpOdometry: scan_normal_ground_up  = 0.000000
[INFO] [1773308119.097903202] [icp_odometry]: IcpOdometry: deskewing              = false
[INFO] [1773308119.097912738] [icp_odometry]: IcpOdometry: deskewing_slerp        = false
[INFO] [1773308119.099675636] [icp_odometry]: 
icp_odometry subscribed to /scan and /leo04/livox/lidar (make sure only one of this topic is published, otherwise remap one to a dummy topic name).
[WARN] [1773308124.102459233] [icp_odometry]: icp_odometry: Did not receive data since 5 seconds! Make sure the input topics are published ("$ rostopic hz my_topic") and the timestamps in their header are set. 
icp_odometry subscribed to /scan and /leo04/livox/lidar (make sure only one of this topic is published, otherwise remap one to a dummy topic name).
[INFO] [1773308125.724614082] [rclcpp]: signal_handler(signum=2)
