[INFO] [1771081717.798749872] [icp_odometry]: Odometry: frame_id               = leo04/base_footprint
[INFO] [1771081717.800630101] [icp_odometry]: Odometry: odom_frame_id          = odom
[INFO] [1771081717.801711580] [icp_odometry]: Odometry: publish_tf             = true
[INFO] [1771081717.801751038] [icp_odometry]: Odometry: wait_for_transform     = 0.200000
[INFO] [1771081717.801776990] [icp_odometry]: Odometry: log_to_rosout_level    = 4
[INFO] [1771081717.801861090] [icp_odometry]: Odometry: initial_pose           = xyz=0.000000,0.000000,0.000000 rpy=0.000000,-0.000000,0.000000
[INFO] [1771081717.801889443] [icp_odometry]: Odometry: ground_truth_frame_id  = 
[INFO] [1771081717.801904931] [icp_odometry]: Odometry: ground_truth_base_frame_id = leo04/base_footprint
[INFO] [1771081717.801917188] [icp_odometry]: Odometry: config_path            = 
[INFO] [1771081717.801925636] [icp_odometry]: Odometry: publish_null_when_lost = true
[INFO] [1771081717.801934212] [icp_odometry]: Odometry: publish_compressed_sensor_data = false
[INFO] [1771081717.801942917] [icp_odometry]: Odometry: guess_frame_id         = 
[INFO] [1771081717.801950885] [icp_odometry]: Odometry: guess_min_translation  = 0.000000
[INFO] [1771081717.801969414] [icp_odometry]: Odometry: guess_min_rotation     = 0.000000
[INFO] [1771081717.801979750] [icp_odometry]: Odometry: guess_min_time         = 0.000000
[INFO] [1771081717.801989158] [icp_odometry]: Odometry: expected_update_rate   = 15.000000 Hz
[INFO] [1771081717.802002055] [icp_odometry]: Odometry: max_update_rate        = 0.000000 Hz
[INFO] [1771081717.802011303] [icp_odometry]: Odometry: min_update_rate        = 0.000000 Hz
[INFO] [1771081717.802021063] [icp_odometry]: Odometry: wait_imu_to_init       = false
[INFO] [1771081717.802030024] [icp_odometry]: Odometry: always_check_imu_tf    = true
[INFO] [1771081717.802037992] [icp_odometry]: Odometry: sensor_data_compression_format = .jpg
[INFO] [1771081717.802046664] [icp_odometry]: Odometry: sensor_data_parallel_compression = true
[INFO] [1771081717.802064809] [icp_odometry]: Odometry: stereoParams_=0 visParams_=0 icpParams_=1
[INFO] [1771081717.804075251] [icp_odometry]: Setting odometry parameter "Icp/CorrespondenceRatio"="0.01"
[INFO] [1771081717.804456032] [icp_odometry]: Setting odometry parameter "Icp/Epsilon"="0.001"
[INFO] [1771081717.804867407] [icp_odometry]: Setting odometry parameter "Icp/Iterations"="10"
[INFO] [1771081717.805024629] [icp_odometry]: Setting odometry parameter "Icp/MaxCorrespondenceDistance"="1"
[INFO] [1771081717.805529224] [icp_odometry]: Setting odometry parameter "Icp/MaxTranslation"="2"
[INFO] [1771081717.805822962] [icp_odometry]: Setting odometry parameter "Icp/OutlierRatio"="0.7"
[INFO] [1771081717.806669233] [icp_odometry]: Setting odometry parameter "Icp/PointToPlaneK"="20"
[INFO] [1771081717.807070464] [icp_odometry]: Setting odometry parameter "Icp/PointToPlaneRadius"="0"
[INFO] [1771081717.807390188] [icp_odometry]: Setting odometry parameter "Icp/RangeMin"="0.3"
[INFO] [1771081717.807872349] [icp_odometry]: Setting odometry parameter "Icp/VoxelSize"="0.1"
[INFO] [1771081717.813144606] [icp_odometry]: Setting odometry parameter "Odom/ScanKeyFrameThr"="0.4"
[INFO] [1771081717.814053087] [icp_odometry]: Setting odometry parameter "OdomF2M/BundleAdjustment"="false"
[INFO] [1771081717.816542650] [icp_odometry]: Setting odometry parameter "OdomF2M/ScanMaxSize"="15000"
[INFO] [1771081717.817918029] [icp_odometry]: Setting odometry parameter "OdomF2M/ScanSubtractRadius"="0.1"
[WARN] [1771081717.862816631] [icp_odometry]: IcpOdometry: Transferring value 0.3 of "Icp/RangeMin" to ros parameter "scan_range_min" for convenience. "Icp/RangeMin" is set to 0.
[WARN] [1771081717.862926619] [icp_odometry]: IcpOdometry: Transferring value 0.1 of "Icp/VoxelSize" to ros parameter "scan_voxel_size" for convenience. "Icp/VoxelSize" is set to 0.
[WARN] [1771081717.862953180] [icp_odometry]: IcpOdometry: Transferring value 20 of "Icp/PointToPlaneK" to ros parameter "scan_normal_k" for convenience.
[INFO] [1771081717.882001236] [icp_odometry]: IcpOdometry: qos                    = 0
[INFO] [1771081717.883496139] [icp_odometry]: IcpOdometry: scan_cloud_max_points  = -1
[INFO] [1771081717.884448270] [icp_odometry]: IcpOdometry: scan_cloud_is_2d       = false
[INFO] [1771081717.885312429] [icp_odometry]: IcpOdometry: scan_downsampling_step = 1
[INFO] [1771081717.885347983] [icp_odometry]: IcpOdometry: scan_range_min         = 0.300000 m
[INFO] [1771081717.885373360] [icp_odometry]: IcpOdometry: scan_range_max         = 0.000000 m
[INFO] [1771081717.885385104] [icp_odometry]: IcpOdometry: scan_voxel_size        = 0.100000 m
[INFO] [1771081717.885396529] [icp_odometry]: IcpOdometry: scan_normal_k          = 20
[INFO] [1771081717.885405681] [icp_odometry]: IcpOdometry: scan_normal_radius     = 0.000000 m
[INFO] [1771081717.885415825] [icp_odometry]: IcpOdometry: scan_normal_ground_up  = 0.000000
[INFO] [1771081717.885424306] [icp_odometry]: IcpOdometry: deskewing              = false
[INFO] [1771081717.885432626] [icp_odometry]: IcpOdometry: deskewing_slerp        = false
[INFO] [1771081717.891042687] [icp_odometry]: 
icp_odometry subscribed to /scan and /leo04/livox/lidar (make sure only one of this topic is published, otherwise remap one to a dummy topic name).
[INFO] [1771081722.780744803] [rclcpp]: signal_handler(signum=2)
