[INFO] [1771012227.215469755] [icp_odometry]: Odometry: frame_id               = leo04/base_footprint
[INFO] [1771012227.217567556] [icp_odometry]: Odometry: odom_frame_id          = odom
[INFO] [1771012227.217614950] [icp_odometry]: Odometry: publish_tf             = true
[INFO] [1771012227.217633158] [icp_odometry]: Odometry: wait_for_transform     = 0.200000
[INFO] [1771012227.217656071] [icp_odometry]: Odometry: log_to_rosout_level    = 4
[INFO] [1771012227.217747274] [icp_odometry]: Odometry: initial_pose           = xyz=0.000000,0.000000,0.000000 rpy=0.000000,-0.000000,0.000000
[INFO] [1771012227.217771499] [icp_odometry]: Odometry: ground_truth_frame_id  = 
[INFO] [1771012227.217788812] [icp_odometry]: Odometry: ground_truth_base_frame_id = leo04/base_footprint
[INFO] [1771012227.217803820] [icp_odometry]: Odometry: config_path            = 
[INFO] [1771012227.217822221] [icp_odometry]: Odometry: publish_null_when_lost = true
[INFO] [1771012227.217834829] [icp_odometry]: Odometry: publish_compressed_sensor_data = false
[INFO] [1771012227.217845774] [icp_odometry]: Odometry: guess_frame_id         = 
[INFO] [1771012227.217855918] [icp_odometry]: Odometry: guess_min_translation  = 0.000000
[INFO] [1771012227.217867182] [icp_odometry]: Odometry: guess_min_rotation     = 0.000000
[INFO] [1771012227.217877167] [icp_odometry]: Odometry: guess_min_time         = 0.000000
[INFO] [1771012227.217887503] [icp_odometry]: Odometry: expected_update_rate   = 15.000000 Hz
[INFO] [1771012227.217901264] [icp_odometry]: Odometry: max_update_rate        = 0.000000 Hz
[INFO] [1771012227.217918224] [icp_odometry]: Odometry: min_update_rate        = 0.000000 Hz
[INFO] [1771012227.217930289] [icp_odometry]: Odometry: wait_imu_to_init       = false
[INFO] [1771012227.217940689] [icp_odometry]: Odometry: always_check_imu_tf    = true
[INFO] [1771012227.217950929] [icp_odometry]: Odometry: sensor_data_compression_format = .jpg
[INFO] [1771012227.217961010] [icp_odometry]: Odometry: sensor_data_parallel_compression = true
[INFO] [1771012227.217979762] [icp_odometry]: Odometry: stereoParams_=0 visParams_=0 icpParams_=1
[INFO] [1771012227.219288288] [icp_odometry]: Setting odometry parameter "Icp/CorrespondenceRatio"="0.01"
[INFO] [1771012227.219436165] [icp_odometry]: Setting odometry parameter "Icp/Epsilon"="0.001"
[INFO] [1771012227.219527048] [icp_odometry]: Setting odometry parameter "Icp/Iterations"="10"
[INFO] [1771012227.219575658] [icp_odometry]: Setting odometry parameter "Icp/MaxCorrespondenceDistance"="1"
[INFO] [1771012227.219637964] [icp_odometry]: Setting odometry parameter "Icp/MaxTranslation"="2"
[INFO] [1771012227.219681741] [icp_odometry]: Setting odometry parameter "Icp/OutlierRatio"="0.7"
[INFO] [1771012227.219837331] [icp_odometry]: Setting odometry parameter "Icp/PointToPlaneK"="20"
[INFO] [1771012227.219920598] [icp_odometry]: Setting odometry parameter "Icp/PointToPlaneRadius"="0"
[INFO] [1771012227.219990200] [icp_odometry]: Setting odometry parameter "Icp/RangeMin"="0.3"
[INFO] [1771012227.220078651] [icp_odometry]: Setting odometry parameter "Icp/VoxelSize"="0.1"
[INFO] [1771012227.220136861] [rclcpp]: signal_handler(signum=2)
