[INFO] [1771072739.363919325] [lifecycle_manager_navigation]: Creating
[INFO] [1771072739.410720786] [lifecycle_manager_navigation]: [34m[1mCreating and initializing lifecycle service clients[0m[0m
[INFO] [1771072739.592171723] [lifecycle_manager_navigation]: [34m[1mStarting managed nodes bringup...[0m[0m
[INFO] [1771072739.594348287] [lifecycle_manager_navigation]: [34m[1mConfiguring controller_server[0m[0m
[INFO] [1771072739.709045692] [lifecycle_manager_navigation]: [34m[1mConfiguring smoother_server[0m[0m
[INFO] [1771072739.739014886] [lifecycle_manager_navigation]: [34m[1mConfiguring planner_server[0m[0m
[INFO] [1771072739.802298810] [lifecycle_manager_navigation]: [34m[1mConfiguring behavior_server[0m[0m
[INFO] [1771072739.902887957] [lifecycle_manager_navigation]: [34m[1mConfiguring bt_navigator[0m[0m
[INFO] [1771072740.032763326] [lifecycle_manager_navigation]: [34m[1mConfiguring waypoint_follower[0m[0m
[INFO] [1771072740.052260882] [lifecycle_manager_navigation]: [34m[1mConfiguring velocity_smoother[0m[0m
[INFO] [1771072740.058980726] [lifecycle_manager_navigation]: [34m[1mActivating controller_server[0m[0m
[INFO] [1771072740.421986187] [lifecycle_manager_navigation]: Server controller_server connected with bond.
[INFO] [1771072740.422201620] [lifecycle_manager_navigation]: [34m[1mActivating smoother_server[0m[0m
[INFO] [1771072740.536136467] [lifecycle_manager_navigation]: Server smoother_server connected with bond.
[INFO] [1771072740.536304634] [lifecycle_manager_navigation]: [34m[1mActivating planner_server[0m[0m
[INFO] [1771072741.697379584] [lifecycle_manager_navigation]: Server planner_server connected with bond.
[INFO] [1771072741.697558471] [lifecycle_manager_navigation]: [34m[1mActivating behavior_server[0m[0m
[INFO] [1771072741.806601674] [lifecycle_manager_navigation]: Server behavior_server connected with bond.
[INFO] [1771072741.806730959] [lifecycle_manager_navigation]: [34m[1mActivating bt_navigator[0m[0m
[INFO] [1771072742.029192092] [lifecycle_manager_navigation]: Server bt_navigator connected with bond.
[INFO] [1771072742.029327586] [lifecycle_manager_navigation]: [34m[1mActivating waypoint_follower[0m[0m
[INFO] [1771072742.138638222] [lifecycle_manager_navigation]: Server waypoint_follower connected with bond.
[INFO] [1771072742.138773267] [lifecycle_manager_navigation]: [34m[1mActivating velocity_smoother[0m[0m
[INFO] [1771072742.250499069] [lifecycle_manager_navigation]: Server velocity_smoother connected with bond.
[INFO] [1771072742.250612610] [lifecycle_manager_navigation]: [34m[1mManaged nodes are active[0m[0m
[INFO] [1771072742.250645379] [lifecycle_manager_navigation]: [34m[1mCreating bond timer...[0m[0m
[INFO] [1771073866.780786748] [rclcpp]: signal_handler(signum=2)
[INFO] [1771073866.781696129] [lifecycle_manager_navigation]: Running Nav2 LifecycleManager rcl preshutdown (lifecycle_manager_navigation)
[INFO] [1771073866.782788909] [lifecycle_manager_navigation]: [34m[1mTerminating bond timer...[0m[0m
