[INFO] [1771081847.230476142] [lifecycle_manager_navigation]: Creating
[INFO] [1771081847.234805520] [lifecycle_manager_navigation]: [34m[1mCreating and initializing lifecycle service clients[0m[0m
[INFO] [1771081847.415909164] [lifecycle_manager_navigation]: [34m[1mStarting managed nodes bringup...[0m[0m
[INFO] [1771081847.416068850] [lifecycle_manager_navigation]: [34m[1mConfiguring controller_server[0m[0m
[INFO] [1771081847.503541661] [lifecycle_manager_navigation]: [34m[1mConfiguring smoother_server[0m[0m
[INFO] [1771081847.533432892] [lifecycle_manager_navigation]: [34m[1mConfiguring planner_server[0m[0m
[INFO] [1771081847.602702557] [lifecycle_manager_navigation]: [34m[1mConfiguring behavior_server[0m[0m
[INFO] [1771081847.668434202] [lifecycle_manager_navigation]: [34m[1mConfiguring bt_navigator[0m[0m
[INFO] [1771081847.763723786] [lifecycle_manager_navigation]: [34m[1mConfiguring waypoint_follower[0m[0m
[INFO] [1771081847.791469528] [lifecycle_manager_navigation]: [34m[1mConfiguring velocity_smoother[0m[0m
[INFO] [1771081847.800197279] [lifecycle_manager_navigation]: [34m[1mActivating controller_server[0m[0m
[INFO] [1771081848.163267992] [lifecycle_manager_navigation]: Server controller_server connected with bond.
[INFO] [1771081848.163461823] [lifecycle_manager_navigation]: [34m[1mActivating smoother_server[0m[0m
[INFO] [1771081848.271141118] [lifecycle_manager_navigation]: Server smoother_server connected with bond.
[INFO] [1771081848.271376551] [lifecycle_manager_navigation]: [34m[1mActivating planner_server[0m[0m
[INFO] [1771081849.436003513] [lifecycle_manager_navigation]: Server planner_server connected with bond.
[INFO] [1771081849.436154558] [lifecycle_manager_navigation]: [34m[1mActivating behavior_server[0m[0m
[INFO] [1771081849.544528920] [lifecycle_manager_navigation]: Server behavior_server connected with bond.
[INFO] [1771081849.544634363] [lifecycle_manager_navigation]: [34m[1mActivating bt_navigator[0m[0m
[INFO] [1771081849.732437426] [lifecycle_manager_navigation]: Server bt_navigator connected with bond.
[INFO] [1771081849.732556311] [lifecycle_manager_navigation]: [34m[1mActivating waypoint_follower[0m[0m
[INFO] [1771081849.840519425] [lifecycle_manager_navigation]: Server waypoint_follower connected with bond.
[INFO] [1771081849.840662502] [lifecycle_manager_navigation]: [34m[1mActivating velocity_smoother[0m[0m
[INFO] [1771081849.950803906] [lifecycle_manager_navigation]: Server velocity_smoother connected with bond.
[INFO] [1771081849.950915302] [lifecycle_manager_navigation]: [34m[1mManaged nodes are active[0m[0m
[INFO] [1771081849.950945575] [lifecycle_manager_navigation]: [34m[1mCreating bond timer...[0m[0m
[INFO] [1771084043.690640373] [rclcpp]: signal_handler(signum=2)
[INFO] [1771084043.691508243] [lifecycle_manager_navigation]: Running Nav2 LifecycleManager rcl preshutdown (lifecycle_manager_navigation)
[INFO] [1771084043.696411998] [lifecycle_manager_navigation]: [34m[1mTerminating bond timer...[0m[0m
