[INFO] [1771081826.461497982] [planner_server]: 
	planner_server lifecycle node launched. 
	Waiting on external lifecycle transitions to activate
	See https://design.ros2.org/articles/node_lifecycle.html for more information.
[INFO] [1771081826.468311998] [planner_server]: Creating
[INFO] [1771081826.694153573] [global_costmap.global_costmap]: 
	global_costmap lifecycle node launched. 
	Waiting on external lifecycle transitions to activate
	See https://design.ros2.org/articles/node_lifecycle.html for more information.
[INFO] [1771081826.697682665] [global_costmap.global_costmap]: Creating Costmap
[INFO] [1771081827.128485193] [planner_server]: Configuring
[INFO] [1771081827.128588461] [global_costmap.global_costmap]: Configuring
[INFO] [1771081827.165878337] [global_costmap.global_costmap]: Using plugin "static_layer"
[INFO] [1771081827.177090597] [global_costmap.global_costmap]: Subscribing to the map topic (/map) with transient local durability
[INFO] [1771081827.200866911] [global_costmap.global_costmap]: Initialized plugin "static_layer"
[INFO] [1771081827.201527736] [global_costmap.global_costmap]: Using plugin "obstacle_layer"
[INFO] [1771081827.216733009] [global_costmap.global_costmap]: Subscribed to Topics: scan
[INFO] [1771081827.275491689] [global_costmap.global_costmap]: Initialized plugin "obstacle_layer"
[INFO] [1771081827.275609741] [global_costmap.global_costmap]: Using plugin "inflation_layer"
[INFO] [1771081827.294855774] [global_costmap.global_costmap]: Initialized plugin "inflation_layer"
[INFO] [1771081827.370733046] [planner_server]: Created global planner plugin GridBased of type nav2_navfn_planner/NavfnPlanner
[INFO] [1771081827.370847003] [planner_server]: Configuring plugin GridBased of type NavfnPlanner
[INFO] [1771081827.374121365] [planner_server]: Planner Server has GridBased  planners available.
[INFO] [1771081831.900924824] [rclcpp]: signal_handler(signum=2)
[INFO] [1771081831.901143072] [planner_server]: Running Nav2 LifecycleNode rcl preshutdown (planner_server)
[INFO] [1771081831.903187757] [planner_server]: Cleaning up
[INFO] [1771081832.038481046] [global_costmap.global_costmap]: Cleaning up
[INFO] [1771081834.204186990] [planner_server]: Cleaning up plugin GridBased of type NavfnPlanner
[INFO] [1771081834.204643135] [planner_server]: Destroying plugin GridBased of type NavfnPlanner
[INFO] [1771081834.256019619] [planner_server]: Destroying bond (planner_server) to lifecycle manager.
