[INFO] [1771073917.447520972] [planner_server]: 
	planner_server lifecycle node launched. 
	Waiting on external lifecycle transitions to activate
	See https://design.ros2.org/articles/node_lifecycle.html for more information.
[INFO] [1771073917.492043071] [planner_server]: Creating
[INFO] [1771073917.676019491] [global_costmap.global_costmap]: 
	global_costmap lifecycle node launched. 
	Waiting on external lifecycle transitions to activate
	See https://design.ros2.org/articles/node_lifecycle.html for more information.
[INFO] [1771073917.677355923] [global_costmap.global_costmap]: Creating Costmap
[INFO] [1771073917.949107183] [planner_server]: Configuring
[INFO] [1771073917.949230868] [global_costmap.global_costmap]: Configuring
[INFO] [1771073917.957755786] [global_costmap.global_costmap]: Using plugin "static_layer"
[INFO] [1771073917.965831663] [global_costmap.global_costmap]: Subscribing to the map topic (/map) with transient local durability
[INFO] [1771073917.970635230] [global_costmap.global_costmap]: Initialized plugin "static_layer"
[INFO] [1771073917.970766531] [global_costmap.global_costmap]: Using plugin "obstacle_layer"
[INFO] [1771073917.971322807] [global_costmap.global_costmap]: Subscribed to Topics: scan
[INFO] [1771073917.973887092] [global_costmap.global_costmap]: Initialized plugin "obstacle_layer"
[INFO] [1771073917.973963191] [global_costmap.global_costmap]: Using plugin "inflation_layer"
[INFO] [1771073917.974462793] [global_costmap.global_costmap]: Initialized plugin "inflation_layer"
[INFO] [1771073917.982978367] [planner_server]: Created global planner plugin GridBased of type nav2_navfn_planner/NavfnPlanner
[INFO] [1771073917.983100260] [planner_server]: Configuring plugin GridBased of type NavfnPlanner
[INFO] [1771073917.983461393] [planner_server]: Planner Server has GridBased  planners available.
[INFO] [1771073918.696024718] [planner_server]: Activating
[INFO] [1771073918.696162259] [global_costmap.global_costmap]: Activating
[INFO] [1771073918.696196212] [global_costmap.global_costmap]: Checking transform
[INFO] [1771073918.696857868] [global_costmap.global_costmap]: start
[WARN] [1771073918.698111354] [nav2_costmap_2d]: Robot is out of bounds of the costmap!
[INFO] [1771073918.747964495] [planner_server]: Activating plugin GridBased of type NavfnPlanner
[INFO] [1771073918.749096152] [planner_server]: Creating bond (planner_server) to lifecycle manager.
[INFO] [1771073918.837236350] [global_costmap.global_costmap]: StaticLayer: Resizing costmap to 195 X 202 at 0.030000 m/pix
[INFO] [1771073923.882799641] [rclcpp]: signal_handler(signum=2)
[INFO] [1771073923.883112517] [planner_server]: Running Nav2 LifecycleNode rcl preshutdown (planner_server)
[INFO] [1771073923.883336397] [planner_server]: Deactivating
[INFO] [1771073923.883455025] [global_costmap.global_costmap]: Deactivating
[INFO] [1771073924.699624518] [planner_server]: Deactivating plugin GridBased of type NavfnPlanner
[INFO] [1771073924.700596682] [planner_server]: Destroying bond (planner_server) to lifecycle manager.
[INFO] [1771073924.723213312] [planner_server]: Cleaning up
[INFO] [1771073924.865538937] [global_costmap.global_costmap]: Cleaning up
[INFO] [1771073924.895558461] [planner_server]: Cleaning up plugin GridBased of type NavfnPlanner
[INFO] [1771073924.895882665] [planner_server]: Destroying plugin GridBased of type NavfnPlanner
[INFO] [1771073924.939084236] [planner_server]: Destroying bond (planner_server) to lifecycle manager.
