[INFO] [1771071345.004269921] [planner_server]: 
	planner_server lifecycle node launched. 
	Waiting on external lifecycle transitions to activate
	See https://design.ros2.org/articles/node_lifecycle.html for more information.
[INFO] [1771071345.045684156] [planner_server]: Creating
[INFO] [1771071345.101990626] [global_costmap.global_costmap]: 
	global_costmap lifecycle node launched. 
	Waiting on external lifecycle transitions to activate
	See https://design.ros2.org/articles/node_lifecycle.html for more information.
[INFO] [1771071345.109386725] [global_costmap.global_costmap]: Creating Costmap
[INFO] [1771071345.389566999] [planner_server]: Configuring
[INFO] [1771071345.389878113] [global_costmap.global_costmap]: Configuring
[INFO] [1771071345.395653171] [global_costmap.global_costmap]: Using plugin "static_layer"
[INFO] [1771071345.404440449] [global_costmap.global_costmap]: Subscribing to the map topic (/map) with transient local durability
[INFO] [1771071345.410664193] [global_costmap.global_costmap]: Initialized plugin "static_layer"
[INFO] [1771071345.412590044] [global_costmap.global_costmap]: Using plugin "obstacle_layer"
[INFO] [1771071345.418724793] [global_costmap.global_costmap]: Subscribed to Topics: scan
[INFO] [1771071345.424368295] [global_costmap.global_costmap]: Initialized plugin "obstacle_layer"
[INFO] [1771071345.424473258] [global_costmap.global_costmap]: Using plugin "inflation_layer"
[INFO] [1771071345.425443624] [global_costmap.global_costmap]: Initialized plugin "inflation_layer"
[INFO] [1771071345.440668124] [planner_server]: Created global planner plugin GridBased of type nav2_navfn_planner/NavfnPlanner
[INFO] [1771071345.442452211] [planner_server]: Configuring plugin GridBased of type NavfnPlanner
[INFO] [1771071345.444083046] [planner_server]: Planner Server has GridBased  planners available.
[INFO] [1771071345.503760179] [global_costmap.global_costmap]: StaticLayer: Resizing costmap to 158 X 171 at 0.030000 m/pix
[INFO] [1771071346.145086547] [planner_server]: Activating
[INFO] [1771071346.145262521] [global_costmap.global_costmap]: Activating
[INFO] [1771071346.145314170] [global_costmap.global_costmap]: Checking transform
[INFO] [1771071346.145616772] [global_costmap.global_costmap]: start
[INFO] [1771071347.197147225] [planner_server]: Activating plugin GridBased of type NavfnPlanner
[INFO] [1771071347.198592646] [planner_server]: Creating bond (planner_server) to lifecycle manager.
[INFO] [1771071355.146245324] [global_costmap.global_costmap]: StaticLayer: Resizing costmap to 159 X 172 at 0.030000 m/pix
[INFO] [1771071356.146226828] [global_costmap.global_costmap]: StaticLayer: Resizing costmap to 161 X 174 at 0.030000 m/pix
[INFO] [1771071358.146249904] [global_costmap.global_costmap]: StaticLayer: Resizing costmap to 162 X 174 at 0.030000 m/pix
[INFO] [1771071360.146234673] [global_costmap.global_costmap]: StaticLayer: Resizing costmap to 163 X 174 at 0.030000 m/pix
[INFO] [1771071362.146250356] [global_costmap.global_costmap]: StaticLayer: Resizing costmap to 163 X 177 at 0.030000 m/pix
[INFO] [1771071365.146299290] [global_costmap.global_costmap]: StaticLayer: Resizing costmap to 164 X 177 at 0.030000 m/pix
[INFO] [1771071369.146231868] [global_costmap.global_costmap]: StaticLayer: Resizing costmap to 169 X 177 at 0.030000 m/pix
[INFO] [1771071371.146262784] [global_costmap.global_costmap]: StaticLayer: Resizing costmap to 169 X 178 at 0.030000 m/pix
[INFO] [1771071373.146234049] [global_costmap.global_costmap]: StaticLayer: Resizing costmap to 175 X 178 at 0.030000 m/pix
[INFO] [1771071378.146245288] [global_costmap.global_costmap]: StaticLayer: Resizing costmap to 183 X 178 at 0.030000 m/pix
[INFO] [1771071392.146339676] [global_costmap.global_costmap]: StaticLayer: Resizing costmap to 183 X 180 at 0.030000 m/pix
[INFO] [1771071394.146244956] [global_costmap.global_costmap]: StaticLayer: Resizing costmap to 183 X 181 at 0.030000 m/pix
[INFO] [1771071396.146291936] [global_costmap.global_costmap]: StaticLayer: Resizing costmap to 185 X 181 at 0.030000 m/pix
[INFO] [1771071401.146235876] [global_costmap.global_costmap]: StaticLayer: Resizing costmap to 186 X 181 at 0.030000 m/pix
[INFO] [1771071404.146246216] [global_costmap.global_costmap]: StaticLayer: Resizing costmap to 189 X 191 at 0.030000 m/pix
[INFO] [1771071411.146248817] [global_costmap.global_costmap]: StaticLayer: Resizing costmap to 195 X 191 at 0.030000 m/pix
[INFO] [1771071413.146250675] [global_costmap.global_costmap]: StaticLayer: Resizing costmap to 202 X 191 at 0.030000 m/pix
[INFO] [1771071417.146232154] [global_costmap.global_costmap]: StaticLayer: Resizing costmap to 202 X 193 at 0.030000 m/pix
[INFO] [1771071419.146246969] [global_costmap.global_costmap]: StaticLayer: Resizing costmap to 202 X 205 at 0.030000 m/pix
[INFO] [1771071421.146246552] [global_costmap.global_costmap]: StaticLayer: Resizing costmap to 202 X 207 at 0.030000 m/pix
[INFO] [1771071422.146243704] [global_costmap.global_costmap]: StaticLayer: Resizing costmap to 202 X 209 at 0.030000 m/pix
[INFO] [1771071426.146295799] [global_costmap.global_costmap]: StaticLayer: Resizing costmap to 204 X 212 at 0.030000 m/pix
[INFO] [1771071428.146232436] [global_costmap.global_costmap]: StaticLayer: Resizing costmap to 213 X 212 at 0.030000 m/pix
[INFO] [1771071429.146249524] [global_costmap.global_costmap]: StaticLayer: Resizing costmap to 214 X 214 at 0.030000 m/pix
[INFO] [1771071431.146402329] [global_costmap.global_costmap]: StaticLayer: Resizing costmap to 218 X 214 at 0.030000 m/pix
[INFO] [1771071443.146342512] [global_costmap.global_costmap]: StaticLayer: Resizing costmap to 218 X 216 at 0.030000 m/pix
[INFO] [1771071445.146221738] [global_costmap.global_costmap]: StaticLayer: Resizing costmap to 218 X 218 at 0.030000 m/pix
[INFO] [1771071448.146236416] [global_costmap.global_costmap]: StaticLayer: Resizing costmap to 218 X 221 at 0.030000 m/pix
[INFO] [1771071451.146234419] [global_costmap.global_costmap]: StaticLayer: Resizing costmap to 218 X 222 at 0.030000 m/pix
[INFO] [1771071456.146226089] [global_costmap.global_costmap]: StaticLayer: Resizing costmap to 218 X 228 at 0.030000 m/pix
[INFO] [1771071458.146221835] [global_costmap.global_costmap]: StaticLayer: Resizing costmap to 218 X 230 at 0.030000 m/pix
[INFO] [1771071461.146244992] [global_costmap.global_costmap]: StaticLayer: Resizing costmap to 218 X 238 at 0.030000 m/pix
[INFO] [1771071462.146345844] [global_costmap.global_costmap]: StaticLayer: Resizing costmap to 218 X 240 at 0.030000 m/pix
[INFO] [1771071463.146235458] [global_costmap.global_costmap]: StaticLayer: Resizing costmap to 218 X 241 at 0.030000 m/pix
[INFO] [1771071465.146321159] [global_costmap.global_costmap]: StaticLayer: Resizing costmap to 220 X 241 at 0.030000 m/pix
[INFO] [1771071467.146225254] [global_costmap.global_costmap]: StaticLayer: Resizing costmap to 220 X 242 at 0.030000 m/pix
[INFO] [1771071468.146241912] [global_costmap.global_costmap]: StaticLayer: Resizing costmap to 220 X 246 at 0.030000 m/pix
[INFO] [1771071469.146233801] [global_costmap.global_costmap]: StaticLayer: Resizing costmap to 220 X 247 at 0.030000 m/pix
[INFO] [1771071471.146299437] [global_costmap.global_costmap]: StaticLayer: Resizing costmap to 220 X 249 at 0.030000 m/pix
[INFO] [1771071472.146307998] [global_costmap.global_costmap]: StaticLayer: Resizing costmap to 225 X 249 at 0.030000 m/pix
[INFO] [1771071475.146222959] [global_costmap.global_costmap]: StaticLayer: Resizing costmap to 225 X 251 at 0.030000 m/pix
[INFO] [1771071476.146255586] [global_costmap.global_costmap]: StaticLayer: Resizing costmap to 225 X 252 at 0.030000 m/pix
[INFO] [1771071478.146234723] [global_costmap.global_costmap]: StaticLayer: Resizing costmap to 225 X 257 at 0.030000 m/pix
[INFO] [1771071483.146252986] [global_costmap.global_costmap]: StaticLayer: Resizing costmap to 230 X 257 at 0.030000 m/pix
[INFO] [1771071485.146244700] [global_costmap.global_costmap]: StaticLayer: Resizing costmap to 230 X 260 at 0.030000 m/pix
[INFO] [1771071487.146244702] [global_costmap.global_costmap]: StaticLayer: Resizing costmap to 230 X 262 at 0.030000 m/pix
[INFO] [1771071489.146251521] [global_costmap.global_costmap]: StaticLayer: Resizing costmap to 232 X 262 at 0.030000 m/pix
[INFO] [1771071492.146227315] [global_costmap.global_costmap]: StaticLayer: Resizing costmap to 237 X 269 at 0.030000 m/pix
[INFO] [1771071493.146248229] [global_costmap.global_costmap]: StaticLayer: Resizing costmap to 237 X 270 at 0.030000 m/pix
[INFO] [1771071495.146250600] [global_costmap.global_costmap]: StaticLayer: Resizing costmap to 241 X 270 at 0.030000 m/pix
[INFO] [1771071497.146245162] [global_costmap.global_costmap]: StaticLayer: Resizing costmap to 241 X 275 at 0.030000 m/pix
[INFO] [1771071499.146328335] [global_costmap.global_costmap]: StaticLayer: Resizing costmap to 241 X 276 at 0.030000 m/pix
[INFO] [1771071503.146227920] [global_costmap.global_costmap]: StaticLayer: Resizing costmap to 242 X 276 at 0.030000 m/pix
[INFO] [1771071504.146228322] [global_costmap.global_costmap]: StaticLayer: Resizing costmap to 243 X 279 at 0.030000 m/pix
[INFO] [1771071507.146262806] [global_costmap.global_costmap]: StaticLayer: Resizing costmap to 245 X 281 at 0.030000 m/pix
[INFO] [1771071508.146773528] [global_costmap.global_costmap]: StaticLayer: Resizing costmap to 249 X 281 at 0.030000 m/pix
[INFO] [1771071509.146231160] [global_costmap.global_costmap]: StaticLayer: Resizing costmap to 251 X 282 at 0.030000 m/pix
[INFO] [1771071512.146226347] [global_costmap.global_costmap]: StaticLayer: Resizing costmap to 254 X 283 at 0.030000 m/pix
[INFO] [1771071514.146222829] [global_costmap.global_costmap]: StaticLayer: Resizing costmap to 257 X 284 at 0.030000 m/pix
[INFO] [1771071515.146233887] [global_costmap.global_costmap]: StaticLayer: Resizing costmap to 257 X 285 at 0.030000 m/pix
[INFO] [1771071517.146250722] [global_costmap.global_costmap]: StaticLayer: Resizing costmap to 261 X 285 at 0.030000 m/pix
[INFO] [1771071518.146240690] [global_costmap.global_costmap]: StaticLayer: Resizing costmap to 262 X 286 at 0.030000 m/pix
[INFO] [1771071520.146230100] [global_costmap.global_costmap]: StaticLayer: Resizing costmap to 265 X 286 at 0.030000 m/pix
[INFO] [1771071523.146224104] [global_costmap.global_costmap]: StaticLayer: Resizing costmap to 265 X 287 at 0.030000 m/pix
[INFO] [1771071526.146263549] [global_costmap.global_costmap]: StaticLayer: Resizing costmap to 272 X 287 at 0.030000 m/pix
[INFO] [1771071529.146256272] [global_costmap.global_costmap]: StaticLayer: Resizing costmap to 274 X 287 at 0.030000 m/pix
[INFO] [1771071531.146230033] [global_costmap.global_costmap]: StaticLayer: Resizing costmap to 275 X 287 at 0.030000 m/pix
[INFO] [1771071535.146238710] [global_costmap.global_costmap]: StaticLayer: Resizing costmap to 275 X 289 at 0.030000 m/pix
[INFO] [1771071537.146238937] [global_costmap.global_costmap]: StaticLayer: Resizing costmap to 277 X 290 at 0.030000 m/pix
[INFO] [1771071544.146255426] [global_costmap.global_costmap]: StaticLayer: Resizing costmap to 287 X 291 at 0.030000 m/pix
[INFO] [1771071546.146229566] [global_costmap.global_costmap]: StaticLayer: Resizing costmap to 288 X 291 at 0.030000 m/pix
[INFO] [1771071548.146217403] [global_costmap.global_costmap]: StaticLayer: Resizing costmap to 288 X 292 at 0.030000 m/pix
[INFO] [1771071553.146256566] [global_costmap.global_costmap]: StaticLayer: Resizing costmap to 300 X 292 at 0.030000 m/pix
[INFO] [1771071557.146233871] [global_costmap.global_costmap]: StaticLayer: Resizing costmap to 300 X 293 at 0.030000 m/pix
[INFO] [1771071558.146262575] [global_costmap.global_costmap]: StaticLayer: Resizing costmap to 301 X 293 at 0.030000 m/pix
[INFO] [1771071559.146257069] [global_costmap.global_costmap]: StaticLayer: Resizing costmap to 306 X 293 at 0.030000 m/pix
[INFO] [1771071584.147305742] [global_costmap.global_costmap]: StaticLayer: Resizing costmap to 307 X 294 at 0.030000 m/pix
[INFO] [1771071585.146266282] [global_costmap.global_costmap]: StaticLayer: Resizing costmap to 314 X 294 at 0.030000 m/pix
[INFO] [1771071586.146251080] [global_costmap.global_costmap]: StaticLayer: Resizing costmap to 318 X 295 at 0.030000 m/pix
[INFO] [1771071587.146255015] [global_costmap.global_costmap]: StaticLayer: Resizing costmap to 325 X 295 at 0.030000 m/pix
[INFO] [1771071589.146262244] [global_costmap.global_costmap]: StaticLayer: Resizing costmap to 334 X 296 at 0.030000 m/pix
[INFO] [1771071590.146254435] [global_costmap.global_costmap]: StaticLayer: Resizing costmap to 340 X 297 at 0.030000 m/pix
[INFO] [1771071591.146246241] [global_costmap.global_costmap]: StaticLayer: Resizing costmap to 343 X 297 at 0.030000 m/pix
[INFO] [1771071592.146252832] [global_costmap.global_costmap]: StaticLayer: Resizing costmap to 343 X 298 at 0.030000 m/pix
[INFO] [1771071594.146250397] [global_costmap.global_costmap]: StaticLayer: Resizing costmap to 363 X 299 at 0.030000 m/pix
[INFO] [1771071598.146313850] [global_costmap.global_costmap]: StaticLayer: Resizing costmap to 370 X 300 at 0.030000 m/pix
[INFO] [1771071599.146261175] [global_costmap.global_costmap]: StaticLayer: Resizing costmap to 376 X 300 at 0.030000 m/pix
[INFO] [1771071601.146270772] [global_costmap.global_costmap]: StaticLayer: Resizing costmap to 380 X 300 at 0.030000 m/pix
[INFO] [1771071602.146306388] [global_costmap.global_costmap]: StaticLayer: Resizing costmap to 382 X 300 at 0.030000 m/pix
[INFO] [1771071603.146317875] [global_costmap.global_costmap]: StaticLayer: Resizing costmap to 383 X 300 at 0.030000 m/pix
[INFO] [1771071604.146293905] [global_costmap.global_costmap]: StaticLayer: Resizing costmap to 384 X 300 at 0.030000 m/pix
[INFO] [1771071606.146323087] [global_costmap.global_costmap]: StaticLayer: Resizing costmap to 385 X 300 at 0.030000 m/pix
[INFO] [1771071607.146246123] [global_costmap.global_costmap]: StaticLayer: Resizing costmap to 386 X 300 at 0.030000 m/pix
[INFO] [1771071616.146267249] [global_costmap.global_costmap]: StaticLayer: Resizing costmap to 387 X 300 at 0.030000 m/pix
[INFO] [1771071617.146300269] [global_costmap.global_costmap]: StaticLayer: Resizing costmap to 389 X 300 at 0.030000 m/pix
[INFO] [1771071624.146244456] [global_costmap.global_costmap]: StaticLayer: Resizing costmap to 390 X 300 at 0.030000 m/pix
[INFO] [1771071629.146347667] [global_costmap.global_costmap]: StaticLayer: Resizing costmap to 391 X 300 at 0.030000 m/pix
[INFO] [1771071630.146271147] [global_costmap.global_costmap]: StaticLayer: Resizing costmap to 392 X 300 at 0.030000 m/pix
[INFO] [1771071633.146261916] [global_costmap.global_costmap]: StaticLayer: Resizing costmap to 393 X 300 at 0.030000 m/pix
[INFO] [1771071659.146270331] [global_costmap.global_costmap]: StaticLayer: Resizing costmap to 394 X 300 at 0.030000 m/pix
[INFO] [1771071664.146250146] [global_costmap.global_costmap]: StaticLayer: Resizing costmap to 395 X 300 at 0.030000 m/pix
[INFO] [1771071725.146243631] [global_costmap.global_costmap]: StaticLayer: Resizing costmap to 396 X 300 at 0.030000 m/pix
[INFO] [1771071727.146247841] [global_costmap.global_costmap]: StaticLayer: Resizing costmap to 406 X 300 at 0.030000 m/pix
[INFO] [1771071729.146257971] [global_costmap.global_costmap]: StaticLayer: Resizing costmap to 408 X 300 at 0.030000 m/pix
[INFO] [1771071733.146256597] [global_costmap.global_costmap]: StaticLayer: Resizing costmap to 409 X 300 at 0.030000 m/pix
[INFO] [1771071757.146246470] [global_costmap.global_costmap]: StaticLayer: Resizing costmap to 409 X 300 at 0.030000 m/pix
[INFO] [1771071759.146261528] [global_costmap.global_costmap]: StaticLayer: Resizing costmap to 409 X 300 at 0.030000 m/pix
[INFO] [1771072137.916393049] [rclcpp]: signal_handler(signum=2)
[INFO] [1771072137.918938609] [planner_server]: Running Nav2 LifecycleNode rcl preshutdown (planner_server)
[INFO] [1771072137.922646353] [planner_server]: Deactivating
[INFO] [1771072137.923406635] [global_costmap.global_costmap]: Deactivating
[INFO] [1771072138.178799425] [planner_server]: Deactivating plugin GridBased of type NavfnPlanner
[INFO] [1771072138.179030185] [planner_server]: Destroying bond (planner_server) to lifecycle manager.
[INFO] [1771072138.284650377] [planner_server]: Cleaning up
[INFO] [1771072138.380046312] [global_costmap.global_costmap]: Cleaning up
[INFO] [1771072138.498135607] [planner_server]: Cleaning up plugin GridBased of type NavfnPlanner
[INFO] [1771072138.498887025] [planner_server]: Destroying plugin GridBased of type NavfnPlanner
[INFO] [1771072138.545682657] [planner_server]: Destroying bond (planner_server) to lifecycle manager.
