[INFO] [1771071047.772980055] [point_cloud_assembler]: point_cloud_assembler: topic_queue_size=10
[INFO] [1771071047.774459464] [point_cloud_assembler]: point_cloud_assembler: sync_queue_size=10
[INFO] [1771071047.775001755] [point_cloud_assembler]: point_cloud_assembler: qos=0
[INFO] [1771071047.775033148] [point_cloud_assembler]: point_cloud_assembler: qos_odom=0
[INFO] [1771071047.775054332] [point_cloud_assembler]: point_cloud_assembler: fixed_frame_id=
[INFO] [1771071047.775291844] [point_cloud_assembler]: point_cloud_assembler: frame_id=
[INFO] [1771071047.775795445] [point_cloud_assembler]: point_cloud_assembler: max_clouds=10
[INFO] [1771071047.776340583] [point_cloud_assembler]: point_cloud_assembler: assembling_time=0.000000s
[INFO] [1771071047.776385097] [point_cloud_assembler]: point_cloud_assembler: skip_clouds=0
[INFO] [1771071047.776419274] [point_cloud_assembler]: point_cloud_assembler: circular_buffer=false
[INFO] [1771071047.776444555] [point_cloud_assembler]: point_cloud_assembler: linear_update=0.000000 m
[INFO] [1771071047.776468428] [point_cloud_assembler]: point_cloud_assembler: angular_update=0.000000 rad
[INFO] [1771071047.776491436] [point_cloud_assembler]: point_cloud_assembler: wait_for_transform=0.100000
[INFO] [1771071047.776516525] [point_cloud_assembler]: point_cloud_assembler: range_min=0.000000
[INFO] [1771071047.776538606] [point_cloud_assembler]: point_cloud_assembler: range_max=0.000000
[INFO] [1771071047.776559759] [point_cloud_assembler]: point_cloud_assembler: voxel_size=0.000000m
[INFO] [1771071047.776581007] [point_cloud_assembler]: point_cloud_assembler: noise_radius=0.000000m
[INFO] [1771071047.776903962] [point_cloud_assembler]: point_cloud_assembler: noise_min_neighbors=5
[INFO] [1771071047.776933851] [point_cloud_assembler]: point_cloud_assembler: remove_z=false
[INFO] [1771071047.800311882] [point_cloud_assembler]: 
point_cloud_assembler subscribed to (exact sync):
   /odom_filtered_input_scan,
   /odom
[INFO] [1771071048.658688703] [rclcpp]: signal_handler(signum=2)
