[INFO] [1771521231.710664405] [point_cloud_assembler]: point_cloud_assembler: topic_queue_size=10
[INFO] [1771521231.711182696] [point_cloud_assembler]: point_cloud_assembler: sync_queue_size=10
[INFO] [1771521231.711221929] [point_cloud_assembler]: point_cloud_assembler: qos=0
[INFO] [1771521231.711243882] [point_cloud_assembler]: point_cloud_assembler: qos_odom=0
[INFO] [1771521231.711262283] [point_cloud_assembler]: point_cloud_assembler: fixed_frame_id=
[INFO] [1771521231.711280043] [point_cloud_assembler]: point_cloud_assembler: frame_id=
[INFO] [1771521231.711296876] [point_cloud_assembler]: point_cloud_assembler: max_clouds=10
[INFO] [1771521231.711313581] [point_cloud_assembler]: point_cloud_assembler: assembling_time=0.000000s
[INFO] [1771521231.711338990] [point_cloud_assembler]: point_cloud_assembler: skip_clouds=0
[INFO] [1771521231.711362158] [point_cloud_assembler]: point_cloud_assembler: circular_buffer=false
[INFO] [1771521231.711381263] [point_cloud_assembler]: point_cloud_assembler: linear_update=0.000000 m
[INFO] [1771521231.711805727] [point_cloud_assembler]: point_cloud_assembler: angular_update=0.000000 rad
[INFO] [1771521231.711832608] [point_cloud_assembler]: point_cloud_assembler: wait_for_transform=0.100000
[INFO] [1771521231.711855616] [point_cloud_assembler]: point_cloud_assembler: range_min=0.000000
[INFO] [1771521231.711875681] [point_cloud_assembler]: point_cloud_assembler: range_max=0.000000
[INFO] [1771521231.711900482] [point_cloud_assembler]: point_cloud_assembler: voxel_size=0.000000m
[INFO] [1771521231.711920067] [point_cloud_assembler]: point_cloud_assembler: noise_radius=0.000000m
[INFO] [1771521231.711945636] [point_cloud_assembler]: point_cloud_assembler: noise_min_neighbors=5
[INFO] [1771521231.711964868] [point_cloud_assembler]: point_cloud_assembler: remove_z=false
[INFO] [1771521231.716667055] [point_cloud_assembler]: 
point_cloud_assembler subscribed to (exact sync):
   /odom_filtered_input_scan,
   /odom
[INFO] [1771521607.991774321] [rclcpp]: signal_handler(signum=2)
