[INFO] [1772814771.541504402] [point_cloud_assembler]: point_cloud_assembler: topic_queue_size=10
[INFO] [1772814771.542018694] [point_cloud_assembler]: point_cloud_assembler: sync_queue_size=10
[INFO] [1772814771.542056615] [point_cloud_assembler]: point_cloud_assembler: qos=0
[INFO] [1772814771.542075016] [point_cloud_assembler]: point_cloud_assembler: qos_odom=0
[INFO] [1772814771.542090664] [point_cloud_assembler]: point_cloud_assembler: fixed_frame_id=
[INFO] [1772814771.542105129] [point_cloud_assembler]: point_cloud_assembler: frame_id=
[INFO] [1772814771.542117129] [point_cloud_assembler]: point_cloud_assembler: max_clouds=10
[INFO] [1772814771.542132170] [point_cloud_assembler]: point_cloud_assembler: assembling_time=0.000000s
[INFO] [1772814771.542153771] [point_cloud_assembler]: point_cloud_assembler: skip_clouds=0
[INFO] [1772814771.542178123] [point_cloud_assembler]: point_cloud_assembler: circular_buffer=false
[INFO] [1772814771.542192108] [point_cloud_assembler]: point_cloud_assembler: linear_update=0.000000 m
[INFO] [1772814771.542205325] [point_cloud_assembler]: point_cloud_assembler: angular_update=0.000000 rad
[INFO] [1772814771.542217741] [point_cloud_assembler]: point_cloud_assembler: wait_for_transform=0.100000
[INFO] [1772814771.542231950] [point_cloud_assembler]: point_cloud_assembler: range_min=0.000000
[INFO] [1772814771.542243822] [point_cloud_assembler]: point_cloud_assembler: range_max=0.000000
[INFO] [1772814771.542255438] [point_cloud_assembler]: point_cloud_assembler: voxel_size=0.000000m
[INFO] [1772814771.542266927] [point_cloud_assembler]: point_cloud_assembler: noise_radius=0.000000m
[INFO] [1772814771.542285552] [point_cloud_assembler]: point_cloud_assembler: noise_min_neighbors=5
[INFO] [1772814771.542298512] [point_cloud_assembler]: point_cloud_assembler: remove_z=false
[INFO] [1772814771.545929336] [point_cloud_assembler]: 
point_cloud_assembler subscribed to (exact sync):
   /odom_filtered_input_scan,
   /odom
[WARN] [1772814776.546778107] [point_cloud_assembler]: point_cloud_assembler: Did not receive data since 5 seconds! Make sure the input topics are published ("$ ros2 topic hz my_topic") and the timestamps in their header are set. 
point_cloud_assembler subscribed to (exact sync):
   /odom_filtered_input_scan,
   /odom
[WARN] [1772814781.546751677] [point_cloud_assembler]: point_cloud_assembler: Did not receive data since 5 seconds! Make sure the input topics are published ("$ ros2 topic hz my_topic") and the timestamps in their header are set. 
point_cloud_assembler subscribed to (exact sync):
   /odom_filtered_input_scan,
   /odom
[INFO] [1772814781.649982675] [rclcpp]: signal_handler(signum=2)
