[INFO] [1770982613.793377486] [point_cloud_assembler]: point_cloud_assembler: topic_queue_size=10
[INFO] [1770982613.793985666] [point_cloud_assembler]: point_cloud_assembler: sync_queue_size=10
[INFO] [1770982613.794027715] [point_cloud_assembler]: point_cloud_assembler: qos=0
[INFO] [1770982613.794045348] [point_cloud_assembler]: point_cloud_assembler: qos_odom=0
[INFO] [1770982613.794057892] [point_cloud_assembler]: point_cloud_assembler: fixed_frame_id=
[INFO] [1770982613.794068549] [point_cloud_assembler]: point_cloud_assembler: frame_id=
[INFO] [1770982613.794077797] [point_cloud_assembler]: point_cloud_assembler: max_clouds=10
[INFO] [1770982613.794086885] [point_cloud_assembler]: point_cloud_assembler: assembling_time=0.000000s
[INFO] [1770982613.794104198] [point_cloud_assembler]: point_cloud_assembler: skip_clouds=0
[INFO] [1770982613.794114150] [point_cloud_assembler]: point_cloud_assembler: circular_buffer=false
[INFO] [1770982613.794129639] [point_cloud_assembler]: point_cloud_assembler: linear_update=0.000000 m
[INFO] [1770982613.794141543] [point_cloud_assembler]: point_cloud_assembler: angular_update=0.000000 rad
[INFO] [1770982613.794152040] [point_cloud_assembler]: point_cloud_assembler: wait_for_transform=0.100000
[INFO] [1770982613.794164744] [point_cloud_assembler]: point_cloud_assembler: range_min=0.000000
[INFO] [1770982613.794174568] [point_cloud_assembler]: point_cloud_assembler: range_max=0.000000
[INFO] [1770982613.794184201] [point_cloud_assembler]: point_cloud_assembler: voxel_size=0.000000m
[INFO] [1770982613.794193833] [point_cloud_assembler]: point_cloud_assembler: noise_radius=0.000000m
[INFO] [1770982613.794204233] [point_cloud_assembler]: point_cloud_assembler: noise_min_neighbors=5
[INFO] [1770982613.794213450] [point_cloud_assembler]: point_cloud_assembler: remove_z=false
[INFO] [1770982613.809349472] [point_cloud_assembler]: 
point_cloud_assembler subscribed to (exact sync):
   /odom_filtered_input_scan,
   /odom
[INFO] [1770982616.356760317] [rclcpp]: signal_handler(signum=2)
