[INFO] [1771081685.714913051] [point_cloud_assembler]: point_cloud_assembler: topic_queue_size=10
[INFO] [1771081685.715527441] [point_cloud_assembler]: point_cloud_assembler: sync_queue_size=10
[INFO] [1771081685.715563955] [point_cloud_assembler]: point_cloud_assembler: qos=0
[INFO] [1771081685.715583123] [point_cloud_assembler]: point_cloud_assembler: qos_odom=0
[INFO] [1771081685.715598260] [point_cloud_assembler]: point_cloud_assembler: fixed_frame_id=
[INFO] [1771081685.715616181] [point_cloud_assembler]: point_cloud_assembler: frame_id=
[INFO] [1771081685.715629557] [point_cloud_assembler]: point_cloud_assembler: max_clouds=10
[INFO] [1771081685.715640470] [point_cloud_assembler]: point_cloud_assembler: assembling_time=0.000000s
[INFO] [1771081685.715659606] [point_cloud_assembler]: point_cloud_assembler: skip_clouds=0
[INFO] [1771081685.715673719] [point_cloud_assembler]: point_cloud_assembler: circular_buffer=false
[INFO] [1771081685.715686103] [point_cloud_assembler]: point_cloud_assembler: linear_update=0.000000 m
[INFO] [1771081685.715699064] [point_cloud_assembler]: point_cloud_assembler: angular_update=0.000000 rad
[INFO] [1771081685.715711512] [point_cloud_assembler]: point_cloud_assembler: wait_for_transform=0.100000
[INFO] [1771081685.715725945] [point_cloud_assembler]: point_cloud_assembler: range_min=0.000000
[INFO] [1771081685.715737177] [point_cloud_assembler]: point_cloud_assembler: range_max=0.000000
[INFO] [1771081685.715748090] [point_cloud_assembler]: point_cloud_assembler: voxel_size=0.000000m
[INFO] [1771081685.715759066] [point_cloud_assembler]: point_cloud_assembler: noise_radius=0.000000m
[INFO] [1771081685.715776027] [point_cloud_assembler]: point_cloud_assembler: noise_min_neighbors=5
[INFO] [1771081685.715787963] [point_cloud_assembler]: point_cloud_assembler: remove_z=false
[INFO] [1771081685.725499070] [point_cloud_assembler]: 
point_cloud_assembler subscribed to (exact sync):
   /odom_filtered_input_scan,
   /odom
[INFO] [1771081854.997197921] [rclcpp]: signal_handler(signum=2)
