[INFO] [1772803871.396296793] [point_cloud_assembler]: point_cloud_assembler: topic_queue_size=10
[INFO] [1772803871.396789682] [point_cloud_assembler]: point_cloud_assembler: sync_queue_size=10
[INFO] [1772803871.396820372] [point_cloud_assembler]: point_cloud_assembler: qos=0
[INFO] [1772803871.396833557] [point_cloud_assembler]: point_cloud_assembler: qos_odom=0
[INFO] [1772803871.396844181] [point_cloud_assembler]: point_cloud_assembler: fixed_frame_id=
[INFO] [1772803871.396854198] [point_cloud_assembler]: point_cloud_assembler: frame_id=
[INFO] [1772803871.396863830] [point_cloud_assembler]: point_cloud_assembler: max_clouds=10
[INFO] [1772803871.396872823] [point_cloud_assembler]: point_cloud_assembler: assembling_time=0.000000s
[INFO] [1772803871.396891288] [point_cloud_assembler]: point_cloud_assembler: skip_clouds=0
[INFO] [1772803871.396901688] [point_cloud_assembler]: point_cloud_assembler: circular_buffer=false
[INFO] [1772803871.397125348] [point_cloud_assembler]: point_cloud_assembler: linear_update=0.000000 m
[INFO] [1772803871.397155142] [point_cloud_assembler]: point_cloud_assembler: angular_update=0.000000 rad
[INFO] [1772803871.397170438] [point_cloud_assembler]: point_cloud_assembler: wait_for_transform=0.100000
[INFO] [1772803871.397183271] [point_cloud_assembler]: point_cloud_assembler: range_min=0.000000
[INFO] [1772803871.397193608] [point_cloud_assembler]: point_cloud_assembler: range_max=0.000000
[INFO] [1772803871.397203240] [point_cloud_assembler]: point_cloud_assembler: voxel_size=0.000000m
[INFO] [1772803871.397212809] [point_cloud_assembler]: point_cloud_assembler: noise_radius=0.000000m
[INFO] [1772803871.397222569] [point_cloud_assembler]: point_cloud_assembler: noise_min_neighbors=5
[INFO] [1772803871.397231882] [point_cloud_assembler]: point_cloud_assembler: remove_z=false
[INFO] [1772803871.423511247] [point_cloud_assembler]: 
point_cloud_assembler subscribed to (exact sync):
   /odom_filtered_input_scan,
   /odom
[INFO] [1772803871.624826536] [rclcpp]: signal_handler(signum=2)
