[INFO] [1772726303.641370922] [point_cloud_assembler]: point_cloud_assembler: topic_queue_size=10
[INFO] [1772726303.641909950] [point_cloud_assembler]: point_cloud_assembler: sync_queue_size=10
[INFO] [1772726303.641962720] [point_cloud_assembler]: point_cloud_assembler: qos=0
[INFO] [1772726303.641984897] [point_cloud_assembler]: point_cloud_assembler: qos_odom=0
[INFO] [1772726303.642003906] [point_cloud_assembler]: point_cloud_assembler: fixed_frame_id=
[INFO] [1772726303.642022562] [point_cloud_assembler]: point_cloud_assembler: frame_id=
[INFO] [1772726303.642045251] [point_cloud_assembler]: point_cloud_assembler: max_clouds=10
[INFO] [1772726303.642064388] [point_cloud_assembler]: point_cloud_assembler: assembling_time=0.000000s
[INFO] [1772726303.642091493] [point_cloud_assembler]: point_cloud_assembler: skip_clouds=0
[INFO] [1772726303.642113606] [point_cloud_assembler]: point_cloud_assembler: circular_buffer=false
[INFO] [1772726303.642132198] [point_cloud_assembler]: point_cloud_assembler: linear_update=0.000000 m
[INFO] [1772726303.642151655] [point_cloud_assembler]: point_cloud_assembler: angular_update=0.000000 rad
[INFO] [1772726303.642170376] [point_cloud_assembler]: point_cloud_assembler: wait_for_transform=0.100000
[INFO] [1772726303.642191465] [point_cloud_assembler]: point_cloud_assembler: range_min=0.000000
[INFO] [1772726303.642210249] [point_cloud_assembler]: point_cloud_assembler: range_max=0.000000
[INFO] [1772726303.642228682] [point_cloud_assembler]: point_cloud_assembler: voxel_size=0.000000m
[INFO] [1772726303.642247403] [point_cloud_assembler]: point_cloud_assembler: noise_radius=0.000000m
[INFO] [1772726303.642274124] [point_cloud_assembler]: point_cloud_assembler: noise_min_neighbors=5
[INFO] [1772726303.642293228] [point_cloud_assembler]: point_cloud_assembler: remove_z=false
[INFO] [1772726303.652728337] [point_cloud_assembler]: 
point_cloud_assembler subscribed to (exact sync):
   /odom_filtered_input_scan,
   /odom
[WARN] [1772726308.652943297] [point_cloud_assembler]: point_cloud_assembler: Did not receive data since 5 seconds! Make sure the input topics are published ("$ ros2 topic hz my_topic") and the timestamps in their header are set. 
point_cloud_assembler subscribed to (exact sync):
   /odom_filtered_input_scan,
   /odom
[WARN] [1772726313.652929705] [point_cloud_assembler]: point_cloud_assembler: Did not receive data since 5 seconds! Make sure the input topics are published ("$ ros2 topic hz my_topic") and the timestamps in their header are set. 
point_cloud_assembler subscribed to (exact sync):
   /odom_filtered_input_scan,
   /odom
[WARN] [1772726318.652945169] [point_cloud_assembler]: point_cloud_assembler: Did not receive data since 5 seconds! Make sure the input topics are published ("$ ros2 topic hz my_topic") and the timestamps in their header are set. 
point_cloud_assembler subscribed to (exact sync):
   /odom_filtered_input_scan,
   /odom
[WARN] [1772726323.652908696] [point_cloud_assembler]: point_cloud_assembler: Did not receive data since 5 seconds! Make sure the input topics are published ("$ ros2 topic hz my_topic") and the timestamps in their header are set. 
point_cloud_assembler subscribed to (exact sync):
   /odom_filtered_input_scan,
   /odom
[WARN] [1772726328.652899103] [point_cloud_assembler]: point_cloud_assembler: Did not receive data since 5 seconds! Make sure the input topics are published ("$ ros2 topic hz my_topic") and the timestamps in their header are set. 
point_cloud_assembler subscribed to (exact sync):
   /odom_filtered_input_scan,
   /odom
[INFO] [1772726329.721545015] [rclcpp]: signal_handler(signum=2)
