[INFO] [1771076147.569515854] [point_cloud_assembler]: point_cloud_assembler: topic_queue_size=10
[INFO] [1771076147.570490420] [point_cloud_assembler]: point_cloud_assembler: sync_queue_size=10
[INFO] [1771076147.570550519] [point_cloud_assembler]: point_cloud_assembler: qos=0
[INFO] [1771076147.570573111] [point_cloud_assembler]: point_cloud_assembler: qos_odom=0
[INFO] [1771076147.570985543] [point_cloud_assembler]: point_cloud_assembler: fixed_frame_id=
[INFO] [1771076147.571015305] [point_cloud_assembler]: point_cloud_assembler: frame_id=
[INFO] [1771076147.571039530] [point_cloud_assembler]: point_cloud_assembler: max_clouds=10
[INFO] [1771076147.571071595] [point_cloud_assembler]: point_cloud_assembler: assembling_time=0.000000s
[INFO] [1771076147.571104748] [point_cloud_assembler]: point_cloud_assembler: skip_clouds=0
[INFO] [1771076147.571134093] [point_cloud_assembler]: point_cloud_assembler: circular_buffer=false
[INFO] [1771076147.571301972] [point_cloud_assembler]: point_cloud_assembler: linear_update=0.000000 m
[INFO] [1771076147.571339125] [point_cloud_assembler]: point_cloud_assembler: angular_update=0.000000 rad
[INFO] [1771076147.571370551] [point_cloud_assembler]: point_cloud_assembler: wait_for_transform=0.100000
[INFO] [1771076147.571402552] [point_cloud_assembler]: point_cloud_assembler: range_min=0.000000
[INFO] [1771076147.571432057] [point_cloud_assembler]: point_cloud_assembler: range_max=0.000000
[INFO] [1771076147.571460538] [point_cloud_assembler]: point_cloud_assembler: voxel_size=0.000000m
[INFO] [1771076147.571488763] [point_cloud_assembler]: point_cloud_assembler: noise_radius=0.000000m
[INFO] [1771076147.571528157] [point_cloud_assembler]: point_cloud_assembler: noise_min_neighbors=5
[INFO] [1771076147.571554302] [point_cloud_assembler]: point_cloud_assembler: remove_z=false
[INFO] [1771076147.581649800] [point_cloud_assembler]: 
point_cloud_assembler subscribed to (exact sync):
   /odom_filtered_input_scan,
   /odom
[INFO] [1771076187.782136295] [rclcpp]: signal_handler(signum=2)
