[INFO] [1772803896.786175042] [point_cloud_assembler]: point_cloud_assembler: topic_queue_size=10
[INFO] [1772803896.786649915] [point_cloud_assembler]: point_cloud_assembler: sync_queue_size=10
[INFO] [1772803896.786688221] [point_cloud_assembler]: point_cloud_assembler: qos=0
[INFO] [1772803896.786704510] [point_cloud_assembler]: point_cloud_assembler: qos_odom=0
[INFO] [1772803896.786716222] [point_cloud_assembler]: point_cloud_assembler: fixed_frame_id=
[INFO] [1772803896.786726175] [point_cloud_assembler]: point_cloud_assembler: frame_id=
[INFO] [1772803896.786735807] [point_cloud_assembler]: point_cloud_assembler: max_clouds=10
[INFO] [1772803896.786745152] [point_cloud_assembler]: point_cloud_assembler: assembling_time=0.000000s
[INFO] [1772803896.786762561] [point_cloud_assembler]: point_cloud_assembler: skip_clouds=0
[INFO] [1772803896.786772673] [point_cloud_assembler]: point_cloud_assembler: circular_buffer=false
[INFO] [1772803896.786782370] [point_cloud_assembler]: point_cloud_assembler: linear_update=0.000000 m
[INFO] [1772803896.786792578] [point_cloud_assembler]: point_cloud_assembler: angular_update=0.000000 rad
[INFO] [1772803896.786802883] [point_cloud_assembler]: point_cloud_assembler: wait_for_transform=0.100000
[INFO] [1772803896.786814660] [point_cloud_assembler]: point_cloud_assembler: range_min=0.000000
[INFO] [1772803896.786824868] [point_cloud_assembler]: point_cloud_assembler: range_max=0.000000
[INFO] [1772803896.786834213] [point_cloud_assembler]: point_cloud_assembler: voxel_size=0.000000m
[INFO] [1772803896.786847717] [point_cloud_assembler]: point_cloud_assembler: noise_radius=0.000000m
[INFO] [1772803896.786858470] [point_cloud_assembler]: point_cloud_assembler: noise_min_neighbors=5
[INFO] [1772803896.786867846] [point_cloud_assembler]: point_cloud_assembler: remove_z=false
[INFO] [1772803896.804926844] [point_cloud_assembler]: 
point_cloud_assembler subscribed to (exact sync):
   /odom_filtered_input_scan,
   /odom
[WARN] [1772803901.817285156] [point_cloud_assembler]: point_cloud_assembler: Did not receive data since 5 seconds! Make sure the input topics are published ("$ ros2 topic hz my_topic") and the timestamps in their header are set. 
point_cloud_assembler subscribed to (exact sync):
   /odom_filtered_input_scan,
   /odom
[WARN] [1772803906.817216414] [point_cloud_assembler]: point_cloud_assembler: Did not receive data since 5 seconds! Make sure the input topics are published ("$ ros2 topic hz my_topic") and the timestamps in their header are set. 
point_cloud_assembler subscribed to (exact sync):
   /odom_filtered_input_scan,
   /odom
[INFO] [1772803911.749061501] [rclcpp]: signal_handler(signum=2)
