[INFO] [1771006964.452075697] [point_cloud_assembler]: point_cloud_assembler: topic_queue_size=10
[INFO] [1771006964.452634376] [point_cloud_assembler]: point_cloud_assembler: sync_queue_size=10
[INFO] [1771006964.452684074] [point_cloud_assembler]: point_cloud_assembler: qos=0
[INFO] [1771006964.452709003] [point_cloud_assembler]: point_cloud_assembler: qos_odom=0
[INFO] [1771006964.452728588] [point_cloud_assembler]: point_cloud_assembler: fixed_frame_id=
[INFO] [1771006964.452749837] [point_cloud_assembler]: point_cloud_assembler: frame_id=
[INFO] [1771006964.452769198] [point_cloud_assembler]: point_cloud_assembler: max_clouds=10
[INFO] [1771006964.452788046] [point_cloud_assembler]: point_cloud_assembler: assembling_time=0.000000s
[INFO] [1771006964.452816463] [point_cloud_assembler]: point_cloud_assembler: skip_clouds=0
[INFO] [1771006964.452840912] [point_cloud_assembler]: point_cloud_assembler: circular_buffer=false
[INFO] [1771006964.452859953] [point_cloud_assembler]: point_cloud_assembler: linear_update=0.000000 m
[INFO] [1771006964.452878610] [point_cloud_assembler]: point_cloud_assembler: angular_update=0.000000 rad
[INFO] [1771006964.452897075] [point_cloud_assembler]: point_cloud_assembler: wait_for_transform=0.100000
[INFO] [1771006964.452917876] [point_cloud_assembler]: point_cloud_assembler: range_min=0.000000
[INFO] [1771006964.452943445] [point_cloud_assembler]: point_cloud_assembler: range_max=0.000000
[INFO] [1771006964.452963958] [point_cloud_assembler]: point_cloud_assembler: voxel_size=0.000000m
[INFO] [1771006964.452982454] [point_cloud_assembler]: point_cloud_assembler: noise_radius=0.000000m
[INFO] [1771006964.453006103] [point_cloud_assembler]: point_cloud_assembler: noise_min_neighbors=5
[INFO] [1771006964.453024792] [point_cloud_assembler]: point_cloud_assembler: remove_z=false
[INFO] [1771006964.457532113] [point_cloud_assembler]: 
point_cloud_assembler subscribed to (exact sync):
   /odom_filtered_input_scan,
   /odom
[INFO] [1771007814.296533911] [rclcpp]: signal_handler(signum=2)
