[INFO] [1774356054.010103461] [point_cloud_assembler]: point_cloud_assembler: topic_queue_size=10
[INFO] [1774356054.042832838] [point_cloud_assembler]: point_cloud_assembler: sync_queue_size=10
[INFO] [1774356054.042886440] [point_cloud_assembler]: point_cloud_assembler: qos=0
[INFO] [1774356054.042930058] [point_cloud_assembler]: point_cloud_assembler: qos_odom=0
[INFO] [1774356054.042954923] [point_cloud_assembler]: point_cloud_assembler: fixed_frame_id=
[INFO] [1774356054.042975787] [point_cloud_assembler]: point_cloud_assembler: frame_id=
[INFO] [1774356054.042995212] [point_cloud_assembler]: point_cloud_assembler: max_clouds=10
[INFO] [1774356054.043013549] [point_cloud_assembler]: point_cloud_assembler: assembling_time=0.000000s
[INFO] [1774356054.043039533] [point_cloud_assembler]: point_cloud_assembler: skip_clouds=0
[INFO] [1774356054.043103248] [point_cloud_assembler]: point_cloud_assembler: circular_buffer=false
[INFO] [1774356054.043131601] [point_cloud_assembler]: point_cloud_assembler: linear_update=0.000000 m
[INFO] [1774356054.043156689] [point_cloud_assembler]: point_cloud_assembler: angular_update=0.000000 rad
[INFO] [1774356054.043177938] [point_cloud_assembler]: point_cloud_assembler: wait_for_transform=0.100000
[INFO] [1774356054.043201043] [point_cloud_assembler]: point_cloud_assembler: range_min=0.000000
[INFO] [1774356054.043221748] [point_cloud_assembler]: point_cloud_assembler: range_max=0.000000
[INFO] [1774356054.043242068] [point_cloud_assembler]: point_cloud_assembler: voxel_size=0.000000m
[INFO] [1774356054.043265685] [point_cloud_assembler]: point_cloud_assembler: noise_radius=0.000000m
[INFO] [1774356054.043291286] [point_cloud_assembler]: point_cloud_assembler: noise_min_neighbors=5
[INFO] [1774356054.043432411] [point_cloud_assembler]: point_cloud_assembler: remove_z=false
[INFO] [1774356054.049999004] [point_cloud_assembler]: 
point_cloud_assembler subscribed to (exact sync):
   /odom_filtered_input_scan,
   /odom
[WARN] [1774356054.061746062] [point_cloud_assembler]: Reseting point cloud assembler as null odometry has been received.
[WARN] [1774356054.066650487] [point_cloud_assembler]: Reseting point cloud assembler as null odometry has been received.
[WARN] [1774356054.100339961] [point_cloud_assembler]: Reseting point cloud assembler as null odometry has been received.
[WARN] [1774356054.110056678] [point_cloud_assembler]: Reseting point cloud assembler as null odometry has been received.
[WARN] [1774356054.111357523] [point_cloud_assembler]: Reseting point cloud assembler as null odometry has been received.
[WARN] [1774356054.115183958] [point_cloud_assembler]: Reseting point cloud assembler as null odometry has been received.
[WARN] [1774356054.115630981] [point_cloud_assembler]: Reseting point cloud assembler as null odometry has been received.
[WARN] [1774356054.117201115] [point_cloud_assembler]: Reseting point cloud assembler as null odometry has been received.
[WARN] [1774356054.121186275] [point_cloud_assembler]: Reseting point cloud assembler as null odometry has been received.
[WARN] [1774356054.127210258] [point_cloud_assembler]: Reseting point cloud assembler as null odometry has been received.
[WARN] [1774356054.203975832] [point_cloud_assembler]: Reseting point cloud assembler as null odometry has been received.
[WARN] [1774356054.208830815] [point_cloud_assembler]: Reseting point cloud assembler as null odometry has been received.
[WARN] [1774356054.215129623] [point_cloud_assembler]: Reseting point cloud assembler as null odometry has been received.
[WARN] [1774356054.222993348] [point_cloud_assembler]: Reseting point cloud assembler as null odometry has been received.
[WARN] [1774356054.223221516] [point_cloud_assembler]: Reseting point cloud assembler as null odometry has been received.
[WARN] [1774356054.237494357] [point_cloud_assembler]: Reseting point cloud assembler as null odometry has been received.
[WARN] [1774356054.265685211] [point_cloud_assembler]: Reseting point cloud assembler as null odometry has been received.
[WARN] [1774356054.314248251] [point_cloud_assembler]: Reseting point cloud assembler as null odometry has been received.
[WARN] [1774356054.316131260] [point_cloud_assembler]: Reseting point cloud assembler as null odometry has been received.
[WARN] [1774356054.321057988] [point_cloud_assembler]: Reseting point cloud assembler as null odometry has been received.
[WARN] [1774356054.321914978] [point_cloud_assembler]: Reseting point cloud assembler as null odometry has been received.
[WARN] [1774356054.326253174] [point_cloud_assembler]: Reseting point cloud assembler as null odometry has been received.
[WARN] [1774356054.327491617] [point_cloud_assembler]: Reseting point cloud assembler as null odometry has been received.
[WARN] [1774356054.332368488] [point_cloud_assembler]: Reseting point cloud assembler as null odometry has been received.
[WARN] [1774356054.365639868] [point_cloud_assembler]: Reseting point cloud assembler as null odometry has been received.
[WARN] [1774356054.370236346] [point_cloud_assembler]: Reseting point cloud assembler as null odometry has been received.
[WARN] [1774356054.416450377] [point_cloud_assembler]: Reseting point cloud assembler as null odometry has been received.
[WARN] [1774356054.420486036] [point_cloud_assembler]: Reseting point cloud assembler as null odometry has been received.
[WARN] [1774356054.421021094] [point_cloud_assembler]: Reseting point cloud assembler as null odometry has been received.
[WARN] [1774356054.430353926] [point_cloud_assembler]: Reseting point cloud assembler as null odometry has been received.
[WARN] [1774356054.443736496] [point_cloud_assembler]: Reseting point cloud assembler as null odometry has been received.
[WARN] [1774356054.470281022] [point_cloud_assembler]: Reseting point cloud assembler as null odometry has been received.
[WARN] [1774356054.471229246] [point_cloud_assembler]: Reseting point cloud assembler as null odometry has been received.
[WARN] [1774356054.514135453] [point_cloud_assembler]: Reseting point cloud assembler as null odometry has been received.
[WARN] [1774356054.518745147] [point_cloud_assembler]: Reseting point cloud assembler as null odometry has been received.
[WARN] [1774356054.519475412] [point_cloud_assembler]: Reseting point cloud assembler as null odometry has been received.
[WARN] [1774356054.525732586] [point_cloud_assembler]: Reseting point cloud assembler as null odometry has been received.
[WARN] [1774356054.569499366] [point_cloud_assembler]: Reseting point cloud assembler as null odometry has been received.
[WARN] [1774356054.570283425] [point_cloud_assembler]: Reseting point cloud assembler as null odometry has been received.
[WARN] [1774356054.574013793] [point_cloud_assembler]: Reseting point cloud assembler as null odometry has been received.
[WARN] [1774356054.607868681] [point_cloud_assembler]: Reseting point cloud assembler as null odometry has been received.
[WARN] [1774356054.613352357] [point_cloud_assembler]: Reseting point cloud assembler as null odometry has been received.
[WARN] [1774356054.619607771] [point_cloud_assembler]: Reseting point cloud assembler as null odometry has been received.
[WARN] [1774356054.630397709] [point_cloud_assembler]: Reseting point cloud assembler as null odometry has been received.
[WARN] [1774356054.635459546] [point_cloud_assembler]: Reseting point cloud assembler as null odometry has been received.
[WARN] [1774356054.641408518] [point_cloud_assembler]: Reseting point cloud assembler as null odometry has been received.
[WARN] [1774356054.673863614] [point_cloud_assembler]: Reseting point cloud assembler as null odometry has been received.
[WARN] [1774356054.678053518] [point_cloud_assembler]: Reseting point cloud assembler as null odometry has been received.
[WARN] [1774356054.718218766] [point_cloud_assembler]: Reseting point cloud assembler as null odometry has been received.
[WARN] [1774356054.723493891] [point_cloud_assembler]: Reseting point cloud assembler as null odometry has been received.
[WARN] [1774356054.735501822] [point_cloud_assembler]: Reseting point cloud assembler as null odometry has been received.
[WARN] [1774356054.746104906] [point_cloud_assembler]: Reseting point cloud assembler as null odometry has been received.
[WARN] [1774356054.757673174] [point_cloud_assembler]: Reseting point cloud assembler as null odometry has been received.
[WARN] [1774356054.773564439] [point_cloud_assembler]: Reseting point cloud assembler as null odometry has been received.
[WARN] [1774356054.778988209] [point_cloud_assembler]: Reseting point cloud assembler as null odometry has been received.
[WARN] [1774356054.807090420] [point_cloud_assembler]: Reseting point cloud assembler as null odometry has been received.
[WARN] [1774356054.823432131] [point_cloud_assembler]: Reseting point cloud assembler as null odometry has been received.
[WARN] [1774356054.829729179] [point_cloud_assembler]: Reseting point cloud assembler as null odometry has been received.
[WARN] [1774356054.830758591] [point_cloud_assembler]: Reseting point cloud assembler as null odometry has been received.
[WARN] [1774356054.834990608] [point_cloud_assembler]: Reseting point cloud assembler as null odometry has been received.
[WARN] [1774356054.878103125] [point_cloud_assembler]: Reseting point cloud assembler as null odometry has been received.
[WARN] [1774356054.879366464] [point_cloud_assembler]: Reseting point cloud assembler as null odometry has been received.
[WARN] [1774356054.911457548] [point_cloud_assembler]: Reseting point cloud assembler as null odometry has been received.
[WARN] [1774356054.916565563] [point_cloud_assembler]: Reseting point cloud assembler as null odometry has been received.
[WARN] [1774356054.921958708] [point_cloud_assembler]: Reseting point cloud assembler as null odometry has been received.
[WARN] [1774356054.927983554] [point_cloud_assembler]: Reseting point cloud assembler as null odometry has been received.
[WARN] [1774356054.933701862] [point_cloud_assembler]: Reseting point cloud assembler as null odometry has been received.
[WARN] [1774356054.939731221] [point_cloud_assembler]: Reseting point cloud assembler as null odometry has been received.
[WARN] [1774356054.945326709] [point_cloud_assembler]: Reseting point cloud assembler as null odometry has been received.
[WARN] [1774356054.950820849] [point_cloud_assembler]: Reseting point cloud assembler as null odometry has been received.
[WARN] [1774356054.978010965] [point_cloud_assembler]: Reseting point cloud assembler as null odometry has been received.
[WARN] [1774356054.983356556] [point_cloud_assembler]: Reseting point cloud assembler as null odometry has been received.
[WARN] [1774356054.983638517] [point_cloud_assembler]: Reseting point cloud assembler as null odometry has been received.
[WARN] [1774356055.033882575] [point_cloud_assembler]: Reseting point cloud assembler as null odometry has been received.
[WARN] [1774356055.039480815] [point_cloud_assembler]: Reseting point cloud assembler as null odometry has been received.
[WARN] [1774356055.050182302] [point_cloud_assembler]: Reseting point cloud assembler as null odometry has been received.
[WARN] [1774356055.083308685] [point_cloud_assembler]: Reseting point cloud assembler as null odometry has been received.
[WARN] [1774356055.120778577] [point_cloud_assembler]: Reseting point cloud assembler as null odometry has been received.
[WARN] [1774356055.127556505] [point_cloud_assembler]: Reseting point cloud assembler as null odometry has been received.
[WARN] [1774356055.133406914] [point_cloud_assembler]: Reseting point cloud assembler as null odometry has been received.
[WARN] [1774356055.133739469] [point_cloud_assembler]: Reseting point cloud assembler as null odometry has been received.
[WARN] [1774356055.138545458] [point_cloud_assembler]: Reseting point cloud assembler as null odometry has been received.
[WARN] [1774356055.139773692] [point_cloud_assembler]: Reseting point cloud assembler as null odometry has been received.
[WARN] [1774356055.143415000] [point_cloud_assembler]: Reseting point cloud assembler as null odometry has been received.
[WARN] [1774356055.144371065] [point_cloud_assembler]: Reseting point cloud assembler as null odometry has been received.
[WARN] [1774356055.182778173] [point_cloud_assembler]: Reseting point cloud assembler as null odometry has been received.
[WARN] [1774356055.186062894] [point_cloud_assembler]: Reseting point cloud assembler as null odometry has been received.
[WARN] [1774356055.187458654] [point_cloud_assembler]: Reseting point cloud assembler as null odometry has been received.
[WARN] [1774356055.189572166] [point_cloud_assembler]: Reseting point cloud assembler as null odometry has been received.
[WARN] [1774356055.220287011] [point_cloud_assembler]: Reseting point cloud assembler as null odometry has been received.
[WARN] [1774356055.226409588] [point_cloud_assembler]: Reseting point cloud assembler as null odometry has been received.
[WARN] [1774356055.232289790] [point_cloud_assembler]: Reseting point cloud assembler as null odometry has been received.
[WARN] [1774356055.233475271] [point_cloud_assembler]: Reseting point cloud assembler as null odometry has been received.
[WARN] [1774356055.237520625] [point_cloud_assembler]: Reseting point cloud assembler as null odometry has been received.
[WARN] [1774356055.249248099] [point_cloud_assembler]: Reseting point cloud assembler as null odometry has been received.
[WARN] [1774356055.287445280] [point_cloud_assembler]: Reseting point cloud assembler as null odometry has been received.
[WARN] [1774356055.331111832] [point_cloud_assembler]: Reseting point cloud assembler as null odometry has been received.
[WARN] [1774356055.338329776] [point_cloud_assembler]: Reseting point cloud assembler as null odometry has been received.
[WARN] [1774356055.343922287] [point_cloud_assembler]: Reseting point cloud assembler as null odometry has been received.
[WARN] [1774356055.348397641] [point_cloud_assembler]: Reseting point cloud assembler as null odometry has been received.
[WARN] [1774356055.349373450] [point_cloud_assembler]: Reseting point cloud assembler as null odometry has been received.
[WARN] [1774356055.353517880] [point_cloud_assembler]: Reseting point cloud assembler as null odometry has been received.
[WARN] [1774356055.386536292] [point_cloud_assembler]: Reseting point cloud assembler as null odometry has been received.
[WARN] [1774356055.387152601] [point_cloud_assembler]: Reseting point cloud assembler as null odometry has been received.
[WARN] [1774356055.392044512] [point_cloud_assembler]: Reseting point cloud assembler as null odometry has been received.
[WARN] [1774356055.437157098] [point_cloud_assembler]: Reseting point cloud assembler as null odometry has been received.
[WARN] [1774356055.437503990] [point_cloud_assembler]: Reseting point cloud assembler as null odometry has been received.
[WARN] [1774356055.442055378] [point_cloud_assembler]: Reseting point cloud assembler as null odometry has been received.
[WARN] [1774356055.447620017] [point_cloud_assembler]: Reseting point cloud assembler as null odometry has been received.
[WARN] [1774356055.448339433] [point_cloud_assembler]: Reseting point cloud assembler as null odometry has been received.
[WARN] [1774356055.453501402] [point_cloud_assembler]: Reseting point cloud assembler as null odometry has been received.
[WARN] [1774356055.458590793] [point_cloud_assembler]: Reseting point cloud assembler as null odometry has been received.
[WARN] [1774356055.470785739] [point_cloud_assembler]: Reseting point cloud assembler as null odometry has been received.
[WARN] [1774356055.487328802] [point_cloud_assembler]: Reseting point cloud assembler as null odometry has been received.
[WARN] [1774356055.491571411] [point_cloud_assembler]: Reseting point cloud assembler as null odometry has been received.
[WARN] [1774356055.508363986] [point_cloud_assembler]: Reseting point cloud assembler as null odometry has been received.
[WARN] [1774356055.537335603] [point_cloud_assembler]: Reseting point cloud assembler as null odometry has been received.
[WARN] [1774356055.541515234] [point_cloud_assembler]: Reseting point cloud assembler as null odometry has been received.
[WARN] [1774356055.547596147] [point_cloud_assembler]: Reseting point cloud assembler as null odometry has been received.
[WARN] [1774356055.548337228] [point_cloud_assembler]: Reseting point cloud assembler as null odometry has been received.
[WARN] [1774356055.559070524] [point_cloud_assembler]: Reseting point cloud assembler as null odometry has been received.
[WARN] [1774356055.590956609] [point_cloud_assembler]: Reseting point cloud assembler as null odometry has been received.
[WARN] [1774356055.591476146] [point_cloud_assembler]: Reseting point cloud assembler as null odometry has been received.
[WARN] [1774356055.596598114] [point_cloud_assembler]: Reseting point cloud assembler as null odometry has been received.
[WARN] [1774356055.641647850] [point_cloud_assembler]: Reseting point cloud assembler as null odometry has been received.
[WARN] [1774356055.642212093] [point_cloud_assembler]: Reseting point cloud assembler as null odometry has been received.
[WARN] [1774356055.645346056] [point_cloud_assembler]: Reseting point cloud assembler as null odometry has been received.
[WARN] [1774356055.647428624] [point_cloud_assembler]: Reseting point cloud assembler as null odometry has been received.
[WARN] [1774356055.651867848] [point_cloud_assembler]: Reseting point cloud assembler as null odometry has been received.
[WARN] [1774356055.692398005] [point_cloud_assembler]: Reseting point cloud assembler as null odometry has been received.
[WARN] [1774356055.695957327] [point_cloud_assembler]: Reseting point cloud assembler as null odometry has been received.
[WARN] [1774356055.739992884] [point_cloud_assembler]: Reseting point cloud assembler as null odometry has been received.
[WARN] [1774356055.741785489] [point_cloud_assembler]: Reseting point cloud assembler as null odometry has been received.
[WARN] [1774356055.745476464] [point_cloud_assembler]: Reseting point cloud assembler as null odometry has been received.
[WARN] [1774356055.751575169] [point_cloud_assembler]: Reseting point cloud assembler as null odometry has been received.
[WARN] [1774356055.757212130] [point_cloud_assembler]: Reseting point cloud assembler as null odometry has been received.
[WARN] [1774356055.758434124] [point_cloud_assembler]: Reseting point cloud assembler as null odometry has been received.
[WARN] [1774356055.795608965] [point_cloud_assembler]: Reseting point cloud assembler as null odometry has been received.
[WARN] [1774356055.796730796] [point_cloud_assembler]: Reseting point cloud assembler as null odometry has been received.
[WARN] [1774356055.801365963] [point_cloud_assembler]: Reseting point cloud assembler as null odometry has been received.
[WARN] [1774356055.834642207] [point_cloud_assembler]: Reseting point cloud assembler as null odometry has been received.
[WARN] [1774356055.839403490] [point_cloud_assembler]: Reseting point cloud assembler as null odometry has been received.
[WARN] [1774356055.845932898] [point_cloud_assembler]: Reseting point cloud assembler as null odometry has been received.
[WARN] [1774356055.849754245] [point_cloud_assembler]: Reseting point cloud assembler as null odometry has been received.
[WARN] [1774356055.851349404] [point_cloud_assembler]: Reseting point cloud assembler as null odometry has been received.
[WARN] [1774356055.851910927] [point_cloud_assembler]: Reseting point cloud assembler as null odometry has been received.
[WARN] [1774356055.856457931] [point_cloud_assembler]: Reseting point cloud assembler as null odometry has been received.
[WARN] [1774356055.900509904] [point_cloud_assembler]: Reseting point cloud assembler as null odometry has been received.
[WARN] [1774356055.945925540] [point_cloud_assembler]: Reseting point cloud assembler as null odometry has been received.
[WARN] [1774356055.947405751] [point_cloud_assembler]: Reseting point cloud assembler as null odometry has been received.
[WARN] [1774356055.950659687] [point_cloud_assembler]: Reseting point cloud assembler as null odometry has been received.
[WARN] [1774356055.951873072] [point_cloud_assembler]: Reseting point cloud assembler as null odometry has been received.
[WARN] [1774356055.956132770] [point_cloud_assembler]: Reseting point cloud assembler as null odometry has been received.
[WARN] [1774356055.961459897] [point_cloud_assembler]: Reseting point cloud assembler as null odometry has been received.
[WARN] [1774356055.967748432] [point_cloud_assembler]: Reseting point cloud assembler as null odometry has been received.
[WARN] [1774356056.035781420] [point_cloud_assembler]: Reseting point cloud assembler as null odometry has been received.
[WARN] [1774356056.038423558] [point_cloud_assembler]: Reseting point cloud assembler as null odometry has been received.
[WARN] [1774356056.043774013] [point_cloud_assembler]: Reseting point cloud assembler as null odometry has been received.
[WARN] [1774356056.049250393] [point_cloud_assembler]: Reseting point cloud assembler as null odometry has been received.
[WARN] [1774356056.050195033] [point_cloud_assembler]: Reseting point cloud assembler as null odometry has been received.
[WARN] [1774356056.055719607] [point_cloud_assembler]: Reseting point cloud assembler as null odometry has been received.
[WARN] [1774356056.056331820] [point_cloud_assembler]: Reseting point cloud assembler as null odometry has been received.
[WARN] [1774356056.057346255] [point_cloud_assembler]: Reseting point cloud assembler as null odometry has been received.
[WARN] [1774356056.105103955] [point_cloud_assembler]: Reseting point cloud assembler as null odometry has been received.
[WARN] [1774356056.105442527] [point_cloud_assembler]: Reseting point cloud assembler as null odometry has been received.
[WARN] [1774356056.138286532] [point_cloud_assembler]: Reseting point cloud assembler as null odometry has been received.
[WARN] [1774356056.143814178] [point_cloud_assembler]: Reseting point cloud assembler as null odometry has been received.
[WARN] [1774356056.149109879] [point_cloud_assembler]: Reseting point cloud assembler as null odometry has been received.
[WARN] [1774356056.149808527] [point_cloud_assembler]: Reseting point cloud assembler as null odometry has been received.
[WARN] [1774356056.155327820] [point_cloud_assembler]: Reseting point cloud assembler as null odometry has been received.
[WARN] [1774356056.156555350] [point_cloud_assembler]: Reseting point cloud assembler as null odometry has been received.
[WARN] [1774356056.161185941] [point_cloud_assembler]: Reseting point cloud assembler as null odometry has been received.
[WARN] [1774356056.165663310] [point_cloud_assembler]: Reseting point cloud assembler as null odometry has been received.
[WARN] [1774356056.233653768] [point_cloud_assembler]: Reseting point cloud assembler as null odometry has been received.
[WARN] [1774356056.247924785] [point_cloud_assembler]: Reseting point cloud assembler as null odometry has been received.
[WARN] [1774356056.249112858] [point_cloud_assembler]: Reseting point cloud assembler as null odometry has been received.
[WARN] [1774356056.253547410] [point_cloud_assembler]: Reseting point cloud assembler as null odometry has been received.
[WARN] [1774356056.256000742] [point_cloud_assembler]: Reseting point cloud assembler as null odometry has been received.
[WARN] [1774356056.258779525] [point_cloud_assembler]: Reseting point cloud assembler as null odometry has been received.
[WARN] [1774356056.260488128] [point_cloud_assembler]: Reseting point cloud assembler as null odometry has been received.
[WARN] [1774356056.261399679] [point_cloud_assembler]: Reseting point cloud assembler as null odometry has been received.
[WARN] [1774356056.265415336] [point_cloud_assembler]: Reseting point cloud assembler as null odometry has been received.
[WARN] [1774356056.304247739] [point_cloud_assembler]: Reseting point cloud assembler as null odometry has been received.
[WARN] [1774356056.309337802] [point_cloud_assembler]: Reseting point cloud assembler as null odometry has been received.
[WARN] [1774356056.310219816] [point_cloud_assembler]: Reseting point cloud assembler as null odometry has been received.
[WARN] [1774356056.342352341] [point_cloud_assembler]: Reseting point cloud assembler as null odometry has been received.
[WARN] [1774356056.347478181] [point_cloud_assembler]: Reseting point cloud assembler as null odometry has been received.
[WARN] [1774356056.353420112] [point_cloud_assembler]: Reseting point cloud assembler as null odometry has been received.
[WARN] [1774356056.358584193] [point_cloud_assembler]: Reseting point cloud assembler as null odometry has been received.
[WARN] [1774356056.359324411] [point_cloud_assembler]: Reseting point cloud assembler as null odometry has been received.
[WARN] [1774356056.360735979] [point_cloud_assembler]: Reseting point cloud assembler as null odometry has been received.
[WARN] [1774356056.376790001] [point_cloud_assembler]: Reseting point cloud assembler as null odometry has been received.
[WARN] [1774356056.409352077] [point_cloud_assembler]: Reseting point cloud assembler as null odometry has been received.
[WARN] [1774356056.441867207] [point_cloud_assembler]: Reseting point cloud assembler as null odometry has been received.
[WARN] [1774356056.457537536] [point_cloud_assembler]: Reseting point cloud assembler as null odometry has been received.
[WARN] [1774356056.458871374] [point_cloud_assembler]: Reseting point cloud assembler as null odometry has been received.
[WARN] [1774356056.463830904] [point_cloud_assembler]: Reseting point cloud assembler as null odometry has been received.
[WARN] [1774356056.465155397] [point_cloud_assembler]: Reseting point cloud assembler as null odometry has been received.
[WARN] [1774356056.470075726] [point_cloud_assembler]: Reseting point cloud assembler as null odometry has been received.
[WARN] [1774356056.475733424] [point_cloud_assembler]: Reseting point cloud assembler as null odometry has been received.
[WARN] [1774356056.507656725] [point_cloud_assembler]: Reseting point cloud assembler as null odometry has been received.
[WARN] [1774356056.509582327] [point_cloud_assembler]: Reseting point cloud assembler as null odometry has been received.
[WARN] [1774356056.513883915] [point_cloud_assembler]: Reseting point cloud assembler as null odometry has been received.
[WARN] [1774356056.547210657] [point_cloud_assembler]: Reseting point cloud assembler as null odometry has been received.
[WARN] [1774356056.558232155] [point_cloud_assembler]: Reseting point cloud assembler as null odometry has been received.
[WARN] [1774356056.559004917] [point_cloud_assembler]: Reseting point cloud assembler as null odometry has been received.
[WARN] [1774356056.562310982] [point_cloud_assembler]: Reseting point cloud assembler as null odometry has been received.
[WARN] [1774356056.569192690] [point_cloud_assembler]: Reseting point cloud assembler as null odometry has been received.
[WARN] [1774356056.586347422] [point_cloud_assembler]: Reseting point cloud assembler as null odometry has been received.
[WARN] [1774356056.612126321] [point_cloud_assembler]: Reseting point cloud assembler as null odometry has been received.
[WARN] [1774356056.613405373] [point_cloud_assembler]: Reseting point cloud assembler as null odometry has been received.
[WARN] [1774356056.651479478] [point_cloud_assembler]: Reseting point cloud assembler as null odometry has been received.
[WARN] [1774356056.657343263] [point_cloud_assembler]: Reseting point cloud assembler as null odometry has been received.
[WARN] [1774356056.662137059] [point_cloud_assembler]: Reseting point cloud assembler as null odometry has been received.
[WARN] [1774356056.663795484] [point_cloud_assembler]: Reseting point cloud assembler as null odometry has been received.
[WARN] [1774356056.664978596] [point_cloud_assembler]: Reseting point cloud assembler as null odometry has been received.
[WARN] [1774356056.668159473] [point_cloud_assembler]: Reseting point cloud assembler as null odometry has been received.
[WARN] [1774356056.669447358] [point_cloud_assembler]: Reseting point cloud assembler as null odometry has been received.
[WARN] [1774356056.674356038] [point_cloud_assembler]: Reseting point cloud assembler as null odometry has been received.
[WARN] [1774356056.679754783] [point_cloud_assembler]: Reseting point cloud assembler as null odometry has been received.
[WARN] [1774356056.685895473] [point_cloud_assembler]: Reseting point cloud assembler as null odometry has been received.
[WARN] [1774356056.712917103] [point_cloud_assembler]: Reseting point cloud assembler as null odometry has been received.
[WARN] [1774356056.717914746] [point_cloud_assembler]: Reseting point cloud assembler as null odometry has been received.
[WARN] [1774356056.719521298] [point_cloud_assembler]: Reseting point cloud assembler as null odometry has been received.
[WARN] [1774356056.751432919] [point_cloud_assembler]: Reseting point cloud assembler as null odometry has been received.
[WARN] [1774356056.762587477] [point_cloud_assembler]: Reseting point cloud assembler as null odometry has been received.
[WARN] [1774356056.767520606] [point_cloud_assembler]: Reseting point cloud assembler as null odometry has been received.
[WARN] [1774356056.773412840] [point_cloud_assembler]: Reseting point cloud assembler as null odometry has been received.
[WARN] [1774356056.780105646] [point_cloud_assembler]: Reseting point cloud assembler as null odometry has been received.
[WARN] [1774356056.818737017] [point_cloud_assembler]: Reseting point cloud assembler as null odometry has been received.
[WARN] [1774356056.867280665] [point_cloud_assembler]: Reseting point cloud assembler as null odometry has been received.
[WARN] [1774356056.873534383] [point_cloud_assembler]: Reseting point cloud assembler as null odometry has been received.
[WARN] [1774356056.874590643] [point_cloud_assembler]: Reseting point cloud assembler as null odometry has been received.
[WARN] [1774356056.890331503] [point_cloud_assembler]: Reseting point cloud assembler as null odometry has been received.
[WARN] [1774356056.916302409] [point_cloud_assembler]: Reseting point cloud assembler as null odometry has been received.
[WARN] [1774356056.917396014] [point_cloud_assembler]: Reseting point cloud assembler as null odometry has been received.
[WARN] [1774356056.922183506] [point_cloud_assembler]: Reseting point cloud assembler as null odometry has been received.
[WARN] [1774356056.923461822] [point_cloud_assembler]: Reseting point cloud assembler as null odometry has been received.
[WARN] [1774356056.961457812] [point_cloud_assembler]: Reseting point cloud assembler as null odometry has been received.
[WARN] [1774356056.967239002] [point_cloud_assembler]: Reseting point cloud assembler as null odometry has been received.
[WARN] [1774356056.968238876] [point_cloud_assembler]: Reseting point cloud assembler as null odometry has been received.
[WARN] [1774356056.973232456] [point_cloud_assembler]: Reseting point cloud assembler as null odometry has been received.
[WARN] [1774356056.974380527] [point_cloud_assembler]: Reseting point cloud assembler as null odometry has been received.
[WARN] [1774356056.978526173] [point_cloud_assembler]: Reseting point cloud assembler as null odometry has been received.
[WARN] [1774356056.989335887] [point_cloud_assembler]: Reseting point cloud assembler as null odometry has been received.
[WARN] [1774356057.022278328] [point_cloud_assembler]: Reseting point cloud assembler as null odometry has been received.
[WARN] [1774356057.055617327] [point_cloud_assembler]: Reseting point cloud assembler as null odometry has been received.
[WARN] [1774356057.060442580] [point_cloud_assembler]: Reseting point cloud assembler as null odometry has been received.
[WARN] [1774356057.066709291] [point_cloud_assembler]: Reseting point cloud assembler as null odometry has been received.
[WARN] [1774356057.067520327] [point_cloud_assembler]: Reseting point cloud assembler as null odometry has been received.
[WARN] [1774356057.073377071] [point_cloud_assembler]: Reseting point cloud assembler as null odometry has been received.
[WARN] [1774356057.077317878] [point_cloud_assembler]: Reseting point cloud assembler as null odometry has been received.
[WARN] [1774356057.094030515] [point_cloud_assembler]: Reseting point cloud assembler as null odometry has been received.
[WARN] [1774356057.105412857] [point_cloud_assembler]: Reseting point cloud assembler as null odometry has been received.
[WARN] [1774356057.122389279] [point_cloud_assembler]: Reseting point cloud assembler as null odometry has been received.
[WARN] [1774356057.127462445] [point_cloud_assembler]: Reseting point cloud assembler as null odometry has been received.
[WARN] [1774356057.165514821] [point_cloud_assembler]: Reseting point cloud assembler as null odometry has been received.
[WARN] [1774356057.170549553] [point_cloud_assembler]: Reseting point cloud assembler as null odometry has been received.
[WARN] [1774356057.173569753] [point_cloud_assembler]: Reseting point cloud assembler as null odometry has been received.
[WARN] [1774356057.177860812] [point_cloud_assembler]: Reseting point cloud assembler as null odometry has been received.
[WARN] [1774356057.193743020] [point_cloud_assembler]: Reseting point cloud assembler as null odometry has been received.
[WARN] [1774356057.221594470] [point_cloud_assembler]: Reseting point cloud assembler as null odometry has been received.
[WARN] [1774356057.226477710] [point_cloud_assembler]: Reseting point cloud assembler as null odometry has been received.
[WARN] [1774356057.271210314] [point_cloud_assembler]: Reseting point cloud assembler as null odometry has been received.
[WARN] [1774356057.272453493] [point_cloud_assembler]: Reseting point cloud assembler as null odometry has been received.
[WARN] [1774356057.276087698] [point_cloud_assembler]: Reseting point cloud assembler as null odometry has been received.
[WARN] [1774356057.277204984] [point_cloud_assembler]: Reseting point cloud assembler as null odometry has been received.
[WARN] [1774356057.278249084] [point_cloud_assembler]: Reseting point cloud assembler as null odometry has been received.
[WARN] [1774356057.281657808] [point_cloud_assembler]: Reseting point cloud assembler as null odometry has been received.
[WARN] [1774356057.287819844] [point_cloud_assembler]: Reseting point cloud assembler as null odometry has been received.
[WARN] [1774356057.326598516] [point_cloud_assembler]: Reseting point cloud assembler as null odometry has been received.
[WARN] [1774356057.330567965] [point_cloud_assembler]: Reseting point cloud assembler as null odometry has been received.
[WARN] [1774356057.332022862] [point_cloud_assembler]: Reseting point cloud assembler as null odometry has been received.
[WARN] [1774356057.383145478] [point_cloud_assembler]: Reseting point cloud assembler as null odometry has been received.
[WARN] [1774356057.393258497] [point_cloud_assembler]: Reseting point cloud assembler as null odometry has been received.
[WARN] [1774356057.397643447] [point_cloud_assembler]: Reseting point cloud assembler as null odometry has been received.
[WARN] [1774356057.426067749] [point_cloud_assembler]: Reseting point cloud assembler as null odometry has been received.
[WARN] [1774356057.429993932] [point_cloud_assembler]: Reseting point cloud assembler as null odometry has been received.
[WARN] [1774356057.469928964] [point_cloud_assembler]: Reseting point cloud assembler as null odometry has been received.
[WARN] [1774356057.475486787] [point_cloud_assembler]: Reseting point cloud assembler as null odometry has been received.
[WARN] [1774356057.477698222] [point_cloud_assembler]: Reseting point cloud assembler as null odometry has been received.
[WARN] [1774356057.481564179] [point_cloud_assembler]: Reseting point cloud assembler as null odometry has been received.
[WARN] [1774356057.487663844] [point_cloud_assembler]: Reseting point cloud assembler as null odometry has been received.
[WARN] [1774356057.530083793] [point_cloud_assembler]: Reseting point cloud assembler as null odometry has been received.
[WARN] [1774356057.531432864] [point_cloud_assembler]: Reseting point cloud assembler as null odometry has been received.
[WARN] [1774356057.535593838] [point_cloud_assembler]: Reseting point cloud assembler as null odometry has been received.
[WARN] [1774356057.569377748] [point_cloud_assembler]: Reseting point cloud assembler as null odometry has been received.
[WARN] [1774356057.574130647] [point_cloud_assembler]: Reseting point cloud assembler as null odometry has been received.
[WARN] [1774356057.580226056] [point_cloud_assembler]: Reseting point cloud assembler as null odometry has been received.
[WARN] [1774356057.581408016] [point_cloud_assembler]: Reseting point cloud assembler as null odometry has been received.
[WARN] [1774356057.585575839] [point_cloud_assembler]: Reseting point cloud assembler as null odometry has been received.
[WARN] [1774356057.591699825] [point_cloud_assembler]: Reseting point cloud assembler as null odometry has been received.
[WARN] [1774356057.597371379] [point_cloud_assembler]: Reseting point cloud assembler as null odometry has been received.
[INFO] [1774356057.600917197] [rclcpp]: signal_handler(signum=2)
