[INFO] [1771004693.907326683] [point_cloud_assembler]: point_cloud_assembler: topic_queue_size=10
[INFO] [1771004693.908610089] [point_cloud_assembler]: point_cloud_assembler: sync_queue_size=10
[INFO] [1771004693.912122565] [point_cloud_assembler]: point_cloud_assembler: qos=0
[INFO] [1771004693.912147622] [point_cloud_assembler]: point_cloud_assembler: qos_odom=0
[INFO] [1771004693.912164967] [point_cloud_assembler]: point_cloud_assembler: fixed_frame_id=
[INFO] [1771004693.912190567] [point_cloud_assembler]: point_cloud_assembler: frame_id=
[INFO] [1771004693.912207976] [point_cloud_assembler]: point_cloud_assembler: max_clouds=10
[INFO] [1771004693.912224137] [point_cloud_assembler]: point_cloud_assembler: assembling_time=0.000000s
[INFO] [1771004693.912247882] [point_cloud_assembler]: point_cloud_assembler: skip_clouds=0
[INFO] [1771004693.912268714] [point_cloud_assembler]: point_cloud_assembler: circular_buffer=false
[INFO] [1771004693.912286027] [point_cloud_assembler]: point_cloud_assembler: linear_update=0.000000 m
[INFO] [1771004693.912305228] [point_cloud_assembler]: point_cloud_assembler: angular_update=0.000000 rad
[INFO] [1771004693.912323116] [point_cloud_assembler]: point_cloud_assembler: wait_for_transform=0.100000
[INFO] [1771004693.912343629] [point_cloud_assembler]: point_cloud_assembler: range_min=0.000000
[INFO] [1771004693.912361678] [point_cloud_assembler]: point_cloud_assembler: range_max=0.000000
[INFO] [1771004693.912379150] [point_cloud_assembler]: point_cloud_assembler: voxel_size=0.000000m
[INFO] [1771004693.912396079] [point_cloud_assembler]: point_cloud_assembler: noise_radius=0.000000m
[INFO] [1771004693.912421136] [point_cloud_assembler]: point_cloud_assembler: noise_min_neighbors=5
[INFO] [1771004693.912439504] [point_cloud_assembler]: point_cloud_assembler: remove_z=false
[INFO] [1771004693.925979119] [point_cloud_assembler]: 
point_cloud_assembler subscribed to (exact sync):
   /odom_filtered_input_scan,
   /odom
[INFO] [1771004699.446937833] [rclcpp]: signal_handler(signum=2)
