[INFO] [1774356109.688321937] [point_cloud_assembler]: point_cloud_assembler: topic_queue_size=10
[INFO] [1774356109.689481112] [point_cloud_assembler]: point_cloud_assembler: sync_queue_size=10
[INFO] [1774356109.689523002] [point_cloud_assembler]: point_cloud_assembler: qos=0
[INFO] [1774356109.689541723] [point_cloud_assembler]: point_cloud_assembler: qos_odom=0
[INFO] [1774356109.689555963] [point_cloud_assembler]: point_cloud_assembler: fixed_frame_id=
[INFO] [1774356109.689573596] [point_cloud_assembler]: point_cloud_assembler: frame_id=
[INFO] [1774356109.689586300] [point_cloud_assembler]: point_cloud_assembler: max_clouds=10
[INFO] [1774356109.689597180] [point_cloud_assembler]: point_cloud_assembler: assembling_time=0.000000s
[INFO] [1774356109.689612765] [point_cloud_assembler]: point_cloud_assembler: skip_clouds=0
[INFO] [1774356109.689627165] [point_cloud_assembler]: point_cloud_assembler: circular_buffer=false
[INFO] [1774356109.689638622] [point_cloud_assembler]: point_cloud_assembler: linear_update=0.000000 m
[INFO] [1774356109.689649822] [point_cloud_assembler]: point_cloud_assembler: angular_update=0.000000 rad
[INFO] [1774356109.689660575] [point_cloud_assembler]: point_cloud_assembler: wait_for_transform=0.100000
[INFO] [1774356109.689673247] [point_cloud_assembler]: point_cloud_assembler: range_min=0.000000
[INFO] [1774356109.689684159] [point_cloud_assembler]: point_cloud_assembler: range_max=0.000000
[INFO] [1774356109.689694528] [point_cloud_assembler]: point_cloud_assembler: voxel_size=0.000000m
[INFO] [1774356109.689705184] [point_cloud_assembler]: point_cloud_assembler: noise_radius=0.000000m
[INFO] [1774356109.689720897] [point_cloud_assembler]: point_cloud_assembler: noise_min_neighbors=5
[INFO] [1774356109.689732193] [point_cloud_assembler]: point_cloud_assembler: remove_z=false
[INFO] [1774356109.693707016] [point_cloud_assembler]: 
point_cloud_assembler subscribed to (exact sync):
   /odom_filtered_input_scan,
   /odom
[WARN] [1774356114.698138044] [point_cloud_assembler]: point_cloud_assembler: Did not receive data since 5 seconds! Make sure the input topics are published ("$ ros2 topic hz my_topic") and the timestamps in their header are set. 
point_cloud_assembler subscribed to (exact sync):
   /odom_filtered_input_scan,
   /odom
[INFO] [1774356116.152391524] [rclcpp]: signal_handler(signum=2)
