[INFO] [1718656401.382149178] [point_cloud_assembler]: point_cloud_assembler: topic_queue_size=10
[INFO] [1718656401.382727087] [point_cloud_assembler]: point_cloud_assembler: sync_queue_size=10
[INFO] [1718656401.382763921] [point_cloud_assembler]: point_cloud_assembler: qos=0
[INFO] [1718656401.382777809] [point_cloud_assembler]: point_cloud_assembler: qos_odom=0
[INFO] [1718656401.382789041] [point_cloud_assembler]: point_cloud_assembler: fixed_frame_id=
[INFO] [1718656401.382799410] [point_cloud_assembler]: point_cloud_assembler: frame_id=
[INFO] [1718656401.382808722] [point_cloud_assembler]: point_cloud_assembler: max_clouds=10
[INFO] [1718656401.382817555] [point_cloud_assembler]: point_cloud_assembler: assembling_time=0.000000s
[INFO] [1718656401.382834835] [point_cloud_assembler]: point_cloud_assembler: skip_clouds=0
[INFO] [1718656401.382844404] [point_cloud_assembler]: point_cloud_assembler: circular_buffer=false
[INFO] [1718656401.382853844] [point_cloud_assembler]: point_cloud_assembler: linear_update=0.000000 m
[INFO] [1718656401.382863828] [point_cloud_assembler]: point_cloud_assembler: angular_update=0.000000 rad
[INFO] [1718656401.382873941] [point_cloud_assembler]: point_cloud_assembler: wait_for_transform=0.100000
[INFO] [1718656401.382885781] [point_cloud_assembler]: point_cloud_assembler: range_min=0.000000
[INFO] [1718656401.382895733] [point_cloud_assembler]: point_cloud_assembler: range_max=0.000000
[INFO] [1718656401.382905526] [point_cloud_assembler]: point_cloud_assembler: voxel_size=0.000000m
[INFO] [1718656401.382915062] [point_cloud_assembler]: point_cloud_assembler: noise_radius=0.000000m
[INFO] [1718656401.382925014] [point_cloud_assembler]: point_cloud_assembler: noise_min_neighbors=5
[INFO] [1718656401.382964408] [point_cloud_assembler]: point_cloud_assembler: remove_z=false
[INFO] [1718656401.400770151] [point_cloud_assembler]: 
point_cloud_assembler subscribed to (exact sync):
   /odom_filtered_input_scan,
   /odom
[INFO] [1718656405.722648854] [rclcpp]: signal_handler(signum=2)
