[INFO] [1772814784.816769524] [point_cloud_assembler]: point_cloud_assembler: topic_queue_size=10
[INFO] [1772814784.817437069] [point_cloud_assembler]: point_cloud_assembler: sync_queue_size=10
[INFO] [1772814784.817473838] [point_cloud_assembler]: point_cloud_assembler: qos=0
[INFO] [1772814784.817492175] [point_cloud_assembler]: point_cloud_assembler: qos_odom=0
[INFO] [1772814784.817507760] [point_cloud_assembler]: point_cloud_assembler: fixed_frame_id=
[INFO] [1772814784.817526288] [point_cloud_assembler]: point_cloud_assembler: frame_id=
[INFO] [1772814784.817539537] [point_cloud_assembler]: point_cloud_assembler: max_clouds=10
[INFO] [1772814784.817551217] [point_cloud_assembler]: point_cloud_assembler: assembling_time=0.000000s
[INFO] [1772814784.817570962] [point_cloud_assembler]: point_cloud_assembler: skip_clouds=0
[INFO] [1772814784.817586963] [point_cloud_assembler]: point_cloud_assembler: circular_buffer=false
[INFO] [1772814784.817599635] [point_cloud_assembler]: point_cloud_assembler: linear_update=0.000000 m
[INFO] [1772814784.817612276] [point_cloud_assembler]: point_cloud_assembler: angular_update=0.000000 rad
[INFO] [1772814784.817625364] [point_cloud_assembler]: point_cloud_assembler: wait_for_transform=0.100000
[INFO] [1772814784.817640885] [point_cloud_assembler]: point_cloud_assembler: range_min=0.000000
[INFO] [1772814784.817652757] [point_cloud_assembler]: point_cloud_assembler: range_max=0.000000
[INFO] [1772814784.817663670] [point_cloud_assembler]: point_cloud_assembler: voxel_size=0.000000m
[INFO] [1772814784.817674838] [point_cloud_assembler]: point_cloud_assembler: noise_radius=0.000000m
[INFO] [1772814784.817713175] [point_cloud_assembler]: point_cloud_assembler: noise_min_neighbors=5
[INFO] [1772814784.817729688] [point_cloud_assembler]: point_cloud_assembler: remove_z=false
[INFO] [1772814784.830739391] [point_cloud_assembler]: 
point_cloud_assembler subscribed to (exact sync):
   /odom_filtered_input_scan,
   /odom
[WARN] [1772814789.831672101] [point_cloud_assembler]: point_cloud_assembler: Did not receive data since 5 seconds! Make sure the input topics are published ("$ ros2 topic hz my_topic") and the timestamps in their header are set. 
point_cloud_assembler subscribed to (exact sync):
   /odom_filtered_input_scan,
   /odom
[WARN] [1772814794.831631207] [point_cloud_assembler]: point_cloud_assembler: Did not receive data since 5 seconds! Make sure the input topics are published ("$ ros2 topic hz my_topic") and the timestamps in their header are set. 
point_cloud_assembler subscribed to (exact sync):
   /odom_filtered_input_scan,
   /odom
[WARN] [1772814799.831627850] [point_cloud_assembler]: point_cloud_assembler: Did not receive data since 5 seconds! Make sure the input topics are published ("$ ros2 topic hz my_topic") and the timestamps in their header are set. 
point_cloud_assembler subscribed to (exact sync):
   /odom_filtered_input_scan,
   /odom
[WARN] [1772814804.831630253] [point_cloud_assembler]: point_cloud_assembler: Did not receive data since 5 seconds! Make sure the input topics are published ("$ ros2 topic hz my_topic") and the timestamps in their header are set. 
point_cloud_assembler subscribed to (exact sync):
   /odom_filtered_input_scan,
   /odom
[INFO] [1772814807.289089351] [rclcpp]: signal_handler(signum=2)
