[INFO] [1771517184.993645013] [point_cloud_assembler]: point_cloud_assembler: topic_queue_size=10
[INFO] [1771517184.994052034] [point_cloud_assembler]: point_cloud_assembler: sync_queue_size=10
[INFO] [1771517184.994079843] [point_cloud_assembler]: point_cloud_assembler: qos=0
[INFO] [1771517184.994094340] [point_cloud_assembler]: point_cloud_assembler: qos_odom=0
[INFO] [1771517184.994106148] [point_cloud_assembler]: point_cloud_assembler: fixed_frame_id=
[INFO] [1771517184.994116133] [point_cloud_assembler]: point_cloud_assembler: frame_id=
[INFO] [1771517184.994125413] [point_cloud_assembler]: point_cloud_assembler: max_clouds=10
[INFO] [1771517184.994134533] [point_cloud_assembler]: point_cloud_assembler: assembling_time=0.000000s
[INFO] [1771517184.994152454] [point_cloud_assembler]: point_cloud_assembler: skip_clouds=0
[INFO] [1771517184.994165606] [point_cloud_assembler]: point_cloud_assembler: circular_buffer=false
[INFO] [1771517184.994174918] [point_cloud_assembler]: point_cloud_assembler: linear_update=0.000000 m
[INFO] [1771517184.994184391] [point_cloud_assembler]: point_cloud_assembler: angular_update=0.000000 rad
[INFO] [1771517184.994194631] [point_cloud_assembler]: point_cloud_assembler: wait_for_transform=0.100000
[INFO] [1771517184.994206247] [point_cloud_assembler]: point_cloud_assembler: range_min=0.000000
[INFO] [1771517184.994215912] [point_cloud_assembler]: point_cloud_assembler: range_max=0.000000
[INFO] [1771517184.994225736] [point_cloud_assembler]: point_cloud_assembler: voxel_size=0.000000m
[INFO] [1771517184.994234920] [point_cloud_assembler]: point_cloud_assembler: noise_radius=0.000000m
[INFO] [1771517184.994244873] [point_cloud_assembler]: point_cloud_assembler: noise_min_neighbors=5
[INFO] [1771517184.994253705] [point_cloud_assembler]: point_cloud_assembler: remove_z=false
[INFO] [1771517185.023647266] [point_cloud_assembler]: 
point_cloud_assembler subscribed to (exact sync):
   /odom_filtered_input_scan,
   /odom
[WARN] [1771517190.023888500] [point_cloud_assembler]: point_cloud_assembler: Did not receive data since 5 seconds! Make sure the input topics are published ("$ ros2 topic hz my_topic") and the timestamps in their header are set. 
point_cloud_assembler subscribed to (exact sync):
   /odom_filtered_input_scan,
   /odom
[WARN] [1771517195.023881949] [point_cloud_assembler]: point_cloud_assembler: Did not receive data since 5 seconds! Make sure the input topics are published ("$ ros2 topic hz my_topic") and the timestamps in their header are set. 
point_cloud_assembler subscribed to (exact sync):
   /odom_filtered_input_scan,
   /odom
[INFO] [1771517199.868388339] [rclcpp]: signal_handler(signum=2)
