[INFO] [1770986210.460408908] [point_cloud_assembler]: point_cloud_assembler: topic_queue_size=10
[INFO] [1770986210.462641369] [point_cloud_assembler]: point_cloud_assembler: sync_queue_size=10
[INFO] [1770986210.463539513] [point_cloud_assembler]: point_cloud_assembler: qos=0
[INFO] [1770986210.464094508] [point_cloud_assembler]: point_cloud_assembler: qos_odom=0
[INFO] [1770986210.465239828] [point_cloud_assembler]: point_cloud_assembler: fixed_frame_id=
[INFO] [1770986210.465991278] [point_cloud_assembler]: point_cloud_assembler: frame_id=
[INFO] [1770986210.466027471] [point_cloud_assembler]: point_cloud_assembler: max_clouds=10
[INFO] [1770986210.466047152] [point_cloud_assembler]: point_cloud_assembler: assembling_time=0.000000s
[INFO] [1770986210.466072368] [point_cloud_assembler]: point_cloud_assembler: skip_clouds=0
[INFO] [1770986210.466093873] [point_cloud_assembler]: point_cloud_assembler: circular_buffer=false
[INFO] [1770986210.466111570] [point_cloud_assembler]: point_cloud_assembler: linear_update=0.000000 m
[INFO] [1770986210.466130578] [point_cloud_assembler]: point_cloud_assembler: angular_update=0.000000 rad
[INFO] [1770986210.466147891] [point_cloud_assembler]: point_cloud_assembler: wait_for_transform=0.100000
[INFO] [1770986210.466167892] [point_cloud_assembler]: point_cloud_assembler: range_min=0.000000
[INFO] [1770986210.466185396] [point_cloud_assembler]: point_cloud_assembler: range_max=0.000000
[INFO] [1770986210.466201589] [point_cloud_assembler]: point_cloud_assembler: voxel_size=0.000000m
[INFO] [1770986210.466218326] [point_cloud_assembler]: point_cloud_assembler: noise_radius=0.000000m
[INFO] [1770986210.466242614] [point_cloud_assembler]: point_cloud_assembler: noise_min_neighbors=5
[INFO] [1770986210.466259831] [point_cloud_assembler]: point_cloud_assembler: remove_z=false
[INFO] [1770986210.472116386] [point_cloud_assembler]: 
point_cloud_assembler subscribed to (exact sync):
   /odom_filtered_input_scan,
   /odom
[WARN] [1770987453.240926185] [point_cloud_assembler]: Reseting point cloud assembler as null odometry has been received.
[WARN] [1770987453.267563679] [point_cloud_assembler]: Reseting point cloud assembler as null odometry has been received.
[WARN] [1770987453.377131818] [point_cloud_assembler]: Reseting point cloud assembler as null odometry has been received.
[WARN] [1770987453.476923936] [point_cloud_assembler]: Reseting point cloud assembler as null odometry has been received.
[WARN] [1770987453.570357092] [point_cloud_assembler]: Reseting point cloud assembler as null odometry has been received.
[WARN] [1770987453.672073924] [point_cloud_assembler]: Reseting point cloud assembler as null odometry has been received.
[WARN] [1770987453.769218422] [point_cloud_assembler]: Reseting point cloud assembler as null odometry has been received.
[WARN] [1770987453.879616288] [point_cloud_assembler]: Reseting point cloud assembler as null odometry has been received.
[WARN] [1770987453.978808927] [point_cloud_assembler]: Reseting point cloud assembler as null odometry has been received.
[WARN] [1770987454.073565878] [point_cloud_assembler]: Reseting point cloud assembler as null odometry has been received.
[WARN] [1770987454.184763199] [point_cloud_assembler]: Reseting point cloud assembler as null odometry has been received.
[WARN] [1770987454.272726163] [point_cloud_assembler]: Reseting point cloud assembler as null odometry has been received.
[WARN] [1770987454.388332995] [point_cloud_assembler]: Reseting point cloud assembler as null odometry has been received.
[WARN] [1770987454.467640974] [point_cloud_assembler]: Reseting point cloud assembler as null odometry has been received.
[WARN] [1770987454.586323763] [point_cloud_assembler]: Reseting point cloud assembler as null odometry has been received.
[WARN] [1770987454.671032492] [point_cloud_assembler]: Reseting point cloud assembler as null odometry has been received.
[WARN] [1770987454.777602692] [point_cloud_assembler]: Reseting point cloud assembler as null odometry has been received.
[WARN] [1770987454.875387790] [point_cloud_assembler]: Reseting point cloud assembler as null odometry has been received.
[WARN] [1770987454.975842974] [point_cloud_assembler]: Reseting point cloud assembler as null odometry has been received.
[WARN] [1770987455.074527210] [point_cloud_assembler]: Reseting point cloud assembler as null odometry has been received.
[WARN] [1770987455.174795955] [point_cloud_assembler]: Reseting point cloud assembler as null odometry has been received.
[WARN] [1770987455.274846355] [point_cloud_assembler]: Reseting point cloud assembler as null odometry has been received.
[WARN] [1770987455.375243168] [point_cloud_assembler]: Reseting point cloud assembler as null odometry has been received.
[WARN] [1770987455.479674279] [point_cloud_assembler]: Reseting point cloud assembler as null odometry has been received.
[WARN] [1770987455.574061776] [point_cloud_assembler]: Reseting point cloud assembler as null odometry has been received.
[WARN] [1770987455.675511013] [point_cloud_assembler]: Reseting point cloud assembler as null odometry has been received.
[WARN] [1770987455.775005201] [point_cloud_assembler]: Reseting point cloud assembler as null odometry has been received.
[WARN] [1770987455.873876388] [point_cloud_assembler]: Reseting point cloud assembler as null odometry has been received.
[WARN] [1770987455.975009101] [point_cloud_assembler]: Reseting point cloud assembler as null odometry has been received.
[WARN] [1770987456.075186162] [point_cloud_assembler]: Reseting point cloud assembler as null odometry has been received.
[WARN] [1770987456.173763227] [point_cloud_assembler]: Reseting point cloud assembler as null odometry has been received.
[WARN] [1770987456.276237719] [point_cloud_assembler]: Reseting point cloud assembler as null odometry has been received.
[WARN] [1770987456.373158336] [point_cloud_assembler]: Reseting point cloud assembler as null odometry has been received.
[WARN] [1770987456.475078664] [point_cloud_assembler]: Reseting point cloud assembler as null odometry has been received.
[WARN] [1770987456.577953843] [point_cloud_assembler]: Reseting point cloud assembler as null odometry has been received.
[WARN] [1770987456.675001057] [point_cloud_assembler]: Reseting point cloud assembler as null odometry has been received.
[WARN] [1770987456.774077629] [point_cloud_assembler]: Reseting point cloud assembler as null odometry has been received.
[WARN] [1770987456.876807907] [point_cloud_assembler]: Reseting point cloud assembler as null odometry has been received.
[WARN] [1770987456.978878256] [point_cloud_assembler]: Reseting point cloud assembler as null odometry has been received.
[WARN] [1770987457.074837812] [point_cloud_assembler]: Reseting point cloud assembler as null odometry has been received.
[WARN] [1770987457.179673419] [point_cloud_assembler]: Reseting point cloud assembler as null odometry has been received.
[WARN] [1770987457.275034809] [point_cloud_assembler]: Reseting point cloud assembler as null odometry has been received.
[WARN] [1770987457.378976877] [point_cloud_assembler]: Reseting point cloud assembler as null odometry has been received.
[WARN] [1770987457.477353454] [point_cloud_assembler]: Reseting point cloud assembler as null odometry has been received.
[WARN] [1770987457.575709005] [point_cloud_assembler]: Reseting point cloud assembler as null odometry has been received.
[WARN] [1770987457.674996208] [point_cloud_assembler]: Reseting point cloud assembler as null odometry has been received.
[WARN] [1770987457.776073624] [point_cloud_assembler]: Reseting point cloud assembler as null odometry has been received.
[WARN] [1770987457.875086769] [point_cloud_assembler]: Reseting point cloud assembler as null odometry has been received.
[WARN] [1770987457.978989795] [point_cloud_assembler]: Reseting point cloud assembler as null odometry has been received.
[WARN] [1770987458.075215730] [point_cloud_assembler]: Reseting point cloud assembler as null odometry has been received.
[WARN] [1770987458.174868803] [point_cloud_assembler]: Reseting point cloud assembler as null odometry has been received.
[WARN] [1770987458.280407860] [point_cloud_assembler]: Reseting point cloud assembler as null odometry has been received.
[WARN] [1770987458.376971056] [point_cloud_assembler]: Reseting point cloud assembler as null odometry has been received.
[WARN] [1770987458.474704504] [point_cloud_assembler]: Reseting point cloud assembler as null odometry has been received.
[WARN] [1770987458.576851784] [point_cloud_assembler]: Reseting point cloud assembler as null odometry has been received.
[WARN] [1770987458.676655999] [point_cloud_assembler]: Reseting point cloud assembler as null odometry has been received.
[WARN] [1770987458.779898713] [point_cloud_assembler]: Reseting point cloud assembler as null odometry has been received.
[WARN] [1770987458.878630535] [point_cloud_assembler]: Reseting point cloud assembler as null odometry has been received.
[WARN] [1770987458.976709308] [point_cloud_assembler]: Reseting point cloud assembler as null odometry has been received.
[WARN] [1770987459.074850515] [point_cloud_assembler]: Reseting point cloud assembler as null odometry has been received.
[WARN] [1770987459.175635216] [point_cloud_assembler]: Reseting point cloud assembler as null odometry has been received.
[WARN] [1770987459.277446483] [point_cloud_assembler]: Reseting point cloud assembler as null odometry has been received.
[WARN] [1770987459.375069431] [point_cloud_assembler]: Reseting point cloud assembler as null odometry has been received.
[WARN] [1770987459.474201748] [point_cloud_assembler]: Reseting point cloud assembler as null odometry has been received.
[WARN] [1770987459.574629347] [point_cloud_assembler]: Reseting point cloud assembler as null odometry has been received.
[WARN] [1770987459.674840169] [point_cloud_assembler]: Reseting point cloud assembler as null odometry has been received.
[WARN] [1770987459.775522785] [point_cloud_assembler]: Reseting point cloud assembler as null odometry has been received.
[WARN] [1770987459.875905006] [point_cloud_assembler]: Reseting point cloud assembler as null odometry has been received.
[WARN] [1770987459.979308142] [point_cloud_assembler]: Reseting point cloud assembler as null odometry has been received.
[WARN] [1770987460.074845251] [point_cloud_assembler]: Reseting point cloud assembler as null odometry has been received.
[WARN] [1770987460.175325139] [point_cloud_assembler]: Reseting point cloud assembler as null odometry has been received.
[WARN] [1770987460.277333598] [point_cloud_assembler]: Reseting point cloud assembler as null odometry has been received.
[WARN] [1770987460.379158050] [point_cloud_assembler]: Reseting point cloud assembler as null odometry has been received.
[WARN] [1770987460.475111142] [point_cloud_assembler]: Reseting point cloud assembler as null odometry has been received.
[WARN] [1770987460.578533895] [point_cloud_assembler]: Reseting point cloud assembler as null odometry has been received.
[WARN] [1770987460.675020639] [point_cloud_assembler]: Reseting point cloud assembler as null odometry has been received.
[WARN] [1770987460.774104059] [point_cloud_assembler]: Reseting point cloud assembler as null odometry has been received.
[WARN] [1770987460.873238808] [point_cloud_assembler]: Reseting point cloud assembler as null odometry has been received.
[WARN] [1770987460.981161764] [point_cloud_assembler]: Reseting point cloud assembler as null odometry has been received.
[WARN] [1770987461.073521951] [point_cloud_assembler]: Reseting point cloud assembler as null odometry has been received.
[WARN] [1770987461.175696049] [point_cloud_assembler]: Reseting point cloud assembler as null odometry has been received.
[WARN] [1770987461.276327943] [point_cloud_assembler]: Reseting point cloud assembler as null odometry has been received.
[WARN] [1770987461.375718318] [point_cloud_assembler]: Reseting point cloud assembler as null odometry has been received.
[WARN] [1770987461.476731763] [point_cloud_assembler]: Reseting point cloud assembler as null odometry has been received.
[WARN] [1770987461.574713444] [point_cloud_assembler]: Reseting point cloud assembler as null odometry has been received.
[WARN] [1770987461.673339823] [point_cloud_assembler]: Reseting point cloud assembler as null odometry has been received.
[WARN] [1770987461.778027615] [point_cloud_assembler]: Reseting point cloud assembler as null odometry has been received.
[WARN] [1770987461.876286043] [point_cloud_assembler]: Reseting point cloud assembler as null odometry has been received.
[WARN] [1770987461.973171491] [point_cloud_assembler]: Reseting point cloud assembler as null odometry has been received.
[WARN] [1770987462.074791007] [point_cloud_assembler]: Reseting point cloud assembler as null odometry has been received.
[WARN] [1770987462.175385268] [point_cloud_assembler]: Reseting point cloud assembler as null odometry has been received.
[WARN] [1770987462.273763509] [point_cloud_assembler]: Reseting point cloud assembler as null odometry has been received.
[WARN] [1770987462.376448729] [point_cloud_assembler]: Reseting point cloud assembler as null odometry has been received.
[WARN] [1770987462.477002061] [point_cloud_assembler]: Reseting point cloud assembler as null odometry has been received.
[WARN] [1770987462.573892052] [point_cloud_assembler]: Reseting point cloud assembler as null odometry has been received.
[WARN] [1770987462.678990741] [point_cloud_assembler]: Reseting point cloud assembler as null odometry has been received.
[WARN] [1770987462.774469639] [point_cloud_assembler]: Reseting point cloud assembler as null odometry has been received.
[WARN] [1770987462.874505575] [point_cloud_assembler]: Reseting point cloud assembler as null odometry has been received.
[WARN] [1770987462.977379955] [point_cloud_assembler]: Reseting point cloud assembler as null odometry has been received.
[WARN] [1770987463.079332315] [point_cloud_assembler]: Reseting point cloud assembler as null odometry has been received.
[WARN] [1770987463.176472461] [point_cloud_assembler]: Reseting point cloud assembler as null odometry has been received.
[WARN] [1770987463.274892079] [point_cloud_assembler]: Reseting point cloud assembler as null odometry has been received.
[WARN] [1770987463.375912020] [point_cloud_assembler]: Reseting point cloud assembler as null odometry has been received.
[WARN] [1770987463.476847478] [point_cloud_assembler]: Reseting point cloud assembler as null odometry has been received.
[WARN] [1770987463.576102648] [point_cloud_assembler]: Reseting point cloud assembler as null odometry has been received.
[WARN] [1770987463.679494199] [point_cloud_assembler]: Reseting point cloud assembler as null odometry has been received.
[WARN] [1770987463.774443317] [point_cloud_assembler]: Reseting point cloud assembler as null odometry has been received.
[WARN] [1770987463.874302222] [point_cloud_assembler]: Reseting point cloud assembler as null odometry has been received.
[WARN] [1770987463.976249623] [point_cloud_assembler]: Reseting point cloud assembler as null odometry has been received.
[WARN] [1770987464.077255707] [point_cloud_assembler]: Reseting point cloud assembler as null odometry has been received.
[WARN] [1770987464.178594605] [point_cloud_assembler]: Reseting point cloud assembler as null odometry has been received.
[WARN] [1770987464.275365680] [point_cloud_assembler]: Reseting point cloud assembler as null odometry has been received.
[WARN] [1770987464.374452364] [point_cloud_assembler]: Reseting point cloud assembler as null odometry has been received.
[WARN] [1770987464.476161931] [point_cloud_assembler]: Reseting point cloud assembler as null odometry has been received.
[WARN] [1770987464.575223654] [point_cloud_assembler]: Reseting point cloud assembler as null odometry has been received.
[WARN] [1770987464.676366672] [point_cloud_assembler]: Reseting point cloud assembler as null odometry has been received.
[WARN] [1770987464.775852250] [point_cloud_assembler]: Reseting point cloud assembler as null odometry has been received.
[WARN] [1770987464.874150072] [point_cloud_assembler]: Reseting point cloud assembler as null odometry has been received.
[WARN] [1770987464.975055513] [point_cloud_assembler]: Reseting point cloud assembler as null odometry has been received.
[WARN] [1770987465.080886677] [point_cloud_assembler]: Reseting point cloud assembler as null odometry has been received.
[WARN] [1770987465.175907414] [point_cloud_assembler]: Reseting point cloud assembler as null odometry has been received.
[WARN] [1770987465.279977967] [point_cloud_assembler]: Reseting point cloud assembler as null odometry has been received.
[WARN] [1770987465.378793632] [point_cloud_assembler]: Reseting point cloud assembler as null odometry has been received.
[WARN] [1770987465.475657479] [point_cloud_assembler]: Reseting point cloud assembler as null odometry has been received.
[WARN] [1770987465.579155467] [point_cloud_assembler]: Reseting point cloud assembler as null odometry has been received.
[WARN] [1770987465.681192086] [point_cloud_assembler]: Reseting point cloud assembler as null odometry has been received.
[WARN] [1770987465.775077772] [point_cloud_assembler]: Reseting point cloud assembler as null odometry has been received.
[WARN] [1770987465.878060892] [point_cloud_assembler]: Reseting point cloud assembler as null odometry has been received.
[WARN] [1770987465.974852544] [point_cloud_assembler]: Reseting point cloud assembler as null odometry has been received.
[WARN] [1770987466.074795708] [point_cloud_assembler]: Reseting point cloud assembler as null odometry has been received.
[WARN] [1770987466.178186108] [point_cloud_assembler]: Reseting point cloud assembler as null odometry has been received.
[WARN] [1770987466.274297798] [point_cloud_assembler]: Reseting point cloud assembler as null odometry has been received.
[WARN] [1770987466.377026604] [point_cloud_assembler]: Reseting point cloud assembler as null odometry has been received.
[WARN] [1770987466.475154819] [point_cloud_assembler]: Reseting point cloud assembler as null odometry has been received.
[WARN] [1770987466.575249253] [point_cloud_assembler]: Reseting point cloud assembler as null odometry has been received.
[WARN] [1770987466.674732752] [point_cloud_assembler]: Reseting point cloud assembler as null odometry has been received.
[WARN] [1770987466.775069947] [point_cloud_assembler]: Reseting point cloud assembler as null odometry has been received.
[WARN] [1770987466.879335644] [point_cloud_assembler]: Reseting point cloud assembler as null odometry has been received.
[WARN] [1770987466.977195977] [point_cloud_assembler]: Reseting point cloud assembler as null odometry has been received.
[WARN] [1770987467.075847636] [point_cloud_assembler]: Reseting point cloud assembler as null odometry has been received.
[WARN] [1770987467.178278831] [point_cloud_assembler]: Reseting point cloud assembler as null odometry has been received.
[WARN] [1770987467.278210730] [point_cloud_assembler]: Reseting point cloud assembler as null odometry has been received.
[WARN] [1770987467.375547619] [point_cloud_assembler]: Reseting point cloud assembler as null odometry has been received.
[WARN] [1770987467.483260583] [point_cloud_assembler]: Reseting point cloud assembler as null odometry has been received.
[WARN] [1770987467.578207941] [point_cloud_assembler]: Reseting point cloud assembler as null odometry has been received.
[WARN] [1770987467.676636968] [point_cloud_assembler]: Reseting point cloud assembler as null odometry has been received.
[WARN] [1770987467.778030395] [point_cloud_assembler]: Reseting point cloud assembler as null odometry has been received.
[WARN] [1770987467.880196684] [point_cloud_assembler]: Reseting point cloud assembler as null odometry has been received.
[WARN] [1770987467.977163351] [point_cloud_assembler]: Reseting point cloud assembler as null odometry has been received.
[WARN] [1770987468.078710960] [point_cloud_assembler]: Reseting point cloud assembler as null odometry has been received.
[WARN] [1770987468.177489696] [point_cloud_assembler]: Reseting point cloud assembler as null odometry has been received.
[WARN] [1770987468.279164318] [point_cloud_assembler]: Reseting point cloud assembler as null odometry has been received.
[WARN] [1770987468.377000490] [point_cloud_assembler]: Reseting point cloud assembler as null odometry has been received.
[WARN] [1770987468.475452045] [point_cloud_assembler]: Reseting point cloud assembler as null odometry has been received.
[WARN] [1770987468.578707591] [point_cloud_assembler]: Reseting point cloud assembler as null odometry has been received.
[WARN] [1770987468.677899143] [point_cloud_assembler]: Reseting point cloud assembler as null odometry has been received.
[WARN] [1770987468.775757044] [point_cloud_assembler]: Reseting point cloud assembler as null odometry has been received.
[WARN] [1770987468.878853032] [point_cloud_assembler]: Reseting point cloud assembler as null odometry has been received.
[WARN] [1770987468.977987813] [point_cloud_assembler]: Reseting point cloud assembler as null odometry has been received.
[WARN] [1770987469.076849624] [point_cloud_assembler]: Reseting point cloud assembler as null odometry has been received.
[WARN] [1770987469.178269005] [point_cloud_assembler]: Reseting point cloud assembler as null odometry has been received.
[WARN] [1770987469.275942418] [point_cloud_assembler]: Reseting point cloud assembler as null odometry has been received.
[WARN] [1770987469.376116599] [point_cloud_assembler]: Reseting point cloud assembler as null odometry has been received.
[WARN] [1770987469.478028639] [point_cloud_assembler]: Reseting point cloud assembler as null odometry has been received.
[WARN] [1770987469.575888267] [point_cloud_assembler]: Reseting point cloud assembler as null odometry has been received.
[WARN] [1770987469.676709769] [point_cloud_assembler]: Reseting point cloud assembler as null odometry has been received.
[WARN] [1770987469.775173069] [point_cloud_assembler]: Reseting point cloud assembler as null odometry has been received.
[WARN] [1770987469.875031942] [point_cloud_assembler]: Reseting point cloud assembler as null odometry has been received.
[WARN] [1770987469.974562418] [point_cloud_assembler]: Reseting point cloud assembler as null odometry has been received.
[WARN] [1770987470.079261219] [point_cloud_assembler]: Reseting point cloud assembler as null odometry has been received.
[WARN] [1770987470.179968125] [point_cloud_assembler]: Reseting point cloud assembler as null odometry has been received.
[WARN] [1770987470.278730828] [point_cloud_assembler]: Reseting point cloud assembler as null odometry has been received.
[WARN] [1770987470.377497787] [point_cloud_assembler]: Reseting point cloud assembler as null odometry has been received.
[WARN] [1770987470.476139974] [point_cloud_assembler]: Reseting point cloud assembler as null odometry has been received.
[WARN] [1770987470.579864370] [point_cloud_assembler]: Reseting point cloud assembler as null odometry has been received.
[WARN] [1770987470.674314045] [point_cloud_assembler]: Reseting point cloud assembler as null odometry has been received.
[WARN] [1770987470.777040259] [point_cloud_assembler]: Reseting point cloud assembler as null odometry has been received.
[WARN] [1770987470.874240663] [point_cloud_assembler]: Reseting point cloud assembler as null odometry has been received.
[WARN] [1770987470.974497663] [point_cloud_assembler]: Reseting point cloud assembler as null odometry has been received.
[WARN] [1770987471.076828022] [point_cloud_assembler]: Reseting point cloud assembler as null odometry has been received.
[WARN] [1770987471.175636071] [point_cloud_assembler]: Reseting point cloud assembler as null odometry has been received.
[WARN] [1770987471.275871182] [point_cloud_assembler]: Reseting point cloud assembler as null odometry has been received.
[WARN] [1770987471.377257281] [point_cloud_assembler]: Reseting point cloud assembler as null odometry has been received.
[WARN] [1770987471.480320116] [point_cloud_assembler]: Reseting point cloud assembler as null odometry has been received.
[WARN] [1770987471.576202934] [point_cloud_assembler]: Reseting point cloud assembler as null odometry has been received.
[WARN] [1770987471.676938320] [point_cloud_assembler]: Reseting point cloud assembler as null odometry has been received.
[WARN] [1770987471.775270959] [point_cloud_assembler]: Reseting point cloud assembler as null odometry has been received.
[WARN] [1770987471.879015676] [point_cloud_assembler]: Reseting point cloud assembler as null odometry has been received.
[WARN] [1770987471.977258071] [point_cloud_assembler]: Reseting point cloud assembler as null odometry has been received.
[WARN] [1770987472.077492639] [point_cloud_assembler]: Reseting point cloud assembler as null odometry has been received.
[WARN] [1770987472.176671358] [point_cloud_assembler]: Reseting point cloud assembler as null odometry has been received.
[WARN] [1770987472.275530929] [point_cloud_assembler]: Reseting point cloud assembler as null odometry has been received.
[WARN] [1770987472.379801362] [point_cloud_assembler]: Reseting point cloud assembler as null odometry has been received.
[WARN] [1770987472.477111081] [point_cloud_assembler]: Reseting point cloud assembler as null odometry has been received.
[WARN] [1770987472.576270376] [point_cloud_assembler]: Reseting point cloud assembler as null odometry has been received.
[WARN] [1770987472.681072157] [point_cloud_assembler]: Reseting point cloud assembler as null odometry has been received.
[WARN] [1770987472.768701668] [point_cloud_assembler]: Reseting point cloud assembler as null odometry has been received.
[WARN] [1770987472.871926397] [point_cloud_assembler]: Reseting point cloud assembler as null odometry has been received.
[WARN] [1770987472.974499262] [point_cloud_assembler]: Reseting point cloud assembler as null odometry has been received.
[WARN] [1770987473.074050731] [point_cloud_assembler]: Reseting point cloud assembler as null odometry has been received.
[WARN] [1770987473.179419798] [point_cloud_assembler]: Reseting point cloud assembler as null odometry has been received.
[WARN] [1770987473.270591652] [point_cloud_assembler]: Reseting point cloud assembler as null odometry has been received.
[WARN] [1770987473.371334719] [point_cloud_assembler]: Reseting point cloud assembler as null odometry has been received.
[WARN] [1770987473.473288871] [point_cloud_assembler]: Reseting point cloud assembler as null odometry has been received.
[WARN] [1770987473.564223052] [point_cloud_assembler]: Reseting point cloud assembler as null odometry has been received.
[WARN] [1770987473.667391491] [point_cloud_assembler]: Reseting point cloud assembler as null odometry has been received.
[WARN] [1770987473.776975119] [point_cloud_assembler]: Reseting point cloud assembler as null odometry has been received.
[WARN] [1770987473.878332417] [point_cloud_assembler]: Reseting point cloud assembler as null odometry has been received.
[WARN] [1770987473.978026707] [point_cloud_assembler]: Reseting point cloud assembler as null odometry has been received.
[WARN] [1770987474.071984140] [point_cloud_assembler]: Reseting point cloud assembler as null odometry has been received.
[WARN] [1770987474.179255743] [point_cloud_assembler]: Reseting point cloud assembler as null odometry has been received.
[WARN] [1770987474.275789753] [point_cloud_assembler]: Reseting point cloud assembler as null odometry has been received.
[WARN] [1770987474.377906472] [point_cloud_assembler]: Reseting point cloud assembler as null odometry has been received.
[WARN] [1770987474.479965237] [point_cloud_assembler]: Reseting point cloud assembler as null odometry has been received.
[WARN] [1770987474.574698699] [point_cloud_assembler]: Reseting point cloud assembler as null odometry has been received.
[WARN] [1770987474.675567690] [point_cloud_assembler]: Reseting point cloud assembler as null odometry has been received.
[WARN] [1770987474.776521421] [point_cloud_assembler]: Reseting point cloud assembler as null odometry has been received.
[WARN] [1770987474.875775438] [point_cloud_assembler]: Reseting point cloud assembler as null odometry has been received.
[WARN] [1770987474.977368265] [point_cloud_assembler]: Reseting point cloud assembler as null odometry has been received.
[WARN] [1770987475.076224540] [point_cloud_assembler]: Reseting point cloud assembler as null odometry has been received.
[WARN] [1770987475.176530886] [point_cloud_assembler]: Reseting point cloud assembler as null odometry has been received.
[WARN] [1770987475.275787592] [point_cloud_assembler]: Reseting point cloud assembler as null odometry has been received.
[WARN] [1770987475.374532407] [point_cloud_assembler]: Reseting point cloud assembler as null odometry has been received.
[WARN] [1770987475.476130130] [point_cloud_assembler]: Reseting point cloud assembler as null odometry has been received.
[WARN] [1770987475.577172728] [point_cloud_assembler]: Reseting point cloud assembler as null odometry has been received.
[WARN] [1770987475.679430860] [point_cloud_assembler]: Reseting point cloud assembler as null odometry has been received.
[WARN] [1770987475.776940460] [point_cloud_assembler]: Reseting point cloud assembler as null odometry has been received.
[WARN] [1770987475.878868275] [point_cloud_assembler]: Reseting point cloud assembler as null odometry has been received.
[WARN] [1770987475.977275861] [point_cloud_assembler]: Reseting point cloud assembler as null odometry has been received.
[WARN] [1770987476.074583533] [point_cloud_assembler]: Reseting point cloud assembler as null odometry has been received.
[WARN] [1770987476.177755908] [point_cloud_assembler]: Reseting point cloud assembler as null odometry has been received.
[WARN] [1770987476.279061172] [point_cloud_assembler]: Reseting point cloud assembler as null odometry has been received.
[WARN] [1770987476.377729600] [point_cloud_assembler]: Reseting point cloud assembler as null odometry has been received.
[WARN] [1770987476.476046782] [point_cloud_assembler]: Reseting point cloud assembler as null odometry has been received.
[WARN] [1770987476.574690857] [point_cloud_assembler]: Reseting point cloud assembler as null odometry has been received.
[WARN] [1770987476.676226850] [point_cloud_assembler]: Reseting point cloud assembler as null odometry has been received.
[WARN] [1770987476.777588948] [point_cloud_assembler]: Reseting point cloud assembler as null odometry has been received.
[WARN] [1770987476.878310222] [point_cloud_assembler]: Reseting point cloud assembler as null odometry has been received.
[WARN] [1770987476.975200213] [point_cloud_assembler]: Reseting point cloud assembler as null odometry has been received.
[WARN] [1770987477.078649527] [point_cloud_assembler]: Reseting point cloud assembler as null odometry has been received.
[WARN] [1770987477.180982862] [point_cloud_assembler]: Reseting point cloud assembler as null odometry has been received.
[WARN] [1770987477.276170677] [point_cloud_assembler]: Reseting point cloud assembler as null odometry has been received.
[WARN] [1770987477.375197679] [point_cloud_assembler]: Reseting point cloud assembler as null odometry has been received.
[WARN] [1770987477.478420328] [point_cloud_assembler]: Reseting point cloud assembler as null odometry has been received.
[WARN] [1770987477.575630108] [point_cloud_assembler]: Reseting point cloud assembler as null odometry has been received.
[WARN] [1770987477.681954667] [point_cloud_assembler]: Reseting point cloud assembler as null odometry has been received.
[WARN] [1770987477.777025262] [point_cloud_assembler]: Reseting point cloud assembler as null odometry has been received.
[WARN] [1770987477.879406919] [point_cloud_assembler]: Reseting point cloud assembler as null odometry has been received.
[WARN] [1770987477.975378220] [point_cloud_assembler]: Reseting point cloud assembler as null odometry has been received.
[WARN] [1770987478.076655738] [point_cloud_assembler]: Reseting point cloud assembler as null odometry has been received.
[WARN] [1770987478.174966137] [point_cloud_assembler]: Reseting point cloud assembler as null odometry has been received.
[WARN] [1770987478.280602381] [point_cloud_assembler]: Reseting point cloud assembler as null odometry has been received.
[WARN] [1770987478.373524766] [point_cloud_assembler]: Reseting point cloud assembler as null odometry has been received.
[WARN] [1770987478.476437195] [point_cloud_assembler]: Reseting point cloud assembler as null odometry has been received.
[WARN] [1770987478.575824274] [point_cloud_assembler]: Reseting point cloud assembler as null odometry has been received.
[WARN] [1770987478.676298115] [point_cloud_assembler]: Reseting point cloud assembler as null odometry has been received.
[WARN] [1770987478.777616787] [point_cloud_assembler]: Reseting point cloud assembler as null odometry has been received.
[WARN] [1770987478.878373198] [point_cloud_assembler]: Reseting point cloud assembler as null odometry has been received.
[WARN] [1770987478.976614762] [point_cloud_assembler]: Reseting point cloud assembler as null odometry has been received.
[WARN] [1770987479.078436110] [point_cloud_assembler]: Reseting point cloud assembler as null odometry has been received.
[WARN] [1770987479.180435416] [point_cloud_assembler]: Reseting point cloud assembler as null odometry has been received.
[WARN] [1770987479.276613029] [point_cloud_assembler]: Reseting point cloud assembler as null odometry has been received.
[WARN] [1770987479.376494847] [point_cloud_assembler]: Reseting point cloud assembler as null odometry has been received.
[WARN] [1770987479.475049766] [point_cloud_assembler]: Reseting point cloud assembler as null odometry has been received.
[WARN] [1770987479.575223179] [point_cloud_assembler]: Reseting point cloud assembler as null odometry has been received.
[WARN] [1770987479.676702178] [point_cloud_assembler]: Reseting point cloud assembler as null odometry has been received.
[WARN] [1770987479.767582693] [point_cloud_assembler]: Reseting point cloud assembler as null odometry has been received.
[WARN] [1770987479.874867416] [point_cloud_assembler]: Reseting point cloud assembler as null odometry has been received.
[WARN] [1770987479.979958488] [point_cloud_assembler]: Reseting point cloud assembler as null odometry has been received.
[WARN] [1770987480.075140575] [point_cloud_assembler]: Reseting point cloud assembler as null odometry has been received.
[WARN] [1770987480.176015615] [point_cloud_assembler]: Reseting point cloud assembler as null odometry has been received.
[WARN] [1770987480.277594617] [point_cloud_assembler]: Reseting point cloud assembler as null odometry has been received.
[WARN] [1770987480.375494248] [point_cloud_assembler]: Reseting point cloud assembler as null odometry has been received.
[WARN] [1770987480.474346234] [point_cloud_assembler]: Reseting point cloud assembler as null odometry has been received.
[WARN] [1770987480.577030399] [point_cloud_assembler]: Reseting point cloud assembler as null odometry has been received.
[WARN] [1770987480.674703333] [point_cloud_assembler]: Reseting point cloud assembler as null odometry has been received.
[WARN] [1770987480.778229449] [point_cloud_assembler]: Reseting point cloud assembler as null odometry has been received.
[WARN] [1770987480.879662590] [point_cloud_assembler]: Reseting point cloud assembler as null odometry has been received.
[INFO] [1770987480.881010449] [rclcpp]: signal_handler(signum=2)
