[INFO] [1772804018.693208375] [point_cloud_assembler]: point_cloud_assembler: topic_queue_size=10
[INFO] [1772804018.693687816] [point_cloud_assembler]: point_cloud_assembler: sync_queue_size=10
[INFO] [1772804018.693724745] [point_cloud_assembler]: point_cloud_assembler: qos=0
[INFO] [1772804018.693738442] [point_cloud_assembler]: point_cloud_assembler: qos_odom=0
[INFO] [1772804018.693749930] [point_cloud_assembler]: point_cloud_assembler: fixed_frame_id=
[INFO] [1772804018.693759466] [point_cloud_assembler]: point_cloud_assembler: frame_id=
[INFO] [1772804018.693768619] [point_cloud_assembler]: point_cloud_assembler: max_clouds=10
[INFO] [1772804018.693781035] [point_cloud_assembler]: point_cloud_assembler: assembling_time=0.000000s
[INFO] [1772804018.693800108] [point_cloud_assembler]: point_cloud_assembler: skip_clouds=0
[INFO] [1772804018.693809900] [point_cloud_assembler]: point_cloud_assembler: circular_buffer=false
[INFO] [1772804018.693818732] [point_cloud_assembler]: point_cloud_assembler: linear_update=0.000000 m
[INFO] [1772804018.693828109] [point_cloud_assembler]: point_cloud_assembler: angular_update=0.000000 rad
[INFO] [1772804018.693837645] [point_cloud_assembler]: point_cloud_assembler: wait_for_transform=0.100000
[INFO] [1772804018.693848909] [point_cloud_assembler]: point_cloud_assembler: range_min=0.000000
[INFO] [1772804018.693858606] [point_cloud_assembler]: point_cloud_assembler: range_max=0.000000
[INFO] [1772804018.693868174] [point_cloud_assembler]: point_cloud_assembler: voxel_size=0.000000m
[INFO] [1772804018.693877422] [point_cloud_assembler]: point_cloud_assembler: noise_radius=0.000000m
[INFO] [1772804018.693886767] [point_cloud_assembler]: point_cloud_assembler: noise_min_neighbors=5
[INFO] [1772804018.693895599] [point_cloud_assembler]: point_cloud_assembler: remove_z=false
[INFO] [1772804018.744029947] [point_cloud_assembler]: 
point_cloud_assembler subscribed to (exact sync):
   /odom_filtered_input_scan,
   /odom
[WARN] [1772804023.744297974] [point_cloud_assembler]: point_cloud_assembler: Did not receive data since 5 seconds! Make sure the input topics are published ("$ ros2 topic hz my_topic") and the timestamps in their header are set. 
point_cloud_assembler subscribed to (exact sync):
   /odom_filtered_input_scan,
   /odom
[WARN] [1772804028.744234598] [point_cloud_assembler]: point_cloud_assembler: Did not receive data since 5 seconds! Make sure the input topics are published ("$ ros2 topic hz my_topic") and the timestamps in their header are set. 
point_cloud_assembler subscribed to (exact sync):
   /odom_filtered_input_scan,
   /odom
[INFO] [1772804033.053345291] [rclcpp]: signal_handler(signum=2)
