[INFO] [1771521678.756590075] [point_cloud_assembler]: point_cloud_assembler: topic_queue_size=10
[INFO] [1771521678.758704938] [point_cloud_assembler]: point_cloud_assembler: sync_queue_size=10
[INFO] [1771521678.758757292] [point_cloud_assembler]: point_cloud_assembler: qos=0
[INFO] [1771521678.758776301] [point_cloud_assembler]: point_cloud_assembler: qos_odom=0
[INFO] [1771521678.758791918] [point_cloud_assembler]: point_cloud_assembler: fixed_frame_id=
[INFO] [1771521678.758812366] [point_cloud_assembler]: point_cloud_assembler: frame_id=
[INFO] [1771521678.758827983] [point_cloud_assembler]: point_cloud_assembler: max_clouds=10
[INFO] [1771521678.758841871] [point_cloud_assembler]: point_cloud_assembler: assembling_time=0.000000s
[INFO] [1771521678.758862384] [point_cloud_assembler]: point_cloud_assembler: skip_clouds=0
[INFO] [1771521678.758878129] [point_cloud_assembler]: point_cloud_assembler: circular_buffer=false
[INFO] [1771521678.758890737] [point_cloud_assembler]: point_cloud_assembler: linear_update=0.000000 m
[INFO] [1771521678.758903186] [point_cloud_assembler]: point_cloud_assembler: angular_update=0.000000 rad
[INFO] [1771521678.758915442] [point_cloud_assembler]: point_cloud_assembler: wait_for_transform=0.100000
[INFO] [1771521678.758930803] [point_cloud_assembler]: point_cloud_assembler: range_min=0.000000
[INFO] [1771521678.758942963] [point_cloud_assembler]: point_cloud_assembler: range_max=0.000000
[INFO] [1771521678.758954516] [point_cloud_assembler]: point_cloud_assembler: voxel_size=0.000000m
[INFO] [1771521678.758966356] [point_cloud_assembler]: point_cloud_assembler: noise_radius=0.000000m
[INFO] [1771521678.758983445] [point_cloud_assembler]: point_cloud_assembler: noise_min_neighbors=5
[INFO] [1771521678.758996117] [point_cloud_assembler]: point_cloud_assembler: remove_z=false
[INFO] [1771521678.763334519] [point_cloud_assembler]: 
point_cloud_assembler subscribed to (exact sync):
   /odom_filtered_input_scan,
   /odom
[INFO] [1771521680.134951263] [rclcpp]: signal_handler(signum=2)
