[INFO] [1774356118.795927565] [point_cloud_assembler]: point_cloud_assembler: topic_queue_size=10
[INFO] [1774356118.798188185] [point_cloud_assembler]: point_cloud_assembler: sync_queue_size=10
[INFO] [1774356118.801133917] [point_cloud_assembler]: point_cloud_assembler: qos=0
[INFO] [1774356118.803967998] [point_cloud_assembler]: point_cloud_assembler: qos_odom=0
[INFO] [1774356118.804022143] [point_cloud_assembler]: point_cloud_assembler: fixed_frame_id=
[INFO] [1774356118.807113736] [point_cloud_assembler]: point_cloud_assembler: frame_id=
[INFO] [1774356118.807147914] [point_cloud_assembler]: point_cloud_assembler: max_clouds=10
[INFO] [1774356118.807167850] [point_cloud_assembler]: point_cloud_assembler: assembling_time=0.000000s
[INFO] [1774356118.807195211] [point_cloud_assembler]: point_cloud_assembler: skip_clouds=0
[INFO] [1774356118.807219916] [point_cloud_assembler]: point_cloud_assembler: circular_buffer=false
[INFO] [1774356118.807239597] [point_cloud_assembler]: point_cloud_assembler: linear_update=0.000000 m
[INFO] [1774356118.807260557] [point_cloud_assembler]: point_cloud_assembler: angular_update=0.000000 rad
[INFO] [1774356118.807280686] [point_cloud_assembler]: point_cloud_assembler: wait_for_transform=0.100000
[INFO] [1774356118.807303087] [point_cloud_assembler]: point_cloud_assembler: range_min=0.000000
[INFO] [1774356118.807323248] [point_cloud_assembler]: point_cloud_assembler: range_max=0.000000
[INFO] [1774356118.807343056] [point_cloud_assembler]: point_cloud_assembler: voxel_size=0.000000m
[INFO] [1774356118.807362225] [point_cloud_assembler]: point_cloud_assembler: noise_radius=0.000000m
[INFO] [1774356118.807390098] [point_cloud_assembler]: point_cloud_assembler: noise_min_neighbors=5
[INFO] [1774356118.811056558] [point_cloud_assembler]: point_cloud_assembler: remove_z=false
[INFO] [1774356118.827629985] [point_cloud_assembler]: 
point_cloud_assembler subscribed to (exact sync):
   /odom_filtered_input_scan,
   /odom
[WARN] [1774356123.828233139] [point_cloud_assembler]: point_cloud_assembler: Did not receive data since 5 seconds! Make sure the input topics are published ("$ ros2 topic hz my_topic") and the timestamps in their header are set. 
point_cloud_assembler subscribed to (exact sync):
   /odom_filtered_input_scan,
   /odom
[INFO] [1774356125.768352622] [rclcpp]: signal_handler(signum=2)
