[INFO] [1772811787.263891480] [point_cloud_assembler]: point_cloud_assembler: topic_queue_size=10
[INFO] [1772811787.266249519] [point_cloud_assembler]: point_cloud_assembler: sync_queue_size=10
[INFO] [1772811787.267506717] [point_cloud_assembler]: point_cloud_assembler: qos=0
[INFO] [1772811787.268237336] [point_cloud_assembler]: point_cloud_assembler: qos_odom=0
[INFO] [1772811787.268278138] [point_cloud_assembler]: point_cloud_assembler: fixed_frame_id=
[INFO] [1772811787.268300378] [point_cloud_assembler]: point_cloud_assembler: frame_id=
[INFO] [1772811787.268319259] [point_cloud_assembler]: point_cloud_assembler: max_clouds=10
[INFO] [1772811787.268336700] [point_cloud_assembler]: point_cloud_assembler: assembling_time=0.000000s
[INFO] [1772811787.268363709] [point_cloud_assembler]: point_cloud_assembler: skip_clouds=0
[INFO] [1772811787.268391838] [point_cloud_assembler]: point_cloud_assembler: circular_buffer=false
[INFO] [1772811787.268412255] [point_cloud_assembler]: point_cloud_assembler: linear_update=0.000000 m
[INFO] [1772811787.268435327] [point_cloud_assembler]: point_cloud_assembler: angular_update=0.000000 rad
[INFO] [1772811787.268458144] [point_cloud_assembler]: point_cloud_assembler: wait_for_transform=0.100000
[INFO] [1772811787.268482977] [point_cloud_assembler]: point_cloud_assembler: range_min=0.000000
[INFO] [1772811787.268504834] [point_cloud_assembler]: point_cloud_assembler: range_max=0.000000
[INFO] [1772811787.268526275] [point_cloud_assembler]: point_cloud_assembler: voxel_size=0.000000m
[INFO] [1772811787.268547780] [point_cloud_assembler]: point_cloud_assembler: noise_radius=0.000000m
[INFO] [1772811787.268578693] [point_cloud_assembler]: point_cloud_assembler: noise_min_neighbors=5
[INFO] [1772811787.268600934] [point_cloud_assembler]: point_cloud_assembler: remove_z=false
[INFO] [1772811787.274360154] [point_cloud_assembler]: 
point_cloud_assembler subscribed to (exact sync):
   /odom_filtered_input_scan,
   /odom
[INFO] [1772813438.245210604] [rclcpp]: signal_handler(signum=2)
