[INFO] [1770985298.979347469] [point_cloud_assembler]: point_cloud_assembler: topic_queue_size=10
[INFO] [1770985298.979898240] [point_cloud_assembler]: point_cloud_assembler: sync_queue_size=10
[INFO] [1770985298.979935777] [point_cloud_assembler]: point_cloud_assembler: qos=0
[INFO] [1770985298.979955106] [point_cloud_assembler]: point_cloud_assembler: qos_odom=0
[INFO] [1770985298.979975363] [point_cloud_assembler]: point_cloud_assembler: fixed_frame_id=
[INFO] [1770985298.979993123] [point_cloud_assembler]: point_cloud_assembler: frame_id=
[INFO] [1770985298.980008004] [point_cloud_assembler]: point_cloud_assembler: max_clouds=10
[INFO] [1770985298.980021572] [point_cloud_assembler]: point_cloud_assembler: assembling_time=0.000000s
[INFO] [1770985298.980044517] [point_cloud_assembler]: point_cloud_assembler: skip_clouds=0
[INFO] [1770985298.980063398] [point_cloud_assembler]: point_cloud_assembler: circular_buffer=false
[INFO] [1770985298.980079078] [point_cloud_assembler]: point_cloud_assembler: linear_update=0.000000 m
[INFO] [1770985298.980096039] [point_cloud_assembler]: point_cloud_assembler: angular_update=0.000000 rad
[INFO] [1770985298.980112455] [point_cloud_assembler]: point_cloud_assembler: wait_for_transform=0.100000
[INFO] [1770985298.980131240] [point_cloud_assembler]: point_cloud_assembler: range_min=0.000000
[INFO] [1770985298.980147241] [point_cloud_assembler]: point_cloud_assembler: range_max=0.000000
[INFO] [1770985298.980166409] [point_cloud_assembler]: point_cloud_assembler: voxel_size=0.000000m
[INFO] [1770985298.980183018] [point_cloud_assembler]: point_cloud_assembler: noise_radius=0.000000m
[INFO] [1770985298.980205707] [point_cloud_assembler]: point_cloud_assembler: noise_min_neighbors=5
[INFO] [1770985298.980222027] [point_cloud_assembler]: point_cloud_assembler: remove_z=false
[INFO] [1770985298.986755182] [point_cloud_assembler]: 
point_cloud_assembler subscribed to (exact sync):
   /odom_filtered_input_scan,
   /odom
[INFO] [1770985961.394227928] [rclcpp]: signal_handler(signum=2)
