[INFO] [1773310880.316250438] [point_cloud_assembler]: point_cloud_assembler: topic_queue_size=10
[INFO] [1773310880.317602487] [point_cloud_assembler]: point_cloud_assembler: sync_queue_size=10
[INFO] [1773310880.317818847] [point_cloud_assembler]: point_cloud_assembler: qos=0
[INFO] [1773310880.317857728] [point_cloud_assembler]: point_cloud_assembler: qos_odom=0
[INFO] [1773310880.317880769] [point_cloud_assembler]: point_cloud_assembler: fixed_frame_id=
[INFO] [1773310880.317902402] [point_cloud_assembler]: point_cloud_assembler: frame_id=
[INFO] [1773310880.317922179] [point_cloud_assembler]: point_cloud_assembler: max_clouds=10
[INFO] [1773310880.317941411] [point_cloud_assembler]: point_cloud_assembler: assembling_time=0.000000s
[INFO] [1773310880.317968452] [point_cloud_assembler]: point_cloud_assembler: skip_clouds=0
[INFO] [1773310880.318078312] [point_cloud_assembler]: point_cloud_assembler: circular_buffer=false
[INFO] [1773310880.318108457] [point_cloud_assembler]: point_cloud_assembler: linear_update=0.000000 m
[INFO] [1773310880.318133674] [point_cloud_assembler]: point_cloud_assembler: angular_update=0.000000 rad
[INFO] [1773310880.318155115] [point_cloud_assembler]: point_cloud_assembler: wait_for_transform=0.100000
[INFO] [1773310880.318178444] [point_cloud_assembler]: point_cloud_assembler: range_min=0.000000
[INFO] [1773310880.318203853] [point_cloud_assembler]: point_cloud_assembler: range_max=0.000000
[INFO] [1773310880.318225582] [point_cloud_assembler]: point_cloud_assembler: voxel_size=0.000000m
[INFO] [1773310880.318245934] [point_cloud_assembler]: point_cloud_assembler: noise_radius=0.000000m
[INFO] [1773310880.318292240] [point_cloud_assembler]: point_cloud_assembler: noise_min_neighbors=5
[INFO] [1773310880.318317041] [point_cloud_assembler]: point_cloud_assembler: remove_z=false
[INFO] [1773310880.331975618] [point_cloud_assembler]: 
point_cloud_assembler subscribed to (exact sync):
   /odom_filtered_input_scan,
   /odom
[INFO] [1773311716.162086436] [rclcpp]: signal_handler(signum=2)
