[INFO] [1718656372.048802871] [point_cloud_assembler]: point_cloud_assembler: topic_queue_size=10
[INFO] [1718656372.049827804] [point_cloud_assembler]: point_cloud_assembler: sync_queue_size=10
[INFO] [1718656372.049885406] [point_cloud_assembler]: point_cloud_assembler: qos=0
[INFO] [1718656372.049919871] [point_cloud_assembler]: point_cloud_assembler: qos_odom=0
[INFO] [1718656372.049938240] [point_cloud_assembler]: point_cloud_assembler: fixed_frame_id=
[INFO] [1718656372.049960928] [point_cloud_assembler]: point_cloud_assembler: frame_id=
[INFO] [1718656372.049979329] [point_cloud_assembler]: point_cloud_assembler: max_clouds=10
[INFO] [1718656372.050041315] [point_cloud_assembler]: point_cloud_assembler: assembling_time=0.000000s
[INFO] [1718656372.050070724] [point_cloud_assembler]: point_cloud_assembler: skip_clouds=0
[INFO] [1718656372.050099845] [point_cloud_assembler]: point_cloud_assembler: circular_buffer=false
[INFO] [1718656372.050130886] [point_cloud_assembler]: point_cloud_assembler: linear_update=0.000000 m
[INFO] [1718656372.050152263] [point_cloud_assembler]: point_cloud_assembler: angular_update=0.000000 rad
[INFO] [1718656372.050171976] [point_cloud_assembler]: point_cloud_assembler: wait_for_transform=0.100000
[INFO] [1718656372.050194409] [point_cloud_assembler]: point_cloud_assembler: range_min=0.000000
[INFO] [1718656372.050212361] [point_cloud_assembler]: point_cloud_assembler: range_max=0.000000
[INFO] [1718656372.050240522] [point_cloud_assembler]: point_cloud_assembler: voxel_size=0.000000m
[INFO] [1718656372.050257739] [point_cloud_assembler]: point_cloud_assembler: noise_radius=0.000000m
[INFO] [1718656372.050292812] [point_cloud_assembler]: point_cloud_assembler: noise_min_neighbors=5
[INFO] [1718656372.050313037] [point_cloud_assembler]: point_cloud_assembler: remove_z=false
[INFO] [1718656372.057960096] [point_cloud_assembler]: 
point_cloud_assembler subscribed to (exact sync):
   /odom_filtered_input_scan,
   /odom
[INFO] [1718656426.069802922] [rclcpp]: signal_handler(signum=2)
