[INFO] [1771009884.103452631] [point_cloud_assembler]: point_cloud_assembler: topic_queue_size=10
[INFO] [1771009884.104021963] [point_cloud_assembler]: point_cloud_assembler: sync_queue_size=10
[INFO] [1771009884.104063756] [point_cloud_assembler]: point_cloud_assembler: qos=0
[INFO] [1771009884.104085677] [point_cloud_assembler]: point_cloud_assembler: qos_odom=0
[INFO] [1771009884.104104238] [point_cloud_assembler]: point_cloud_assembler: fixed_frame_id=
[INFO] [1771009884.104126862] [point_cloud_assembler]: point_cloud_assembler: frame_id=
[INFO] [1771009884.104144751] [point_cloud_assembler]: point_cloud_assembler: max_clouds=10
[INFO] [1771009884.104161168] [point_cloud_assembler]: point_cloud_assembler: assembling_time=0.000000s
[INFO] [1771009884.104186384] [point_cloud_assembler]: point_cloud_assembler: skip_clouds=0
[INFO] [1771009884.104214001] [point_cloud_assembler]: point_cloud_assembler: circular_buffer=false
[INFO] [1771009884.104232594] [point_cloud_assembler]: point_cloud_assembler: linear_update=0.000000 m
[INFO] [1771009884.104250355] [point_cloud_assembler]: point_cloud_assembler: angular_update=0.000000 rad
[INFO] [1771009884.104267251] [point_cloud_assembler]: point_cloud_assembler: wait_for_transform=0.100000
[INFO] [1771009884.104287988] [point_cloud_assembler]: point_cloud_assembler: range_min=0.000000
[INFO] [1771009884.104305941] [point_cloud_assembler]: point_cloud_assembler: range_max=0.000000
[INFO] [1771009884.104322517] [point_cloud_assembler]: point_cloud_assembler: voxel_size=0.000000m
[INFO] [1771009884.104338966] [point_cloud_assembler]: point_cloud_assembler: noise_radius=0.000000m
[INFO] [1771009884.104371671] [point_cloud_assembler]: point_cloud_assembler: noise_min_neighbors=5
[INFO] [1771009884.104390552] [point_cloud_assembler]: point_cloud_assembler: remove_z=false
[INFO] [1771009884.113231368] [point_cloud_assembler]: 
point_cloud_assembler subscribed to (exact sync):
   /odom_filtered_input_scan,
   /odom
[INFO] [1771012210.765035128] [rclcpp]: signal_handler(signum=2)
