[INFO] [1772803950.891494320] [point_cloud_assembler]: point_cloud_assembler: topic_queue_size=10
[INFO] [1772803950.892259128] [point_cloud_assembler]: point_cloud_assembler: sync_queue_size=10
[INFO] [1772803950.892313883] [point_cloud_assembler]: point_cloud_assembler: qos=0
[INFO] [1772803950.892331740] [point_cloud_assembler]: point_cloud_assembler: qos_odom=0
[INFO] [1772803950.892345181] [point_cloud_assembler]: point_cloud_assembler: fixed_frame_id=
[INFO] [1772803950.892355262] [point_cloud_assembler]: point_cloud_assembler: frame_id=
[INFO] [1772803950.892364286] [point_cloud_assembler]: point_cloud_assembler: max_clouds=10
[INFO] [1772803950.892374047] [point_cloud_assembler]: point_cloud_assembler: assembling_time=0.000000s
[INFO] [1772803950.892392832] [point_cloud_assembler]: point_cloud_assembler: skip_clouds=0
[INFO] [1772803950.892402368] [point_cloud_assembler]: point_cloud_assembler: circular_buffer=false
[INFO] [1772803950.892411521] [point_cloud_assembler]: point_cloud_assembler: linear_update=0.000000 m
[INFO] [1772803950.892421281] [point_cloud_assembler]: point_cloud_assembler: angular_update=0.000000 rad
[INFO] [1772803950.892431010] [point_cloud_assembler]: point_cloud_assembler: wait_for_transform=0.100000
[INFO] [1772803950.892442306] [point_cloud_assembler]: point_cloud_assembler: range_min=0.000000
[INFO] [1772803950.892451747] [point_cloud_assembler]: point_cloud_assembler: range_max=0.000000
[INFO] [1772803950.892461251] [point_cloud_assembler]: point_cloud_assembler: voxel_size=0.000000m
[INFO] [1772803950.892470276] [point_cloud_assembler]: point_cloud_assembler: noise_radius=0.000000m
[INFO] [1772803950.892479524] [point_cloud_assembler]: point_cloud_assembler: noise_min_neighbors=5
[INFO] [1772803950.892496581] [point_cloud_assembler]: point_cloud_assembler: remove_z=false
[INFO] [1772803950.919158335] [point_cloud_assembler]: 
point_cloud_assembler subscribed to (exact sync):
   /odom_filtered_input_scan,
   /odom
[WARN] [1772803955.919357415] [point_cloud_assembler]: point_cloud_assembler: Did not receive data since 5 seconds! Make sure the input topics are published ("$ ros2 topic hz my_topic") and the timestamps in their header are set. 
point_cloud_assembler subscribed to (exact sync):
   /odom_filtered_input_scan,
   /odom
[WARN] [1772803960.919290837] [point_cloud_assembler]: point_cloud_assembler: Did not receive data since 5 seconds! Make sure the input topics are published ("$ ros2 topic hz my_topic") and the timestamps in their header are set. 
point_cloud_assembler subscribed to (exact sync):
   /odom_filtered_input_scan,
   /odom
[INFO] [1772803964.714675730] [rclcpp]: signal_handler(signum=2)
