[INFO] [1771075975.653290122] [point_cloud_assembler]: point_cloud_assembler: topic_queue_size=10
[INFO] [1771075975.654073802] [point_cloud_assembler]: point_cloud_assembler: sync_queue_size=10
[INFO] [1771075975.654123084] [point_cloud_assembler]: point_cloud_assembler: qos=0
[INFO] [1771075975.654144365] [point_cloud_assembler]: point_cloud_assembler: qos_odom=0
[INFO] [1771075975.654161965] [point_cloud_assembler]: point_cloud_assembler: fixed_frame_id=
[INFO] [1771075975.654185262] [point_cloud_assembler]: point_cloud_assembler: frame_id=
[INFO] [1771075975.654203567] [point_cloud_assembler]: point_cloud_assembler: max_clouds=10
[INFO] [1771075975.654219792] [point_cloud_assembler]: point_cloud_assembler: assembling_time=0.000000s
[INFO] [1771075975.654244593] [point_cloud_assembler]: point_cloud_assembler: skip_clouds=0
[INFO] [1771075975.654264049] [point_cloud_assembler]: point_cloud_assembler: circular_buffer=false
[INFO] [1771075975.654280146] [point_cloud_assembler]: point_cloud_assembler: linear_update=0.000000 m
[INFO] [1771075975.654296147] [point_cloud_assembler]: point_cloud_assembler: angular_update=0.000000 rad
[INFO] [1771075975.654311955] [point_cloud_assembler]: point_cloud_assembler: wait_for_transform=0.100000
[INFO] [1771075975.654330868] [point_cloud_assembler]: point_cloud_assembler: range_min=0.000000
[INFO] [1771075975.654347157] [point_cloud_assembler]: point_cloud_assembler: range_max=0.000000
[INFO] [1771075975.654362901] [point_cloud_assembler]: point_cloud_assembler: voxel_size=0.000000m
[INFO] [1771075975.654378390] [point_cloud_assembler]: point_cloud_assembler: noise_radius=0.000000m
[INFO] [1771075975.654400791] [point_cloud_assembler]: point_cloud_assembler: noise_min_neighbors=5
[INFO] [1771075975.654417624] [point_cloud_assembler]: point_cloud_assembler: remove_z=false
[INFO] [1771075975.669825324] [point_cloud_assembler]: 
point_cloud_assembler subscribed to (exact sync):
   /odom_filtered_input_scan,
   /odom
[INFO] [1771076143.515442632] [rclcpp]: signal_handler(signum=2)
