[INFO] [1772803973.838614253] [point_cloud_assembler]: point_cloud_assembler: topic_queue_size=10
[INFO] [1772803973.839074845] [point_cloud_assembler]: point_cloud_assembler: sync_queue_size=10
[INFO] [1772803973.839110686] [point_cloud_assembler]: point_cloud_assembler: qos=0
[INFO] [1772803973.839124287] [point_cloud_assembler]: point_cloud_assembler: qos_odom=0
[INFO] [1772803973.839135007] [point_cloud_assembler]: point_cloud_assembler: fixed_frame_id=
[INFO] [1772803973.839145407] [point_cloud_assembler]: point_cloud_assembler: frame_id=
[INFO] [1772803973.839154752] [point_cloud_assembler]: point_cloud_assembler: max_clouds=10
[INFO] [1772803973.839164512] [point_cloud_assembler]: point_cloud_assembler: assembling_time=0.000000s
[INFO] [1772803973.839182561] [point_cloud_assembler]: point_cloud_assembler: skip_clouds=0
[INFO] [1772803973.839192737] [point_cloud_assembler]: point_cloud_assembler: circular_buffer=false
[INFO] [1772803973.839202145] [point_cloud_assembler]: point_cloud_assembler: linear_update=0.000000 m
[INFO] [1772803973.839212322] [point_cloud_assembler]: point_cloud_assembler: angular_update=0.000000 rad
[INFO] [1772803973.839222722] [point_cloud_assembler]: point_cloud_assembler: wait_for_transform=0.100000
[INFO] [1772803973.839235523] [point_cloud_assembler]: point_cloud_assembler: range_min=0.000000
[INFO] [1772803973.839245571] [point_cloud_assembler]: point_cloud_assembler: range_max=0.000000
[INFO] [1772803973.839255587] [point_cloud_assembler]: point_cloud_assembler: voxel_size=0.000000m
[INFO] [1772803973.839265540] [point_cloud_assembler]: point_cloud_assembler: noise_radius=0.000000m
[INFO] [1772803973.839275652] [point_cloud_assembler]: point_cloud_assembler: noise_min_neighbors=5
[INFO] [1772803973.839284484] [point_cloud_assembler]: point_cloud_assembler: remove_z=false
[INFO] [1772803973.864042336] [point_cloud_assembler]: 
point_cloud_assembler subscribed to (exact sync):
   /odom_filtered_input_scan,
   /odom
[INFO] [1772803978.557067762] [rclcpp]: signal_handler(signum=2)
