[INFO] [1772804146.782237706] [point_cloud_assembler]: point_cloud_assembler: topic_queue_size=10
[INFO] [1772804146.785331332] [point_cloud_assembler]: point_cloud_assembler: sync_queue_size=10
[INFO] [1772804146.788849936] [point_cloud_assembler]: point_cloud_assembler: qos=0
[INFO] [1772804146.788907891] [point_cloud_assembler]: point_cloud_assembler: qos_odom=0
[INFO] [1772804146.788927955] [point_cloud_assembler]: point_cloud_assembler: fixed_frame_id=
[INFO] [1772804146.788952756] [point_cloud_assembler]: point_cloud_assembler: frame_id=
[INFO] [1772804146.788966549] [point_cloud_assembler]: point_cloud_assembler: max_clouds=10
[INFO] [1772804146.789862713] [point_cloud_assembler]: point_cloud_assembler: assembling_time=0.000000s
[INFO] [1772804146.790498354] [point_cloud_assembler]: point_cloud_assembler: skip_clouds=0
[INFO] [1772804146.790574133] [point_cloud_assembler]: point_cloud_assembler: circular_buffer=false
[INFO] [1772804146.790598870] [point_cloud_assembler]: point_cloud_assembler: linear_update=0.000000 m
[INFO] [1772804146.790619031] [point_cloud_assembler]: point_cloud_assembler: angular_update=0.000000 rad
[INFO] [1772804146.790632503] [point_cloud_assembler]: point_cloud_assembler: wait_for_transform=0.100000
[INFO] [1772804146.790647256] [point_cloud_assembler]: point_cloud_assembler: range_min=0.000000
[INFO] [1772804146.790658808] [point_cloud_assembler]: point_cloud_assembler: range_max=0.000000
[INFO] [1772804146.790669465] [point_cloud_assembler]: point_cloud_assembler: voxel_size=0.000000m
[INFO] [1772804146.790680217] [point_cloud_assembler]: point_cloud_assembler: noise_radius=0.000000m
[INFO] [1772804146.790699482] [point_cloud_assembler]: point_cloud_assembler: noise_min_neighbors=5
[INFO] [1772804146.790711354] [point_cloud_assembler]: point_cloud_assembler: remove_z=false
[INFO] [1772804146.804604130] [point_cloud_assembler]: 
point_cloud_assembler subscribed to (exact sync):
   /odom_filtered_input_scan,
   /odom
[INFO] [1772805645.769961188] [rclcpp]: signal_handler(signum=2)
