[INFO] [1771083843.351421087] [point_cloud_assembler]: point_cloud_assembler: topic_queue_size=10
[INFO] [1771083843.356644149] [point_cloud_assembler]: point_cloud_assembler: sync_queue_size=10
[INFO] [1771083843.361075504] [point_cloud_assembler]: point_cloud_assembler: qos=0
[INFO] [1771083843.369830721] [point_cloud_assembler]: point_cloud_assembler: qos_odom=0
[INFO] [1771083843.373344156] [point_cloud_assembler]: point_cloud_assembler: fixed_frame_id=
[INFO] [1771083843.373414494] [point_cloud_assembler]: point_cloud_assembler: frame_id=
[INFO] [1771083843.373437631] [point_cloud_assembler]: point_cloud_assembler: max_clouds=10
[INFO] [1771083843.373461216] [point_cloud_assembler]: point_cloud_assembler: assembling_time=0.000000s
[INFO] [1771083843.373487713] [point_cloud_assembler]: point_cloud_assembler: skip_clouds=0
[INFO] [1771083843.373511010] [point_cloud_assembler]: point_cloud_assembler: circular_buffer=false
[INFO] [1771083843.373528674] [point_cloud_assembler]: point_cloud_assembler: linear_update=0.000000 m
[INFO] [1771083843.373546659] [point_cloud_assembler]: point_cloud_assembler: angular_update=0.000000 rad
[INFO] [1771083843.373564035] [point_cloud_assembler]: point_cloud_assembler: wait_for_transform=0.100000
[INFO] [1771083843.373584516] [point_cloud_assembler]: point_cloud_assembler: range_min=0.000000
[INFO] [1771083843.373601669] [point_cloud_assembler]: point_cloud_assembler: range_max=0.000000
[INFO] [1771083843.373617957] [point_cloud_assembler]: point_cloud_assembler: voxel_size=0.000000m
[INFO] [1771083843.373634054] [point_cloud_assembler]: point_cloud_assembler: noise_radius=0.000000m
[INFO] [1771083843.373656679] [point_cloud_assembler]: point_cloud_assembler: noise_min_neighbors=5
[INFO] [1771083843.373673159] [point_cloud_assembler]: point_cloud_assembler: remove_z=false
[INFO] [1771083843.389495823] [point_cloud_assembler]: 
point_cloud_assembler subscribed to (exact sync):
   /odom_filtered_input_scan,
   /odom
[INFO] [1771083860.571039920] [rclcpp]: signal_handler(signum=2)
