[INFO] [1770982624.530126001] [point_cloud_assembler]: point_cloud_assembler: topic_queue_size=10
[INFO] [1770982624.530678851] [point_cloud_assembler]: point_cloud_assembler: sync_queue_size=10
[INFO] [1770982624.530717924] [point_cloud_assembler]: point_cloud_assembler: qos=0
[INFO] [1770982624.530811975] [point_cloud_assembler]: point_cloud_assembler: qos_odom=0
[INFO] [1770982624.530844777] [point_cloud_assembler]: point_cloud_assembler: fixed_frame_id=
[INFO] [1770982624.530877322] [point_cloud_assembler]: point_cloud_assembler: frame_id=
[INFO] [1770982624.530899978] [point_cloud_assembler]: point_cloud_assembler: max_clouds=10
[INFO] [1770982624.530913515] [point_cloud_assembler]: point_cloud_assembler: assembling_time=0.000000s
[INFO] [1770982624.530933163] [point_cloud_assembler]: point_cloud_assembler: skip_clouds=0
[INFO] [1770982624.530948364] [point_cloud_assembler]: point_cloud_assembler: circular_buffer=false
[INFO] [1770982624.530960588] [point_cloud_assembler]: point_cloud_assembler: linear_update=0.000000 m
[INFO] [1770982624.530973037] [point_cloud_assembler]: point_cloud_assembler: angular_update=0.000000 rad
[INFO] [1770982624.530984397] [point_cloud_assembler]: point_cloud_assembler: wait_for_transform=0.100000
[INFO] [1770982624.530998062] [point_cloud_assembler]: point_cloud_assembler: range_min=0.000000
[INFO] [1770982624.531008622] [point_cloud_assembler]: point_cloud_assembler: range_max=0.000000
[INFO] [1770982624.531018894] [point_cloud_assembler]: point_cloud_assembler: voxel_size=0.000000m
[INFO] [1770982624.531029423] [point_cloud_assembler]: point_cloud_assembler: noise_radius=0.000000m
[INFO] [1770982624.531046575] [point_cloud_assembler]: point_cloud_assembler: noise_min_neighbors=5
[INFO] [1770982624.531059664] [point_cloud_assembler]: point_cloud_assembler: remove_z=false
[INFO] [1770982624.534976114] [point_cloud_assembler]: 
point_cloud_assembler subscribed to (exact sync):
   /odom_filtered_input_scan,
   /odom
[INFO] [1770983622.783034151] [rclcpp]: signal_handler(signum=2)
