[INFO] [1770984079.720449159] [point_cloud_assembler]: point_cloud_assembler: topic_queue_size=10
[INFO] [1770984079.721004826] [point_cloud_assembler]: point_cloud_assembler: sync_queue_size=10
[INFO] [1770984079.721040987] [point_cloud_assembler]: point_cloud_assembler: qos=0
[INFO] [1770984079.721062715] [point_cloud_assembler]: point_cloud_assembler: qos_odom=0
[INFO] [1770984079.721082716] [point_cloud_assembler]: point_cloud_assembler: fixed_frame_id=
[INFO] [1770984079.721107741] [point_cloud_assembler]: point_cloud_assembler: frame_id=
[INFO] [1770984079.721129086] [point_cloud_assembler]: point_cloud_assembler: max_clouds=10
[INFO] [1770984079.721148606] [point_cloud_assembler]: point_cloud_assembler: assembling_time=0.000000s
[INFO] [1770984079.721177343] [point_cloud_assembler]: point_cloud_assembler: skip_clouds=0
[INFO] [1770984079.721202496] [point_cloud_assembler]: point_cloud_assembler: circular_buffer=false
[INFO] [1770984079.721223841] [point_cloud_assembler]: point_cloud_assembler: linear_update=0.000000 m
[INFO] [1770984079.721246337] [point_cloud_assembler]: point_cloud_assembler: angular_update=0.000000 rad
[INFO] [1770984079.721268034] [point_cloud_assembler]: point_cloud_assembler: wait_for_transform=0.100000
[INFO] [1770984079.721291363] [point_cloud_assembler]: point_cloud_assembler: range_min=0.000000
[INFO] [1770984079.721313380] [point_cloud_assembler]: point_cloud_assembler: range_max=0.000000
[INFO] [1770984079.721334980] [point_cloud_assembler]: point_cloud_assembler: voxel_size=0.000000m
[INFO] [1770984079.721356517] [point_cloud_assembler]: point_cloud_assembler: noise_radius=0.000000m
[INFO] [1770984079.721386342] [point_cloud_assembler]: point_cloud_assembler: noise_min_neighbors=5
[INFO] [1770984079.721408359] [point_cloud_assembler]: point_cloud_assembler: remove_z=false
[INFO] [1770984079.725335655] [point_cloud_assembler]: 
point_cloud_assembler subscribed to (exact sync):
   /odom_filtered_input_scan,
   /odom
[INFO] [1770984282.384151672] [rclcpp]: signal_handler(signum=2)
