[INFO] [1773308101.579872472] [point_cloud_assembler]: point_cloud_assembler: topic_queue_size=10
[INFO] [1773308101.582166746] [point_cloud_assembler]: point_cloud_assembler: sync_queue_size=10
[INFO] [1773308101.583598019] [point_cloud_assembler]: point_cloud_assembler: qos=0
[INFO] [1773308101.583636580] [point_cloud_assembler]: point_cloud_assembler: qos_odom=0
[INFO] [1773308101.583656996] [point_cloud_assembler]: point_cloud_assembler: fixed_frame_id=
[INFO] [1773308101.583687749] [point_cloud_assembler]: point_cloud_assembler: frame_id=
[INFO] [1773308101.583702438] [point_cloud_assembler]: point_cloud_assembler: max_clouds=10
[INFO] [1773308101.583714790] [point_cloud_assembler]: point_cloud_assembler: assembling_time=0.000000s
[INFO] [1773308101.583734087] [point_cloud_assembler]: point_cloud_assembler: skip_clouds=0
[INFO] [1773308101.583747015] [point_cloud_assembler]: point_cloud_assembler: circular_buffer=false
[INFO] [1773308101.583759079] [point_cloud_assembler]: point_cloud_assembler: linear_update=0.000000 m
[INFO] [1773308101.583770440] [point_cloud_assembler]: point_cloud_assembler: angular_update=0.000000 rad
[INFO] [1773308101.583781704] [point_cloud_assembler]: point_cloud_assembler: wait_for_transform=0.100000
[INFO] [1773308101.583796840] [point_cloud_assembler]: point_cloud_assembler: range_min=0.000000
[INFO] [1773308101.583808681] [point_cloud_assembler]: point_cloud_assembler: range_max=0.000000
[INFO] [1773308101.583819977] [point_cloud_assembler]: point_cloud_assembler: voxel_size=0.000000m
[INFO] [1773308101.583831209] [point_cloud_assembler]: point_cloud_assembler: noise_radius=0.000000m
[INFO] [1773308101.583858730] [point_cloud_assembler]: point_cloud_assembler: noise_min_neighbors=5
[INFO] [1773308101.583870923] [point_cloud_assembler]: point_cloud_assembler: remove_z=false
[INFO] [1773308101.590596747] [point_cloud_assembler]: 
point_cloud_assembler subscribed to (exact sync):
   /odom_filtered_input_scan,
   /odom
[WARN] [1773308106.590798414] [point_cloud_assembler]: point_cloud_assembler: Did not receive data since 5 seconds! Make sure the input topics are published ("$ ros2 topic hz my_topic") and the timestamps in their header are set. 
point_cloud_assembler subscribed to (exact sync):
   /odom_filtered_input_scan,
   /odom
[WARN] [1773308111.590768778] [point_cloud_assembler]: point_cloud_assembler: Did not receive data since 5 seconds! Make sure the input topics are published ("$ ros2 topic hz my_topic") and the timestamps in their header are set. 
point_cloud_assembler subscribed to (exact sync):
   /odom_filtered_input_scan,
   /odom
[INFO] [1773308116.140082250] [rclcpp]: signal_handler(signum=2)
