[INFO] [1771081858.780020215] [point_cloud_assembler]: point_cloud_assembler: topic_queue_size=10
[INFO] [1771081858.780644814] [point_cloud_assembler]: point_cloud_assembler: sync_queue_size=10
[INFO] [1771081858.780687504] [point_cloud_assembler]: point_cloud_assembler: qos=0
[INFO] [1771081858.780706801] [point_cloud_assembler]: point_cloud_assembler: qos_odom=0
[INFO] [1771081858.780775027] [point_cloud_assembler]: point_cloud_assembler: fixed_frame_id=
[INFO] [1771081858.780813493] [point_cloud_assembler]: point_cloud_assembler: frame_id=
[INFO] [1771081858.780831189] [point_cloud_assembler]: point_cloud_assembler: max_clouds=10
[INFO] [1771081858.780842934] [point_cloud_assembler]: point_cloud_assembler: assembling_time=0.000000s
[INFO] [1771081858.780858742] [point_cloud_assembler]: point_cloud_assembler: skip_clouds=0
[INFO] [1771081858.780873751] [point_cloud_assembler]: point_cloud_assembler: circular_buffer=false
[INFO] [1771081858.780885783] [point_cloud_assembler]: point_cloud_assembler: linear_update=0.000000 m
[INFO] [1771081858.780897368] [point_cloud_assembler]: point_cloud_assembler: angular_update=0.000000 rad
[INFO] [1771081858.780908824] [point_cloud_assembler]: point_cloud_assembler: wait_for_transform=0.100000
[INFO] [1771081858.780921593] [point_cloud_assembler]: point_cloud_assembler: range_min=0.000000
[INFO] [1771081858.780932921] [point_cloud_assembler]: point_cloud_assembler: range_max=0.000000
[INFO] [1771081858.780943321] [point_cloud_assembler]: point_cloud_assembler: voxel_size=0.000000m
[INFO] [1771081858.780954010] [point_cloud_assembler]: point_cloud_assembler: noise_radius=0.000000m
[INFO] [1771081858.780977371] [point_cloud_assembler]: point_cloud_assembler: noise_min_neighbors=5
[INFO] [1771081858.780988859] [point_cloud_assembler]: point_cloud_assembler: remove_z=false
[INFO] [1771081858.785549798] [point_cloud_assembler]: 
point_cloud_assembler subscribed to (exact sync):
   /odom_filtered_input_scan,
   /odom
[INFO] [1771082904.770061286] [rclcpp]: signal_handler(signum=2)
