[INFO] [1773308118.762761622] [point_cloud_assembler]: point_cloud_assembler: topic_queue_size=10
[INFO] [1773308118.763366760] [point_cloud_assembler]: point_cloud_assembler: sync_queue_size=10
[INFO] [1773308118.763402761] [point_cloud_assembler]: point_cloud_assembler: qos=0
[INFO] [1773308118.763421193] [point_cloud_assembler]: point_cloud_assembler: qos_odom=0
[INFO] [1773308118.763438058] [point_cloud_assembler]: point_cloud_assembler: fixed_frame_id=
[INFO] [1773308118.763458442] [point_cloud_assembler]: point_cloud_assembler: frame_id=
[INFO] [1773308118.763474987] [point_cloud_assembler]: point_cloud_assembler: max_clouds=10
[INFO] [1773308118.763490283] [point_cloud_assembler]: point_cloud_assembler: assembling_time=0.000000s
[INFO] [1773308118.763513036] [point_cloud_assembler]: point_cloud_assembler: skip_clouds=0
[INFO] [1773308118.763529292] [point_cloud_assembler]: point_cloud_assembler: circular_buffer=false
[INFO] [1773308118.763541197] [point_cloud_assembler]: point_cloud_assembler: linear_update=0.000000 m
[INFO] [1773308118.763553357] [point_cloud_assembler]: point_cloud_assembler: angular_update=0.000000 rad
[INFO] [1773308118.763564557] [point_cloud_assembler]: point_cloud_assembler: wait_for_transform=0.100000
[INFO] [1773308118.763578606] [point_cloud_assembler]: point_cloud_assembler: range_min=0.000000
[INFO] [1773308118.763589998] [point_cloud_assembler]: point_cloud_assembler: range_max=0.000000
[INFO] [1773308118.763600335] [point_cloud_assembler]: point_cloud_assembler: voxel_size=0.000000m
[INFO] [1773308118.763611087] [point_cloud_assembler]: point_cloud_assembler: noise_radius=0.000000m
[INFO] [1773308118.763643120] [point_cloud_assembler]: point_cloud_assembler: noise_min_neighbors=5
[INFO] [1773308118.763655792] [point_cloud_assembler]: point_cloud_assembler: remove_z=false
[INFO] [1773308118.787407385] [point_cloud_assembler]: 
point_cloud_assembler subscribed to (exact sync):
   /odom_filtered_input_scan,
   /odom
[WARN] [1773308123.789286380] [point_cloud_assembler]: point_cloud_assembler: Did not receive data since 5 seconds! Make sure the input topics are published ("$ ros2 topic hz my_topic") and the timestamps in their header are set. 
point_cloud_assembler subscribed to (exact sync):
   /odom_filtered_input_scan,
   /odom
[INFO] [1773308125.724560672] [rclcpp]: signal_handler(signum=2)
