[INFO] [1771005914.646935161] [point_cloud_assembler]: point_cloud_assembler: topic_queue_size=10
[INFO] [1771005914.647784469] [point_cloud_assembler]: point_cloud_assembler: sync_queue_size=10
[INFO] [1771005914.647850328] [point_cloud_assembler]: point_cloud_assembler: qos=0
[INFO] [1771005914.647875288] [point_cloud_assembler]: point_cloud_assembler: qos_odom=0
[INFO] [1771005914.647897401] [point_cloud_assembler]: point_cloud_assembler: fixed_frame_id=
[INFO] [1771005914.647977884] [point_cloud_assembler]: point_cloud_assembler: frame_id=
[INFO] [1771005914.648003645] [point_cloud_assembler]: point_cloud_assembler: max_clouds=10
[INFO] [1771005914.648025789] [point_cloud_assembler]: point_cloud_assembler: assembling_time=0.000000s
[INFO] [1771005914.648085119] [point_cloud_assembler]: point_cloud_assembler: skip_clouds=0
[INFO] [1771005914.648116736] [point_cloud_assembler]: point_cloud_assembler: circular_buffer=false
[INFO] [1771005914.648180930] [point_cloud_assembler]: point_cloud_assembler: linear_update=0.000000 m
[INFO] [1771005914.648214212] [point_cloud_assembler]: point_cloud_assembler: angular_update=0.000000 rad
[INFO] [1771005914.648240356] [point_cloud_assembler]: point_cloud_assembler: wait_for_transform=0.100000
[INFO] [1771005914.648274405] [point_cloud_assembler]: point_cloud_assembler: range_min=0.000000
[INFO] [1771005914.648298182] [point_cloud_assembler]: point_cloud_assembler: range_max=0.000000
[INFO] [1771005914.648318631] [point_cloud_assembler]: point_cloud_assembler: voxel_size=0.000000m
[INFO] [1771005914.648338600] [point_cloud_assembler]: point_cloud_assembler: noise_radius=0.000000m
[INFO] [1771005914.648410634] [point_cloud_assembler]: point_cloud_assembler: noise_min_neighbors=5
[INFO] [1771005914.648442763] [point_cloud_assembler]: point_cloud_assembler: remove_z=false
[INFO] [1771005914.658455572] [point_cloud_assembler]: 
point_cloud_assembler subscribed to (exact sync):
   /odom_filtered_input_scan,
   /odom
[INFO] [1771006926.797985980] [rclcpp]: signal_handler(signum=2)
