[INFO] [1718656386.810341061] [point_cloud_assembler]: point_cloud_assembler: topic_queue_size=10
[INFO] [1718656386.810861208] [point_cloud_assembler]: point_cloud_assembler: sync_queue_size=10
[INFO] [1718656386.810897337] [point_cloud_assembler]: point_cloud_assembler: qos=0
[INFO] [1718656386.810911930] [point_cloud_assembler]: point_cloud_assembler: qos_odom=0
[INFO] [1718656386.811172259] [point_cloud_assembler]: point_cloud_assembler: fixed_frame_id=
[INFO] [1718656386.811190788] [point_cloud_assembler]: point_cloud_assembler: frame_id=
[INFO] [1718656386.811203973] [point_cloud_assembler]: point_cloud_assembler: max_clouds=10
[INFO] [1718656386.811214597] [point_cloud_assembler]: point_cloud_assembler: assembling_time=0.000000s
[INFO] [1718656386.811232902] [point_cloud_assembler]: point_cloud_assembler: skip_clouds=0
[INFO] [1718656386.811243622] [point_cloud_assembler]: point_cloud_assembler: circular_buffer=false
[INFO] [1718656386.811252934] [point_cloud_assembler]: point_cloud_assembler: linear_update=0.000000 m
[INFO] [1718656386.811263303] [point_cloud_assembler]: point_cloud_assembler: angular_update=0.000000 rad
[INFO] [1718656386.811273223] [point_cloud_assembler]: point_cloud_assembler: wait_for_transform=0.100000
[INFO] [1718656386.811285128] [point_cloud_assembler]: point_cloud_assembler: range_min=0.000000
[INFO] [1718656386.811295080] [point_cloud_assembler]: point_cloud_assembler: range_max=0.000000
[INFO] [1718656386.811304840] [point_cloud_assembler]: point_cloud_assembler: voxel_size=0.000000m
[INFO] [1718656386.811314953] [point_cloud_assembler]: point_cloud_assembler: noise_radius=0.000000m
[INFO] [1718656386.811324457] [point_cloud_assembler]: point_cloud_assembler: noise_min_neighbors=5
[INFO] [1718656386.811333545] [point_cloud_assembler]: point_cloud_assembler: remove_z=false
[INFO] [1718656386.842184538] [point_cloud_assembler]: 
point_cloud_assembler subscribed to (exact sync):
   /odom_filtered_input_scan,
   /odom
[WARN] [1718656391.842388043] [point_cloud_assembler]: point_cloud_assembler: Did not receive data since 5 seconds! Make sure the input topics are published ("$ ros2 topic hz my_topic") and the timestamps in their header are set. 
point_cloud_assembler subscribed to (exact sync):
   /odom_filtered_input_scan,
   /odom
[INFO] [1718656394.868802040] [rclcpp]: signal_handler(signum=2)
