[INFO] [1772813443.518464299] [point_cloud_assembler]: point_cloud_assembler: topic_queue_size=10
[INFO] [1772813443.521397143] [point_cloud_assembler]: point_cloud_assembler: sync_queue_size=10
[INFO] [1772813443.523819441] [point_cloud_assembler]: point_cloud_assembler: qos=0
[INFO] [1772813443.525658164] [point_cloud_assembler]: point_cloud_assembler: qos_odom=0
[INFO] [1772813443.527054824] [point_cloud_assembler]: point_cloud_assembler: fixed_frame_id=
[INFO] [1772813443.528592640] [point_cloud_assembler]: point_cloud_assembler: frame_id=
[INFO] [1772813443.528634306] [point_cloud_assembler]: point_cloud_assembler: max_clouds=10
[INFO] [1772813443.528655107] [point_cloud_assembler]: point_cloud_assembler: assembling_time=0.000000s
[INFO] [1772813443.528679780] [point_cloud_assembler]: point_cloud_assembler: skip_clouds=0
[INFO] [1772813443.528705125] [point_cloud_assembler]: point_cloud_assembler: circular_buffer=false
[INFO] [1772813443.528718917] [point_cloud_assembler]: point_cloud_assembler: linear_update=0.000000 m
[INFO] [1772813443.528732262] [point_cloud_assembler]: point_cloud_assembler: angular_update=0.000000 rad
[INFO] [1772813443.528744774] [point_cloud_assembler]: point_cloud_assembler: wait_for_transform=0.100000
[INFO] [1772813443.528758535] [point_cloud_assembler]: point_cloud_assembler: range_min=0.000000
[INFO] [1772813443.528769447] [point_cloud_assembler]: point_cloud_assembler: range_max=0.000000
[INFO] [1772813443.528780487] [point_cloud_assembler]: point_cloud_assembler: voxel_size=0.000000m
[INFO] [1772813443.528791304] [point_cloud_assembler]: point_cloud_assembler: noise_radius=0.000000m
[INFO] [1772813443.528813449] [point_cloud_assembler]: point_cloud_assembler: noise_min_neighbors=5
[INFO] [1772813443.528826473] [point_cloud_assembler]: point_cloud_assembler: remove_z=false
[INFO] [1772813443.537029719] [point_cloud_assembler]: 
point_cloud_assembler subscribed to (exact sync):
   /odom_filtered_input_scan,
   /odom
[INFO] [1772813834.094908566] [rclcpp]: signal_handler(signum=2)
