[INFO] [1771071198.662588445] [point_cloud_assembler]: point_cloud_assembler: topic_queue_size=10
[INFO] [1771071198.665079017] [point_cloud_assembler]: point_cloud_assembler: sync_queue_size=10
[INFO] [1771071198.665129611] [point_cloud_assembler]: point_cloud_assembler: qos=0
[INFO] [1771071198.665151500] [point_cloud_assembler]: point_cloud_assembler: qos_odom=0
[INFO] [1771071198.665168524] [point_cloud_assembler]: point_cloud_assembler: fixed_frame_id=
[INFO] [1771071198.665196685] [point_cloud_assembler]: point_cloud_assembler: frame_id=
[INFO] [1771071198.665215501] [point_cloud_assembler]: point_cloud_assembler: max_clouds=10
[INFO] [1771071198.665232174] [point_cloud_assembler]: point_cloud_assembler: assembling_time=0.000000s
[INFO] [1771071198.665256399] [point_cloud_assembler]: point_cloud_assembler: skip_clouds=0
[INFO] [1771071198.665278447] [point_cloud_assembler]: point_cloud_assembler: circular_buffer=false
[INFO] [1771071198.665296624] [point_cloud_assembler]: point_cloud_assembler: linear_update=0.000000 m
[INFO] [1771071198.665315665] [point_cloud_assembler]: point_cloud_assembler: angular_update=0.000000 rad
[INFO] [1771071198.665333713] [point_cloud_assembler]: point_cloud_assembler: wait_for_transform=0.100000
[INFO] [1771071198.665353586] [point_cloud_assembler]: point_cloud_assembler: range_min=0.000000
[INFO] [1771071198.665371442] [point_cloud_assembler]: point_cloud_assembler: range_max=0.000000
[INFO] [1771071198.665388531] [point_cloud_assembler]: point_cloud_assembler: voxel_size=0.000000m
[INFO] [1771071198.665405395] [point_cloud_assembler]: point_cloud_assembler: noise_radius=0.000000m
[INFO] [1771071198.665428948] [point_cloud_assembler]: point_cloud_assembler: noise_min_neighbors=5
[INFO] [1771071198.665446517] [point_cloud_assembler]: point_cloud_assembler: remove_z=false
[INFO] [1771071198.671087298] [point_cloud_assembler]: 
point_cloud_assembler subscribed to (exact sync):
   /odom_filtered_input_scan,
   /odom
[INFO] [1771072724.720307763] [rclcpp]: signal_handler(signum=2)
