[INFO] [1771002878.681338006] [point_cloud_assembler]: point_cloud_assembler: topic_queue_size=10
[INFO] [1771002878.683290518] [point_cloud_assembler]: point_cloud_assembler: sync_queue_size=10
[INFO] [1771002878.684256181] [point_cloud_assembler]: point_cloud_assembler: qos=0
[INFO] [1771002878.684958284] [point_cloud_assembler]: point_cloud_assembler: qos_odom=0
[INFO] [1771002878.685614785] [point_cloud_assembler]: point_cloud_assembler: fixed_frame_id=
[INFO] [1771002878.686250518] [point_cloud_assembler]: point_cloud_assembler: frame_id=
[INFO] [1771002878.686873290] [point_cloud_assembler]: point_cloud_assembler: max_clouds=10
[INFO] [1771002878.687472446] [point_cloud_assembler]: point_cloud_assembler: assembling_time=0.000000s
[INFO] [1771002878.687513919] [point_cloud_assembler]: point_cloud_assembler: skip_clouds=0
[INFO] [1771002878.687530656] [point_cloud_assembler]: point_cloud_assembler: circular_buffer=false
[INFO] [1771002878.687566305] [point_cloud_assembler]: point_cloud_assembler: linear_update=0.000000 m
[INFO] [1771002878.687580866] [point_cloud_assembler]: point_cloud_assembler: angular_update=0.000000 rad
[INFO] [1771002878.687591426] [point_cloud_assembler]: point_cloud_assembler: wait_for_transform=0.100000
[INFO] [1771002878.687603650] [point_cloud_assembler]: point_cloud_assembler: range_min=0.000000
[INFO] [1771002878.687613667] [point_cloud_assembler]: point_cloud_assembler: range_max=0.000000
[INFO] [1771002878.687622883] [point_cloud_assembler]: point_cloud_assembler: voxel_size=0.000000m
[INFO] [1771002878.687632419] [point_cloud_assembler]: point_cloud_assembler: noise_radius=0.000000m
[INFO] [1771002878.687641732] [point_cloud_assembler]: point_cloud_assembler: noise_min_neighbors=5
[INFO] [1771002878.687650660] [point_cloud_assembler]: point_cloud_assembler: remove_z=false
[INFO] [1771002878.704996538] [point_cloud_assembler]: 
point_cloud_assembler subscribed to (exact sync):
   /odom_filtered_input_scan,
   /odom
[INFO] [1771002880.065717802] [rclcpp]: signal_handler(signum=2)
