[INFO] [1771081717.758077408] [point_cloud_assembler]: point_cloud_assembler: topic_queue_size=10
[INFO] [1771081717.758555954] [point_cloud_assembler]: point_cloud_assembler: sync_queue_size=10
[INFO] [1771081717.758587955] [point_cloud_assembler]: point_cloud_assembler: qos=0
[INFO] [1771081717.758605012] [point_cloud_assembler]: point_cloud_assembler: qos_odom=0
[INFO] [1771081717.758618900] [point_cloud_assembler]: point_cloud_assembler: fixed_frame_id=
[INFO] [1771081717.758632149] [point_cloud_assembler]: point_cloud_assembler: frame_id=
[INFO] [1771081717.758648629] [point_cloud_assembler]: point_cloud_assembler: max_clouds=10
[INFO] [1771081717.758662294] [point_cloud_assembler]: point_cloud_assembler: assembling_time=0.000000s
[INFO] [1771081717.758684311] [point_cloud_assembler]: point_cloud_assembler: skip_clouds=0
[INFO] [1771081717.758696695] [point_cloud_assembler]: point_cloud_assembler: circular_buffer=false
[INFO] [1771081717.758708215] [point_cloud_assembler]: point_cloud_assembler: linear_update=0.000000 m
[INFO] [1771081717.758721272] [point_cloud_assembler]: point_cloud_assembler: angular_update=0.000000 rad
[INFO] [1771081717.758734456] [point_cloud_assembler]: point_cloud_assembler: wait_for_transform=0.100000
[INFO] [1771081717.758749561] [point_cloud_assembler]: point_cloud_assembler: range_min=0.000000
[INFO] [1771081717.758762681] [point_cloud_assembler]: point_cloud_assembler: range_max=0.000000
[INFO] [1771081717.758775002] [point_cloud_assembler]: point_cloud_assembler: voxel_size=0.000000m
[INFO] [1771081717.758787546] [point_cloud_assembler]: point_cloud_assembler: noise_radius=0.000000m
[INFO] [1771081717.758800027] [point_cloud_assembler]: point_cloud_assembler: noise_min_neighbors=5
[INFO] [1771081717.758811579] [point_cloud_assembler]: point_cloud_assembler: remove_z=false
[INFO] [1771081717.775335799] [point_cloud_assembler]: 
point_cloud_assembler subscribed to (exact sync):
   /odom_filtered_input_scan,
   /odom
[WARN] [1771081722.777391241] [point_cloud_assembler]: point_cloud_assembler: Did not receive data since 5 seconds! Make sure the input topics are published ("$ ros2 topic hz my_topic") and the timestamps in their header are set. 
point_cloud_assembler subscribed to (exact sync):
   /odom_filtered_input_scan,
   /odom
[INFO] [1771081722.780730787] [rclcpp]: signal_handler(signum=2)
