[INFO] [1772805679.696354402] [point_cloud_assembler]: point_cloud_assembler: topic_queue_size=10
[INFO] [1772805679.697050203] [point_cloud_assembler]: point_cloud_assembler: sync_queue_size=10
[INFO] [1772805679.697092124] [point_cloud_assembler]: point_cloud_assembler: qos=0
[INFO] [1772805679.697113213] [point_cloud_assembler]: point_cloud_assembler: qos_odom=0
[INFO] [1772805679.697129629] [point_cloud_assembler]: point_cloud_assembler: fixed_frame_id=
[INFO] [1772805679.697143710] [point_cloud_assembler]: point_cloud_assembler: frame_id=
[INFO] [1772805679.697155102] [point_cloud_assembler]: point_cloud_assembler: max_clouds=10
[INFO] [1772805679.697177727] [point_cloud_assembler]: point_cloud_assembler: assembling_time=0.000000s
[INFO] [1772805679.697197824] [point_cloud_assembler]: point_cloud_assembler: skip_clouds=0
[INFO] [1772805679.697212640] [point_cloud_assembler]: point_cloud_assembler: circular_buffer=false
[INFO] [1772805679.697224545] [point_cloud_assembler]: point_cloud_assembler: linear_update=0.000000 m
[INFO] [1772805679.697236033] [point_cloud_assembler]: point_cloud_assembler: angular_update=0.000000 rad
[INFO] [1772805679.697247842] [point_cloud_assembler]: point_cloud_assembler: wait_for_transform=0.100000
[INFO] [1772805679.697262050] [point_cloud_assembler]: point_cloud_assembler: range_min=0.000000
[INFO] [1772805679.697272995] [point_cloud_assembler]: point_cloud_assembler: range_max=0.000000
[INFO] [1772805679.697283587] [point_cloud_assembler]: point_cloud_assembler: voxel_size=0.000000m
[INFO] [1772805679.697294275] [point_cloud_assembler]: point_cloud_assembler: noise_radius=0.000000m
[INFO] [1772805679.697322756] [point_cloud_assembler]: point_cloud_assembler: noise_min_neighbors=5
[INFO] [1772805679.697335077] [point_cloud_assembler]: point_cloud_assembler: remove_z=false
[INFO] [1772805679.710518332] [point_cloud_assembler]: 
point_cloud_assembler subscribed to (exact sync):
   /odom_filtered_input_scan,
   /odom
[INFO] [1772805685.412914301] [rclcpp]: signal_handler(signum=2)
