[INFO] [1772805698.459512718] [point_cloud_assembler]: point_cloud_assembler: topic_queue_size=10
[INFO] [1772805698.460345100] [point_cloud_assembler]: point_cloud_assembler: sync_queue_size=10
[INFO] [1772805698.462000615] [point_cloud_assembler]: point_cloud_assembler: qos=0
[INFO] [1772805698.462053609] [point_cloud_assembler]: point_cloud_assembler: qos_odom=0
[INFO] [1772805698.462082538] [point_cloud_assembler]: point_cloud_assembler: fixed_frame_id=
[INFO] [1772805698.462109739] [point_cloud_assembler]: point_cloud_assembler: frame_id=
[INFO] [1772805698.462134092] [point_cloud_assembler]: point_cloud_assembler: max_clouds=10
[INFO] [1772805698.462157740] [point_cloud_assembler]: point_cloud_assembler: assembling_time=0.000000s
[INFO] [1772805698.462189166] [point_cloud_assembler]: point_cloud_assembler: skip_clouds=0
[INFO] [1772805698.462221647] [point_cloud_assembler]: point_cloud_assembler: circular_buffer=false
[INFO] [1772805698.462244368] [point_cloud_assembler]: point_cloud_assembler: linear_update=0.000000 m
[INFO] [1772805698.462268080] [point_cloud_assembler]: point_cloud_assembler: angular_update=0.000000 rad
[INFO] [1772805698.462292017] [point_cloud_assembler]: point_cloud_assembler: wait_for_transform=0.100000
[INFO] [1772805698.462317586] [point_cloud_assembler]: point_cloud_assembler: range_min=0.000000
[INFO] [1772805698.462340499] [point_cloud_assembler]: point_cloud_assembler: range_max=0.000000
[INFO] [1772805698.462368276] [point_cloud_assembler]: point_cloud_assembler: voxel_size=0.000000m
[INFO] [1772805698.462391541] [point_cloud_assembler]: point_cloud_assembler: noise_radius=0.000000m
[INFO] [1772805698.462839013] [point_cloud_assembler]: point_cloud_assembler: noise_min_neighbors=5
[INFO] [1772805698.463456347] [point_cloud_assembler]: point_cloud_assembler: remove_z=false
[INFO] [1772805698.480953165] [point_cloud_assembler]: 
point_cloud_assembler subscribed to (exact sync):
   /odom_filtered_input_scan,
   /odom
[INFO] [1772807360.655566737] [rclcpp]: signal_handler(signum=2)
