[INFO] [1771073912.028800044] [point_cloud_assembler]: point_cloud_assembler: topic_queue_size=10
[INFO] [1771073912.029339616] [point_cloud_assembler]: point_cloud_assembler: sync_queue_size=10
[INFO] [1771073912.029381665] [point_cloud_assembler]: point_cloud_assembler: qos=0
[INFO] [1771073912.029403618] [point_cloud_assembler]: point_cloud_assembler: qos_odom=0
[INFO] [1771073912.029423075] [point_cloud_assembler]: point_cloud_assembler: fixed_frame_id=
[INFO] [1771073912.029447140] [point_cloud_assembler]: point_cloud_assembler: frame_id=
[INFO] [1771073912.029466852] [point_cloud_assembler]: point_cloud_assembler: max_clouds=10
[INFO] [1771073912.029484741] [point_cloud_assembler]: point_cloud_assembler: assembling_time=0.000000s
[INFO] [1771073912.029512166] [point_cloud_assembler]: point_cloud_assembler: skip_clouds=0
[INFO] [1771073912.029535975] [point_cloud_assembler]: point_cloud_assembler: circular_buffer=false
[INFO] [1771073912.029555656] [point_cloud_assembler]: point_cloud_assembler: linear_update=0.000000 m
[INFO] [1771073912.029576232] [point_cloud_assembler]: point_cloud_assembler: angular_update=0.000000 rad
[INFO] [1771073912.029596745] [point_cloud_assembler]: point_cloud_assembler: wait_for_transform=0.100000
[INFO] [1771073912.029618730] [point_cloud_assembler]: point_cloud_assembler: range_min=0.000000
[INFO] [1771073912.029638219] [point_cloud_assembler]: point_cloud_assembler: range_max=0.000000
[INFO] [1771073912.029657323] [point_cloud_assembler]: point_cloud_assembler: voxel_size=0.000000m
[INFO] [1771073912.029676396] [point_cloud_assembler]: point_cloud_assembler: noise_radius=0.000000m
[INFO] [1771073912.029704877] [point_cloud_assembler]: point_cloud_assembler: noise_min_neighbors=5
[INFO] [1771073912.029724686] [point_cloud_assembler]: point_cloud_assembler: remove_z=false
[INFO] [1771073912.033673725] [point_cloud_assembler]: 
point_cloud_assembler subscribed to (exact sync):
   /odom_filtered_input_scan,
   /odom
[INFO] [1771075970.532129062] [rclcpp]: signal_handler(signum=2)
