[INFO] [1771072727.999570854] [point_cloud_assembler]: point_cloud_assembler: topic_queue_size=10
[INFO] [1771072728.000095643] [point_cloud_assembler]: point_cloud_assembler: sync_queue_size=10
[INFO] [1771072728.000142012] [point_cloud_assembler]: point_cloud_assembler: qos=0
[INFO] [1771072728.000161373] [point_cloud_assembler]: point_cloud_assembler: qos_odom=0
[INFO] [1771072728.000176862] [point_cloud_assembler]: point_cloud_assembler: fixed_frame_id=
[INFO] [1771072728.000190814] [point_cloud_assembler]: point_cloud_assembler: frame_id=
[INFO] [1771072728.000203199] [point_cloud_assembler]: point_cloud_assembler: max_clouds=10
[INFO] [1771072728.000215647] [point_cloud_assembler]: point_cloud_assembler: assembling_time=0.000000s
[INFO] [1771072728.000236256] [point_cloud_assembler]: point_cloud_assembler: skip_clouds=0
[INFO] [1771072728.000253441] [point_cloud_assembler]: point_cloud_assembler: circular_buffer=false
[INFO] [1771072728.000266049] [point_cloud_assembler]: point_cloud_assembler: linear_update=0.000000 m
[INFO] [1771072728.000277506] [point_cloud_assembler]: point_cloud_assembler: angular_update=0.000000 rad
[INFO] [1771072728.000289442] [point_cloud_assembler]: point_cloud_assembler: wait_for_transform=0.100000
[INFO] [1771072728.000303779] [point_cloud_assembler]: point_cloud_assembler: range_min=0.000000
[INFO] [1771072728.000315907] [point_cloud_assembler]: point_cloud_assembler: range_max=0.000000
[INFO] [1771072728.000326532] [point_cloud_assembler]: point_cloud_assembler: voxel_size=0.000000m
[INFO] [1771072728.000337284] [point_cloud_assembler]: point_cloud_assembler: noise_radius=0.000000m
[INFO] [1771072728.000354853] [point_cloud_assembler]: point_cloud_assembler: noise_min_neighbors=5
[INFO] [1771072728.000367365] [point_cloud_assembler]: point_cloud_assembler: remove_z=false
[INFO] [1771072728.007399190] [point_cloud_assembler]: 
point_cloud_assembler subscribed to (exact sync):
   /odom_filtered_input_scan,
   /odom
[INFO] [1771073609.203934835] [rclcpp]: signal_handler(signum=2)
