[INFO] [1770986164.723042376] [point_cloud_assembler]: point_cloud_assembler: topic_queue_size=10
[INFO] [1770986164.723643480] [point_cloud_assembler]: point_cloud_assembler: sync_queue_size=10
[INFO] [1770986164.723679513] [point_cloud_assembler]: point_cloud_assembler: qos=0
[INFO] [1770986164.723699033] [point_cloud_assembler]: point_cloud_assembler: qos_odom=0
[INFO] [1770986164.723714649] [point_cloud_assembler]: point_cloud_assembler: fixed_frame_id=
[INFO] [1770986164.723730490] [point_cloud_assembler]: point_cloud_assembler: frame_id=
[INFO] [1770986164.723745434] [point_cloud_assembler]: point_cloud_assembler: max_clouds=10
[INFO] [1770986164.723771323] [point_cloud_assembler]: point_cloud_assembler: assembling_time=0.000000s
[INFO] [1770986164.723796700] [point_cloud_assembler]: point_cloud_assembler: skip_clouds=0
[INFO] [1770986164.723816284] [point_cloud_assembler]: point_cloud_assembler: circular_buffer=false
[INFO] [1770986164.723832604] [point_cloud_assembler]: point_cloud_assembler: linear_update=0.000000 m
[INFO] [1770986164.723849853] [point_cloud_assembler]: point_cloud_assembler: angular_update=0.000000 rad
[INFO] [1770986164.723872957] [point_cloud_assembler]: point_cloud_assembler: wait_for_transform=0.100000
[INFO] [1770986164.723895454] [point_cloud_assembler]: point_cloud_assembler: range_min=0.000000
[INFO] [1770986164.723913214] [point_cloud_assembler]: point_cloud_assembler: range_max=0.000000
[INFO] [1770986164.723929663] [point_cloud_assembler]: point_cloud_assembler: voxel_size=0.000000m
[INFO] [1770986164.723945983] [point_cloud_assembler]: point_cloud_assembler: noise_radius=0.000000m
[INFO] [1770986164.723970496] [point_cloud_assembler]: point_cloud_assembler: noise_min_neighbors=5
[INFO] [1770986164.723989440] [point_cloud_assembler]: point_cloud_assembler: remove_z=false
[INFO] [1770986164.735725609] [point_cloud_assembler]: 
point_cloud_assembler subscribed to (exact sync):
   /odom_filtered_input_scan,
   /odom
[WARN] [1770986164.864233918] [point_cloud_assembler]: Reseting point cloud assembler as null odometry has been received.
[WARN] [1770986164.968062083] [point_cloud_assembler]: Reseting point cloud assembler as null odometry has been received.
[WARN] [1770986165.062178353] [point_cloud_assembler]: Reseting point cloud assembler as null odometry has been received.
[WARN] [1770986165.167925094] [point_cloud_assembler]: Reseting point cloud assembler as null odometry has been received.
[WARN] [1770986165.270284005] [point_cloud_assembler]: Reseting point cloud assembler as null odometry has been received.
[WARN] [1770986165.368961926] [point_cloud_assembler]: Reseting point cloud assembler as null odometry has been received.
[WARN] [1770986165.467673929] [point_cloud_assembler]: Reseting point cloud assembler as null odometry has been received.
[WARN] [1770986165.565989538] [point_cloud_assembler]: Reseting point cloud assembler as null odometry has been received.
[WARN] [1770986165.667398953] [point_cloud_assembler]: Reseting point cloud assembler as null odometry has been received.
[WARN] [1770986165.768486855] [point_cloud_assembler]: Reseting point cloud assembler as null odometry has been received.
[WARN] [1770986165.867554387] [point_cloud_assembler]: Reseting point cloud assembler as null odometry has been received.
[WARN] [1770986165.968246952] [point_cloud_assembler]: Reseting point cloud assembler as null odometry has been received.
[WARN] [1770986166.065961457] [point_cloud_assembler]: Reseting point cloud assembler as null odometry has been received.
[WARN] [1770986166.168279375] [point_cloud_assembler]: Reseting point cloud assembler as null odometry has been received.
[WARN] [1770986166.266592072] [point_cloud_assembler]: Reseting point cloud assembler as null odometry has been received.
[WARN] [1770986166.366315684] [point_cloud_assembler]: Reseting point cloud assembler as null odometry has been received.
[WARN] [1770986166.469524569] [point_cloud_assembler]: Reseting point cloud assembler as null odometry has been received.
[WARN] [1770986166.568626629] [point_cloud_assembler]: Reseting point cloud assembler as null odometry has been received.
[WARN] [1770986166.666288237] [point_cloud_assembler]: Reseting point cloud assembler as null odometry has been received.
[WARN] [1770986166.767681044] [point_cloud_assembler]: Reseting point cloud assembler as null odometry has been received.
[WARN] [1770986166.869261439] [point_cloud_assembler]: Reseting point cloud assembler as null odometry has been received.
[WARN] [1770986166.968973435] [point_cloud_assembler]: Reseting point cloud assembler as null odometry has been received.
[WARN] [1770986167.067173265] [point_cloud_assembler]: Reseting point cloud assembler as null odometry has been received.
[WARN] [1770986167.166993199] [point_cloud_assembler]: Reseting point cloud assembler as null odometry has been received.
[WARN] [1770986167.268200305] [point_cloud_assembler]: Reseting point cloud assembler as null odometry has been received.
[WARN] [1770986167.368635423] [point_cloud_assembler]: Reseting point cloud assembler as null odometry has been received.
[WARN] [1770986167.469295379] [point_cloud_assembler]: Reseting point cloud assembler as null odometry has been received.
[WARN] [1770986167.572838004] [point_cloud_assembler]: Reseting point cloud assembler as null odometry has been received.
[WARN] [1770986167.668167390] [point_cloud_assembler]: Reseting point cloud assembler as null odometry has been received.
[WARN] [1770986167.769447574] [point_cloud_assembler]: Reseting point cloud assembler as null odometry has been received.
[WARN] [1770986167.869666153] [point_cloud_assembler]: Reseting point cloud assembler as null odometry has been received.
[WARN] [1770986167.970598070] [point_cloud_assembler]: Reseting point cloud assembler as null odometry has been received.
[WARN] [1770986168.067975175] [point_cloud_assembler]: Reseting point cloud assembler as null odometry has been received.
[WARN] [1770986168.171841305] [point_cloud_assembler]: Reseting point cloud assembler as null odometry has been received.
[WARN] [1770986168.274283865] [point_cloud_assembler]: Reseting point cloud assembler as null odometry has been received.
[WARN] [1770986168.369498911] [point_cloud_assembler]: Reseting point cloud assembler as null odometry has been received.
[WARN] [1770986168.467900628] [point_cloud_assembler]: Reseting point cloud assembler as null odometry has been received.
[WARN] [1770986168.570694561] [point_cloud_assembler]: Reseting point cloud assembler as null odometry has been received.
[WARN] [1770986168.669095605] [point_cloud_assembler]: Reseting point cloud assembler as null odometry has been received.
[WARN] [1770986168.770510418] [point_cloud_assembler]: Reseting point cloud assembler as null odometry has been received.
[WARN] [1770986168.872738219] [point_cloud_assembler]: Reseting point cloud assembler as null odometry has been received.
[WARN] [1770986168.971549262] [point_cloud_assembler]: Reseting point cloud assembler as null odometry has been received.
[WARN] [1770986169.068430542] [point_cloud_assembler]: Reseting point cloud assembler as null odometry has been received.
[WARN] [1770986169.170777259] [point_cloud_assembler]: Reseting point cloud assembler as null odometry has been received.
[WARN] [1770986169.268117563] [point_cloud_assembler]: Reseting point cloud assembler as null odometry has been received.
[WARN] [1770986169.372513535] [point_cloud_assembler]: Reseting point cloud assembler as null odometry has been received.
[WARN] [1770986169.468998673] [point_cloud_assembler]: Reseting point cloud assembler as null odometry has been received.
[WARN] [1770986169.570688536] [point_cloud_assembler]: Reseting point cloud assembler as null odometry has been received.
[WARN] [1770986169.670922220] [point_cloud_assembler]: Reseting point cloud assembler as null odometry has been received.
[WARN] [1770986169.768292541] [point_cloud_assembler]: Reseting point cloud assembler as null odometry has been received.
[WARN] [1770986169.869571637] [point_cloud_assembler]: Reseting point cloud assembler as null odometry has been received.
[WARN] [1770986169.970910352] [point_cloud_assembler]: Reseting point cloud assembler as null odometry has been received.
[WARN] [1770986170.068820947] [point_cloud_assembler]: Reseting point cloud assembler as null odometry has been received.
[WARN] [1770986170.168000163] [point_cloud_assembler]: Reseting point cloud assembler as null odometry has been received.
[WARN] [1770986170.271025047] [point_cloud_assembler]: Reseting point cloud assembler as null odometry has been received.
[WARN] [1770986170.369568273] [point_cloud_assembler]: Reseting point cloud assembler as null odometry has been received.
[WARN] [1770986170.468183437] [point_cloud_assembler]: Reseting point cloud assembler as null odometry has been received.
[WARN] [1770986170.566994127] [point_cloud_assembler]: Reseting point cloud assembler as null odometry has been received.
[WARN] [1770986170.672759523] [point_cloud_assembler]: Reseting point cloud assembler as null odometry has been received.
[WARN] [1770986170.769466621] [point_cloud_assembler]: Reseting point cloud assembler as null odometry has been received.
[WARN] [1770986170.869490506] [point_cloud_assembler]: Reseting point cloud assembler as null odometry has been received.
[WARN] [1770986170.972676100] [point_cloud_assembler]: Reseting point cloud assembler as null odometry has been received.
[WARN] [1770986171.069551812] [point_cloud_assembler]: Reseting point cloud assembler as null odometry has been received.
[WARN] [1770986171.169162018] [point_cloud_assembler]: Reseting point cloud assembler as null odometry has been received.
[WARN] [1770986171.268125034] [point_cloud_assembler]: Reseting point cloud assembler as null odometry has been received.
[WARN] [1770986171.370896118] [point_cloud_assembler]: Reseting point cloud assembler as null odometry has been received.
[WARN] [1770986171.574713491] [point_cloud_assembler]: Reseting point cloud assembler as null odometry has been received.
[WARN] [1770986171.668651916] [point_cloud_assembler]: Reseting point cloud assembler as null odometry has been received.
[WARN] [1770986171.773139860] [point_cloud_assembler]: Reseting point cloud assembler as null odometry has been received.
[WARN] [1770986171.871067640] [point_cloud_assembler]: Reseting point cloud assembler as null odometry has been received.
[WARN] [1770986171.971826494] [point_cloud_assembler]: Reseting point cloud assembler as null odometry has been received.
[WARN] [1770986172.071795849] [point_cloud_assembler]: Reseting point cloud assembler as null odometry has been received.
[WARN] [1770986172.175345040] [point_cloud_assembler]: Reseting point cloud assembler as null odometry has been received.
[WARN] [1770986172.271292688] [point_cloud_assembler]: Reseting point cloud assembler as null odometry has been received.
[WARN] [1770986172.372210267] [point_cloud_assembler]: Reseting point cloud assembler as null odometry has been received.
[WARN] [1770986172.470701843] [point_cloud_assembler]: Reseting point cloud assembler as null odometry has been received.
[WARN] [1770986172.573604996] [point_cloud_assembler]: Reseting point cloud assembler as null odometry has been received.
[WARN] [1770986172.672068506] [point_cloud_assembler]: Reseting point cloud assembler as null odometry has been received.
[WARN] [1770986172.769399082] [point_cloud_assembler]: Reseting point cloud assembler as null odometry has been received.
[WARN] [1770986172.871985455] [point_cloud_assembler]: Reseting point cloud assembler as null odometry has been received.
[WARN] [1770986172.972494893] [point_cloud_assembler]: Reseting point cloud assembler as null odometry has been received.
[WARN] [1770986173.073397400] [point_cloud_assembler]: Reseting point cloud assembler as null odometry has been received.
[WARN] [1770986173.171216857] [point_cloud_assembler]: Reseting point cloud assembler as null odometry has been received.
[WARN] [1770986173.271421676] [point_cloud_assembler]: Reseting point cloud assembler as null odometry has been received.
[WARN] [1770986173.371279955] [point_cloud_assembler]: Reseting point cloud assembler as null odometry has been received.
[WARN] [1770986173.473026907] [point_cloud_assembler]: Reseting point cloud assembler as null odometry has been received.
[WARN] [1770986173.571792188] [point_cloud_assembler]: Reseting point cloud assembler as null odometry has been received.
[WARN] [1770986173.672795115] [point_cloud_assembler]: Reseting point cloud assembler as null odometry has been received.
[WARN] [1770986173.771321892] [point_cloud_assembler]: Reseting point cloud assembler as null odometry has been received.
[WARN] [1770986173.873399736] [point_cloud_assembler]: Reseting point cloud assembler as null odometry has been received.
[WARN] [1770986173.971779468] [point_cloud_assembler]: Reseting point cloud assembler as null odometry has been received.
[WARN] [1770986174.073417425] [point_cloud_assembler]: Reseting point cloud assembler as null odometry has been received.
[WARN] [1770986174.175179034] [point_cloud_assembler]: Reseting point cloud assembler as null odometry has been received.
[WARN] [1770986174.271944117] [point_cloud_assembler]: Reseting point cloud assembler as null odometry has been received.
[WARN] [1770986174.370410508] [point_cloud_assembler]: Reseting point cloud assembler as null odometry has been received.
[WARN] [1770986174.471809961] [point_cloud_assembler]: Reseting point cloud assembler as null odometry has been received.
[WARN] [1770986174.573530704] [point_cloud_assembler]: Reseting point cloud assembler as null odometry has been received.
[WARN] [1770986174.675073714] [point_cloud_assembler]: Reseting point cloud assembler as null odometry has been received.
[WARN] [1770986174.770487711] [point_cloud_assembler]: Reseting point cloud assembler as null odometry has been received.
[WARN] [1770986174.873742075] [point_cloud_assembler]: Reseting point cloud assembler as null odometry has been received.
[WARN] [1770986174.971592605] [point_cloud_assembler]: Reseting point cloud assembler as null odometry has been received.
[WARN] [1770986175.071560520] [point_cloud_assembler]: Reseting point cloud assembler as null odometry has been received.
[WARN] [1770986175.171740218] [point_cloud_assembler]: Reseting point cloud assembler as null odometry has been received.
[WARN] [1770986175.271586368] [point_cloud_assembler]: Reseting point cloud assembler as null odometry has been received.
[WARN] [1770986175.372918971] [point_cloud_assembler]: Reseting point cloud assembler as null odometry has been received.
[WARN] [1770986175.471784159] [point_cloud_assembler]: Reseting point cloud assembler as null odometry has been received.
[WARN] [1770986175.570610274] [point_cloud_assembler]: Reseting point cloud assembler as null odometry has been received.
[WARN] [1770986175.671644498] [point_cloud_assembler]: Reseting point cloud assembler as null odometry has been received.
[WARN] [1770986175.776210621] [point_cloud_assembler]: Reseting point cloud assembler as null odometry has been received.
[WARN] [1770986175.873558957] [point_cloud_assembler]: Reseting point cloud assembler as null odometry has been received.
[WARN] [1770986175.971221543] [point_cloud_assembler]: Reseting point cloud assembler as null odometry has been received.
[WARN] [1770986176.074063222] [point_cloud_assembler]: Reseting point cloud assembler as null odometry has been received.
[WARN] [1770986176.172366663] [point_cloud_assembler]: Reseting point cloud assembler as null odometry has been received.
[WARN] [1770986176.270851807] [point_cloud_assembler]: Reseting point cloud assembler as null odometry has been received.
[WARN] [1770986176.370789768] [point_cloud_assembler]: Reseting point cloud assembler as null odometry has been received.
[WARN] [1770986176.475108554] [point_cloud_assembler]: Reseting point cloud assembler as null odometry has been received.
[WARN] [1770986176.574924464] [point_cloud_assembler]: Reseting point cloud assembler as null odometry has been received.
[WARN] [1770986176.673026106] [point_cloud_assembler]: Reseting point cloud assembler as null odometry has been received.
[WARN] [1770986176.771643926] [point_cloud_assembler]: Reseting point cloud assembler as null odometry has been received.
[WARN] [1770986176.873371678] [point_cloud_assembler]: Reseting point cloud assembler as null odometry has been received.
[WARN] [1770986176.970681036] [point_cloud_assembler]: Reseting point cloud assembler as null odometry has been received.
[WARN] [1770986177.070464785] [point_cloud_assembler]: Reseting point cloud assembler as null odometry has been received.
[WARN] [1770986177.173963766] [point_cloud_assembler]: Reseting point cloud assembler as null odometry has been received.
[WARN] [1770986177.271560911] [point_cloud_assembler]: Reseting point cloud assembler as null odometry has been received.
[WARN] [1770986177.373202292] [point_cloud_assembler]: Reseting point cloud assembler as null odometry has been received.
[WARN] [1770986177.472495847] [point_cloud_assembler]: Reseting point cloud assembler as null odometry has been received.
[WARN] [1770986177.571847292] [point_cloud_assembler]: Reseting point cloud assembler as null odometry has been received.
[WARN] [1770986177.671256084] [point_cloud_assembler]: Reseting point cloud assembler as null odometry has been received.
[WARN] [1770986177.772047067] [point_cloud_assembler]: Reseting point cloud assembler as null odometry has been received.
[WARN] [1770986177.871482068] [point_cloud_assembler]: Reseting point cloud assembler as null odometry has been received.
[WARN] [1770986177.973371233] [point_cloud_assembler]: Reseting point cloud assembler as null odometry has been received.
[WARN] [1770986178.071963740] [point_cloud_assembler]: Reseting point cloud assembler as null odometry has been received.
[WARN] [1770986178.170918180] [point_cloud_assembler]: Reseting point cloud assembler as null odometry has been received.
[WARN] [1770986178.271009843] [point_cloud_assembler]: Reseting point cloud assembler as null odometry has been received.
[WARN] [1770986178.371707863] [point_cloud_assembler]: Reseting point cloud assembler as null odometry has been received.
[WARN] [1770986178.471793734] [point_cloud_assembler]: Reseting point cloud assembler as null odometry has been received.
[WARN] [1770986178.571683470] [point_cloud_assembler]: Reseting point cloud assembler as null odometry has been received.
[WARN] [1770986178.671891681] [point_cloud_assembler]: Reseting point cloud assembler as null odometry has been received.
[WARN] [1770986178.775802741] [point_cloud_assembler]: Reseting point cloud assembler as null odometry has been received.
[WARN] [1770986178.872228389] [point_cloud_assembler]: Reseting point cloud assembler as null odometry has been received.
[WARN] [1770986178.970416370] [point_cloud_assembler]: Reseting point cloud assembler as null odometry has been received.
[WARN] [1770986179.070453919] [point_cloud_assembler]: Reseting point cloud assembler as null odometry has been received.
[WARN] [1770986179.173955557] [point_cloud_assembler]: Reseting point cloud assembler as null odometry has been received.
[WARN] [1770986179.272503550] [point_cloud_assembler]: Reseting point cloud assembler as null odometry has been received.
[WARN] [1770986179.370955253] [point_cloud_assembler]: Reseting point cloud assembler as null odometry has been received.
[WARN] [1770986179.471456594] [point_cloud_assembler]: Reseting point cloud assembler as null odometry has been received.
[WARN] [1770986179.571857164] [point_cloud_assembler]: Reseting point cloud assembler as null odometry has been received.
[WARN] [1770986179.671640144] [point_cloud_assembler]: Reseting point cloud assembler as null odometry has been received.
[WARN] [1770986179.772166190] [point_cloud_assembler]: Reseting point cloud assembler as null odometry has been received.
[WARN] [1770986179.875065919] [point_cloud_assembler]: Reseting point cloud assembler as null odometry has been received.
[WARN] [1770986179.973626233] [point_cloud_assembler]: Reseting point cloud assembler as null odometry has been received.
[WARN] [1770986180.071642400] [point_cloud_assembler]: Reseting point cloud assembler as null odometry has been received.
[WARN] [1770986180.171659501] [point_cloud_assembler]: Reseting point cloud assembler as null odometry has been received.
[WARN] [1770986180.272038822] [point_cloud_assembler]: Reseting point cloud assembler as null odometry has been received.
[WARN] [1770986180.371607747] [point_cloud_assembler]: Reseting point cloud assembler as null odometry has been received.
[WARN] [1770986180.473452399] [point_cloud_assembler]: Reseting point cloud assembler as null odometry has been received.
[WARN] [1770986180.572935401] [point_cloud_assembler]: Reseting point cloud assembler as null odometry has been received.
[WARN] [1770986180.671864624] [point_cloud_assembler]: Reseting point cloud assembler as null odometry has been received.
[WARN] [1770986180.771667413] [point_cloud_assembler]: Reseting point cloud assembler as null odometry has been received.
[WARN] [1770986180.873852204] [point_cloud_assembler]: Reseting point cloud assembler as null odometry has been received.
[WARN] [1770986180.971595786] [point_cloud_assembler]: Reseting point cloud assembler as null odometry has been received.
[WARN] [1770986181.070565938] [point_cloud_assembler]: Reseting point cloud assembler as null odometry has been received.
[WARN] [1770986181.171068272] [point_cloud_assembler]: Reseting point cloud assembler as null odometry has been received.
[WARN] [1770986181.270733200] [point_cloud_assembler]: Reseting point cloud assembler as null odometry has been received.
[WARN] [1770986181.372198223] [point_cloud_assembler]: Reseting point cloud assembler as null odometry has been received.
[WARN] [1770986181.472606953] [point_cloud_assembler]: Reseting point cloud assembler as null odometry has been received.
[WARN] [1770986181.573266732] [point_cloud_assembler]: Reseting point cloud assembler as null odometry has been received.
[WARN] [1770986181.670368819] [point_cloud_assembler]: Reseting point cloud assembler as null odometry has been received.
[WARN] [1770986181.770951635] [point_cloud_assembler]: Reseting point cloud assembler as null odometry has been received.
[WARN] [1770986181.875351096] [point_cloud_assembler]: Reseting point cloud assembler as null odometry has been received.
[WARN] [1770986181.970648609] [point_cloud_assembler]: Reseting point cloud assembler as null odometry has been received.
[WARN] [1770986182.071583885] [point_cloud_assembler]: Reseting point cloud assembler as null odometry has been received.
[WARN] [1770986182.173183921] [point_cloud_assembler]: Reseting point cloud assembler as null odometry has been received.
[WARN] [1770986182.272229019] [point_cloud_assembler]: Reseting point cloud assembler as null odometry has been received.
[WARN] [1770986182.371580977] [point_cloud_assembler]: Reseting point cloud assembler as null odometry has been received.
[WARN] [1770986182.474710857] [point_cloud_assembler]: Reseting point cloud assembler as null odometry has been received.
[WARN] [1770986182.572712432] [point_cloud_assembler]: Reseting point cloud assembler as null odometry has been received.
[WARN] [1770986182.671537203] [point_cloud_assembler]: Reseting point cloud assembler as null odometry has been received.
[WARN] [1770986182.773252795] [point_cloud_assembler]: Reseting point cloud assembler as null odometry has been received.
[WARN] [1770986182.871413095] [point_cloud_assembler]: Reseting point cloud assembler as null odometry has been received.
[WARN] [1770986182.971973958] [point_cloud_assembler]: Reseting point cloud assembler as null odometry has been received.
[WARN] [1770986183.071452384] [point_cloud_assembler]: Reseting point cloud assembler as null odometry has been received.
[WARN] [1770986183.170220001] [point_cloud_assembler]: Reseting point cloud assembler as null odometry has been received.
[WARN] [1770986183.271944713] [point_cloud_assembler]: Reseting point cloud assembler as null odometry has been received.
[WARN] [1770986183.370874640] [point_cloud_assembler]: Reseting point cloud assembler as null odometry has been received.
[WARN] [1770986183.473176268] [point_cloud_assembler]: Reseting point cloud assembler as null odometry has been received.
[WARN] [1770986183.570956395] [point_cloud_assembler]: Reseting point cloud assembler as null odometry has been received.
[WARN] [1770986183.672522381] [point_cloud_assembler]: Reseting point cloud assembler as null odometry has been received.
[WARN] [1770986183.771066598] [point_cloud_assembler]: Reseting point cloud assembler as null odometry has been received.
[WARN] [1770986183.873258366] [point_cloud_assembler]: Reseting point cloud assembler as null odometry has been received.
[WARN] [1770986183.971865850] [point_cloud_assembler]: Reseting point cloud assembler as null odometry has been received.
[WARN] [1770986184.070560473] [point_cloud_assembler]: Reseting point cloud assembler as null odometry has been received.
[WARN] [1770986184.171108728] [point_cloud_assembler]: Reseting point cloud assembler as null odometry has been received.
[WARN] [1770986184.271821052] [point_cloud_assembler]: Reseting point cloud assembler as null odometry has been received.
[WARN] [1770986184.374893779] [point_cloud_assembler]: Reseting point cloud assembler as null odometry has been received.
[WARN] [1770986184.471775539] [point_cloud_assembler]: Reseting point cloud assembler as null odometry has been received.
[WARN] [1770986184.571390097] [point_cloud_assembler]: Reseting point cloud assembler as null odometry has been received.
[WARN] [1770986184.670567457] [point_cloud_assembler]: Reseting point cloud assembler as null odometry has been received.
[WARN] [1770986184.770194304] [point_cloud_assembler]: Reseting point cloud assembler as null odometry has been received.
[WARN] [1770986184.871499097] [point_cloud_assembler]: Reseting point cloud assembler as null odometry has been received.
[WARN] [1770986184.975077185] [point_cloud_assembler]: Reseting point cloud assembler as null odometry has been received.
[WARN] [1770986185.071581524] [point_cloud_assembler]: Reseting point cloud assembler as null odometry has been received.
[WARN] [1770986185.171633217] [point_cloud_assembler]: Reseting point cloud assembler as null odometry has been received.
[WARN] [1770986185.272475371] [point_cloud_assembler]: Reseting point cloud assembler as null odometry has been received.
[WARN] [1770986185.374299414] [point_cloud_assembler]: Reseting point cloud assembler as null odometry has been received.
[WARN] [1770986185.471094579] [point_cloud_assembler]: Reseting point cloud assembler as null odometry has been received.
[WARN] [1770986185.573523251] [point_cloud_assembler]: Reseting point cloud assembler as null odometry has been received.
[WARN] [1770986185.671133132] [point_cloud_assembler]: Reseting point cloud assembler as null odometry has been received.
[WARN] [1770986185.773384262] [point_cloud_assembler]: Reseting point cloud assembler as null odometry has been received.
[WARN] [1770986185.873482581] [point_cloud_assembler]: Reseting point cloud assembler as null odometry has been received.
[WARN] [1770986185.971657506] [point_cloud_assembler]: Reseting point cloud assembler as null odometry has been received.
[WARN] [1770986186.071728944] [point_cloud_assembler]: Reseting point cloud assembler as null odometry has been received.
[WARN] [1770986186.173456056] [point_cloud_assembler]: Reseting point cloud assembler as null odometry has been received.
[WARN] [1770986186.271185269] [point_cloud_assembler]: Reseting point cloud assembler as null odometry has been received.
[WARN] [1770986186.373590581] [point_cloud_assembler]: Reseting point cloud assembler as null odometry has been received.
[WARN] [1770986186.471805955] [point_cloud_assembler]: Reseting point cloud assembler as null odometry has been received.
[WARN] [1770986186.571255996] [point_cloud_assembler]: Reseting point cloud assembler as null odometry has been received.
[WARN] [1770986186.670522414] [point_cloud_assembler]: Reseting point cloud assembler as null odometry has been received.
[WARN] [1770986186.772795561] [point_cloud_assembler]: Reseting point cloud assembler as null odometry has been received.
[WARN] [1770986186.873585648] [point_cloud_assembler]: Reseting point cloud assembler as null odometry has been received.
[WARN] [1770986186.977166776] [point_cloud_assembler]: Reseting point cloud assembler as null odometry has been received.
[WARN] [1770986187.073154393] [point_cloud_assembler]: Reseting point cloud assembler as null odometry has been received.
[INFO] [1770986187.092852068] [rclcpp]: signal_handler(signum=2)
