[INFO] [1771073864.383692718] [point_cloud_assembler]: point_cloud_assembler: topic_queue_size=10
[INFO] [1771073864.386264021] [point_cloud_assembler]: point_cloud_assembler: sync_queue_size=10
[INFO] [1771073864.386301687] [point_cloud_assembler]: point_cloud_assembler: qos=0
[INFO] [1771073864.386315767] [point_cloud_assembler]: point_cloud_assembler: qos_odom=0
[INFO] [1771073864.386325880] [point_cloud_assembler]: point_cloud_assembler: fixed_frame_id=
[INFO] [1771073864.386335320] [point_cloud_assembler]: point_cloud_assembler: frame_id=
[INFO] [1771073864.386344217] [point_cloud_assembler]: point_cloud_assembler: max_clouds=10
[INFO] [1771073864.386353081] [point_cloud_assembler]: point_cloud_assembler: assembling_time=0.000000s
[INFO] [1771073864.386369818] [point_cloud_assembler]: point_cloud_assembler: skip_clouds=0
[INFO] [1771073864.386379034] [point_cloud_assembler]: point_cloud_assembler: circular_buffer=false
[INFO] [1771073864.386387802] [point_cloud_assembler]: point_cloud_assembler: linear_update=0.000000 m
[INFO] [1771073864.386397467] [point_cloud_assembler]: point_cloud_assembler: angular_update=0.000000 rad
[INFO] [1771073864.386407291] [point_cloud_assembler]: point_cloud_assembler: wait_for_transform=0.100000
[INFO] [1771073864.386419996] [point_cloud_assembler]: point_cloud_assembler: range_min=0.000000
[INFO] [1771073864.386434076] [point_cloud_assembler]: point_cloud_assembler: range_max=0.000000
[INFO] [1771073864.386444637] [point_cloud_assembler]: point_cloud_assembler: voxel_size=0.000000m
[INFO] [1771073864.386453821] [point_cloud_assembler]: point_cloud_assembler: noise_radius=0.000000m
[INFO] [1771073864.386463549] [point_cloud_assembler]: point_cloud_assembler: noise_min_neighbors=5
[INFO] [1771073864.386472638] [point_cloud_assembler]: point_cloud_assembler: remove_z=false
[INFO] [1771073864.404109824] [point_cloud_assembler]: 
point_cloud_assembler subscribed to (exact sync):
   /odom_filtered_input_scan,
   /odom
[WARN] [1771073869.411835512] [point_cloud_assembler]: point_cloud_assembler: Did not receive data since 5 seconds! Make sure the input topics are published ("$ ros2 topic hz my_topic") and the timestamps in their header are set. 
point_cloud_assembler subscribed to (exact sync):
   /odom_filtered_input_scan,
   /odom
[WARN] [1771073874.411796557] [point_cloud_assembler]: point_cloud_assembler: Did not receive data since 5 seconds! Make sure the input topics are published ("$ ros2 topic hz my_topic") and the timestamps in their header are set. 
point_cloud_assembler subscribed to (exact sync):
   /odom_filtered_input_scan,
   /odom
[WARN] [1771073879.411757357] [point_cloud_assembler]: point_cloud_assembler: Did not receive data since 5 seconds! Make sure the input topics are published ("$ ros2 topic hz my_topic") and the timestamps in their header are set. 
point_cloud_assembler subscribed to (exact sync):
   /odom_filtered_input_scan,
   /odom
[WARN] [1771073884.411751567] [point_cloud_assembler]: point_cloud_assembler: Did not receive data since 5 seconds! Make sure the input topics are published ("$ ros2 topic hz my_topic") and the timestamps in their header are set. 
point_cloud_assembler subscribed to (exact sync):
   /odom_filtered_input_scan,
   /odom
[WARN] [1771073889.411755378] [point_cloud_assembler]: point_cloud_assembler: Did not receive data since 5 seconds! Make sure the input topics are published ("$ ros2 topic hz my_topic") and the timestamps in their header are set. 
point_cloud_assembler subscribed to (exact sync):
   /odom_filtered_input_scan,
   /odom
[WARN] [1771073894.411764372] [point_cloud_assembler]: point_cloud_assembler: Did not receive data since 5 seconds! Make sure the input topics are published ("$ ros2 topic hz my_topic") and the timestamps in their header are set. 
point_cloud_assembler subscribed to (exact sync):
   /odom_filtered_input_scan,
   /odom
[INFO] [1771073898.456479325] [rclcpp]: signal_handler(signum=2)
