[INFO] [1771004714.121030969] [point_cloud_assembler]: point_cloud_assembler: topic_queue_size=10
[INFO] [1771004714.121538891] [point_cloud_assembler]: point_cloud_assembler: sync_queue_size=10
[INFO] [1771004714.121577004] [point_cloud_assembler]: point_cloud_assembler: qos=0
[INFO] [1771004714.121598541] [point_cloud_assembler]: point_cloud_assembler: qos_odom=0
[INFO] [1771004714.121616013] [point_cloud_assembler]: point_cloud_assembler: fixed_frame_id=
[INFO] [1771004714.121633326] [point_cloud_assembler]: point_cloud_assembler: frame_id=
[INFO] [1771004714.121649871] [point_cloud_assembler]: point_cloud_assembler: max_clouds=10
[INFO] [1771004714.121669551] [point_cloud_assembler]: point_cloud_assembler: assembling_time=0.000000s
[INFO] [1771004714.121693488] [point_cloud_assembler]: point_cloud_assembler: skip_clouds=0
[INFO] [1771004714.121716465] [point_cloud_assembler]: point_cloud_assembler: circular_buffer=false
[INFO] [1771004714.121734642] [point_cloud_assembler]: point_cloud_assembler: linear_update=0.000000 m
[INFO] [1771004714.121753554] [point_cloud_assembler]: point_cloud_assembler: angular_update=0.000000 rad
[INFO] [1771004714.121772147] [point_cloud_assembler]: point_cloud_assembler: wait_for_transform=0.100000
[INFO] [1771004714.121792596] [point_cloud_assembler]: point_cloud_assembler: range_min=0.000000
[INFO] [1771004714.121813908] [point_cloud_assembler]: point_cloud_assembler: range_max=0.000000
[INFO] [1771004714.121832821] [point_cloud_assembler]: point_cloud_assembler: voxel_size=0.000000m
[INFO] [1771004714.121851318] [point_cloud_assembler]: point_cloud_assembler: noise_radius=0.000000m
[INFO] [1771004714.121883991] [point_cloud_assembler]: point_cloud_assembler: noise_min_neighbors=5
[INFO] [1771004714.121902904] [point_cloud_assembler]: point_cloud_assembler: remove_z=false
[INFO] [1771004714.138784173] [point_cloud_assembler]: 
point_cloud_assembler subscribed to (exact sync):
   /odom_filtered_input_scan,
   /odom
[INFO] [1771005043.802971607] [rclcpp]: signal_handler(signum=2)
