[INFO] [1771073832.379702320] [point_cloud_assembler]: point_cloud_assembler: topic_queue_size=10
[INFO] [1771073832.381814405] [point_cloud_assembler]: point_cloud_assembler: sync_queue_size=10
[INFO] [1771073832.382679143] [point_cloud_assembler]: point_cloud_assembler: qos=0
[INFO] [1771073832.384897664] [point_cloud_assembler]: point_cloud_assembler: qos_odom=0
[INFO] [1771073832.384941794] [point_cloud_assembler]: point_cloud_assembler: fixed_frame_id=
[INFO] [1771073832.384972867] [point_cloud_assembler]: point_cloud_assembler: frame_id=
[INFO] [1771073832.384991012] [point_cloud_assembler]: point_cloud_assembler: max_clouds=10
[INFO] [1771073832.385002660] [point_cloud_assembler]: point_cloud_assembler: assembling_time=0.000000s
[INFO] [1771073832.385021125] [point_cloud_assembler]: point_cloud_assembler: skip_clouds=0
[INFO] [1771073832.385048582] [point_cloud_assembler]: point_cloud_assembler: circular_buffer=false
[INFO] [1771073832.385063079] [point_cloud_assembler]: point_cloud_assembler: linear_update=0.000000 m
[INFO] [1771073832.385075367] [point_cloud_assembler]: point_cloud_assembler: angular_update=0.000000 rad
[INFO] [1771073832.385086856] [point_cloud_assembler]: point_cloud_assembler: wait_for_transform=0.100000
[INFO] [1771073832.385101544] [point_cloud_assembler]: point_cloud_assembler: range_min=0.000000
[INFO] [1771073832.385112169] [point_cloud_assembler]: point_cloud_assembler: range_max=0.000000
[INFO] [1771073832.385122409] [point_cloud_assembler]: point_cloud_assembler: voxel_size=0.000000m
[INFO] [1771073832.385132426] [point_cloud_assembler]: point_cloud_assembler: noise_radius=0.000000m
[INFO] [1771073832.385149258] [point_cloud_assembler]: point_cloud_assembler: noise_min_neighbors=5
[INFO] [1771073832.385161291] [point_cloud_assembler]: point_cloud_assembler: remove_z=false
[INFO] [1771073832.391927322] [point_cloud_assembler]: 
point_cloud_assembler subscribed to (exact sync):
   /odom_filtered_input_scan,
   /odom
[INFO] [1771073833.960444143] [rclcpp]: signal_handler(signum=2)
