[INFO] [1770984327.659078003] [point_cloud_assembler]: point_cloud_assembler: topic_queue_size=10
[INFO] [1770984327.659812719] [point_cloud_assembler]: point_cloud_assembler: sync_queue_size=10
[INFO] [1770984327.659880242] [point_cloud_assembler]: point_cloud_assembler: qos=0
[INFO] [1770984327.659908595] [point_cloud_assembler]: point_cloud_assembler: qos_odom=0
[INFO] [1770984327.659979702] [point_cloud_assembler]: point_cloud_assembler: fixed_frame_id=
[INFO] [1770984327.660020375] [point_cloud_assembler]: point_cloud_assembler: frame_id=
[INFO] [1770984327.660051256] [point_cloud_assembler]: point_cloud_assembler: max_clouds=10
[INFO] [1770984327.660094202] [point_cloud_assembler]: point_cloud_assembler: assembling_time=0.000000s
[INFO] [1770984327.660130267] [point_cloud_assembler]: point_cloud_assembler: skip_clouds=0
[INFO] [1770984327.660198302] [point_cloud_assembler]: point_cloud_assembler: circular_buffer=false
[INFO] [1770984327.660230143] [point_cloud_assembler]: point_cloud_assembler: linear_update=0.000000 m
[INFO] [1770984327.660259872] [point_cloud_assembler]: point_cloud_assembler: angular_update=0.000000 rad
[INFO] [1770984327.660301026] [point_cloud_assembler]: point_cloud_assembler: wait_for_transform=0.100000
[INFO] [1770984327.660333315] [point_cloud_assembler]: point_cloud_assembler: range_min=0.000000
[INFO] [1770984327.660360868] [point_cloud_assembler]: point_cloud_assembler: range_max=0.000000
[INFO] [1770984327.660399110] [point_cloud_assembler]: point_cloud_assembler: voxel_size=0.000000m
[INFO] [1770984327.660433991] [point_cloud_assembler]: point_cloud_assembler: noise_radius=0.000000m
[INFO] [1770984327.660467272] [point_cloud_assembler]: point_cloud_assembler: noise_min_neighbors=5
[INFO] [1770984327.660506058] [point_cloud_assembler]: point_cloud_assembler: remove_z=false
[INFO] [1770984327.666347624] [point_cloud_assembler]: 
point_cloud_assembler subscribed to (exact sync):
   /odom_filtered_input_scan,
   /odom
[INFO] [1770985294.091237334] [rclcpp]: signal_handler(signum=2)
