[INFO] [1773308133.179520443] [point_cloud_assembler]: point_cloud_assembler: topic_queue_size=10
[INFO] [1773308133.180053742] [point_cloud_assembler]: point_cloud_assembler: sync_queue_size=10
[INFO] [1773308133.180094992] [point_cloud_assembler]: point_cloud_assembler: qos=0
[INFO] [1773308133.180115409] [point_cloud_assembler]: point_cloud_assembler: qos_odom=0
[INFO] [1773308133.180148434] [point_cloud_assembler]: point_cloud_assembler: fixed_frame_id=
[INFO] [1773308133.180168819] [point_cloud_assembler]: point_cloud_assembler: frame_id=
[INFO] [1773308133.180186771] [point_cloud_assembler]: point_cloud_assembler: max_clouds=10
[INFO] [1773308133.180203764] [point_cloud_assembler]: point_cloud_assembler: assembling_time=0.000000s
[INFO] [1773308133.180229717] [point_cloud_assembler]: point_cloud_assembler: skip_clouds=0
[INFO] [1773308133.180249270] [point_cloud_assembler]: point_cloud_assembler: circular_buffer=false
[INFO] [1773308133.180266294] [point_cloud_assembler]: point_cloud_assembler: linear_update=0.000000 m
[INFO] [1773308133.180282967] [point_cloud_assembler]: point_cloud_assembler: angular_update=0.000000 rad
[INFO] [1773308133.180299735] [point_cloud_assembler]: point_cloud_assembler: wait_for_transform=0.100000
[INFO] [1773308133.180318584] [point_cloud_assembler]: point_cloud_assembler: range_min=0.000000
[INFO] [1773308133.180335417] [point_cloud_assembler]: point_cloud_assembler: range_max=0.000000
[INFO] [1773308133.180355897] [point_cloud_assembler]: point_cloud_assembler: voxel_size=0.000000m
[INFO] [1773308133.180372634] [point_cloud_assembler]: point_cloud_assembler: noise_radius=0.000000m
[INFO] [1773308133.180394875] [point_cloud_assembler]: point_cloud_assembler: noise_min_neighbors=5
[INFO] [1773308133.180411771] [point_cloud_assembler]: point_cloud_assembler: remove_z=false
[INFO] [1773308133.184613749] [point_cloud_assembler]: 
point_cloud_assembler subscribed to (exact sync):
   /odom_filtered_input_scan,
   /odom
[WARN] [1773308138.185930537] [point_cloud_assembler]: point_cloud_assembler: Did not receive data since 5 seconds! Make sure the input topics are published ("$ ros2 topic hz my_topic") and the timestamps in their header are set. 
point_cloud_assembler subscribed to (exact sync):
   /odom_filtered_input_scan,
   /odom
[INFO] [1773308674.902246937] [rclcpp]: signal_handler(signum=2)
