[INFO] [1771005849.199816523] [point_cloud_assembler]: point_cloud_assembler: topic_queue_size=10
[INFO] [1771005849.200224344] [point_cloud_assembler]: point_cloud_assembler: sync_queue_size=10
[INFO] [1771005849.200261849] [point_cloud_assembler]: point_cloud_assembler: qos=0
[INFO] [1771005849.200281690] [point_cloud_assembler]: point_cloud_assembler: qos_odom=0
[INFO] [1771005849.200299995] [point_cloud_assembler]: point_cloud_assembler: fixed_frame_id=
[INFO] [1771005849.200318043] [point_cloud_assembler]: point_cloud_assembler: frame_id=
[INFO] [1771005849.200336316] [point_cloud_assembler]: point_cloud_assembler: max_clouds=10
[INFO] [1771005849.200353756] [point_cloud_assembler]: point_cloud_assembler: assembling_time=0.000000s
[INFO] [1771005849.200378237] [point_cloud_assembler]: point_cloud_assembler: skip_clouds=0
[INFO] [1771005849.200397726] [point_cloud_assembler]: point_cloud_assembler: circular_buffer=false
[INFO] [1771005849.200416606] [point_cloud_assembler]: point_cloud_assembler: linear_update=0.000000 m
[INFO] [1771005849.200437279] [point_cloud_assembler]: point_cloud_assembler: angular_update=0.000000 rad
[INFO] [1771005849.200458656] [point_cloud_assembler]: point_cloud_assembler: wait_for_transform=0.100000
[INFO] [1771005849.200480512] [point_cloud_assembler]: point_cloud_assembler: range_min=0.000000
[INFO] [1771005849.200501505] [point_cloud_assembler]: point_cloud_assembler: range_max=0.000000
[INFO] [1771005849.200522306] [point_cloud_assembler]: point_cloud_assembler: voxel_size=0.000000m
[INFO] [1771005849.200541858] [point_cloud_assembler]: point_cloud_assembler: noise_radius=0.000000m
[INFO] [1771005849.200563139] [point_cloud_assembler]: point_cloud_assembler: noise_min_neighbors=5
[INFO] [1771005849.200582596] [point_cloud_assembler]: point_cloud_assembler: remove_z=false
[INFO] [1771005849.203987156] [point_cloud_assembler]: 
point_cloud_assembler subscribed to (exact sync):
   /odom_filtered_input_scan,
   /odom
[WARN] [1771005854.205608415] [point_cloud_assembler]: point_cloud_assembler: Did not receive data since 5 seconds! Make sure the input topics are published ("$ ros2 topic hz my_topic") and the timestamps in their header are set. 
point_cloud_assembler subscribed to (exact sync):
   /odom_filtered_input_scan,
   /odom
[INFO] [1771005856.073404298] [rclcpp]: signal_handler(signum=2)
