[INFO] [1771012227.069666477] [point_cloud_assembler]: point_cloud_assembler: topic_queue_size=10
[INFO] [1771012227.072686710] [point_cloud_assembler]: point_cloud_assembler: sync_queue_size=10
[INFO] [1771012227.072734840] [point_cloud_assembler]: point_cloud_assembler: qos=0
[INFO] [1771012227.072757177] [point_cloud_assembler]: point_cloud_assembler: qos_odom=0
[INFO] [1771012227.072775450] [point_cloud_assembler]: point_cloud_assembler: fixed_frame_id=
[INFO] [1771012227.072794394] [point_cloud_assembler]: point_cloud_assembler: frame_id=
[INFO] [1771012227.072811835] [point_cloud_assembler]: point_cloud_assembler: max_clouds=10
[INFO] [1771012227.072829563] [point_cloud_assembler]: point_cloud_assembler: assembling_time=0.000000s
[INFO] [1771012227.072860605] [point_cloud_assembler]: point_cloud_assembler: skip_clouds=0
[INFO] [1771012227.072883101] [point_cloud_assembler]: point_cloud_assembler: circular_buffer=false
[INFO] [1771012227.072901566] [point_cloud_assembler]: point_cloud_assembler: linear_update=0.000000 m
[INFO] [1771012227.072921919] [point_cloud_assembler]: point_cloud_assembler: angular_update=0.000000 rad
[INFO] [1771012227.072941439] [point_cloud_assembler]: point_cloud_assembler: wait_for_transform=0.100000
[INFO] [1771012227.072962560] [point_cloud_assembler]: point_cloud_assembler: range_min=0.000000
[INFO] [1771012227.072982241] [point_cloud_assembler]: point_cloud_assembler: range_max=0.000000
[INFO] [1771012227.073000833] [point_cloud_assembler]: point_cloud_assembler: voxel_size=0.000000m
[INFO] [1771012227.073019298] [point_cloud_assembler]: point_cloud_assembler: noise_radius=0.000000m
[INFO] [1771012227.073044675] [point_cloud_assembler]: point_cloud_assembler: noise_min_neighbors=5
[INFO] [1771012227.073063204] [point_cloud_assembler]: point_cloud_assembler: remove_z=false
[INFO] [1771012227.078884750] [point_cloud_assembler]: 
point_cloud_assembler subscribed to (exact sync):
   /odom_filtered_input_scan,
   /odom
[INFO] [1771012227.220171838] [rclcpp]: signal_handler(signum=2)
