[INFO] [1771081717.758097825] [rtabmap]: rtabmap(maps): latch                      = false
[INFO] [1771081717.760378644] [rtabmap]: rtabmap(maps): map_filter_radius          = 0.000000
[INFO] [1771081717.760574012] [rtabmap]: rtabmap(maps): map_filter_angle           = 30.000000
[INFO] [1771081717.760672255] [rtabmap]: rtabmap(maps): map_cleanup                = true
[INFO] [1771081717.760694528] [rtabmap]: rtabmap(maps): map_always_update          = false
[INFO] [1771081717.760713377] [rtabmap]: rtabmap(maps): map_empty_ray_tracing      = true
[INFO] [1771081717.760744642] [rtabmap]: rtabmap(maps): cloud_output_voxelized     = true
[INFO] [1771081717.760763427] [rtabmap]: rtabmap(maps): cloud_subtract_filtering   = false
[INFO] [1771081717.760779779] [rtabmap]: rtabmap(maps): cloud_subtract_filtering_min_neighbors = 2
[INFO] [1771081717.760976106] [rtabmap]: rtabmap(maps): octomap_tree_depth         = 16
[INFO] [1771081717.840516167] [rtabmap]: rtabmap: frame_id      = leo04/base_footprint
[INFO] [1771081717.841635664] [rtabmap]: rtabmap: map_frame_id  = map
[INFO] [1771081717.841730548] [rtabmap]: rtabmap: log_to_rosout_level  = 4
[INFO] [1771081717.841757717] [rtabmap]: rtabmap: initial_pose  = 
[INFO] [1771081717.841775957] [rtabmap]: rtabmap: use_action_for_goal  = false
[INFO] [1771081717.841789206] [rtabmap]: rtabmap: tf_delay      = 0.050000
[INFO] [1771081717.841856408] [rtabmap]: rtabmap: tf_tolerance  = 0.100000
[INFO] [1771081717.841876185] [rtabmap]: rtabmap: odom_sensor_sync   = false
[INFO] [1771081717.841889049] [rtabmap]: rtabmap: pub_loc_pose_only_when_localizing = false
[INFO] [1771081717.841898554] [rtabmap]: rtabmap: wait_for_transform = 0.500000
[INFO] [1771081717.841909530] [rtabmap]: rtabmap: gen_scan  = false
[INFO] [1771081717.841930875] [rtabmap]: rtabmap: gen_depth  = false
[INFO] [1771081717.841948380] [rtabmap]: rtabmap: scan_cloud_max_points = 0
[INFO] [1771081717.841959132] [rtabmap]: rtabmap: scan_cloud_is_2d = false
[INFO] [1771081717.925275907] [rtabmap]: Setting RTAB-Map parameter "Grid/CellSize"="0.03" (rosparam)
[INFO] [1771081717.925968956] [rtabmap]: Setting RTAB-Map parameter "Grid/MaxGroundAngle"="45" (rosparam)
[INFO] [1771081717.926073120] [rtabmap]: Setting RTAB-Map parameter "Grid/MaxGroundHeight"="0.1" (rosparam)
[INFO] [1771081717.926140611] [rtabmap]: Setting RTAB-Map parameter "Grid/MaxObstacleHeight"="0.7" (rosparam)
[INFO] [1771081717.926308041] [rtabmap]: Setting RTAB-Map parameter "Grid/MinGroundHeight"="-0.1" (rosparam)
[INFO] [1771081717.926627700] [rtabmap]: Setting RTAB-Map parameter "Grid/RangeMax"="3.0" (rosparam)
[INFO] [1771081717.927087749] [rtabmap]: Setting RTAB-Map parameter "Grid/RangeMin"="0.7" (rosparam)
[INFO] [1771081717.927281228] [rtabmap]: Setting RTAB-Map parameter "Grid/RayTracing"="false" (rosparam)
[INFO] [1771081717.927543446] [rtabmap]: Setting RTAB-Map parameter "Grid/Sensor"="0" (rosparam)
[INFO] [1771081717.928392661] [rtabmap]: Setting RTAB-Map parameter "Icp/CorrespondenceRatio"="0.2" (rosparam)
[INFO] [1771081717.928741858] [rtabmap]: Setting RTAB-Map parameter "Icp/Epsilon"="0.001" (rosparam)
[INFO] [1771081717.930240568] [rtabmap]: Setting RTAB-Map parameter "Icp/Iterations"="10" (rosparam)
[INFO] [1771081717.930475905] [rtabmap]: Setting RTAB-Map parameter "Icp/MaxCorrespondenceDistance"="1" (rosparam)
[INFO] [1771081717.930850607] [rtabmap]: Setting RTAB-Map parameter "Icp/MaxTranslation"="3" (rosparam)
[INFO] [1771081717.931520039] [rtabmap]: Setting RTAB-Map parameter "Icp/OutlierRatio"="0.7" (rosparam)
[INFO] [1771081717.932783125] [rtabmap]: Setting RTAB-Map parameter "Icp/PointToPlane"="true" (rosparam)
[INFO] [1771081717.933083840] [rtabmap]: Setting RTAB-Map parameter "Icp/PointToPlaneK"="20" (rosparam)
[INFO] [1771081717.933303176] [rtabmap]: Setting RTAB-Map parameter "Icp/PointToPlaneRadius"="0" (rosparam)
[INFO] [1771081717.933522577] [rtabmap]: Setting RTAB-Map parameter "Icp/RangeMin"="0.3" (rosparam)
[INFO] [1771081717.933660406] [rtabmap]: Setting RTAB-Map parameter "Icp/Strategy"="1" (rosparam)
[INFO] [1771081717.933815771] [rtabmap]: Setting RTAB-Map parameter "Icp/VoxelSize"="0.1" (rosparam)
[INFO] [1771081717.941291629] [rtabmap]: Setting RTAB-Map parameter "Mem/LaserScanNormalK"="20" (rosparam)
[INFO] [1771081717.941597336] [rtabmap]: Setting RTAB-Map parameter "Mem/LaserScanVoxelSize"="0.03" (rosparam)
[INFO] [1771081717.941962437] [rtabmap]: Setting RTAB-Map parameter "Mem/NotLinkedNodesKept"="false" (rosparam)
[INFO] [1771081717.942767395] [rtabmap]: Setting RTAB-Map parameter "Mem/STMSize"="30" (rosparam)
[INFO] [1771081717.946950108] [rtabmap]: Setting RTAB-Map parameter "RGBD/AngularUpdate"="0.05" (rosparam)
[INFO] [1771081717.947140419] [rtabmap]: Setting RTAB-Map parameter "RGBD/CreateOccupancyGrid"="true" (rosparam)
[INFO] [1771081717.948419473] [rtabmap]: Setting RTAB-Map parameter "RGBD/LinearUpdate"="0.05" (rosparam)
[INFO] [1771081717.952491142] [rtabmap]: Setting RTAB-Map parameter "RGBD/ProximityMaxGraphDepth"="0" (rosparam)
[INFO] [1771081717.953164991] [rtabmap]: Setting RTAB-Map parameter "RGBD/ProximityPathMaxNeighbors"="1" (rosparam)
[INFO] [1771081717.953963036] [rtabmap]: Setting RTAB-Map parameter "Reg/Strategy"="1" (rosparam)
[INFO] [1771081717.971683716] [rtabmap]: RTAB-Map detection rate = 1.000000 Hz
[INFO] [1771081717.971916813] [rtabmap]: rtabmap: Deleted database "/root/.ros/rtabmap.db" (--delete_db_on_start or -d are set).
[INFO] [1771081717.971996464] [rtabmap]: rtabmap: Using database from "/root/.ros/rtabmap.db" (0 MB).
[INFO] [1771081718.044254786] [rtabmap]: rtabmap: Database version = "0.22.1".
[INFO] [1771081718.044378311] [rtabmap]: rtabmap: SLAM mode (Mem/IncrementalMemory=true)
[INFO] [1771081718.099751088] [rtabmap]: Setup callbacks
[INFO] [1771081718.100133598] [rtabmap]: rtabmap: subscribe_depth = false
[INFO] [1771081718.100179871] [rtabmap]: rtabmap: subscribe_rgb = false
[INFO] [1771081718.100201824] [rtabmap]: rtabmap: subscribe_stereo = false
[INFO] [1771081718.100220577] [rtabmap]: rtabmap: subscribe_rgbd = false (rgbd_cameras=1)
[INFO] [1771081718.100239457] [rtabmap]: rtabmap: subscribe_sensor_data = false
[INFO] [1771081718.100257698] [rtabmap]: rtabmap: subscribe_odom_info = false
[INFO] [1771081718.100275331] [rtabmap]: rtabmap: subscribe_user_data = false
[INFO] [1771081718.100293091] [rtabmap]: rtabmap: subscribe_scan = false
[INFO] [1771081718.100310948] [rtabmap]: rtabmap: subscribe_scan_cloud = true
[INFO] [1771081718.100328389] [rtabmap]: rtabmap: subscribe_scan_descriptor = false
[INFO] [1771081718.100345669] [rtabmap]: rtabmap: topic_queue_size = 10
[INFO] [1771081718.100363270] [rtabmap]: rtabmap: sync_queue_size  = 200
[INFO] [1771081718.100381191] [rtabmap]: rtabmap: qos_image       = 0
[INFO] [1771081718.100399495] [rtabmap]: rtabmap: qos_camera_info = 0
[INFO] [1771081718.100416616] [rtabmap]: rtabmap: qos_scan        = 0
[INFO] [1771081718.100434217] [rtabmap]: rtabmap: qos_odom        = 0
[INFO] [1771081718.100452137] [rtabmap]: rtabmap: qos_user_data   = 0
[INFO] [1771081718.100469482] [rtabmap]: rtabmap: approx_sync     = true
[INFO] [1771081718.100500619] [rtabmap]: Setup scan callback
[INFO] [1771081718.104613089] [rtabmap]: 
rtabmap subscribed to (approx sync):
   /odom \
   /leo04/livox/lidar
[WARN] [1771081718.110384212] [rtabmap]: There is no image subscription, bag-of-words loop closure detection will be disabled...
[WARN] [1771081718.110493080] [rtabmap]: Setting Kp/MaxFeatures=-1 (bag-of-words disabled)
[INFO] [1771081722.780759748] [rclcpp]: signal_handler(signum=2)
