[INFO] [1773308101.379080506] [rtabmap]: rtabmap(maps): latch                      = false
[INFO] [1773308101.379656330] [rtabmap]: rtabmap(maps): map_filter_radius          = 0.000000
[INFO] [1773308101.379700427] [rtabmap]: rtabmap(maps): map_filter_angle           = 30.000000
[INFO] [1773308101.379726764] [rtabmap]: rtabmap(maps): map_cleanup                = true
[INFO] [1773308101.379744621] [rtabmap]: rtabmap(maps): map_always_update          = false
[INFO] [1773308101.379766989] [rtabmap]: rtabmap(maps): map_empty_ray_tracing      = true
[INFO] [1773308101.379785294] [rtabmap]: rtabmap(maps): cloud_output_voxelized     = true
[INFO] [1773308101.379802286] [rtabmap]: rtabmap(maps): cloud_subtract_filtering   = false
[INFO] [1773308101.379818383] [rtabmap]: rtabmap(maps): cloud_subtract_filtering_min_neighbors = 2
[INFO] [1773308101.379891313] [rtabmap]: rtabmap(maps): octomap_tree_depth         = 16
[INFO] [1773308101.393588122] [rtabmap]: rtabmap: frame_id      = leo04/base_footprint
[INFO] [1773308101.393671324] [rtabmap]: rtabmap: map_frame_id  = map
[INFO] [1773308101.393693789] [rtabmap]: rtabmap: log_to_rosout_level  = 4
[INFO] [1773308101.393730174] [rtabmap]: rtabmap: initial_pose  = 
[INFO] [1773308101.393746142] [rtabmap]: rtabmap: use_action_for_goal  = false
[INFO] [1773308101.393760479] [rtabmap]: rtabmap: tf_delay      = 0.050000
[INFO] [1773308101.393854945] [rtabmap]: rtabmap: tf_tolerance  = 0.100000
[INFO] [1773308101.393972133] [rtabmap]: rtabmap: odom_sensor_sync   = false
[INFO] [1773308101.394002342] [rtabmap]: rtabmap: pub_loc_pose_only_when_localizing = false
[INFO] [1773308101.394027398] [rtabmap]: rtabmap: wait_for_transform = 0.500000
[INFO] [1773308101.394055015] [rtabmap]: rtabmap: gen_scan  = false
[INFO] [1773308101.394079560] [rtabmap]: rtabmap: gen_depth  = false
[INFO] [1773308101.394104424] [rtabmap]: rtabmap: scan_cloud_max_points = 0
[INFO] [1773308101.394128329] [rtabmap]: rtabmap: scan_cloud_is_2d = false
[INFO] [1773308101.406452939] [rtabmap]: Setting RTAB-Map parameter "Grid/CellSize"="0.03" (rosparam)
[INFO] [1773308101.406906776] [rtabmap]: Setting RTAB-Map parameter "Grid/MaxGroundAngle"="45" (rosparam)
[INFO] [1773308101.406966649] [rtabmap]: Setting RTAB-Map parameter "Grid/MaxGroundHeight"="0.1" (rosparam)
[INFO] [1773308101.407012795] [rtabmap]: Setting RTAB-Map parameter "Grid/MaxObstacleHeight"="0.7" (rosparam)
[INFO] [1773308101.407100733] [rtabmap]: Setting RTAB-Map parameter "Grid/MinGroundHeight"="-0.1" (rosparam)
[INFO] [1773308101.407274210] [rtabmap]: Setting RTAB-Map parameter "Grid/RangeMax"="3.0" (rosparam)
[INFO] [1773308101.407327908] [rtabmap]: Setting RTAB-Map parameter "Grid/RangeMin"="0.7" (rosparam)
[INFO] [1773308101.407373797] [rtabmap]: Setting RTAB-Map parameter "Grid/RayTracing"="false" (rosparam)
[INFO] [1773308101.407468424] [rtabmap]: Setting RTAB-Map parameter "Grid/Sensor"="0" (rosparam)
[INFO] [1773308101.407855763] [rtabmap]: Setting RTAB-Map parameter "Icp/CorrespondenceRatio"="0.2" (rosparam)
[INFO] [1773308101.407957686] [rtabmap]: Setting RTAB-Map parameter "Icp/Epsilon"="0.001" (rosparam)
[INFO] [1773308101.408148699] [rtabmap]: Setting RTAB-Map parameter "Icp/Iterations"="10" (rosparam)
[INFO] [1773308101.408204957] [rtabmap]: Setting RTAB-Map parameter "Icp/MaxCorrespondenceDistance"="1" (rosparam)
[INFO] [1773308101.408280063] [rtabmap]: Setting RTAB-Map parameter "Icp/MaxTranslation"="3" (rosparam)
[INFO] [1773308101.408345345] [rtabmap]: Setting RTAB-Map parameter "Icp/OutlierRatio"="0.7" (rosparam)
[INFO] [1773308101.408488933] [rtabmap]: Setting RTAB-Map parameter "Icp/PointToPlane"="true" (rosparam)
[INFO] [1773308101.408574279] [rtabmap]: Setting RTAB-Map parameter "Icp/PointToPlaneK"="20" (rosparam)
[INFO] [1773308101.408686059] [rtabmap]: Setting RTAB-Map parameter "Icp/PointToPlaneRadius"="0" (rosparam)
[INFO] [1773308101.408763469] [rtabmap]: Setting RTAB-Map parameter "Icp/RangeMin"="0.3" (rosparam)
[INFO] [1773308101.408834575] [rtabmap]: Setting RTAB-Map parameter "Icp/Strategy"="1" (rosparam)
[INFO] [1773308101.408885456] [rtabmap]: Setting RTAB-Map parameter "Icp/VoxelSize"="0.1" (rosparam)
[INFO] [1773308101.416301445] [rtabmap]: Setting RTAB-Map parameter "Mem/LaserScanNormalK"="20" (rosparam)
[INFO] [1773308101.416469546] [rtabmap]: Setting RTAB-Map parameter "Mem/LaserScanVoxelSize"="0.03" (rosparam)
[INFO] [1773308101.416688144] [rtabmap]: Setting RTAB-Map parameter "Mem/NotLinkedNodesKept"="false" (rosparam)
[INFO] [1773308101.416910774] [rtabmap]: Setting RTAB-Map parameter "Mem/STMSize"="30" (rosparam)
[INFO] [1773308101.417632395] [rtabmap]: Setting RTAB-Map parameter "RGBD/AngularUpdate"="0.05" (rosparam)
[INFO] [1773308101.417683597] [rtabmap]: Setting RTAB-Map parameter "RGBD/CreateOccupancyGrid"="true" (rosparam)
[INFO] [1773308101.417871122] [rtabmap]: Setting RTAB-Map parameter "RGBD/LinearUpdate"="0.05" (rosparam)
[INFO] [1773308101.418606567] [rtabmap]: Setting RTAB-Map parameter "RGBD/ProximityMaxGraphDepth"="0" (rosparam)
[INFO] [1773308101.418757899] [rtabmap]: Setting RTAB-Map parameter "RGBD/ProximityPathMaxNeighbors"="1" (rosparam)
[INFO] [1773308101.418918416] [rtabmap]: Setting RTAB-Map parameter "Reg/Strategy"="1" (rosparam)
[INFO] [1773308101.423663384] [rtabmap]: RTAB-Map detection rate = 1.000000 Hz
[INFO] [1773308101.424057891] [rtabmap]: rtabmap: Deleted database "/root/.ros/rtabmap.db" (--delete_db_on_start or -d are set).
[INFO] [1773308101.424123141] [rtabmap]: rtabmap: Using database from "/root/.ros/rtabmap.db" (0 MB).
[INFO] [1773308101.499149773] [rtabmap]: rtabmap: Database version = "0.22.1".
[INFO] [1773308101.499346163] [rtabmap]: rtabmap: SLAM mode (Mem/IncrementalMemory=true)
[INFO] [1773308101.519211244] [rtabmap]: Setup callbacks
[INFO] [1773308101.519493940] [rtabmap]: rtabmap: subscribe_depth = false
[INFO] [1773308101.519534421] [rtabmap]: rtabmap: subscribe_rgb = false
[INFO] [1773308101.519559894] [rtabmap]: rtabmap: subscribe_stereo = false
[INFO] [1773308101.519593399] [rtabmap]: rtabmap: subscribe_rgbd = false (rgbd_cameras=1)
[INFO] [1773308101.519637304] [rtabmap]: rtabmap: subscribe_sensor_data = false
[INFO] [1773308101.519660793] [rtabmap]: rtabmap: subscribe_odom_info = false
[INFO] [1773308101.519729243] [rtabmap]: rtabmap: subscribe_user_data = false
[INFO] [1773308101.519753340] [rtabmap]: rtabmap: subscribe_scan = false
[INFO] [1773308101.519773244] [rtabmap]: rtabmap: subscribe_scan_cloud = true
[INFO] [1773308101.519791133] [rtabmap]: rtabmap: subscribe_scan_descriptor = false
[INFO] [1773308101.519821342] [rtabmap]: rtabmap: topic_queue_size = 10
[INFO] [1773308101.519955138] [rtabmap]: rtabmap: sync_queue_size  = 200
[INFO] [1773308101.519990883] [rtabmap]: rtabmap: qos_image       = 0
[INFO] [1773308101.520018499] [rtabmap]: rtabmap: qos_camera_info = 0
[INFO] [1773308101.520057124] [rtabmap]: rtabmap: qos_scan        = 0
[INFO] [1773308101.520084997] [rtabmap]: rtabmap: qos_odom        = 0
[INFO] [1773308101.520111558] [rtabmap]: rtabmap: qos_user_data   = 0
[INFO] [1773308101.520134247] [rtabmap]: rtabmap: approx_sync     = true
[INFO] [1773308101.520216201] [rtabmap]: Setup scan callback
[INFO] [1773308101.522243587] [rtabmap]: 
rtabmap subscribed to (approx sync):
   /odom \
   /leo04/livox/lidar
[WARN] [1773308101.525456831] [rtabmap]: There is no image subscription, bag-of-words loop closure detection will be disabled...
[WARN] [1773308101.525642277] [rtabmap]: Setting Kp/MaxFeatures=-1 (bag-of-words disabled)
[WARN] [1773308106.525820135] [rtabmap]: rtabmap: Did not receive data since 5 seconds! Make sure the input topics are published ("$ ros2 topic hz my_topic") and the timestamps in their header are set. If topics are coming from different computers, make sure the clocks of the computers are synchronized ("ntpdate"). Ajusting topic_queue_size (10) and sync_queue_size (200) can also help for better synchronization if framerates and/or delays are different. If topics are not published at the same rate, you could increase "sync_queue_size" and/or "topic_queue_size" parameters (current=200 and 10 respectively).
rtabmap subscribed to (approx sync):
   /odom \
   /leo04/livox/lidar
[WARN] [1773308111.525888421] [rtabmap]: rtabmap: Did not receive data since 5 seconds! Make sure the input topics are published ("$ ros2 topic hz my_topic") and the timestamps in their header are set. If topics are coming from different computers, make sure the clocks of the computers are synchronized ("ntpdate"). Ajusting topic_queue_size (10) and sync_queue_size (200) can also help for better synchronization if framerates and/or delays are different. If topics are not published at the same rate, you could increase "sync_queue_size" and/or "topic_queue_size" parameters (current=200 and 10 respectively).
rtabmap subscribed to (approx sync):
   /odom \
   /leo04/livox/lidar
[INFO] [1773308116.140616121] [rclcpp]: signal_handler(signum=2)
