[INFO] [1770984079.763510242] [rtabmap]: rtabmap(maps): latch                      = true
[INFO] [1770984079.765342206] [rtabmap]: rtabmap(maps): map_filter_radius          = 0.000000
[INFO] [1770984079.765396640] [rtabmap]: rtabmap(maps): map_filter_angle           = 30.000000
[INFO] [1770984079.765424385] [rtabmap]: rtabmap(maps): map_cleanup                = true
[INFO] [1770984079.765443585] [rtabmap]: rtabmap(maps): map_always_update          = false
[INFO] [1770984079.765462146] [rtabmap]: rtabmap(maps): map_empty_ray_tracing      = true
[INFO] [1770984079.765479586] [rtabmap]: rtabmap(maps): cloud_output_voxelized     = true
[INFO] [1770984079.765502499] [rtabmap]: rtabmap(maps): cloud_subtract_filtering   = false
[INFO] [1770984079.765520964] [rtabmap]: rtabmap(maps): cloud_subtract_filtering_min_neighbors = 2
[INFO] [1770984079.765653768] [rtabmap]: rtabmap(maps): octomap_tree_depth         = 16
[INFO] [1770984079.783153858] [rtabmap]: rtabmap: frame_id      = leo04/base_footprint
[INFO] [1770984079.785111970] [rtabmap]: rtabmap: map_frame_id  = map
[INFO] [1770984079.785155299] [rtabmap]: rtabmap: log_to_rosout_level  = 4
[INFO] [1770984079.785176836] [rtabmap]: rtabmap: initial_pose  = 
[INFO] [1770984079.785195621] [rtabmap]: rtabmap: use_action_for_goal  = false
[INFO] [1770984079.785213989] [rtabmap]: rtabmap: tf_delay      = 0.050000
[INFO] [1770984079.785245222] [rtabmap]: rtabmap: tf_tolerance  = 0.100000
[INFO] [1770984079.785290056] [rtabmap]: rtabmap: odom_sensor_sync   = false
[INFO] [1770984079.785313352] [rtabmap]: rtabmap: pub_loc_pose_only_when_localizing = false
[INFO] [1770984079.785334185] [rtabmap]: rtabmap: wait_for_transform = 0.500000
[INFO] [1770984079.785357418] [rtabmap]: rtabmap: gen_scan  = false
[INFO] [1770984079.785377482] [rtabmap]: rtabmap: gen_depth  = false
[INFO] [1770984079.785397963] [rtabmap]: rtabmap: scan_cloud_max_points = 0
[INFO] [1770984079.785417612] [rtabmap]: rtabmap: scan_cloud_is_2d = false
[INFO] [1770984079.803980328] [rtabmap]: Setting RTAB-Map parameter "Grid/CellSize"="0.03" (rosparam)
[INFO] [1770984079.804424183] [rtabmap]: Setting RTAB-Map parameter "Grid/MaxGroundAngle"="45" (rosparam)
[INFO] [1770984079.804530138] [rtabmap]: Setting RTAB-Map parameter "Grid/MaxGroundHeight"="0.1" (rosparam)
[INFO] [1770984079.804603965] [rtabmap]: Setting RTAB-Map parameter "Grid/MaxObstacleHeight"="1.0" (rosparam)
[INFO] [1770984079.804694400] [rtabmap]: Setting RTAB-Map parameter "Grid/MinGroundHeight"="-0.1" (rosparam)
[INFO] [1770984079.804882246] [rtabmap]: Setting RTAB-Map parameter "Grid/RangeMax"="3.0" (rosparam)
[INFO] [1770984079.804944712] [rtabmap]: Setting RTAB-Map parameter "Grid/RangeMin"="0.5" (rosparam)
[INFO] [1770984079.805007338] [rtabmap]: Setting RTAB-Map parameter "Grid/RayTracing"="false" (rosparam)
[INFO] [1770984079.805127182] [rtabmap]: Setting RTAB-Map parameter "Grid/Sensor"="0.03" (rosparam)
[INFO] [1770984079.805524283] [rtabmap]: Setting RTAB-Map parameter "Icp/CorrespondenceRatio"="0.2" (rosparam)
[INFO] [1770984079.805657983] [rtabmap]: Setting RTAB-Map parameter "Icp/Epsilon"="0.001" (rosparam)
[INFO] [1770984079.805781187] [rtabmap]: Setting RTAB-Map parameter "Icp/Iterations"="10" (rosparam)
[INFO] [1770984079.805843493] [rtabmap]: Setting RTAB-Map parameter "Icp/MaxCorrespondenceDistance"="1" (rosparam)
[INFO] [1770984079.805955017] [rtabmap]: Setting RTAB-Map parameter "Icp/MaxTranslation"="3" (rosparam)
[INFO] [1770984079.806019275] [rtabmap]: Setting RTAB-Map parameter "Icp/OutlierRatio"="0.7" (rosparam)
[INFO] [1770984079.806188496] [rtabmap]: Setting RTAB-Map parameter "Icp/PointToPlane"="true" (rosparam)
[INFO] [1770984079.806270451] [rtabmap]: Setting RTAB-Map parameter "Icp/PointToPlaneK"="20" (rosparam)
[INFO] [1770984079.806387255] [rtabmap]: Setting RTAB-Map parameter "Icp/PointToPlaneRadius"="0" (rosparam)
[INFO] [1770984079.806492282] [rtabmap]: Setting RTAB-Map parameter "Icp/RangeMin"="0.3" (rosparam)
[INFO] [1770984079.806589757] [rtabmap]: Setting RTAB-Map parameter "Icp/Strategy"="1" (rosparam)
[INFO] [1770984079.806648639] [rtabmap]: Setting RTAB-Map parameter "Icp/VoxelSize"="0.1" (rosparam)
[INFO] [1770984079.808262004] [rtabmap]: Setting RTAB-Map parameter "Mem/LaserScanNormalK"="20" (rosparam)
[INFO] [1770984079.808370199] [rtabmap]: Setting RTAB-Map parameter "Mem/LaserScanVoxelSize"="0.03" (rosparam)
[INFO] [1770984079.808486843] [rtabmap]: Setting RTAB-Map parameter "Mem/NotLinkedNodesKept"="false" (rosparam)
[INFO] [1770984079.808742500] [rtabmap]: Setting RTAB-Map parameter "Mem/STMSize"="30" (rosparam)
[INFO] [1770984079.812359961] [rtabmap]: Setting RTAB-Map parameter "RGBD/AngularUpdate"="0.05" (rosparam)
[INFO] [1770984079.812459549] [rtabmap]: Setting RTAB-Map parameter "RGBD/CreateOccupancyGrid"="true" (rosparam)
[INFO] [1770984079.812659523] [rtabmap]: Setting RTAB-Map parameter "RGBD/LinearUpdate"="0.05" (rosparam)
[INFO] [1770984079.813226902] [rtabmap]: Setting RTAB-Map parameter "RGBD/ProximityMaxGraphDepth"="0" (rosparam)
[INFO] [1770984079.813429372] [rtabmap]: Setting RTAB-Map parameter "RGBD/ProximityPathMaxNeighbors"="1" (rosparam)
[INFO] [1770984079.813607266] [rtabmap]: Setting RTAB-Map parameter "Reg/Strategy"="1" (rosparam)
[INFO] [1770984079.825600329] [rtabmap]: RTAB-Map detection rate = 1.000000 Hz
[INFO] [1770984079.839463820] [rtabmap]: rtabmap: Deleted database "/root/.ros/rtabmap.db" (--delete_db_on_start or -d are set).
[INFO] [1770984079.840773975] [rtabmap]: rtabmap: Using database from "/root/.ros/rtabmap.db" (0 MB).
[INFO] [1770984079.912419093] [rtabmap]: rtabmap: Database version = "0.22.1".
[INFO] [1770984079.912550585] [rtabmap]: rtabmap: SLAM mode (Mem/IncrementalMemory=true)
[INFO] [1770984079.924965901] [rtabmap]: Setup callbacks
[INFO] [1770984079.925177140] [rtabmap]: rtabmap: subscribe_depth = false
[INFO] [1770984079.925211637] [rtabmap]: rtabmap: subscribe_rgb = false
[INFO] [1770984079.925234454] [rtabmap]: rtabmap: subscribe_stereo = false
[INFO] [1770984079.925255383] [rtabmap]: rtabmap: subscribe_rgbd = false (rgbd_cameras=1)
[INFO] [1770984079.925299096] [rtabmap]: rtabmap: subscribe_sensor_data = false
[INFO] [1770984079.925323417] [rtabmap]: rtabmap: subscribe_odom_info = false
[INFO] [1770984079.925345466] [rtabmap]: rtabmap: subscribe_user_data = false
[INFO] [1770984079.925366842] [rtabmap]: rtabmap: subscribe_scan = false
[INFO] [1770984079.925388251] [rtabmap]: rtabmap: subscribe_scan_cloud = true
[INFO] [1770984079.925409180] [rtabmap]: rtabmap: subscribe_scan_descriptor = false
[INFO] [1770984079.925435677] [rtabmap]: rtabmap: topic_queue_size = 10
[INFO] [1770984079.925459261] [rtabmap]: rtabmap: sync_queue_size  = 200
[INFO] [1770984079.925481278] [rtabmap]: rtabmap: qos_image       = 0
[INFO] [1770984079.925502463] [rtabmap]: rtabmap: qos_camera_info = 0
[INFO] [1770984079.925523168] [rtabmap]: rtabmap: qos_scan        = 0
[INFO] [1770984079.925544608] [rtabmap]: rtabmap: qos_odom        = 0
[INFO] [1770984079.925565569] [rtabmap]: rtabmap: qos_user_data   = 0
[INFO] [1770984079.925586146] [rtabmap]: rtabmap: approx_sync     = true
[INFO] [1770984079.925629443] [rtabmap]: Setup scan callback
[INFO] [1770984079.927105971] [rtabmap]: 
rtabmap subscribed to (approx sync):
   /odom \
   /leo04/livox/lidar
[WARN] [1770984079.932209913] [rtabmap]: There is no image subscription, bag-of-words loop closure detection will be disabled...
[WARN] [1770984079.932344574] [rtabmap]: Setting Kp/MaxFeatures=-1 (bag-of-words disabled)
[INFO] [1770984080.053513865] [rtabmap]: rtabmap (1): Rate=1.00s, Limit=0.000s, Conversion=0.0009s, RTAB-Map=0.0743s, Maps update=0.0021s pub=0.0021s delay=0.2040s (local map=1, WM=1)
[INFO] [1770984081.179176964] [rtabmap]: rtabmap (2): Rate=1.00s, Limit=0.000s, Conversion=0.0005s, RTAB-Map=0.0722s, Maps update=0.0003s pub=0.0001s delay=0.2297s (local map=1, WM=1)
[INFO] [1770984082.293333288] [rtabmap]: rtabmap (3): Rate=1.00s, Limit=0.000s, Conversion=0.0003s, RTAB-Map=0.0794s, Maps update=0.0002s pub=0.0001s delay=0.2438s (local map=1, WM=1)
[INFO] [1770984083.386977520] [rtabmap]: rtabmap (4): Rate=1.00s, Limit=0.000s, Conversion=0.0006s, RTAB-Map=0.0764s, Maps update=0.0003s pub=0.0002s delay=0.2375s (local map=1, WM=1)
[INFO] [1770984084.380018795] [rtabmap]: rtabmap (5): Rate=1.00s, Limit=0.000s, Conversion=0.0003s, RTAB-Map=0.0737s, Maps update=0.0002s pub=0.0001s delay=0.2304s (local map=1, WM=1)
[INFO] [1770984085.497032812] [rtabmap]: rtabmap (6): Rate=1.00s, Limit=0.000s, Conversion=0.0003s, RTAB-Map=0.0874s, Maps update=0.0002s pub=0.0001s delay=0.2481s (local map=1, WM=1)
[INFO] [1770984086.488268364] [rtabmap]: rtabmap (7): Rate=1.00s, Limit=0.000s, Conversion=0.0003s, RTAB-Map=0.0815s, Maps update=0.0002s pub=0.0001s delay=0.2393s (local map=1, WM=1)
[INFO] [1770984087.588783220] [rtabmap]: rtabmap (8): Rate=1.00s, Limit=0.000s, Conversion=0.0003s, RTAB-Map=0.0762s, Maps update=0.0002s pub=0.0001s delay=0.2398s (local map=1, WM=1)
[INFO] [1770984088.595420426] [rtabmap]: rtabmap (9): Rate=1.00s, Limit=0.000s, Conversion=0.0005s, RTAB-Map=0.0829s, Maps update=0.0002s pub=0.0001s delay=0.2463s (local map=1, WM=1)
[INFO] [1770984089.686187604] [rtabmap]: rtabmap (10): Rate=1.00s, Limit=0.000s, Conversion=0.0003s, RTAB-Map=0.0740s, Maps update=0.0002s pub=0.0001s delay=0.2371s (local map=1, WM=1)
[INFO] [1770984090.798050830] [rtabmap]: rtabmap (11): Rate=1.00s, Limit=0.000s, Conversion=0.0005s, RTAB-Map=0.0761s, Maps update=0.0018s pub=0.0021s delay=0.2488s (local map=2, WM=2)
[INFO] [1770984091.885736468] [rtabmap]: rtabmap (12): Rate=1.00s, Limit=0.000s, Conversion=0.0005s, RTAB-Map=0.0681s, Maps update=0.0017s pub=0.0033s delay=0.2367s (local map=3, WM=3)
[INFO] [1770984092.897672246] [rtabmap]: rtabmap (13): Rate=1.00s, Limit=0.000s, Conversion=0.0003s, RTAB-Map=0.0775s, Maps update=0.0015s pub=0.0032s delay=0.2485s (local map=4, WM=4)
[INFO] [1770984093.902243881] [rtabmap]: rtabmap (14): Rate=1.00s, Limit=0.000s, Conversion=0.0003s, RTAB-Map=0.0838s, Maps update=0.0014s pub=0.0042s delay=0.2527s (local map=5, WM=5)
[INFO] [1770984095.001905685] [rtabmap]: rtabmap (15): Rate=1.00s, Limit=0.000s, Conversion=0.0003s, RTAB-Map=0.0810s, Maps update=0.0024s pub=0.0044s delay=0.2528s (local map=6, WM=6)
[INFO] [1770984096.082881024] [rtabmap]: rtabmap (16): Rate=1.00s, Limit=0.000s, Conversion=0.0003s, RTAB-Map=0.0685s, Maps update=0.0016s pub=0.0048s delay=0.2339s (local map=7, WM=7)
[INFO] [1770984097.194029731] [rtabmap]: rtabmap (17): Rate=1.00s, Limit=0.000s, Conversion=0.0005s, RTAB-Map=0.0721s, Maps update=0.0014s pub=0.0045s delay=0.2451s (local map=8, WM=8)
[INFO] [1770984098.203530422] [rtabmap]: rtabmap (18): Rate=1.00s, Limit=0.000s, Conversion=0.0005s, RTAB-Map=0.0780s, Maps update=0.0017s pub=0.0054s delay=0.2538s (local map=9, WM=9)
[INFO] [1770984099.297691471] [rtabmap]: rtabmap (19): Rate=1.00s, Limit=0.000s, Conversion=0.0003s, RTAB-Map=0.0720s, Maps update=0.0016s pub=0.0064s delay=0.2482s (local map=10, WM=10)
[INFO] [1770984100.399701191] [rtabmap]: rtabmap (20): Rate=1.00s, Limit=0.000s, Conversion=0.0006s, RTAB-Map=0.0777s, Maps update=0.0015s pub=0.0050s delay=0.2506s (local map=11, WM=11)
[INFO] [1770984101.510319608] [rtabmap]: rtabmap (21): Rate=1.00s, Limit=0.000s, Conversion=0.0003s, RTAB-Map=0.0760s, Maps update=0.0019s pub=0.0059s delay=0.2613s (local map=12, WM=12)
[INFO] [1770984102.500581401] [rtabmap]: rtabmap (22): Rate=1.00s, Limit=0.000s, Conversion=0.0003s, RTAB-Map=0.0802s, Maps update=0.0023s pub=0.0064s delay=0.2515s (local map=13, WM=13)
[INFO] [1770984103.611471442] [rtabmap]: rtabmap (23): Rate=1.00s, Limit=0.000s, Conversion=0.0003s, RTAB-Map=0.0811s, Maps update=0.0017s pub=0.0082s delay=0.2619s (local map=14, WM=14)
[INFO] [1770984104.708711887] [rtabmap]: rtabmap (24): Rate=1.00s, Limit=0.000s, Conversion=0.0005s, RTAB-Map=0.0774s, Maps update=0.0017s pub=0.0071s delay=0.2598s (local map=15, WM=15)
[INFO] [1770984105.716960794] [rtabmap]: rtabmap (25): Rate=1.00s, Limit=0.000s, Conversion=0.0004s, RTAB-Map=0.0793s, Maps update=0.0016s pub=0.0089s delay=0.2679s (local map=16, WM=16)
[INFO] [1770984106.805551965] [rtabmap]: rtabmap (26): Rate=1.00s, Limit=0.000s, Conversion=0.0003s, RTAB-Map=0.0785s, Maps update=0.0015s pub=0.0079s delay=0.2559s (local map=17, WM=17)
[INFO] [1770984107.811797030] [rtabmap]: rtabmap (27): Rate=1.00s, Limit=0.000s, Conversion=0.0006s, RTAB-Map=0.0778s, Maps update=0.0015s pub=0.0069s delay=0.2621s (local map=18, WM=18)
[INFO] [1770984108.906452879] [rtabmap]: rtabmap (28): Rate=1.00s, Limit=0.000s, Conversion=0.0005s, RTAB-Map=0.0728s, Maps update=0.0003s pub=0.0088s delay=0.2573s (local map=19, WM=19)
[INFO] [1770984110.013303846] [rtabmap]: rtabmap (29): Rate=1.00s, Limit=0.000s, Conversion=0.0005s, RTAB-Map=0.0762s, Maps update=0.0015s pub=0.0071s delay=0.2643s (local map=20, WM=20)
[INFO] [1770984111.009523464] [rtabmap]: rtabmap (30): Rate=1.00s, Limit=0.000s, Conversion=0.0003s, RTAB-Map=0.0736s, Maps update=0.0015s pub=0.0090s delay=0.2604s (local map=21, WM=21)
[INFO] [1770984112.091694426] [rtabmap]: rtabmap (31): Rate=1.00s, Limit=0.000s, Conversion=0.0005s, RTAB-Map=0.0645s, Maps update=0.0018s pub=0.0093s delay=0.2427s (local map=22, WM=22)
[INFO] [1770984113.193623760] [rtabmap]: rtabmap (32): Rate=1.00s, Limit=0.000s, Conversion=0.0004s, RTAB-Map=0.0704s, Maps update=0.0019s pub=0.0082s delay=0.2447s (local map=23, WM=23)
[INFO] [1770984114.199161698] [rtabmap]: rtabmap (33): Rate=1.00s, Limit=0.000s, Conversion=0.0005s, RTAB-Map=0.0712s, Maps update=0.0015s pub=0.0095s delay=0.2501s (local map=24, WM=24)
[INFO] [1770984115.198355782] [rtabmap]: rtabmap (34): Rate=1.00s, Limit=0.000s, Conversion=0.0004s, RTAB-Map=0.0682s, Maps update=0.0020s pub=0.0086s delay=0.2492s (local map=25, WM=25)
[INFO] [1770984116.302960755] [rtabmap]: rtabmap (35): Rate=1.00s, Limit=0.000s, Conversion=0.0003s, RTAB-Map=0.0719s, Maps update=0.0016s pub=0.0111s delay=0.2539s (local map=26, WM=26)
[INFO] [1770984117.294772326] [rtabmap]: rtabmap (36): Rate=1.00s, Limit=0.000s, Conversion=0.0004s, RTAB-Map=0.0692s, Maps update=0.0021s pub=0.0093s delay=0.2457s (local map=27, WM=27)
[INFO] [1770984118.310112567] [rtabmap]: rtabmap (37): Rate=1.00s, Limit=0.000s, Conversion=0.0007s, RTAB-Map=0.0857s, Maps update=0.0019s pub=0.0087s delay=0.2610s (local map=28, WM=28)
[INFO] [1770984119.409437336] [rtabmap]: rtabmap (38): Rate=1.00s, Limit=0.000s, Conversion=0.0004s, RTAB-Map=0.0692s, Maps update=0.0016s pub=0.0107s delay=0.2605s (local map=29, WM=29)
[INFO] [1770984120.516046823] [rtabmap]: rtabmap (39): Rate=1.00s, Limit=0.000s, Conversion=0.0003s, RTAB-Map=0.0731s, Maps update=0.0018s pub=0.0097s delay=0.2670s (local map=30, WM=30)
[INFO] [1770984121.567926494] [rtabmap]: rtabmap (40): Rate=1.00s, Limit=0.000s, Conversion=0.0003s, RTAB-Map=0.1280s, Maps update=0.0018s pub=0.0130s delay=0.3188s (local map=31, WM=31)
[INFO] [1770984122.569209158] [rtabmap]: rtabmap (41): Rate=1.00s, Limit=0.000s, Conversion=0.0003s, RTAB-Map=0.1281s, Maps update=0.0016s pub=0.0129s delay=0.3200s (local map=32, WM=32)
[INFO] [1770984123.661690664] [rtabmap]: rtabmap (42): Rate=1.00s, Limit=0.000s, Conversion=0.0003s, RTAB-Map=0.1248s, Maps update=0.0019s pub=0.0132s delay=0.3127s (local map=33, WM=33)
[INFO] [1770984124.658955469] [rtabmap]: rtabmap (43): Rate=1.00s, Limit=0.000s, Conversion=0.0004s, RTAB-Map=0.1318s, Maps update=0.0018s pub=0.0145s delay=0.3099s (local map=34, WM=34)
[INFO] [1770984125.663957165] [rtabmap]: rtabmap (44): Rate=1.00s, Limit=0.000s, Conversion=0.0007s, RTAB-Map=0.1285s, Maps update=0.0020s pub=0.0104s delay=0.3149s (local map=35, WM=35)
[INFO] [1770984126.663449050] [rtabmap]: rtabmap (45): Rate=1.00s, Limit=0.000s, Conversion=0.0003s, RTAB-Map=0.1190s, Maps update=0.0021s pub=0.0159s delay=0.3143s (local map=36, WM=36)
[INFO] [1770984127.764037445] [rtabmap]: rtabmap (46): Rate=1.00s, Limit=0.000s, Conversion=0.0007s, RTAB-Map=0.1327s, Maps update=0.0027s pub=0.0141s delay=0.3151s (local map=37, WM=37)
[INFO] [1770984128.747501608] [rtabmap]: rtabmap (47): Rate=1.00s, Limit=0.000s, Conversion=0.0003s, RTAB-Map=0.1192s, Maps update=0.0020s pub=0.0118s delay=0.2984s (local map=38, WM=38)
[INFO] [1770984129.863225343] [rtabmap]: rtabmap (48): Rate=1.00s, Limit=0.000s, Conversion=0.0003s, RTAB-Map=0.1247s, Maps update=0.0017s pub=0.0146s delay=0.3142s (local map=39, WM=39)
[INFO] [1770984130.868633805] [rtabmap]: rtabmap (49): Rate=1.00s, Limit=0.000s, Conversion=0.0005s, RTAB-Map=0.1390s, Maps update=0.0023s pub=0.0130s delay=0.3195s (local map=40, WM=40)
[INFO] [1770984131.966050544] [rtabmap]: rtabmap (50): Rate=1.00s, Limit=0.000s, Conversion=0.0005s, RTAB-Map=0.1310s, Maps update=0.0017s pub=0.0115s delay=0.3170s (local map=41, WM=41)
[INFO] [1770984132.970845642] [rtabmap]: rtabmap (51): Rate=1.00s, Limit=0.000s, Conversion=0.0005s, RTAB-Map=0.1372s, Maps update=0.0016s pub=0.0128s delay=0.3211s (local map=42, WM=42)
[INFO] [1770984134.075794274] [rtabmap]: rtabmap (52): Rate=1.00s, Limit=0.000s, Conversion=0.0005s, RTAB-Map=0.1287s, Maps update=0.0025s pub=0.0171s delay=0.3267s (local map=43, WM=43)
[INFO] [1770984135.075176363] [rtabmap]: rtabmap (53): Rate=1.00s, Limit=0.000s, Conversion=0.0005s, RTAB-Map=0.1396s, Maps update=0.0017s pub=0.0131s delay=0.3260s (local map=44, WM=44)
[INFO] [1770984136.175189603] [rtabmap]: rtabmap (54): Rate=1.00s, Limit=0.000s, Conversion=0.0006s, RTAB-Map=0.1323s, Maps update=0.0017s pub=0.0139s delay=0.3261s (local map=45, WM=45)
[INFO] [1770984137.173224929] [rtabmap]: rtabmap (55): Rate=1.00s, Limit=0.000s, Conversion=0.0004s, RTAB-Map=0.1304s, Maps update=0.0017s pub=0.0141s delay=0.3241s (local map=46, WM=46)
[INFO] [1770984138.185327752] [rtabmap]: rtabmap (56): Rate=1.00s, Limit=0.000s, Conversion=0.0004s, RTAB-Map=0.1375s, Maps update=0.0019s pub=0.0154s delay=0.3362s (local map=47, WM=47)
[INFO] [1770984139.300311016] [rtabmap]: rtabmap (57): Rate=1.00s, Limit=0.000s, Conversion=0.0005s, RTAB-Map=0.1564s, Maps update=0.0017s pub=0.0163s delay=0.3513s (local map=48, WM=48)
[INFO] [1770984140.270965193] [rtabmap]: rtabmap (58): Rate=1.00s, Limit=0.000s, Conversion=0.0003s, RTAB-Map=0.1371s, Maps update=0.0025s pub=0.0147s delay=0.3217s (local map=49, WM=49)
[INFO] [1770984141.386022443] [rtabmap]: rtabmap (59): Rate=1.00s, Limit=0.000s, Conversion=0.0009s, RTAB-Map=0.1370s, Maps update=0.0021s pub=0.0190s delay=0.3368s (local map=50, WM=50)
[INFO] [1770984142.485347278] [rtabmap]: rtabmap (60): Rate=1.00s, Limit=0.000s, Conversion=0.0005s, RTAB-Map=0.1335s, Maps update=0.0019s pub=0.0163s delay=0.3363s (local map=51, WM=51)
[INFO] [1770984143.505017955] [rtabmap]: rtabmap (61): Rate=1.00s, Limit=0.000s, Conversion=0.0003s, RTAB-Map=0.1488s, Maps update=0.0030s pub=0.0170s delay=0.3558s (local map=52, WM=52)
[INFO] [1770984144.583106379] [rtabmap]: rtabmap (62): Rate=1.00s, Limit=0.000s, Conversion=0.0003s, RTAB-Map=0.1382s, Maps update=0.0019s pub=0.0186s delay=0.3338s (local map=53, WM=53)
[INFO] [1770984145.674720689] [rtabmap]: rtabmap (63): Rate=1.00s, Limit=0.000s, Conversion=0.0005s, RTAB-Map=0.1331s, Maps update=0.0005s pub=0.0156s delay=0.3255s (local map=54, WM=54)
[INFO] [1770984146.698536724] [rtabmap]: rtabmap (64): Rate=1.00s, Limit=0.000s, Conversion=0.0003s, RTAB-Map=0.1404s, Maps update=0.0005s pub=0.0158s delay=0.3493s (local map=55, WM=55)
[INFO] [1770984147.689334065] [rtabmap]: rtabmap (65): Rate=1.00s, Limit=0.000s, Conversion=0.0005s, RTAB-Map=0.1378s, Maps update=0.0021s pub=0.0160s delay=0.3400s (local map=56, WM=56)
[INFO] [1770984148.797849342] [rtabmap]: rtabmap (66): Rate=1.00s, Limit=0.000s, Conversion=0.0003s, RTAB-Map=0.1437s, Maps update=0.0016s pub=0.0169s delay=0.3486s (local map=57, WM=57)
[INFO] [1770984149.791245276] [rtabmap]: rtabmap (67): Rate=1.00s, Limit=0.000s, Conversion=0.0005s, RTAB-Map=0.1317s, Maps update=0.0028s pub=0.0176s delay=0.3419s (local map=58, WM=58)
[INFO] [1770984150.778186746] [rtabmap]: rtabmap (68): Rate=1.00s, Limit=0.000s, Conversion=0.0003s, RTAB-Map=0.1287s, Maps update=0.0017s pub=0.0160s delay=0.3288s (local map=59, WM=59)
[INFO] [1770984151.875050565] [rtabmap]: rtabmap (69): Rate=1.00s, Limit=0.000s, Conversion=0.0004s, RTAB-Map=0.1274s, Maps update=0.0005s pub=0.0154s delay=0.3257s (local map=60, WM=60)
[INFO] [1770984152.896074046] [rtabmap]: rtabmap (70): Rate=1.00s, Limit=0.000s, Conversion=0.0005s, RTAB-Map=0.1359s, Maps update=0.0006s pub=0.0182s delay=0.3467s (local map=61, WM=61)
[INFO] [1770984153.902641033] [rtabmap]: rtabmap (71): Rate=1.00s, Limit=0.000s, Conversion=0.0005s, RTAB-Map=0.1476s, Maps update=0.0019s pub=0.0162s delay=0.3532s (local map=62, WM=62)
[INFO] [1770984154.987240435] [rtabmap]: rtabmap (72): Rate=1.00s, Limit=0.000s, Conversion=0.0007s, RTAB-Map=0.1321s, Maps update=0.0016s pub=0.0171s delay=0.3377s (local map=63, WM=63)
[INFO] [1770984155.984347658] [rtabmap]: rtabmap (73): Rate=1.00s, Limit=0.000s, Conversion=0.0004s, RTAB-Map=0.1283s, Maps update=0.0022s pub=0.0185s delay=0.3348s (local map=64, WM=64)
[INFO] [1770984157.078163549] [rtabmap]: rtabmap (74): Rate=1.00s, Limit=0.000s, Conversion=0.0004s, RTAB-Map=0.1284s, Maps update=0.0023s pub=0.0182s delay=0.3287s (local map=65, WM=65)
[INFO] [1770984158.176973352] [rtabmap]: rtabmap (75): Rate=1.00s, Limit=0.000s, Conversion=0.0006s, RTAB-Map=0.1237s, Maps update=0.0019s pub=0.0194s delay=0.3274s (local map=66, WM=66)
[INFO] [1770984159.166444580] [rtabmap]: rtabmap (76): Rate=1.00s, Limit=0.000s, Conversion=0.0003s, RTAB-Map=0.1199s, Maps update=0.0018s pub=0.0172s delay=0.3169s (local map=67, WM=67)
[INFO] [1770984160.177383464] [rtabmap]: rtabmap (77): Rate=1.00s, Limit=0.000s, Conversion=0.0005s, RTAB-Map=0.1336s, Maps update=0.0019s pub=0.0189s delay=0.3278s (local map=68, WM=68)
[INFO] [1770984161.283229616] [rtabmap]: rtabmap (78): Rate=1.00s, Limit=0.000s, Conversion=0.0005s, RTAB-Map=0.1412s, Maps update=0.0019s pub=0.0179s delay=0.3336s (local map=69, WM=69)
[INFO] [1770984162.383212662] [rtabmap]: rtabmap (79): Rate=1.00s, Limit=0.000s, Conversion=0.0005s, RTAB-Map=0.1299s, Maps update=0.0017s pub=0.0176s delay=0.3336s (local map=70, WM=70)
[INFO] [1770984163.381644878] [rtabmap]: rtabmap (80): Rate=1.00s, Limit=0.000s, Conversion=0.0003s, RTAB-Map=0.1301s, Maps update=0.0018s pub=0.0183s delay=0.3319s (local map=71, WM=71)
[INFO] [1770984164.385825379] [rtabmap]: rtabmap (81): Rate=1.00s, Limit=0.000s, Conversion=0.0005s, RTAB-Map=0.1276s, Maps update=0.0030s pub=0.0188s delay=0.3361s (local map=72, WM=72)
[INFO] [1770984165.499106364] [rtabmap]: rtabmap (82): Rate=1.00s, Limit=0.000s, Conversion=0.0004s, RTAB-Map=0.1472s, Maps update=0.0028s pub=0.0185s delay=0.3493s (local map=73, WM=73)
[INFO] [1770984166.485565570] [rtabmap]: rtabmap (83): Rate=1.00s, Limit=0.000s, Conversion=0.0005s, RTAB-Map=0.1309s, Maps update=0.0025s pub=0.0186s delay=0.3358s (local map=74, WM=74)
[INFO] [1770984167.584193860] [rtabmap]: rtabmap (84): Rate=1.00s, Limit=0.000s, Conversion=0.0005s, RTAB-Map=0.1324s, Maps update=0.0023s pub=0.0190s delay=0.3345s (local map=75, WM=75)
[INFO] [1770984168.603218714] [rtabmap]: rtabmap (85): Rate=1.00s, Limit=0.000s, Conversion=0.0005s, RTAB-Map=0.1501s, Maps update=0.0023s pub=0.0192s delay=0.3535s (local map=76, WM=76)
[INFO] [1770984169.582457690] [rtabmap]: rtabmap (86): Rate=1.00s, Limit=0.000s, Conversion=0.0004s, RTAB-Map=0.1361s, Maps update=0.0020s pub=0.0197s delay=0.3327s (local map=77, WM=77)
[INFO] [1770984170.688496364] [rtabmap]: rtabmap (87): Rate=1.00s, Limit=0.000s, Conversion=0.0005s, RTAB-Map=0.1352s, Maps update=0.0018s pub=0.0190s delay=0.3386s (local map=78, WM=78)
[INFO] [1770984171.794639619] [rtabmap]: rtabmap (88): Rate=1.00s, Limit=0.000s, Conversion=0.0005s, RTAB-Map=0.1387s, Maps update=0.0020s pub=0.0224s delay=0.3449s (local map=79, WM=79)
[INFO] [1770984172.810073926] [rtabmap]: rtabmap (89): Rate=1.00s, Limit=0.000s, Conversion=0.0106s, RTAB-Map=0.1439s, Maps update=0.0021s pub=0.0186s delay=0.3603s (local map=80, WM=80)
[INFO] [1770984173.799042056] [rtabmap]: rtabmap (90): Rate=1.00s, Limit=0.000s, Conversion=0.0006s, RTAB-Map=0.1358s, Maps update=0.0023s pub=0.0207s delay=0.3492s (local map=81, WM=81)
[INFO] [1770984174.908707598] [rtabmap]: rtabmap (91): Rate=1.00s, Limit=0.000s, Conversion=0.0004s, RTAB-Map=0.1499s, Maps update=0.0006s pub=0.0192s delay=0.3590s (local map=82, WM=82)
[INFO] [1770984175.907534650] [rtabmap]: rtabmap (92): Rate=1.00s, Limit=0.000s, Conversion=0.0005s, RTAB-Map=0.1511s, Maps update=0.0021s pub=0.0202s delay=0.3577s (local map=83, WM=83)
[INFO] [1770984176.983878730] [rtabmap]: rtabmap (93): Rate=1.00s, Limit=0.000s, Conversion=0.0003s, RTAB-Map=0.1323s, Maps update=0.0020s pub=0.0204s delay=0.3339s (local map=84, WM=84)
[INFO] [1770984178.090448727] [rtabmap]: rtabmap (94): Rate=1.00s, Limit=0.000s, Conversion=0.0005s, RTAB-Map=0.1307s, Maps update=0.0019s pub=0.0194s delay=0.3407s (local map=85, WM=85)
[INFO] [1770984179.095597884] [rtabmap]: rtabmap (95): Rate=1.00s, Limit=0.000s, Conversion=0.0005s, RTAB-Map=0.1334s, Maps update=0.0008s pub=0.0235s delay=0.3456s (local map=86, WM=86)
[INFO] [1770984180.212955359] [rtabmap]: rtabmap (96): Rate=1.00s, Limit=0.000s, Conversion=0.0107s, RTAB-Map=0.1436s, Maps update=0.0006s pub=0.0233s delay=0.3640s (local map=87, WM=87)
[INFO] [1770984181.212141737] [rtabmap]: rtabmap (97): Rate=1.00s, Limit=0.000s, Conversion=0.0005s, RTAB-Map=0.1428s, Maps update=0.0028s pub=0.0231s delay=0.3622s (local map=88, WM=88)
[INFO] [1770984182.299161000] [rtabmap]: rtabmap (98): Rate=1.00s, Limit=0.000s, Conversion=0.0004s, RTAB-Map=0.1368s, Maps update=0.0021s pub=0.0203s delay=0.3491s (local map=89, WM=89)
[INFO] [1770984183.403610632] [rtabmap]: rtabmap (99): Rate=1.00s, Limit=0.000s, Conversion=0.0004s, RTAB-Map=0.1393s, Maps update=0.0022s pub=0.0205s delay=0.3537s (local map=90, WM=90)
[INFO] [1770984184.414608492] [rtabmap]: rtabmap (100): Rate=1.00s, Limit=0.000s, Conversion=0.0003s, RTAB-Map=0.1542s, Maps update=0.0027s pub=0.0193s delay=0.3646s (local map=91, WM=91)
[INFO] [1770984185.409913256] [rtabmap]: rtabmap (101): Rate=1.00s, Limit=0.000s, Conversion=0.0005s, RTAB-Map=0.1418s, Maps update=0.0031s pub=0.0232s delay=0.3599s (local map=92, WM=92)
[INFO] [1770984186.409486801] [rtabmap]: rtabmap (102): Rate=1.00s, Limit=0.000s, Conversion=0.0105s, RTAB-Map=0.1419s, Maps update=0.0031s pub=0.0209s delay=0.3594s (local map=93, WM=93)
[INFO] [1770984187.487609320] [rtabmap]: rtabmap (103): Rate=1.00s, Limit=0.000s, Conversion=0.0005s, RTAB-Map=0.1316s, Maps update=0.0019s pub=0.0223s delay=0.3377s (local map=94, WM=94)
[INFO] [1770984188.486550589] [rtabmap]: rtabmap (104): Rate=1.00s, Limit=0.000s, Conversion=0.0003s, RTAB-Map=0.1283s, Maps update=0.0023s pub=0.0245s delay=0.3364s (local map=95, WM=95)
[INFO] [1770984189.588171999] [rtabmap]: rtabmap (105): Rate=1.00s, Limit=0.000s, Conversion=0.0004s, RTAB-Map=0.1318s, Maps update=0.0020s pub=0.0229s delay=0.3383s (local map=96, WM=96)
[INFO] [1770984190.570700467] [rtabmap]: rtabmap (106): Rate=1.00s, Limit=0.000s, Conversion=0.0005s, RTAB-Map=0.1259s, Maps update=0.0019s pub=0.0220s delay=0.3208s (local map=97, WM=97)
[INFO] [1770984191.679119607] [rtabmap]: rtabmap (107): Rate=1.00s, Limit=0.000s, Conversion=0.0005s, RTAB-Map=0.1262s, Maps update=0.0021s pub=0.0258s delay=0.3291s (local map=98, WM=98)
[INFO] [1770984192.780091204] [rtabmap]: rtabmap (108): Rate=1.00s, Limit=0.000s, Conversion=0.0005s, RTAB-Map=0.1226s, Maps update=0.0026s pub=0.0258s delay=0.3300s (local map=99, WM=99)
[INFO] [1770984193.891882552] [rtabmap]: rtabmap (109): Rate=1.00s, Limit=0.000s, Conversion=0.0003s, RTAB-Map=0.1360s, Maps update=0.0018s pub=0.0218s delay=0.3418s (local map=100, WM=100)
[INFO] [1770984195.013656056] [rtabmap]: rtabmap (110): Rate=1.00s, Limit=0.000s, Conversion=0.0004s, RTAB-Map=0.1485s, Maps update=0.0019s pub=0.0239s delay=0.3636s (local map=101, WM=101)
[INFO] [1770984196.110015372] [rtabmap]: rtabmap (111): Rate=1.00s, Limit=0.000s, Conversion=0.0003s, RTAB-Map=0.1374s, Maps update=0.0032s pub=0.0235s delay=0.3600s (local map=102, WM=102)
[INFO] [1770984197.198462617] [rtabmap]: rtabmap (112): Rate=1.00s, Limit=0.000s, Conversion=0.0004s, RTAB-Map=0.1331s, Maps update=0.0019s pub=0.0237s delay=0.3483s (local map=103, WM=103)
[INFO] [1770984198.309700731] [rtabmap]: rtabmap (113): Rate=1.00s, Limit=0.000s, Conversion=0.0003s, RTAB-Map=0.1438s, Maps update=0.0021s pub=0.0237s delay=0.3598s (local map=104, WM=104)
[INFO] [1770984199.404347190] [rtabmap]: rtabmap (114): Rate=1.00s, Limit=0.000s, Conversion=0.0005s, RTAB-Map=0.1445s, Maps update=0.0023s pub=0.0274s delay=0.3551s (local map=105, WM=105)
[INFO] [1770984200.496208533] [rtabmap]: rtabmap (115): Rate=1.00s, Limit=0.000s, Conversion=0.0003s, RTAB-Map=0.1369s, Maps update=0.0019s pub=0.0211s delay=0.3463s (local map=106, WM=106)
[INFO] [1770984201.508276413] [rtabmap]: rtabmap (116): Rate=1.00s, Limit=0.000s, Conversion=0.0003s, RTAB-Map=0.1430s, Maps update=0.0024s pub=0.0216s delay=0.3584s (local map=107, WM=107)
[INFO] [1770984202.486876590] [rtabmap]: rtabmap (117): Rate=1.00s, Limit=0.000s, Conversion=0.0004s, RTAB-Map=0.1255s, Maps update=0.0018s pub=0.0229s delay=0.3368s (local map=108, WM=108)
[INFO] [1770984203.608154813] [rtabmap]: rtabmap (118): Rate=1.00s, Limit=0.000s, Conversion=0.0003s, RTAB-Map=0.1361s, Maps update=0.0031s pub=0.0267s delay=0.3581s (local map=109, WM=109)
[INFO] [1770984204.675314281] [rtabmap]: rtabmap (119): Rate=1.00s, Limit=0.000s, Conversion=0.0004s, RTAB-Map=0.1365s, Maps update=0.0008s pub=0.0002s delay=0.3261s (local map=109, WM=109)
[INFO] [1770984205.665769731] [rtabmap]: rtabmap (120): Rate=1.00s, Limit=0.000s, Conversion=0.0003s, RTAB-Map=0.1293s, Maps update=0.0008s pub=0.0002s delay=0.3157s (local map=109, WM=109)
[INFO] [1770984206.684722128] [rtabmap]: rtabmap (121): Rate=1.00s, Limit=0.000s, Conversion=0.0107s, RTAB-Map=0.1435s, Maps update=0.0008s pub=0.0002s delay=0.3346s (local map=109, WM=109)
[INFO] [1770984207.762046490] [rtabmap]: rtabmap (122): Rate=1.00s, Limit=0.000s, Conversion=0.0005s, RTAB-Map=0.1375s, Maps update=0.0007s pub=0.0002s delay=0.3129s (local map=109, WM=109)
[INFO] [1770984208.788734608] [rtabmap]: rtabmap (123): Rate=1.00s, Limit=0.000s, Conversion=0.0105s, RTAB-Map=0.1453s, Maps update=0.0008s pub=0.0002s delay=0.3385s (local map=109, WM=109)
[INFO] [1770984209.871153166] [rtabmap]: rtabmap (124): Rate=1.00s, Limit=0.000s, Conversion=0.0005s, RTAB-Map=0.1295s, Maps update=0.0007s pub=0.0002s delay=0.3210s (local map=109, WM=109)
[INFO] [1770984210.975153729] [rtabmap]: rtabmap (125): Rate=1.00s, Limit=0.000s, Conversion=0.0005s, RTAB-Map=0.1385s, Maps update=0.0008s pub=0.0002s delay=0.3258s (local map=109, WM=109)
[INFO] [1770984211.976271744] [rtabmap]: rtabmap (126): Rate=1.00s, Limit=0.000s, Conversion=0.0005s, RTAB-Map=0.1377s, Maps update=0.0007s pub=0.0002s delay=0.3261s (local map=109, WM=109)
[INFO] [1770984212.976652957] [rtabmap]: rtabmap (127): Rate=1.00s, Limit=0.000s, Conversion=0.0003s, RTAB-Map=0.1377s, Maps update=0.0008s pub=0.0002s delay=0.3264s (local map=109, WM=109)
[INFO] [1770984214.085469784] [rtabmap]: rtabmap (128): Rate=1.00s, Limit=0.000s, Conversion=0.0003s, RTAB-Map=0.1529s, Maps update=0.0007s pub=0.0002s delay=0.3353s (local map=109, WM=109)
[INFO] [1770984215.085481667] [rtabmap]: rtabmap (129): Rate=1.00s, Limit=0.000s, Conversion=0.0003s, RTAB-Map=0.1442s, Maps update=0.0007s pub=0.0002s delay=0.3353s (local map=109, WM=109)
[INFO] [1770984216.199450232] [rtabmap]: rtabmap (130): Rate=1.00s, Limit=0.000s, Conversion=0.0005s, RTAB-Map=0.1538s, Maps update=0.0008s pub=0.0002s delay=0.3492s (local map=109, WM=109)
[INFO] [1770984217.291734003] [rtabmap]: rtabmap (131): Rate=1.00s, Limit=0.000s, Conversion=0.0005s, RTAB-Map=0.1494s, Maps update=0.0008s pub=0.0002s delay=0.3425s (local map=109, WM=109)
[INFO] [1770984218.276333268] [rtabmap]: rtabmap (132): Rate=1.00s, Limit=0.000s, Conversion=0.0005s, RTAB-Map=0.1344s, Maps update=0.0007s pub=0.0002s delay=0.3271s (local map=109, WM=109)
[INFO] [1770984219.305302327] [rtabmap]: rtabmap (133): Rate=1.00s, Limit=0.000s, Conversion=0.0005s, RTAB-Map=0.1608s, Maps update=0.0007s pub=0.0002s delay=0.3558s (local map=109, WM=109)
[INFO] [1770984220.266665971] [rtabmap]: rtabmap (134): Rate=1.00s, Limit=0.000s, Conversion=0.0005s, RTAB-Map=0.1332s, Maps update=0.0007s pub=0.0002s delay=0.3165s (local map=109, WM=109)
[INFO] [1770984221.389380528] [rtabmap]: rtabmap (135): Rate=1.00s, Limit=0.000s, Conversion=0.0005s, RTAB-Map=0.1437s, Maps update=0.0007s pub=0.0002s delay=0.3401s (local map=109, WM=109)
[INFO] [1770984222.395112655] [rtabmap]: rtabmap (136): Rate=1.00s, Limit=0.000s, Conversion=0.0005s, RTAB-Map=0.1569s, Maps update=0.0007s pub=0.0002s delay=0.3457s (local map=109, WM=109)
[INFO] [1770984223.478627778] [rtabmap]: rtabmap (137): Rate=1.00s, Limit=0.000s, Conversion=0.0004s, RTAB-Map=0.1359s, Maps update=0.0008s pub=0.0003s delay=0.3292s (local map=109, WM=109)
[INFO] [1770984224.572425639] [rtabmap]: rtabmap (138): Rate=1.00s, Limit=0.000s, Conversion=0.0006s, RTAB-Map=0.1417s, Maps update=0.0008s pub=0.0003s delay=0.3234s (local map=109, WM=109)
[INFO] [1770984225.671419527] [rtabmap]: rtabmap (139): Rate=1.00s, Limit=0.000s, Conversion=0.0003s, RTAB-Map=0.1362s, Maps update=0.0007s pub=0.0002s delay=0.3221s (local map=109, WM=109)
[INFO] [1770984226.788935240] [rtabmap]: rtabmap (140): Rate=1.00s, Limit=0.000s, Conversion=0.0003s, RTAB-Map=0.1495s, Maps update=0.0008s pub=0.0002s delay=0.3397s (local map=109, WM=109)
[INFO] [1770984227.771476261] [rtabmap]: rtabmap (141): Rate=1.00s, Limit=0.000s, Conversion=0.0005s, RTAB-Map=0.1411s, Maps update=0.0008s pub=0.0002s delay=0.3219s (local map=109, WM=109)
[INFO] [1770984228.876880507] [rtabmap]: rtabmap (142): Rate=1.00s, Limit=0.000s, Conversion=0.0009s, RTAB-Map=0.1444s, Maps update=0.0008s pub=0.0002s delay=0.3277s (local map=109, WM=109)
[INFO] [1770984229.880569048] [rtabmap]: rtabmap (143): Rate=1.00s, Limit=0.000s, Conversion=0.0005s, RTAB-Map=0.1415s, Maps update=0.0007s pub=0.0002s delay=0.3312s (local map=109, WM=109)
[INFO] [1770984230.977782818] [rtabmap]: rtabmap (144): Rate=1.00s, Limit=0.000s, Conversion=0.0004s, RTAB-Map=0.1401s, Maps update=0.0007s pub=0.0002s delay=0.3288s (local map=109, WM=109)
[INFO] [1770984231.969210413] [rtabmap]: rtabmap (145): Rate=1.00s, Limit=0.000s, Conversion=0.0004s, RTAB-Map=0.1345s, Maps update=0.0007s pub=0.0002s delay=0.3200s (local map=109, WM=109)
[INFO] [1770984233.005004763] [rtabmap]: rtabmap (146): Rate=1.00s, Limit=0.000s, Conversion=0.0005s, RTAB-Map=0.1595s, Maps update=0.0007s pub=0.0002s delay=0.3555s (local map=109, WM=109)
[INFO] [1770984234.075723811] [rtabmap]: rtabmap (147): Rate=1.00s, Limit=0.000s, Conversion=0.0004s, RTAB-Map=0.1389s, Maps update=0.0007s pub=0.0002s delay=0.3268s (local map=109, WM=109)
[INFO] [1770984235.078302825] [rtabmap]: rtabmap (148): Rate=1.00s, Limit=0.000s, Conversion=0.0003s, RTAB-Map=0.1382s, Maps update=0.0009s pub=0.0002s delay=0.3292s (local map=109, WM=109)
[INFO] [1770984236.189063459] [rtabmap]: rtabmap (149): Rate=1.00s, Limit=0.000s, Conversion=0.0003s, RTAB-Map=0.1415s, Maps update=0.0011s pub=0.0003s delay=0.3400s (local map=109, WM=109)
[INFO] [1770984237.276258408] [rtabmap]: rtabmap (150): Rate=1.00s, Limit=0.000s, Conversion=0.0003s, RTAB-Map=0.1345s, Maps update=0.0007s pub=0.0002s delay=0.3274s (local map=109, WM=109)
[INFO] [1770984238.276777035] [rtabmap]: rtabmap (151): Rate=1.00s, Limit=0.000s, Conversion=0.0006s, RTAB-Map=0.1365s, Maps update=0.0009s pub=0.0002s delay=0.3277s (local map=109, WM=109)
[INFO] [1770984239.388934665] [rtabmap]: rtabmap (152): Rate=1.00s, Limit=0.000s, Conversion=0.0005s, RTAB-Map=0.1536s, Maps update=0.0007s pub=0.0002s delay=0.3399s (local map=109, WM=109)
[INFO] [1770984240.467914557] [rtabmap]: rtabmap (153): Rate=1.00s, Limit=0.000s, Conversion=0.0004s, RTAB-Map=0.1328s, Maps update=0.0010s pub=0.0002s delay=0.3190s (local map=109, WM=109)
[INFO] [1770984241.497581856] [rtabmap]: rtabmap (154): Rate=1.00s, Limit=0.000s, Conversion=0.0003s, RTAB-Map=0.1474s, Maps update=0.0007s pub=0.0002s delay=0.3486s (local map=109, WM=109)
[INFO] [1770984242.474899948] [rtabmap]: rtabmap (155): Rate=1.00s, Limit=0.000s, Conversion=0.0005s, RTAB-Map=0.1373s, Maps update=0.0007s pub=0.0002s delay=0.3259s (local map=109, WM=109)
[INFO] [1770984243.605276052] [rtabmap]: rtabmap (156): Rate=1.00s, Limit=0.000s, Conversion=0.0004s, RTAB-Map=0.1553s, Maps update=0.0007s pub=0.0002s delay=0.3563s (local map=109, WM=109)
[INFO] [1770984244.603651450] [rtabmap]: rtabmap (157): Rate=1.00s, Limit=0.000s, Conversion=0.0005s, RTAB-Map=0.1549s, Maps update=0.0008s pub=0.0002s delay=0.3546s (local map=109, WM=109)
[INFO] [1770984245.686374446] [rtabmap]: rtabmap (158): Rate=1.00s, Limit=0.000s, Conversion=0.0007s, RTAB-Map=0.1445s, Maps update=0.0007s pub=0.0002s delay=0.3373s (local map=109, WM=109)
[INFO] [1770984246.776837774] [rtabmap]: rtabmap (159): Rate=1.00s, Limit=0.000s, Conversion=0.0005s, RTAB-Map=0.1477s, Maps update=0.0007s pub=0.0002s delay=0.3279s (local map=109, WM=109)
[INFO] [1770984247.763429531] [rtabmap]: rtabmap (160): Rate=1.00s, Limit=0.000s, Conversion=0.0004s, RTAB-Map=0.1325s, Maps update=0.0007s pub=0.0002s delay=0.3143s (local map=109, WM=109)
[INFO] [1770984248.884112083] [rtabmap]: rtabmap (161): Rate=1.00s, Limit=0.000s, Conversion=0.0004s, RTAB-Map=0.1457s, Maps update=0.0007s pub=0.0002s delay=0.3351s (local map=109, WM=109)
[INFO] [1770984249.991925773] [rtabmap]: rtabmap (162): Rate=1.00s, Limit=0.000s, Conversion=0.0004s, RTAB-Map=0.1482s, Maps update=0.0010s pub=0.0003s delay=0.3430s (local map=109, WM=109)
[INFO] [1770984250.973337031] [rtabmap]: rtabmap (163): Rate=1.00s, Limit=0.000s, Conversion=0.0004s, RTAB-Map=0.1387s, Maps update=0.0007s pub=0.0002s delay=0.3242s (local map=109, WM=109)
[INFO] [1770984252.069821592] [rtabmap]: rtabmap (164): Rate=1.00s, Limit=0.000s, Conversion=0.0004s, RTAB-Map=0.1374s, Maps update=0.0009s pub=0.0002s delay=0.3207s (local map=109, WM=109)
[INFO] [1770984253.162799663] [rtabmap]: rtabmap (165): Rate=1.00s, Limit=0.000s, Conversion=0.0004s, RTAB-Map=0.1315s, Maps update=0.0007s pub=0.0002s delay=0.3138s (local map=109, WM=109)
[INFO] [1770984254.179935648] [rtabmap]: rtabmap (166): Rate=1.00s, Limit=0.000s, Conversion=0.0003s, RTAB-Map=0.1381s, Maps update=0.0007s pub=0.0002s delay=0.3306s (local map=109, WM=109)
[INFO] [1770984255.280758151] [rtabmap]: rtabmap (167): Rate=1.00s, Limit=0.000s, Conversion=0.0005s, RTAB-Map=0.1425s, Maps update=0.0008s pub=0.0002s delay=0.3317s (local map=109, WM=109)
[INFO] [1770984256.292147248] [rtabmap]: rtabmap (168): Rate=1.00s, Limit=0.000s, Conversion=0.0003s, RTAB-Map=0.1472s, Maps update=0.0009s pub=0.0002s delay=0.3430s (local map=109, WM=109)
[INFO] [1770984257.396924161] [rtabmap]: rtabmap (169): Rate=1.00s, Limit=0.000s, Conversion=0.0005s, RTAB-Map=0.1504s, Maps update=0.0007s pub=0.0002s delay=0.3477s (local map=109, WM=109)
[INFO] [1770984258.475917651] [rtabmap]: rtabmap (170): Rate=1.00s, Limit=0.000s, Conversion=0.0003s, RTAB-Map=0.1403s, Maps update=0.0009s pub=0.0003s delay=0.3267s (local map=109, WM=109)
[INFO] [1770984259.464708365] [rtabmap]: rtabmap (171): Rate=1.00s, Limit=0.000s, Conversion=0.0005s, RTAB-Map=0.1349s, Maps update=0.0007s pub=0.0002s delay=0.3155s (local map=109, WM=109)
[INFO] [1770984260.566196011] [rtabmap]: rtabmap (172): Rate=1.00s, Limit=0.000s, Conversion=0.0003s, RTAB-Map=0.1324s, Maps update=0.0007s pub=0.0002s delay=0.3170s (local map=109, WM=109)
[INFO] [1770984261.691737964] [rtabmap]: rtabmap (173): Rate=1.00s, Limit=0.000s, Conversion=0.0005s, RTAB-Map=0.1460s, Maps update=0.0007s pub=0.0002s delay=0.3427s (local map=109, WM=109)
[INFO] [1770984262.668496356] [rtabmap]: rtabmap (174): Rate=1.00s, Limit=0.000s, Conversion=0.0004s, RTAB-Map=0.1360s, Maps update=0.0009s pub=0.0002s delay=0.3193s (local map=109, WM=109)
[INFO] [1770984263.685617300] [rtabmap]: rtabmap (175): Rate=1.00s, Limit=0.000s, Conversion=0.0005s, RTAB-Map=0.1453s, Maps update=0.0007s pub=0.0002s delay=0.3364s (local map=109, WM=109)
[INFO] [1770984264.806601335] [rtabmap]: rtabmap (176): Rate=1.00s, Limit=0.000s, Conversion=0.0003s, RTAB-Map=0.1603s, Maps update=0.0008s pub=0.0002s delay=0.3574s (local map=109, WM=109)
[INFO] [1770984265.885673836] [rtabmap]: rtabmap (177): Rate=1.00s, Limit=0.000s, Conversion=0.0010s, RTAB-Map=0.1468s, Maps update=0.0007s pub=0.0002s delay=0.3365s (local map=109, WM=109)
[INFO] [1770984266.974666329] [rtabmap]: rtabmap (178): Rate=1.00s, Limit=0.000s, Conversion=0.0003s, RTAB-Map=0.1344s, Maps update=0.0007s pub=0.0002s delay=0.3254s (local map=109, WM=109)
[INFO] [1770984268.097260788] [rtabmap]: rtabmap (179): Rate=1.00s, Limit=0.000s, Conversion=0.0003s, RTAB-Map=0.1557s, Maps update=0.0007s pub=0.0002s delay=0.3481s (local map=109, WM=109)
[INFO] [1770984269.100742955] [rtabmap]: rtabmap (180): Rate=1.00s, Limit=0.000s, Conversion=0.0105s, RTAB-Map=0.1406s, Maps update=0.0008s pub=0.0002s delay=0.3516s (local map=109, WM=109)
[INFO] [1770984270.090434947] [rtabmap]: rtabmap (181): Rate=1.00s, Limit=0.000s, Conversion=0.0003s, RTAB-Map=0.1497s, Maps update=0.0007s pub=0.0002s delay=0.3411s (local map=109, WM=109)
[INFO] [1770984271.194492507] [rtabmap]: rtabmap (182): Rate=1.00s, Limit=0.000s, Conversion=0.0005s, RTAB-Map=0.1538s, Maps update=0.0008s pub=0.0002s delay=0.3446s (local map=109, WM=109)
[INFO] [1770984272.281269521] [rtabmap]: rtabmap (183): Rate=1.00s, Limit=0.000s, Conversion=0.0004s, RTAB-Map=0.1467s, Maps update=0.0007s pub=0.0002s delay=0.3320s (local map=109, WM=109)
[INFO] [1770984273.367737188] [rtabmap]: rtabmap (184): Rate=1.00s, Limit=0.000s, Conversion=0.0004s, RTAB-Map=0.1289s, Maps update=0.0007s pub=0.0002s delay=0.3185s (local map=109, WM=109)
[INFO] [1770984274.367744630] [rtabmap]: rtabmap (185): Rate=1.00s, Limit=0.000s, Conversion=0.0005s, RTAB-Map=0.1353s, Maps update=0.0007s pub=0.0002s delay=0.3184s (local map=109, WM=109)
[INFO] [1770984275.498266585] [rtabmap]: rtabmap (186): Rate=1.00s, Limit=0.000s, Conversion=0.0009s, RTAB-Map=0.1559s, Maps update=0.0019s pub=0.0004s delay=0.3490s (local map=109, WM=109)
[INFO] [1770984276.491322402] [rtabmap]: rtabmap (187): Rate=1.00s, Limit=0.000s, Conversion=0.0006s, RTAB-Map=0.1489s, Maps update=0.0009s pub=0.0003s delay=0.3420s (local map=109, WM=109)
[INFO] [1770984277.473287973] [rtabmap]: rtabmap (188): Rate=1.00s, Limit=0.000s, Conversion=0.0003s, RTAB-Map=0.1339s, Maps update=0.0008s pub=0.0003s delay=0.3239s (local map=109, WM=109)
[INFO] [1770984278.564119742] [rtabmap]: rtabmap (189): Rate=1.00s, Limit=0.000s, Conversion=0.0005s, RTAB-Map=0.1296s, Maps update=0.0007s pub=0.0002s delay=0.3149s (local map=109, WM=109)
[INFO] [1770984279.598533360] [rtabmap]: rtabmap (190): Rate=1.00s, Limit=0.000s, Conversion=0.0005s, RTAB-Map=0.1529s, Maps update=0.0007s pub=0.0002s delay=0.3492s (local map=109, WM=109)
[INFO] [1770984280.593780877] [rtabmap]: rtabmap (191): Rate=1.00s, Limit=0.000s, Conversion=0.0004s, RTAB-Map=0.1522s, Maps update=0.0008s pub=0.0002s delay=0.3443s (local map=109, WM=109)
[INFO] [1770984281.690559049] [rtabmap]: rtabmap (192): Rate=1.00s, Limit=0.000s, Conversion=0.0004s, RTAB-Map=0.1520s, Maps update=0.0007s pub=0.0002s delay=0.3413s (local map=109, WM=109)
[INFO] [1770984282.384182745] [rclcpp]: signal_handler(signum=2)
