[INFO] [1718656372.120141689] [rtabmap]: rtabmap(maps): latch                      = false
[INFO] [1718656372.120866067] [rtabmap]: rtabmap(maps): map_filter_radius          = 0.000000
[INFO] [1718656372.120914261] [rtabmap]: rtabmap(maps): map_filter_angle           = 30.000000
[INFO] [1718656372.120940117] [rtabmap]: rtabmap(maps): map_cleanup                = true
[INFO] [1718656372.120963030] [rtabmap]: rtabmap(maps): map_always_update          = false
[INFO] [1718656372.120981751] [rtabmap]: rtabmap(maps): map_empty_ray_tracing      = true
[INFO] [1718656372.120998392] [rtabmap]: rtabmap(maps): cloud_output_voxelized     = true
[INFO] [1718656372.121014168] [rtabmap]: rtabmap(maps): cloud_subtract_filtering   = false
[INFO] [1718656372.121029529] [rtabmap]: rtabmap(maps): cloud_subtract_filtering_min_neighbors = 2
[INFO] [1718656372.121126076] [rtabmap]: rtabmap(maps): octomap_tree_depth         = 16
[INFO] [1718656372.135846157] [rtabmap]: rtabmap: frame_id      = leo04/base_footprint
[INFO] [1718656372.137482152] [rtabmap]: rtabmap: map_frame_id  = map
[INFO] [1718656372.137526889] [rtabmap]: rtabmap: log_to_rosout_level  = 4
[INFO] [1718656372.137547978] [rtabmap]: rtabmap: initial_pose  = 
[INFO] [1718656372.137565227] [rtabmap]: rtabmap: use_action_for_goal  = false
[INFO] [1718656372.137581675] [rtabmap]: rtabmap: tf_delay      = 0.050000
[INFO] [1718656372.137608940] [rtabmap]: rtabmap: tf_tolerance  = 0.100000
[INFO] [1718656372.137652878] [rtabmap]: rtabmap: odom_sensor_sync   = false
[INFO] [1718656372.137674798] [rtabmap]: rtabmap: pub_loc_pose_only_when_localizing = false
[INFO] [1718656372.137693519] [rtabmap]: rtabmap: wait_for_transform = 0.500000
[INFO] [1718656372.137714736] [rtabmap]: rtabmap: gen_scan  = false
[INFO] [1718656372.137731856] [rtabmap]: rtabmap: gen_depth  = false
[INFO] [1718656372.137749009] [rtabmap]: rtabmap: scan_cloud_max_points = 0
[INFO] [1718656372.137767442] [rtabmap]: rtabmap: scan_cloud_is_2d = false
[INFO] [1718656372.152811854] [rtabmap]: Setting RTAB-Map parameter "Grid/CellSize"="0.03" (rosparam)
[INFO] [1718656372.153181435] [rtabmap]: Setting RTAB-Map parameter "Grid/MaxGroundAngle"="45" (rosparam)
[INFO] [1718656372.153244862] [rtabmap]: Setting RTAB-Map parameter "Grid/MaxGroundHeight"="0.1" (rosparam)
[INFO] [1718656372.153336417] [rtabmap]: Setting RTAB-Map parameter "Grid/MaxObstacleHeight"="0.7" (rosparam)
[INFO] [1718656372.153428356] [rtabmap]: Setting RTAB-Map parameter "Grid/MinGroundHeight"="-0.1" (rosparam)
[INFO] [1718656372.153594058] [rtabmap]: Setting RTAB-Map parameter "Grid/RangeMax"="3.0" (rosparam)
[INFO] [1718656372.153647468] [rtabmap]: Setting RTAB-Map parameter "Grid/RangeMin"="0.7" (rosparam)
[INFO] [1718656372.153705006] [rtabmap]: Setting RTAB-Map parameter "Grid/RayTracing"="false" (rosparam)
[INFO] [1718656372.153809362] [rtabmap]: Setting RTAB-Map parameter "Grid/Sensor"="0" (rosparam)
[INFO] [1718656372.154217537] [rtabmap]: Setting RTAB-Map parameter "Icp/CorrespondenceRatio"="0.2" (rosparam)
[INFO] [1718656372.154318788] [rtabmap]: Setting RTAB-Map parameter "Icp/Epsilon"="0.001" (rosparam)
[INFO] [1718656372.154429192] [rtabmap]: Setting RTAB-Map parameter "Icp/Iterations"="10" (rosparam)
[INFO] [1718656372.154512171] [rtabmap]: Setting RTAB-Map parameter "Icp/MaxCorrespondenceDistance"="1" (rosparam)
[INFO] [1718656372.154600302] [rtabmap]: Setting RTAB-Map parameter "Icp/MaxTranslation"="3" (rosparam)
[INFO] [1718656372.154656240] [rtabmap]: Setting RTAB-Map parameter "Icp/OutlierRatio"="0.7" (rosparam)
[INFO] [1718656372.154826454] [rtabmap]: Setting RTAB-Map parameter "Icp/PointToPlane"="true" (rosparam)
[INFO] [1718656372.154903545] [rtabmap]: Setting RTAB-Map parameter "Icp/PointToPlaneK"="20" (rosparam)
[INFO] [1718656372.155007197] [rtabmap]: Setting RTAB-Map parameter "Icp/PointToPlaneRadius"="0" (rosparam)
[INFO] [1718656372.155102272] [rtabmap]: Setting RTAB-Map parameter "Icp/RangeMin"="0.3" (rosparam)
[INFO] [1718656372.155180099] [rtabmap]: Setting RTAB-Map parameter "Icp/Strategy"="1" (rosparam)
[INFO] [1718656372.155239077] [rtabmap]: Setting RTAB-Map parameter "Icp/VoxelSize"="0.1" (rosparam)
[INFO] [1718656372.156778653] [rtabmap]: Setting RTAB-Map parameter "Mem/LaserScanNormalK"="20" (rosparam)
[INFO] [1718656372.156860255] [rtabmap]: Setting RTAB-Map parameter "Mem/LaserScanVoxelSize"="0.03" (rosparam)
[INFO] [1718656372.156971235] [rtabmap]: Setting RTAB-Map parameter "Mem/NotLinkedNodesKept"="false" (rosparam)
[INFO] [1718656372.157203820] [rtabmap]: Setting RTAB-Map parameter "Mem/STMSize"="30" (rosparam)
[INFO] [1718656372.158027913] [rtabmap]: Setting RTAB-Map parameter "RGBD/AngularUpdate"="0.05" (rosparam)
[INFO] [1718656372.158092652] [rtabmap]: Setting RTAB-Map parameter "RGBD/CreateOccupancyGrid"="true" (rosparam)
[INFO] [1718656372.158285491] [rtabmap]: Setting RTAB-Map parameter "RGBD/LinearUpdate"="0.05" (rosparam)
[INFO] [1718656372.158938986] [rtabmap]: Setting RTAB-Map parameter "RGBD/ProximityMaxGraphDepth"="0" (rosparam)
[INFO] [1718656372.159107088] [rtabmap]: Setting RTAB-Map parameter "RGBD/ProximityPathMaxNeighbors"="1" (rosparam)
[INFO] [1718656372.159291031] [rtabmap]: Setting RTAB-Map parameter "Reg/Strategy"="1" (rosparam)
[INFO] [1718656372.162773780] [rtabmap]: RTAB-Map detection rate = 1.000000 Hz
[INFO] [1718656372.165256589] [rtabmap]: rtabmap: Deleted database "/root/.ros/rtabmap.db" (--delete_db_on_start or -d are set).
[INFO] [1718656372.165384274] [rtabmap]: rtabmap: Using database from "/root/.ros/rtabmap.db" (0 MB).
[INFO] [1718656372.227715600] [rtabmap]: rtabmap: Database version = "0.22.1".
[INFO] [1718656372.227832980] [rtabmap]: rtabmap: SLAM mode (Mem/IncrementalMemory=true)
[INFO] [1718656372.239690622] [rtabmap]: Setup callbacks
[INFO] [1718656372.239906790] [rtabmap]: rtabmap: subscribe_depth = false
[INFO] [1718656372.239944839] [rtabmap]: rtabmap: subscribe_rgb = false
[INFO] [1718656372.239967784] [rtabmap]: rtabmap: subscribe_stereo = false
[INFO] [1718656372.239988329] [rtabmap]: rtabmap: subscribe_rgbd = false (rgbd_cameras=1)
[INFO] [1718656372.240031370] [rtabmap]: rtabmap: subscribe_sensor_data = false
[INFO] [1718656372.240054283] [rtabmap]: rtabmap: subscribe_odom_info = false
[INFO] [1718656372.240073548] [rtabmap]: rtabmap: subscribe_user_data = false
[INFO] [1718656372.240092525] [rtabmap]: rtabmap: subscribe_scan = false
[INFO] [1718656372.240111469] [rtabmap]: rtabmap: subscribe_scan_cloud = true
[INFO] [1718656372.240130222] [rtabmap]: rtabmap: subscribe_scan_descriptor = false
[INFO] [1718656372.240149871] [rtabmap]: rtabmap: topic_queue_size = 10
[INFO] [1718656372.240179984] [rtabmap]: rtabmap: sync_queue_size  = 200
[INFO] [1718656372.240201904] [rtabmap]: rtabmap: qos_image       = 0
[INFO] [1718656372.240222833] [rtabmap]: rtabmap: qos_camera_info = 0
[INFO] [1718656372.240243314] [rtabmap]: rtabmap: qos_scan        = 0
[INFO] [1718656372.240262995] [rtabmap]: rtabmap: qos_odom        = 0
[INFO] [1718656372.240282899] [rtabmap]: rtabmap: qos_user_data   = 0
[INFO] [1718656372.240302676] [rtabmap]: rtabmap: approx_sync     = true
[INFO] [1718656372.240864872] [rtabmap]: Setup scan callback
[INFO] [1718656372.247784129] [rtabmap]: 
rtabmap subscribed to (approx sync):
   /odom \
   /leo04/livox/lidar
[WARN] [1718656372.250288571] [rtabmap]: There is no image subscription, bag-of-words loop closure detection will be disabled...
[WARN] [1718656372.250393182] [rtabmap]: Setting Kp/MaxFeatures=-1 (bag-of-words disabled)
[INFO] [1718656372.355614689] [rtabmap]: rtabmap (1): Rate=1.00s, Limit=0.000s, Conversion=0.0007s, RTAB-Map=0.0467s, Maps update=0.0001s pub=0.0001s delay=0.1835s (local map=1, WM=1)
[INFO] [1718656373.460314650] [rtabmap]: rtabmap (2): Rate=1.00s, Limit=0.000s, Conversion=0.0006s, RTAB-Map=0.0443s, Maps update=0.0001s pub=0.0001s delay=0.1883s (local map=1, WM=1)
[INFO] [1718656374.479260876] [rtabmap]: rtabmap (3): Rate=1.00s, Limit=0.000s, Conversion=0.0005s, RTAB-Map=0.0597s, Maps update=0.0002s pub=0.0001s delay=0.2071s (local map=1, WM=1)
[INFO] [1718656375.565854810] [rtabmap]: rtabmap (4): Rate=1.00s, Limit=0.000s, Conversion=0.0005s, RTAB-Map=0.0494s, Maps update=0.0001s pub=0.0001s delay=0.1938s (local map=1, WM=1)
[INFO] [1718656376.570049306] [rtabmap]: rtabmap (5): Rate=1.00s, Limit=0.000s, Conversion=0.0006s, RTAB-Map=0.0494s, Maps update=0.0001s pub=0.0001s delay=0.1980s (local map=1, WM=1)
[INFO] [1718656377.678288818] [rtabmap]: rtabmap (6): Rate=1.00s, Limit=0.000s, Conversion=0.0005s, RTAB-Map=0.0587s, Maps update=0.0002s pub=0.0001s delay=0.2063s (local map=1, WM=1)
[INFO] [1718656378.682790557] [rtabmap]: rtabmap (7): Rate=1.00s, Limit=0.000s, Conversion=0.0005s, RTAB-Map=0.0630s, Maps update=0.0002s pub=0.0001s delay=0.2108s (local map=1, WM=1)
[INFO] [1718656379.681133834] [rtabmap]: rtabmap (8): Rate=1.00s, Limit=0.000s, Conversion=0.0005s, RTAB-Map=0.0602s, Maps update=0.0001s pub=0.0001s delay=0.2090s (local map=1, WM=1)
[INFO] [1718656380.782792918] [rtabmap]: rtabmap (9): Rate=1.00s, Limit=0.000s, Conversion=0.0006s, RTAB-Map=0.0634s, Maps update=0.0001s pub=0.0001s delay=0.2106s (local map=1, WM=1)
[INFO] [1718656381.880448530] [rtabmap]: rtabmap (10): Rate=1.00s, Limit=0.000s, Conversion=0.0005s, RTAB-Map=0.0620s, Maps update=0.0002s pub=0.0001s delay=0.2083s (local map=1, WM=1)
[INFO] [1718656382.873971282] [rtabmap]: rtabmap (11): Rate=1.00s, Limit=0.000s, Conversion=0.0004s, RTAB-Map=0.0585s, Maps update=0.0001s pub=0.0001s delay=0.2018s (local map=1, WM=1)
[INFO] [1718656383.976278005] [rtabmap]: rtabmap (12): Rate=1.00s, Limit=0.000s, Conversion=0.0004s, RTAB-Map=0.0561s, Maps update=0.0002s pub=0.0001s delay=0.2042s (local map=1, WM=1)
[INFO] [1718656384.974132657] [rtabmap]: rtabmap (13): Rate=1.00s, Limit=0.000s, Conversion=0.0008s, RTAB-Map=0.0544s, Maps update=0.0001s pub=0.0001s delay=0.2019s (local map=1, WM=1)
[INFO] [1718656385.969129510] [rtabmap]: rtabmap (14): Rate=1.00s, Limit=0.000s, Conversion=0.0004s, RTAB-Map=0.0545s, Maps update=0.0001s pub=0.0001s delay=0.1969s (local map=1, WM=1)
[INFO] [1718656387.068737192] [rtabmap]: rtabmap (15): Rate=1.00s, Limit=0.000s, Conversion=0.0004s, RTAB-Map=0.0483s, Maps update=0.0001s pub=0.0001s delay=0.1966s (local map=1, WM=1)
[INFO] [1718656388.088430356] [rtabmap]: rtabmap (16): Rate=1.00s, Limit=0.000s, Conversion=0.0005s, RTAB-Map=0.0669s, Maps update=0.0003s pub=0.0006s delay=0.2162s (local map=1, WM=1)
[INFO] [1718656389.162668584] [rtabmap]: rtabmap (17): Rate=1.00s, Limit=0.000s, Conversion=0.0004s, RTAB-Map=0.0472s, Maps update=0.0001s pub=0.0001s delay=0.1904s (local map=1, WM=1)
[INFO] [1718656390.283716748] [rtabmap]: rtabmap (18): Rate=1.00s, Limit=0.000s, Conversion=0.0007s, RTAB-Map=0.0637s, Maps update=0.0001s pub=0.0001s delay=0.2113s (local map=1, WM=1)
[INFO] [1718656391.371092790] [rtabmap]: rtabmap (19): Rate=1.00s, Limit=0.000s, Conversion=0.0004s, RTAB-Map=0.0532s, Maps update=0.0001s pub=0.0001s delay=0.1988s (local map=1, WM=1)
[INFO] [1718656392.461240133] [rtabmap]: rtabmap (20): Rate=1.00s, Limit=0.000s, Conversion=0.0005s, RTAB-Map=0.0448s, Maps update=0.0001s pub=0.0001s delay=0.1890s (local map=1, WM=1)
[INFO] [1718656393.470226128] [rtabmap]: rtabmap (21): Rate=1.00s, Limit=0.000s, Conversion=0.0003s, RTAB-Map=0.0499s, Maps update=0.0001s pub=0.0001s delay=0.1980s (local map=1, WM=1)
[INFO] [1718656394.479116857] [rtabmap]: rtabmap (22): Rate=1.00s, Limit=0.000s, Conversion=0.0005s, RTAB-Map=0.0595s, Maps update=0.0002s pub=0.0001s delay=0.2069s (local map=1, WM=1)
[INFO] [1718656395.476411232] [rtabmap]: rtabmap (23): Rate=1.00s, Limit=0.000s, Conversion=0.0004s, RTAB-Map=0.0563s, Maps update=0.0002s pub=0.0001s delay=0.2041s (local map=1, WM=1)
[INFO] [1718656396.465648583] [rtabmap]: rtabmap (24): Rate=1.00s, Limit=0.000s, Conversion=0.0005s, RTAB-Map=0.0536s, Maps update=0.0001s pub=0.0001s delay=0.1933s (local map=1, WM=1)
[INFO] [1718656397.569649607] [rtabmap]: rtabmap (25): Rate=1.00s, Limit=0.000s, Conversion=0.0005s, RTAB-Map=0.0510s, Maps update=0.0001s pub=0.0001s delay=0.1973s (local map=1, WM=1)
[INFO] [1718656398.683421797] [rtabmap]: rtabmap (26): Rate=1.00s, Limit=0.000s, Conversion=0.0004s, RTAB-Map=0.0624s, Maps update=0.0002s pub=0.0001s delay=0.2112s (local map=1, WM=1)
[INFO] [1718656399.676036293] [rtabmap]: rtabmap (27): Rate=1.00s, Limit=0.000s, Conversion=0.0007s, RTAB-Map=0.0580s, Maps update=0.0002s pub=0.0001s delay=0.2037s (local map=1, WM=1)
[INFO] [1718656400.782050669] [rtabmap]: rtabmap (28): Rate=1.00s, Limit=0.000s, Conversion=0.0006s, RTAB-Map=0.0627s, Maps update=0.0002s pub=0.0001s delay=0.2096s (local map=1, WM=1)
[INFO] [1718656401.770877637] [rtabmap]: rtabmap (29): Rate=1.00s, Limit=0.000s, Conversion=0.0005s, RTAB-Map=0.0546s, Maps update=0.0001s pub=0.0001s delay=0.1983s (local map=1, WM=1)
[INFO] [1718656402.870410884] [rtabmap]: rtabmap (30): Rate=1.00s, Limit=0.000s, Conversion=0.0004s, RTAB-Map=0.0508s, Maps update=0.0001s pub=0.0002s delay=0.1981s (local map=1, WM=1)
[INFO] [1718656403.883394688] [rtabmap]: rtabmap (31): Rate=1.00s, Limit=0.000s, Conversion=0.0006s, RTAB-Map=0.0654s, Maps update=0.0001s pub=0.0001s delay=0.2110s (local map=1, WM=1)
[INFO] [1718656404.873855986] [rtabmap]: rtabmap (32): Rate=1.00s, Limit=0.000s, Conversion=0.0005s, RTAB-Map=0.0554s, Maps update=0.0002s pub=0.0001s delay=0.2013s (local map=1, WM=1)
[INFO] [1718656405.972399502] [rtabmap]: rtabmap (33): Rate=1.00s, Limit=0.000s, Conversion=0.0005s, RTAB-Map=0.0568s, Maps update=0.0002s pub=0.0001s delay=0.2000s (local map=1, WM=1)
[INFO] [1718656406.980805093] [rtabmap]: rtabmap (34): Rate=1.00s, Limit=0.000s, Conversion=0.0005s, RTAB-Map=0.0608s, Maps update=0.0001s pub=0.0001s delay=0.2084s (local map=1, WM=1)
[INFO] [1718656407.986153550] [rtabmap]: rtabmap (35): Rate=1.00s, Limit=0.000s, Conversion=0.0005s, RTAB-Map=0.0674s, Maps update=0.0001s pub=0.0001s delay=0.2136s (local map=1, WM=1)
[INFO] [1718656409.067499040] [rtabmap]: rtabmap (36): Rate=1.00s, Limit=0.000s, Conversion=0.0004s, RTAB-Map=0.0458s, Maps update=0.0001s pub=0.0001s delay=0.1951s (local map=2, WM=2)
[INFO] [1718656410.179707367] [rtabmap]: rtabmap (37): Rate=1.00s, Limit=0.000s, Conversion=0.0004s, RTAB-Map=0.0613s, Maps update=0.0002s pub=0.0001s delay=0.2072s (local map=2, WM=2)
[INFO] [1718656411.272516532] [rtabmap]: rtabmap (38): Rate=1.00s, Limit=0.000s, Conversion=0.0005s, RTAB-Map=0.0500s, Maps update=0.0001s pub=0.0001s delay=0.2000s (local map=2, WM=2)
[INFO] [1718656412.271336371] [rtabmap]: rtabmap (39): Rate=1.00s, Limit=0.000s, Conversion=0.0004s, RTAB-Map=0.0541s, Maps update=0.0002s pub=0.0001s delay=0.1987s (local map=2, WM=2)
[INFO] [1718656413.373559827] [rtabmap]: rtabmap (40): Rate=1.00s, Limit=0.000s, Conversion=0.0010s, RTAB-Map=0.0543s, Maps update=0.0002s pub=0.0001s delay=0.2010s (local map=2, WM=2)
[INFO] [1718656414.473840013] [rtabmap]: rtabmap (41): Rate=1.00s, Limit=0.000s, Conversion=0.0005s, RTAB-Map=0.0558s, Maps update=0.0001s pub=0.0001s delay=0.2014s (local map=2, WM=2)
[INFO] [1718656415.473747411] [rtabmap]: rtabmap (42): Rate=1.00s, Limit=0.000s, Conversion=0.0004s, RTAB-Map=0.0558s, Maps update=0.0004s pub=0.0023s delay=0.2013s (local map=2, WM=2)
[INFO] [1718656416.476216885] [rtabmap]: rtabmap (43): Rate=1.00s, Limit=0.000s, Conversion=0.0004s, RTAB-Map=0.0555s, Maps update=0.0003s pub=0.0009s delay=0.2037s (local map=2, WM=2)
[INFO] [1718656417.463111623] [rtabmap]: rtabmap (44): Rate=1.00s, Limit=0.000s, Conversion=0.0003s, RTAB-Map=0.0464s, Maps update=0.0003s pub=0.0005s delay=0.1905s (local map=2, WM=2)
[INFO] [1718656418.562631878] [rtabmap]: rtabmap (45): Rate=1.00s, Limit=0.000s, Conversion=0.0004s, RTAB-Map=0.0463s, Maps update=0.0002s pub=0.0003s delay=0.1901s (local map=2, WM=2)
[INFO] [1718656419.568545507] [rtabmap]: rtabmap (46): Rate=1.00s, Limit=0.000s, Conversion=0.0004s, RTAB-Map=0.0502s, Maps update=0.0003s pub=0.0004s delay=0.1958s (local map=2, WM=2)
[INFO] [1718656420.681152984] [rtabmap]: rtabmap (47): Rate=1.00s, Limit=0.000s, Conversion=0.0005s, RTAB-Map=0.0615s, Maps update=0.0003s pub=0.0004s delay=0.2086s (local map=2, WM=2)
[INFO] [1718656421.776603845] [rtabmap]: rtabmap (48): Rate=1.00s, Limit=0.000s, Conversion=0.0005s, RTAB-Map=0.0570s, Maps update=0.0002s pub=0.0009s delay=0.2040s (local map=2, WM=2)
[INFO] [1718656422.771451093] [rtabmap]: rtabmap (49): Rate=1.00s, Limit=0.000s, Conversion=0.0006s, RTAB-Map=0.0529s, Maps update=0.0002s pub=0.0003s delay=0.1988s (local map=2, WM=2)
[INFO] [1718656423.869920526] [rtabmap]: rtabmap (50): Rate=1.00s, Limit=0.000s, Conversion=0.0004s, RTAB-Map=0.0515s, Maps update=0.0002s pub=0.0003s delay=0.1973s (local map=2, WM=2)
[INFO] [1718656424.875480447] [rtabmap]: rtabmap (51): Rate=1.00s, Limit=0.000s, Conversion=0.0005s, RTAB-Map=0.0572s, Maps update=0.0003s pub=0.0005s delay=0.2028s (local map=2, WM=2)
[INFO] [1718656425.967897118] [rtabmap]: rtabmap (52): Rate=1.00s, Limit=0.000s, Conversion=0.0005s, RTAB-Map=0.0504s, Maps update=0.0002s pub=0.0005s delay=0.1952s (local map=2, WM=2)
[INFO] [1718656426.069815627] [rclcpp]: signal_handler(signum=2)
