[INFO] [1771521231.742970635] [rtabmap]: rtabmap(maps): latch                      = false
[INFO] [1771521231.743663812] [rtabmap]: rtabmap(maps): map_filter_radius          = 0.000000
[INFO] [1771521231.743712966] [rtabmap]: rtabmap(maps): map_filter_angle           = 30.000000
[INFO] [1771521231.743737799] [rtabmap]: rtabmap(maps): map_cleanup                = true
[INFO] [1771521231.743754824] [rtabmap]: rtabmap(maps): map_always_update          = false
[INFO] [1771521231.743776968] [rtabmap]: rtabmap(maps): map_empty_ray_tracing      = true
[INFO] [1771521231.743794185] [rtabmap]: rtabmap(maps): cloud_output_voxelized     = true
[INFO] [1771521231.743810058] [rtabmap]: rtabmap(maps): cloud_subtract_filtering   = false
[INFO] [1771521231.743825898] [rtabmap]: rtabmap(maps): cloud_subtract_filtering_min_neighbors = 2
[INFO] [1771521231.743914669] [rtabmap]: rtabmap(maps): octomap_tree_depth         = 16
[INFO] [1771521231.768926906] [rtabmap]: rtabmap: frame_id      = leo04/base_footprint
[INFO] [1771521231.769051039] [rtabmap]: rtabmap: map_frame_id  = map
[INFO] [1771521231.769136450] [rtabmap]: rtabmap: log_to_rosout_level  = 4
[INFO] [1771521231.769159075] [rtabmap]: rtabmap: initial_pose  = 
[INFO] [1771521231.769177667] [rtabmap]: rtabmap: use_action_for_goal  = false
[INFO] [1771521231.769196548] [rtabmap]: rtabmap: tf_delay      = 0.050000
[INFO] [1771521231.769240294] [rtabmap]: rtabmap: tf_tolerance  = 0.100000
[INFO] [1771521231.769278439] [rtabmap]: rtabmap: odom_sensor_sync   = false
[INFO] [1771521231.769299976] [rtabmap]: rtabmap: pub_loc_pose_only_when_localizing = false
[INFO] [1771521231.769346313] [rtabmap]: rtabmap: wait_for_transform = 0.500000
[INFO] [1771521231.769369994] [rtabmap]: rtabmap: gen_scan  = false
[INFO] [1771521231.769390443] [rtabmap]: rtabmap: gen_depth  = false
[INFO] [1771521231.769410636] [rtabmap]: rtabmap: scan_cloud_max_points = 0
[INFO] [1771521231.769480174] [rtabmap]: rtabmap: scan_cloud_is_2d = false
[INFO] [1771521231.791214276] [rtabmap]: Setting RTAB-Map parameter "Grid/CellSize"="0.03" (rosparam)
[INFO] [1771521231.791729047] [rtabmap]: Setting RTAB-Map parameter "Grid/MaxGroundAngle"="45" (rosparam)
[INFO] [1771521231.791946687] [rtabmap]: Setting RTAB-Map parameter "Grid/MaxGroundHeight"="0.1" (rosparam)
[INFO] [1771521231.792018977] [rtabmap]: Setting RTAB-Map parameter "Grid/MaxObstacleHeight"="0.7" (rosparam)
[INFO] [1771521231.792119365] [rtabmap]: Setting RTAB-Map parameter "Grid/MinGroundHeight"="-0.1" (rosparam)
[INFO] [1771521231.792289451] [rtabmap]: Setting RTAB-Map parameter "Grid/RangeMax"="3.0" (rosparam)
[INFO] [1771521231.792686842] [rtabmap]: Setting RTAB-Map parameter "Grid/RangeMin"="0.7" (rosparam)
[INFO] [1771521231.792972068] [rtabmap]: Setting RTAB-Map parameter "Grid/RayTracing"="false" (rosparam)
[INFO] [1771521231.793105417] [rtabmap]: Setting RTAB-Map parameter "Grid/Sensor"="0" (rosparam)
[INFO] [1771521231.793838019] [rtabmap]: Setting RTAB-Map parameter "Icp/CorrespondenceRatio"="0.2" (rosparam)
[INFO] [1771521231.794832872] [rtabmap]: Setting RTAB-Map parameter "Icp/Epsilon"="0.001" (rosparam)
[INFO] [1771521231.795149395] [rtabmap]: Setting RTAB-Map parameter "Icp/Iterations"="10" (rosparam)
[INFO] [1771521231.795372123] [rtabmap]: Setting RTAB-Map parameter "Icp/MaxCorrespondenceDistance"="1" (rosparam)
[INFO] [1771521231.795468735] [rtabmap]: Setting RTAB-Map parameter "Icp/MaxTranslation"="3" (rosparam)
[INFO] [1771521231.795534753] [rtabmap]: Setting RTAB-Map parameter "Icp/OutlierRatio"="0.7" (rosparam)
[INFO] [1771521231.795902190] [rtabmap]: Setting RTAB-Map parameter "Icp/PointToPlane"="true" (rosparam)
[INFO] [1771521231.796020851] [rtabmap]: Setting RTAB-Map parameter "Icp/PointToPlaneK"="20" (rosparam)
[INFO] [1771521231.796138487] [rtabmap]: Setting RTAB-Map parameter "Icp/PointToPlaneRadius"="0" (rosparam)
[INFO] [1771521231.796213210] [rtabmap]: Setting RTAB-Map parameter "Icp/RangeMin"="0.3" (rosparam)
[INFO] [1771521231.796307229] [rtabmap]: Setting RTAB-Map parameter "Icp/Strategy"="1" (rosparam)
[INFO] [1771521231.796365151] [rtabmap]: Setting RTAB-Map parameter "Icp/VoxelSize"="0.1" (rosparam)
[INFO] [1771521231.798564175] [rtabmap]: Setting RTAB-Map parameter "Mem/LaserScanNormalK"="20" (rosparam)
[INFO] [1771521231.798782519] [rtabmap]: Setting RTAB-Map parameter "Mem/NotLinkedNodesKept"="false" (rosparam)
[INFO] [1771521231.798989951] [rtabmap]: Setting RTAB-Map parameter "Mem/STMSize"="30" (rosparam)
[INFO] [1771521231.799850558] [rtabmap]: Setting RTAB-Map parameter "RGBD/AngularUpdate"="0.05" (rosparam)
[INFO] [1771521231.799932801] [rtabmap]: Setting RTAB-Map parameter "RGBD/CreateOccupancyGrid"="true" (rosparam)
[INFO] [1771521231.800141032] [rtabmap]: Setting RTAB-Map parameter "RGBD/LinearUpdate"="0.05" (rosparam)
[INFO] [1771521231.800740990] [rtabmap]: Setting RTAB-Map parameter "RGBD/ProximityMaxGraphDepth"="0" (rosparam)
[INFO] [1771521231.800899908] [rtabmap]: Setting RTAB-Map parameter "RGBD/ProximityPathMaxNeighbors"="1" (rosparam)
[INFO] [1771521231.801084523] [rtabmap]: Setting RTAB-Map parameter "Reg/Strategy"="1" (rosparam)
[INFO] [1771521231.804594186] [rtabmap]: RTAB-Map detection rate = 1.000000 Hz
[INFO] [1771521231.809298933] [rtabmap]: rtabmap: Deleted database "/root/.ros/rtabmap.db" (--delete_db_on_start or -d are set).
[INFO] [1771521231.809425434] [rtabmap]: rtabmap: Using database from "/root/.ros/rtabmap.db" (0 MB).
[INFO] [1771521231.875035146] [rtabmap]: rtabmap: Database version = "0.22.1".
[INFO] [1771521231.875191408] [rtabmap]: rtabmap: SLAM mode (Mem/IncrementalMemory=true)
[INFO] [1771521231.897596606] [rtabmap]: Setup callbacks
[INFO] [1771521231.898324472] [rtabmap]: rtabmap: subscribe_depth = false
[INFO] [1771521231.898409147] [rtabmap]: rtabmap: subscribe_rgb = false
[INFO] [1771521231.898441052] [rtabmap]: rtabmap: subscribe_stereo = false
[INFO] [1771521231.898468029] [rtabmap]: rtabmap: subscribe_rgbd = false (rgbd_cameras=1)
[INFO] [1771521231.898512991] [rtabmap]: rtabmap: subscribe_sensor_data = false
[INFO] [1771521231.898557601] [rtabmap]: rtabmap: subscribe_odom_info = false
[INFO] [1771521231.898603906] [rtabmap]: rtabmap: subscribe_user_data = false
[INFO] [1771521231.898633315] [rtabmap]: rtabmap: subscribe_scan = false
[INFO] [1771521231.898664101] [rtabmap]: rtabmap: subscribe_scan_cloud = true
[INFO] [1771521231.898688869] [rtabmap]: rtabmap: subscribe_scan_descriptor = false
[INFO] [1771521231.898726375] [rtabmap]: rtabmap: topic_queue_size = 10
[INFO] [1771521231.898750344] [rtabmap]: rtabmap: sync_queue_size  = 200
[INFO] [1771521231.898772584] [rtabmap]: rtabmap: qos_image       = 0
[INFO] [1771521231.898806378] [rtabmap]: rtabmap: qos_camera_info = 0
[INFO] [1771521231.898831499] [rtabmap]: rtabmap: qos_scan        = 0
[INFO] [1771521231.898855692] [rtabmap]: rtabmap: qos_odom        = 0
[INFO] [1771521231.898879436] [rtabmap]: rtabmap: qos_user_data   = 0
[INFO] [1771521231.898913934] [rtabmap]: rtabmap: approx_sync     = true
[INFO] [1771521231.899699498] [rtabmap]: Setup scan callback
[INFO] [1771521231.908237312] [rtabmap]: 
rtabmap subscribed to (approx sync):
   /odom \
   /leo04/livox/lidar
[WARN] [1771521231.910980388] [rtabmap]: There is no image subscription, bag-of-words loop closure detection will be disabled...
[WARN] [1771521231.911139850] [rtabmap]: Setting Kp/MaxFeatures=-1 (bag-of-words disabled)
[INFO] [1771521232.219607795] [rtabmap]: rtabmap (1): Rate=1.00s, Limit=0.000s, Conversion=0.0007s, RTAB-Map=0.1765s, Maps update=0.0018s pub=0.0024s delay=0.3338s (local map=1, WM=1)
[INFO] [1771521233.334113573] [rtabmap]: rtabmap (2): Rate=1.00s, Limit=0.000s, Conversion=0.0005s, RTAB-Map=0.1837s, Maps update=0.0002s pub=0.0006s delay=0.3484s (local map=1, WM=1)
[INFO] [1771521234.426073669] [rtabmap]: rtabmap (3): Rate=1.00s, Limit=0.000s, Conversion=0.0005s, RTAB-Map=0.1788s, Maps update=0.0002s pub=0.0006s delay=0.3403s (local map=1, WM=1)
[INFO] [1771521235.525973060] [rtabmap]: rtabmap (4): Rate=1.00s, Limit=0.000s, Conversion=0.0003s, RTAB-Map=0.1864s, Maps update=0.0002s pub=0.0006s delay=0.3403s (local map=1, WM=1)
[INFO] [1771521236.627883629] [rtabmap]: rtabmap (5): Rate=1.00s, Limit=0.000s, Conversion=0.0005s, RTAB-Map=0.1800s, Maps update=0.0002s pub=0.0006s delay=0.3415s (local map=1, WM=1)
[INFO] [1771521237.754437302] [rtabmap]: rtabmap (6): Rate=1.00s, Limit=0.000s, Conversion=0.0004s, RTAB-Map=0.2094s, Maps update=0.0002s pub=0.0005s delay=0.3688s (local map=1, WM=1)
[INFO] [1771521238.747580910] [rtabmap]: rtabmap (7): Rate=1.00s, Limit=0.000s, Conversion=0.0003s, RTAB-Map=0.1976s, Maps update=0.0002s pub=0.0005s delay=0.3618s (local map=1, WM=1)
[INFO] [1771521239.712303166] [rtabmap]: rtabmap (8): Rate=1.00s, Limit=0.000s, Conversion=0.0003s, RTAB-Map=0.1662s, Maps update=0.0002s pub=0.0005s delay=0.3265s (local map=1, WM=1)
[INFO] [1771521240.830574233] [rtabmap]: rtabmap (9): Rate=1.00s, Limit=0.000s, Conversion=0.0005s, RTAB-Map=0.1876s, Maps update=0.0002s pub=0.0005s delay=0.3449s (local map=1, WM=1)
[INFO] [1771521241.927120511] [rtabmap]: rtabmap (10): Rate=1.00s, Limit=0.000s, Conversion=0.0006s, RTAB-Map=0.1859s, Maps update=0.0003s pub=0.0006s delay=0.3415s (local map=1, WM=1)
[INFO] [1771521242.903665500] [rtabmap]: rtabmap (11): Rate=1.00s, Limit=0.000s, Conversion=0.0003s, RTAB-Map=0.1647s, Maps update=0.0003s pub=0.0005s delay=0.3179s (local map=1, WM=1)
[INFO] [1771521244.031988133] [rtabmap]: rtabmap (12): Rate=1.00s, Limit=0.000s, Conversion=0.0005s, RTAB-Map=0.1860s, Maps update=0.0002s pub=0.0005s delay=0.3463s (local map=1, WM=1)
[INFO] [1771521245.024516711] [rtabmap]: rtabmap (13): Rate=1.00s, Limit=0.000s, Conversion=0.0004s, RTAB-Map=0.1790s, Maps update=0.0002s pub=0.0005s delay=0.3387s (local map=1, WM=1)
[INFO] [1771521246.144311130] [rtabmap]: rtabmap (14): Rate=1.00s, Limit=0.000s, Conversion=0.0003s, RTAB-Map=0.1935s, Maps update=0.0002s pub=0.0006s delay=0.3585s (local map=1, WM=1)
[INFO] [1771521247.124191312] [rtabmap]: rtabmap (15): Rate=1.00s, Limit=0.000s, Conversion=0.0005s, RTAB-Map=0.1788s, Maps update=0.0002s pub=0.0006s delay=0.3383s (local map=1, WM=1)
[INFO] [1771521248.209688293] [rtabmap]: rtabmap (16): Rate=1.00s, Limit=0.000s, Conversion=0.0004s, RTAB-Map=0.1645s, Maps update=0.0002s pub=0.0006s delay=0.3238s (local map=1, WM=1)
[INFO] [1771521249.222583723] [rtabmap]: rtabmap (17): Rate=1.00s, Limit=0.000s, Conversion=0.0005s, RTAB-Map=0.1807s, Maps update=0.0002s pub=0.0006s delay=0.3367s (local map=1, WM=1)
[INFO] [1771521250.345713975] [rtabmap]: rtabmap (18): Rate=1.00s, Limit=0.000s, Conversion=0.0016s, RTAB-Map=0.1960s, Maps update=0.0002s pub=0.0005s delay=0.3598s (local map=1, WM=1)
[INFO] [1771521251.326906557] [rtabmap]: rtabmap (19): Rate=1.00s, Limit=0.000s, Conversion=0.0005s, RTAB-Map=0.1780s, Maps update=0.0002s pub=0.0006s delay=0.3410s (local map=1, WM=1)
[INFO] [1771521252.323900001] [rtabmap]: rtabmap (20): Rate=1.00s, Limit=0.000s, Conversion=0.0003s, RTAB-Map=0.1736s, Maps update=0.0002s pub=0.0005s delay=0.3379s (local map=1, WM=1)
[INFO] [1771521253.435713810] [rtabmap]: rtabmap (21): Rate=1.00s, Limit=0.000s, Conversion=0.0005s, RTAB-Map=0.1816s, Maps update=0.0014s pub=0.0005s delay=0.3500s (local map=1, WM=1)
[INFO] [1771521254.438852022] [rtabmap]: rtabmap (22): Rate=1.00s, Limit=0.000s, Conversion=0.0006s, RTAB-Map=0.1896s, Maps update=0.0002s pub=0.0005s delay=0.3531s (local map=1, WM=1)
[INFO] [1771521255.425088745] [rtabmap]: rtabmap (23): Rate=1.00s, Limit=0.000s, Conversion=0.0005s, RTAB-Map=0.1766s, Maps update=0.0002s pub=0.0006s delay=0.3391s (local map=1, WM=1)
[INFO] [1771521256.529456934] [rtabmap]: rtabmap (24): Rate=1.00s, Limit=0.000s, Conversion=0.0005s, RTAB-Map=0.1911s, Maps update=0.0003s pub=0.0006s delay=0.3436s (local map=1, WM=1)
[INFO] [1771521257.541059196] [rtabmap]: rtabmap (25): Rate=1.00s, Limit=0.000s, Conversion=0.0004s, RTAB-Map=0.1921s, Maps update=0.0002s pub=0.0006s delay=0.3551s (local map=1, WM=1)
[INFO] [1771521258.614129254] [rtabmap]: rtabmap (26): Rate=1.00s, Limit=0.000s, Conversion=0.0003s, RTAB-Map=0.1753s, Maps update=0.0002s pub=0.0011s delay=0.3282s (local map=1, WM=1)
[INFO] [1771521259.612189131] [rtabmap]: rtabmap (27): Rate=1.00s, Limit=0.000s, Conversion=0.0005s, RTAB-Map=0.1736s, Maps update=0.0002s pub=0.0006s delay=0.3262s (local map=1, WM=1)
[INFO] [1771521260.729017676] [rtabmap]: rtabmap (28): Rate=1.00s, Limit=0.000s, Conversion=0.0004s, RTAB-Map=0.1767s, Maps update=0.0002s pub=0.0006s delay=0.3432s (local map=1, WM=1)
[INFO] [1771521261.736701375] [rtabmap]: rtabmap (29): Rate=1.00s, Limit=0.000s, Conversion=0.0004s, RTAB-Map=0.1980s, Maps update=0.0002s pub=0.0005s delay=0.3508s (local map=1, WM=1)
[INFO] [1771521262.725491716] [rtabmap]: rtabmap (30): Rate=1.00s, Limit=0.000s, Conversion=0.0003s, RTAB-Map=0.1796s, Maps update=0.0002s pub=0.0007s delay=0.3395s (local map=1, WM=1)
[INFO] [1771521263.816688382] [rtabmap]: rtabmap (31): Rate=1.00s, Limit=0.000s, Conversion=0.0003s, RTAB-Map=0.1709s, Maps update=0.0002s pub=0.0006s delay=0.3308s (local map=1, WM=1)
[INFO] [1771521264.829484165] [rtabmap]: rtabmap (32): Rate=1.00s, Limit=0.000s, Conversion=0.0003s, RTAB-Map=0.1727s, Maps update=0.0002s pub=0.0006s delay=0.3435s (local map=1, WM=1)
[INFO] [1771521265.922953086] [rtabmap]: rtabmap (33): Rate=1.00s, Limit=0.000s, Conversion=0.0006s, RTAB-Map=0.1744s, Maps update=0.0002s pub=0.0005s delay=0.3369s (local map=1, WM=1)
[INFO] [1771521267.044518179] [rtabmap]: rtabmap (34): Rate=1.00s, Limit=0.000s, Conversion=0.0005s, RTAB-Map=0.1876s, Maps update=0.0003s pub=0.0006s delay=0.3586s (local map=1, WM=1)
[INFO] [1771521268.013435087] [rtabmap]: rtabmap (35): Rate=1.00s, Limit=0.000s, Conversion=0.0003s, RTAB-Map=0.1640s, Maps update=0.0002s pub=0.0006s delay=0.3274s (local map=1, WM=1)
[INFO] [1771521269.045296109] [rtabmap]: rtabmap (36): Rate=1.00s, Limit=0.000s, Conversion=0.0005s, RTAB-Map=0.1998s, Maps update=0.0002s pub=0.0005s delay=0.3592s (local map=1, WM=1)
[INFO] [1771521270.162090253] [rtabmap]: rtabmap (37): Rate=1.00s, Limit=0.000s, Conversion=0.0006s, RTAB-Map=0.2097s, Maps update=0.0002s pub=0.0005s delay=0.3760s (local map=1, WM=1)
[INFO] [1771521271.232838039] [rtabmap]: rtabmap (38): Rate=1.00s, Limit=0.000s, Conversion=0.0005s, RTAB-Map=0.1814s, Maps update=0.0003s pub=0.0006s delay=0.3468s (local map=1, WM=1)
[INFO] [1771521272.216924600] [rtabmap]: rtabmap (39): Rate=1.00s, Limit=0.000s, Conversion=0.0003s, RTAB-Map=0.1701s, Maps update=0.0002s pub=0.0010s delay=0.3308s (local map=1, WM=1)
[INFO] [1771521273.348653411] [rtabmap]: rtabmap (40): Rate=1.00s, Limit=0.000s, Conversion=0.0003s, RTAB-Map=0.1995s, Maps update=0.0004s pub=0.0005s delay=0.3626s (local map=1, WM=1)
[INFO] [1771521274.327122427] [rtabmap]: rtabmap (41): Rate=1.00s, Limit=0.000s, Conversion=0.0005s, RTAB-Map=0.1811s, Maps update=0.0002s pub=0.0006s delay=0.3410s (local map=1, WM=1)
[INFO] [1771521275.426004180] [rtabmap]: rtabmap (42): Rate=1.00s, Limit=0.000s, Conversion=0.0003s, RTAB-Map=0.1785s, Maps update=0.0002s pub=0.0006s delay=0.3398s (local map=1, WM=1)
[INFO] [1771521276.425878532] [rtabmap]: rtabmap (43): Rate=1.00s, Limit=0.000s, Conversion=0.0003s, RTAB-Map=0.1742s, Maps update=0.0002s pub=0.0005s delay=0.3396s (local map=1, WM=1)
[INFO] [1771521277.526259675] [rtabmap]: rtabmap (44): Rate=1.00s, Limit=0.000s, Conversion=0.0004s, RTAB-Map=0.1764s, Maps update=0.0002s pub=0.0006s delay=0.3399s (local map=1, WM=1)
[INFO] [1771521278.628862574] [rtabmap]: rtabmap (45): Rate=1.00s, Limit=0.000s, Conversion=0.0003s, RTAB-Map=0.1771s, Maps update=0.0002s pub=0.0005s delay=0.3428s (local map=1, WM=1)
[INFO] [1771521279.627959677] [rtabmap]: rtabmap (46): Rate=1.00s, Limit=0.000s, Conversion=0.0006s, RTAB-Map=0.1751s, Maps update=0.0002s pub=0.0006s delay=0.3418s (local map=1, WM=1)
[INFO] [1771521280.634490753] [rtabmap]: rtabmap (47): Rate=1.00s, Limit=0.000s, Conversion=0.0003s, RTAB-Map=0.1863s, Maps update=0.0002s pub=0.0007s delay=0.3482s (local map=1, WM=1)
[INFO] [1771521281.644655548] [rtabmap]: rtabmap (48): Rate=1.00s, Limit=0.000s, Conversion=0.0005s, RTAB-Map=0.1970s, Maps update=0.0002s pub=0.0005s delay=0.3584s (local map=1, WM=1)
[INFO] [1771521282.736998757] [rtabmap]: rtabmap (49): Rate=1.00s, Limit=0.000s, Conversion=0.0004s, RTAB-Map=0.1879s, Maps update=0.0002s pub=0.0006s delay=0.3507s (local map=1, WM=1)
[INFO] [1771521283.821373189] [rtabmap]: rtabmap (50): Rate=1.00s, Limit=0.000s, Conversion=0.0005s, RTAB-Map=0.1753s, Maps update=0.0003s pub=0.0006s delay=0.3353s (local map=1, WM=1)
[INFO] [1771521284.816112640] [rtabmap]: rtabmap (51): Rate=1.00s, Limit=0.000s, Conversion=0.0005s, RTAB-Map=0.1741s, Maps update=0.0002s pub=0.0006s delay=0.3297s (local map=1, WM=1)
[INFO] [1771521285.939477200] [rtabmap]: rtabmap (52): Rate=1.00s, Limit=0.000s, Conversion=0.0003s, RTAB-Map=0.1869s, Maps update=0.0002s pub=0.0006s delay=0.3534s (local map=1, WM=1)
[INFO] [1771521286.927518261] [rtabmap]: rtabmap (53): Rate=1.00s, Limit=0.000s, Conversion=0.0005s, RTAB-Map=0.1784s, Maps update=0.0002s pub=0.0006s delay=0.3412s (local map=1, WM=1)
[INFO] [1771521288.020567644] [rtabmap]: rtabmap (54): Rate=1.00s, Limit=0.000s, Conversion=0.0003s, RTAB-Map=0.1701s, Maps update=0.0002s pub=0.0006s delay=0.3343s (local map=1, WM=1)
[INFO] [1771521289.124691022] [rtabmap]: rtabmap (55): Rate=1.00s, Limit=0.000s, Conversion=0.0007s, RTAB-Map=0.1803s, Maps update=0.0002s pub=0.0006s delay=0.3386s (local map=1, WM=1)
[INFO] [1771521290.157493171] [rtabmap]: rtabmap (56): Rate=1.00s, Limit=0.000s, Conversion=0.0004s, RTAB-Map=0.2083s, Maps update=0.0002s pub=0.0005s delay=0.3712s (local map=1, WM=1)
[INFO] [1771521291.130922746] [rtabmap]: rtabmap (57): Rate=1.00s, Limit=0.000s, Conversion=0.0004s, RTAB-Map=0.1816s, Maps update=0.0002s pub=0.0008s delay=0.3446s (local map=1, WM=1)
[INFO] [1771521292.222176535] [rtabmap]: rtabmap (58): Rate=1.00s, Limit=0.000s, Conversion=0.0004s, RTAB-Map=0.1764s, Maps update=0.0003s pub=0.0006s delay=0.3369s (local map=1, WM=1)
[INFO] [1771521293.228615319] [rtabmap]: rtabmap (59): Rate=1.00s, Limit=0.000s, Conversion=0.0007s, RTAB-Map=0.1793s, Maps update=0.0002s pub=0.0006s delay=0.3422s (local map=1, WM=1)
[INFO] [1771521294.332835853] [rtabmap]: rtabmap (60): Rate=1.00s, Limit=0.000s, Conversion=0.0005s, RTAB-Map=0.1859s, Maps update=0.0003s pub=0.0005s delay=0.3466s (local map=1, WM=1)
[INFO] [1771521295.428182451] [rtabmap]: rtabmap (61): Rate=1.00s, Limit=0.000s, Conversion=0.0005s, RTAB-Map=0.1770s, Maps update=0.0002s pub=0.0005s delay=0.3417s (local map=1, WM=1)
[INFO] [1771521296.529222757] [rtabmap]: rtabmap (62): Rate=1.00s, Limit=0.000s, Conversion=0.0003s, RTAB-Map=0.1851s, Maps update=0.0002s pub=0.0006s delay=0.3439s (local map=1, WM=1)
[INFO] [1771521297.562179729] [rtabmap]: rtabmap (63): Rate=1.00s, Limit=0.000s, Conversion=0.0005s, RTAB-Map=0.2134s, Maps update=0.0002s pub=0.0004s delay=0.3758s (local map=1, WM=1)
[INFO] [1771521298.642220028] [rtabmap]: rtabmap (64): Rate=1.00s, Limit=0.000s, Conversion=0.0007s, RTAB-Map=0.1902s, Maps update=0.0002s pub=0.0005s delay=0.3558s (local map=1, WM=1)
[INFO] [1771521299.617879936] [rtabmap]: rtabmap (65): Rate=1.00s, Limit=0.000s, Conversion=0.0005s, RTAB-Map=0.1743s, Maps update=0.0002s pub=0.0006s delay=0.3315s (local map=1, WM=1)
[INFO] [1771521300.734582332] [rtabmap]: rtabmap (66): Rate=1.00s, Limit=0.000s, Conversion=0.0003s, RTAB-Map=0.1881s, Maps update=0.0002s pub=0.0007s delay=0.3481s (local map=1, WM=1)
[INFO] [1771521301.826211848] [rtabmap]: rtabmap (67): Rate=1.00s, Limit=0.000s, Conversion=0.0004s, RTAB-Map=0.1789s, Maps update=0.0002s pub=0.0005s delay=0.3408s (local map=1, WM=1)
[INFO] [1771521302.819770994] [rtabmap]: rtabmap (68): Rate=1.00s, Limit=0.000s, Conversion=0.0005s, RTAB-Map=0.1723s, Maps update=0.0003s pub=0.0005s delay=0.3335s (local map=1, WM=1)
[INFO] [1771521303.829678370] [rtabmap]: rtabmap (69): Rate=1.00s, Limit=0.000s, Conversion=0.0005s, RTAB-Map=0.1795s, Maps update=0.0002s pub=0.0005s delay=0.3431s (local map=1, WM=1)
[INFO] [1771521304.946231223] [rtabmap]: rtabmap (70): Rate=1.00s, Limit=0.000s, Conversion=0.0005s, RTAB-Map=0.1948s, Maps update=0.0002s pub=0.0004s delay=0.3599s (local map=1, WM=1)
[INFO] [1771521305.924932537] [rtabmap]: rtabmap (71): Rate=1.00s, Limit=0.000s, Conversion=0.0005s, RTAB-Map=0.1834s, Maps update=0.0002s pub=0.0005s delay=0.3385s (local map=1, WM=1)
[INFO] [1771521307.042971948] [rtabmap]: rtabmap (72): Rate=1.00s, Limit=0.000s, Conversion=0.0007s, RTAB-Map=0.1936s, Maps update=0.0002s pub=0.0005s delay=0.3567s (local map=1, WM=1)
[INFO] [1771521308.137720698] [rtabmap]: rtabmap (73): Rate=1.00s, Limit=0.000s, Conversion=0.0003s, RTAB-Map=0.1960s, Maps update=0.0003s pub=0.0006s delay=0.3513s (local map=1, WM=1)
[INFO] [1771521309.226451598] [rtabmap]: rtabmap (74): Rate=1.00s, Limit=0.000s, Conversion=0.0003s, RTAB-Map=0.1836s, Maps update=0.0002s pub=0.0005s delay=0.3410s (local map=1, WM=1)
[INFO] [1771521310.334219287] [rtabmap]: rtabmap (75): Rate=1.00s, Limit=0.000s, Conversion=0.0003s, RTAB-Map=0.1810s, Maps update=0.0002s pub=0.0005s delay=0.3478s (local map=1, WM=1)
[INFO] [1771521311.409159727] [rtabmap]: rtabmap (76): Rate=1.00s, Limit=0.000s, Conversion=0.0005s, RTAB-Map=0.1720s, Maps update=0.0002s pub=0.0005s delay=0.3226s (local map=1, WM=1)
[INFO] [1771521312.555563610] [rtabmap]: rtabmap (77): Rate=1.00s, Limit=0.000s, Conversion=0.0008s, RTAB-Map=0.2036s, Maps update=0.0003s pub=0.0005s delay=0.3692s (local map=1, WM=1)
[INFO] [1771521313.542070944] [rtabmap]: rtabmap (78): Rate=1.00s, Limit=0.000s, Conversion=0.0004s, RTAB-Map=0.1983s, Maps update=0.0002s pub=0.0004s delay=0.3555s (local map=1, WM=1)
[INFO] [1771521314.626289752] [rtabmap]: rtabmap (79): Rate=1.00s, Limit=0.000s, Conversion=0.0003s, RTAB-Map=0.1864s, Maps update=0.0002s pub=0.0005s delay=0.3398s (local map=1, WM=1)
[INFO] [1771521315.725922896] [rtabmap]: rtabmap (80): Rate=1.00s, Limit=0.000s, Conversion=0.0003s, RTAB-Map=0.1749s, Maps update=0.0002s pub=0.0005s delay=0.3395s (local map=1, WM=1)
[INFO] [1771521316.718716379] [rtabmap]: rtabmap (81): Rate=1.00s, Limit=0.000s, Conversion=0.0005s, RTAB-Map=0.1711s, Maps update=0.0002s pub=0.0005s delay=0.3321s (local map=1, WM=1)
[INFO] [1771521317.727331477] [rtabmap]: rtabmap (82): Rate=1.00s, Limit=0.000s, Conversion=0.0003s, RTAB-Map=0.1828s, Maps update=0.0002s pub=0.0005s delay=0.3407s (local map=1, WM=1)
[INFO] [1771521318.825643894] [rtabmap]: rtabmap (83): Rate=1.00s, Limit=0.000s, Conversion=0.0003s, RTAB-Map=0.1757s, Maps update=0.0002s pub=0.0005s delay=0.3390s (local map=1, WM=1)
[INFO] [1771521319.934945183] [rtabmap]: rtabmap (84): Rate=1.00s, Limit=0.000s, Conversion=0.0003s, RTAB-Map=0.1815s, Maps update=0.0002s pub=0.0004s delay=0.3484s (local map=1, WM=1)
[INFO] [1771521320.940176717] [rtabmap]: rtabmap (85): Rate=1.00s, Limit=0.000s, Conversion=0.0007s, RTAB-Map=0.1923s, Maps update=0.0002s pub=0.0004s delay=0.3536s (local map=1, WM=1)
[INFO] [1771521322.028705688] [rtabmap]: rtabmap (86): Rate=1.00s, Limit=0.000s, Conversion=0.0003s, RTAB-Map=0.1841s, Maps update=0.0002s pub=0.0006s delay=0.3433s (local map=1, WM=1)
[INFO] [1771521323.020309009] [rtabmap]: rtabmap (87): Rate=1.00s, Limit=0.000s, Conversion=0.0004s, RTAB-Map=0.1789s, Maps update=0.0002s pub=0.0005s delay=0.3346s (local map=1, WM=1)
[INFO] [1771521324.023223583] [rtabmap]: rtabmap (88): Rate=1.00s, Limit=0.000s, Conversion=0.0005s, RTAB-Map=0.1716s, Maps update=0.0002s pub=0.0005s delay=0.3366s (local map=1, WM=1)
[INFO] [1771521325.027824851] [rtabmap]: rtabmap (89): Rate=1.00s, Limit=0.000s, Conversion=0.0006s, RTAB-Map=0.1800s, Maps update=0.0003s pub=0.0005s delay=0.3412s (local map=1, WM=1)
[INFO] [1771521326.132882284] [rtabmap]: rtabmap (90): Rate=1.00s, Limit=0.000s, Conversion=0.0004s, RTAB-Map=0.1852s, Maps update=0.0002s pub=0.0006s delay=0.3463s (local map=1, WM=1)
[INFO] [1771521327.139029376] [rtabmap]: rtabmap (91): Rate=1.00s, Limit=0.000s, Conversion=0.0005s, RTAB-Map=0.1885s, Maps update=0.0002s pub=0.0007s delay=0.3524s (local map=1, WM=1)
[INFO] [1771521328.242885991] [rtabmap]: rtabmap (92): Rate=1.00s, Limit=0.000s, Conversion=0.0005s, RTAB-Map=0.1979s, Maps update=0.0002s pub=0.0007s delay=0.3572s (local map=1, WM=1)
[INFO] [1771521329.221203769] [rtabmap]: rtabmap (93): Rate=1.00s, Limit=0.000s, Conversion=0.0005s, RTAB-Map=0.1762s, Maps update=0.0003s pub=0.0006s delay=0.3354s (local map=1, WM=1)
[INFO] [1771521330.331301378] [rtabmap]: rtabmap (94): Rate=1.00s, Limit=0.000s, Conversion=0.0005s, RTAB-Map=0.1822s, Maps update=0.0002s pub=0.0005s delay=0.3456s (local map=1, WM=1)
[INFO] [1771521331.439216178] [rtabmap]: rtabmap (95): Rate=1.00s, Limit=0.000s, Conversion=0.0005s, RTAB-Map=0.1968s, Maps update=0.0002s pub=0.0005s delay=0.3526s (local map=1, WM=1)
[INFO] [1771521332.539800529] [rtabmap]: rtabmap (96): Rate=1.00s, Limit=0.000s, Conversion=0.0005s, RTAB-Map=0.1939s, Maps update=0.0004s pub=0.0005s delay=0.3541s (local map=1, WM=1)
[INFO] [1771521333.520026386] [rtabmap]: rtabmap (97): Rate=1.00s, Limit=0.000s, Conversion=0.0005s, RTAB-Map=0.1692s, Maps update=0.0002s pub=0.0005s delay=0.3344s (local map=1, WM=1)
[INFO] [1771521334.537093611] [rtabmap]: rtabmap (98): Rate=1.00s, Limit=0.000s, Conversion=0.0004s, RTAB-Map=0.1914s, Maps update=0.0002s pub=0.0004s delay=0.3514s (local map=1, WM=1)
[INFO] [1771521335.637473698] [rtabmap]: rtabmap (99): Rate=1.00s, Limit=0.000s, Conversion=0.0005s, RTAB-Map=0.1921s, Maps update=0.0002s pub=0.0005s delay=0.3518s (local map=1, WM=1)
[INFO] [1771521336.644743620] [rtabmap]: rtabmap (100): Rate=1.00s, Limit=0.000s, Conversion=0.0003s, RTAB-Map=0.2010s, Maps update=0.0002s pub=0.0006s delay=0.3590s (local map=1, WM=1)
[INFO] [1771521337.618405589] [rtabmap]: rtabmap (101): Rate=1.00s, Limit=0.000s, Conversion=0.0005s, RTAB-Map=0.1719s, Maps update=0.0003s pub=0.0006s delay=0.3327s (local map=1, WM=1)
[INFO] [1771521338.705540839] [rtabmap]: rtabmap (102): Rate=1.00s, Limit=0.000s, Conversion=0.0003s, RTAB-Map=0.1584s, Maps update=0.0003s pub=0.0005s delay=0.3197s (local map=1, WM=1)
[INFO] [1771521339.819260167] [rtabmap]: rtabmap (103): Rate=1.00s, Limit=0.000s, Conversion=0.0003s, RTAB-Map=0.1826s, Maps update=0.0002s pub=0.0006s delay=0.3336s (local map=1, WM=1)
[INFO] [1771521340.836203579] [rtabmap]: rtabmap (104): Rate=1.00s, Limit=0.000s, Conversion=0.0004s, RTAB-Map=0.1918s, Maps update=0.0003s pub=0.0007s delay=0.3504s (local map=1, WM=1)
[INFO] [1771521341.928339548] [rtabmap]: rtabmap (105): Rate=1.00s, Limit=0.000s, Conversion=0.0003s, RTAB-Map=0.1902s, Maps update=0.0003s pub=0.0005s delay=0.3426s (local map=1, WM=1)
[INFO] [1771521343.030428441] [rtabmap]: rtabmap (106): Rate=1.00s, Limit=0.000s, Conversion=0.0004s, RTAB-Map=0.1805s, Maps update=0.0002s pub=0.0005s delay=0.3451s (local map=1, WM=1)
[INFO] [1771521344.033920511] [rtabmap]: rtabmap (107): Rate=1.00s, Limit=0.000s, Conversion=0.0005s, RTAB-Map=0.1836s, Maps update=0.0002s pub=0.0005s delay=0.3485s (local map=1, WM=1)
[INFO] [1771521345.129980611] [rtabmap]: rtabmap (108): Rate=1.00s, Limit=0.000s, Conversion=0.0005s, RTAB-Map=0.1826s, Maps update=0.0002s pub=0.0005s delay=0.3440s (local map=1, WM=1)
[INFO] [1771521346.222311244] [rtabmap]: rtabmap (109): Rate=1.00s, Limit=0.000s, Conversion=0.0003s, RTAB-Map=0.1770s, Maps update=0.0002s pub=0.0005s delay=0.3366s (local map=1, WM=1)
[INFO] [1771521347.328277003] [rtabmap]: rtabmap (110): Rate=1.00s, Limit=0.000s, Conversion=0.0005s, RTAB-Map=0.1852s, Maps update=0.0003s pub=0.0005s delay=0.3430s (local map=1, WM=1)
[INFO] [1771521348.436360097] [rtabmap]: rtabmap (111): Rate=1.00s, Limit=0.000s, Conversion=0.0005s, RTAB-Map=0.1912s, Maps update=0.0004s pub=0.0005s delay=0.3511s (local map=1, WM=1)
[INFO] [1771521349.418120258] [rtabmap]: rtabmap (112): Rate=1.00s, Limit=0.000s, Conversion=0.0003s, RTAB-Map=0.1736s, Maps update=0.0002s pub=0.0010s delay=0.3328s (local map=1, WM=1)
[INFO] [1771521350.431345083] [rtabmap]: rtabmap (113): Rate=1.00s, Limit=0.000s, Conversion=0.0003s, RTAB-Map=0.1807s, Maps update=0.0002s pub=0.0008s delay=0.3455s (local map=1, WM=1)
[INFO] [1771521351.431483702] [rtabmap]: rtabmap (114): Rate=1.00s, Limit=0.000s, Conversion=0.0005s, RTAB-Map=0.1870s, Maps update=0.0002s pub=0.0006s delay=0.3455s (local map=1, WM=1)
[INFO] [1771521352.518154964] [rtabmap]: rtabmap (115): Rate=1.00s, Limit=0.000s, Conversion=0.0003s, RTAB-Map=0.1731s, Maps update=0.0002s pub=0.0005s delay=0.3327s (local map=1, WM=1)
[INFO] [1771521353.621479269] [rtabmap]: rtabmap (116): Rate=1.00s, Limit=0.000s, Conversion=0.0005s, RTAB-Map=0.1818s, Maps update=0.0003s pub=0.0006s delay=0.3362s (local map=1, WM=1)
[INFO] [1771521354.620606998] [rtabmap]: rtabmap (117): Rate=1.00s, Limit=0.000s, Conversion=0.0003s, RTAB-Map=0.1810s, Maps update=0.0002s pub=0.0005s delay=0.3352s (local map=1, WM=1)
[INFO] [1771521355.631782843] [rtabmap]: rtabmap (118): Rate=1.00s, Limit=0.000s, Conversion=0.0004s, RTAB-Map=0.1834s, Maps update=0.0002s pub=0.0005s delay=0.3464s (local map=1, WM=1)
[INFO] [1771521356.716437285] [rtabmap]: rtabmap (119): Rate=1.00s, Limit=0.000s, Conversion=0.0003s, RTAB-Map=0.1759s, Maps update=0.0003s pub=0.0005s delay=0.3311s (local map=1, WM=1)
[INFO] [1771521357.835503875] [rtabmap]: rtabmap (120): Rate=1.00s, Limit=0.000s, Conversion=0.0005s, RTAB-Map=0.1854s, Maps update=0.0002s pub=0.0006s delay=0.3502s (local map=1, WM=1)
[INFO] [1771521358.846150162] [rtabmap]: rtabmap (121): Rate=1.00s, Limit=0.000s, Conversion=0.0005s, RTAB-Map=0.1981s, Maps update=0.0002s pub=0.0005s delay=0.3608s (local map=1, WM=1)
[INFO] [1771521359.932853454] [rtabmap]: rtabmap (122): Rate=1.00s, Limit=0.000s, Conversion=0.0003s, RTAB-Map=0.1865s, Maps update=0.0002s pub=0.0005s delay=0.3476s (local map=1, WM=1)
[INFO] [1771521360.925718115] [rtabmap]: rtabmap (123): Rate=1.00s, Limit=0.000s, Conversion=0.0005s, RTAB-Map=0.1757s, Maps update=0.0003s pub=0.0006s delay=0.3403s (local map=1, WM=1)
[INFO] [1771521362.029226444] [rtabmap]: rtabmap (124): Rate=1.00s, Limit=0.000s, Conversion=0.0006s, RTAB-Map=0.1809s, Maps update=0.0002s pub=0.0005s delay=0.3438s (local map=1, WM=1)
[INFO] [1771521363.122315388] [rtabmap]: rtabmap (125): Rate=1.00s, Limit=0.000s, Conversion=0.0004s, RTAB-Map=0.1772s, Maps update=0.0002s pub=0.0005s delay=0.3370s (local map=1, WM=1)
[INFO] [1771521364.231388656] [rtabmap]: rtabmap (126): Rate=1.00s, Limit=0.000s, Conversion=0.0003s, RTAB-Map=0.1805s, Maps update=0.0002s pub=0.0005s delay=0.3459s (local map=1, WM=1)
[INFO] [1771521365.326498505] [rtabmap]: rtabmap (127): Rate=1.00s, Limit=0.000s, Conversion=0.0003s, RTAB-Map=0.1798s, Maps update=0.0002s pub=0.0005s delay=0.3411s (local map=1, WM=1)
[INFO] [1771521366.317820485] [rtabmap]: rtabmap (128): Rate=1.00s, Limit=0.000s, Conversion=0.0006s, RTAB-Map=0.1728s, Maps update=0.0002s pub=0.0005s delay=0.3324s (local map=1, WM=1)
[INFO] [1771521367.447457925] [rtabmap]: rtabmap (129): Rate=1.00s, Limit=0.000s, Conversion=0.0005s, RTAB-Map=0.1901s, Maps update=0.0002s pub=0.0005s delay=0.3622s (local map=1, WM=1)
[INFO] [1771521368.433008976] [rtabmap]: rtabmap (130): Rate=1.00s, Limit=0.000s, Conversion=0.0003s, RTAB-Map=0.1958s, Maps update=0.0002s pub=0.0005s delay=0.3476s (local map=1, WM=1)
[INFO] [1771521369.533568270] [rtabmap]: rtabmap (131): Rate=1.00s, Limit=0.000s, Conversion=0.0005s, RTAB-Map=0.1923s, Maps update=0.0002s pub=0.0006s delay=0.3483s (local map=1, WM=1)
[INFO] [1771521370.517100144] [rtabmap]: rtabmap (132): Rate=1.00s, Limit=0.000s, Conversion=0.0004s, RTAB-Map=0.1752s, Maps update=0.0003s pub=0.0005s delay=0.3317s (local map=1, WM=1)
[INFO] [1771521371.527757515] [rtabmap]: rtabmap (133): Rate=1.00s, Limit=0.000s, Conversion=0.0003s, RTAB-Map=0.1861s, Maps update=0.0003s pub=0.0005s delay=0.3417s (local map=1, WM=1)
[INFO] [1771521372.620308071] [rtabmap]: rtabmap (134): Rate=1.00s, Limit=0.000s, Conversion=0.0006s, RTAB-Map=0.1711s, Maps update=0.0003s pub=0.0005s delay=0.3348s (local map=1, WM=1)
[INFO] [1771521373.760282110] [rtabmap]: rtabmap (135): Rate=1.00s, Limit=0.000s, Conversion=0.0003s, RTAB-Map=0.2055s, Maps update=0.0002s pub=0.0004s delay=0.3748s (local map=1, WM=1)
[INFO] [1771521374.838208070] [rtabmap]: rtabmap (136): Rate=1.00s, Limit=0.000s, Conversion=0.0003s, RTAB-Map=0.1888s, Maps update=0.0002s pub=0.0006s delay=0.3528s (local map=1, WM=1)
[INFO] [1771521375.826912516] [rtabmap]: rtabmap (137): Rate=1.00s, Limit=0.000s, Conversion=0.0004s, RTAB-Map=0.1807s, Maps update=0.0002s pub=0.0005s delay=0.3414s (local map=1, WM=1)
[INFO] [1771521376.822161071] [rtabmap]: rtabmap (138): Rate=1.00s, Limit=0.000s, Conversion=0.0005s, RTAB-Map=0.1796s, Maps update=0.0002s pub=0.0006s delay=0.3367s (local map=1, WM=1)
[INFO] [1771521377.932854814] [rtabmap]: rtabmap (139): Rate=1.00s, Limit=0.000s, Conversion=0.0005s, RTAB-Map=0.1819s, Maps update=0.0002s pub=0.0004s delay=0.3475s (local map=1, WM=1)
[INFO] [1771521379.057830004] [rtabmap]: rtabmap (140): Rate=1.00s, Limit=0.000s, Conversion=0.0005s, RTAB-Map=0.2062s, Maps update=0.0002s pub=0.0004s delay=0.3725s (local map=1, WM=1)
[INFO] [1771521380.053839643] [rtabmap]: rtabmap (141): Rate=1.00s, Limit=0.000s, Conversion=0.0008s, RTAB-Map=0.2050s, Maps update=0.0002s pub=0.0004s delay=0.3684s (local map=1, WM=1)
[INFO] [1771521381.025632018] [rtabmap]: rtabmap (142): Rate=1.00s, Limit=0.000s, Conversion=0.0003s, RTAB-Map=0.1760s, Maps update=0.0002s pub=0.0005s delay=0.3401s (local map=1, WM=1)
[INFO] [1771521382.143689645] [rtabmap]: rtabmap (143): Rate=1.00s, Limit=0.000s, Conversion=0.0003s, RTAB-Map=0.1939s, Maps update=0.0003s pub=0.0006s delay=0.3581s (local map=1, WM=1)
[INFO] [1771521383.269644487] [rtabmap]: rtabmap (144): Rate=1.00s, Limit=0.000s, Conversion=0.0005s, RTAB-Map=0.2210s, Maps update=0.0002s pub=0.0004s delay=0.3842s (local map=1, WM=1)
[INFO] [1771521384.331147034] [rtabmap]: rtabmap (145): Rate=1.00s, Limit=0.000s, Conversion=0.0003s, RTAB-Map=0.1849s, Maps update=0.0002s pub=0.0005s delay=0.3457s (local map=1, WM=1)
[INFO] [1771521385.311328546] [rtabmap]: rtabmap (146): Rate=1.00s, Limit=0.000s, Conversion=0.0004s, RTAB-Map=0.1672s, Maps update=0.0003s pub=0.0005s delay=0.3258s (local map=1, WM=1)
[INFO] [1771521386.319398979] [rtabmap]: rtabmap (147): Rate=1.00s, Limit=0.000s, Conversion=0.0003s, RTAB-Map=0.1727s, Maps update=0.0004s pub=0.0006s delay=0.3338s (local map=1, WM=1)
[INFO] [1771521387.441656665] [rtabmap]: rtabmap (148): Rate=1.00s, Limit=0.000s, Conversion=0.0003s, RTAB-Map=0.1873s, Maps update=0.0002s pub=0.0004s delay=0.3561s (local map=1, WM=1)
[INFO] [1771521388.506450705] [rtabmap]: rtabmap (149): Rate=1.00s, Limit=0.000s, Conversion=0.0004s, RTAB-Map=0.1658s, Maps update=0.0002s pub=0.0010s delay=0.3208s (local map=1, WM=1)
[INFO] [1771521389.628053133] [rtabmap]: rtabmap (150): Rate=1.00s, Limit=0.000s, Conversion=0.0005s, RTAB-Map=0.1840s, Maps update=0.0002s pub=0.0005s delay=0.3425s (local map=1, WM=1)
[INFO] [1771521390.635930332] [rtabmap]: rtabmap (151): Rate=1.00s, Limit=0.000s, Conversion=0.0005s, RTAB-Map=0.1910s, Maps update=0.0002s pub=0.0005s delay=0.3504s (local map=1, WM=1)
[INFO] [1771521391.736418462] [rtabmap]: rtabmap (152): Rate=1.00s, Limit=0.000s, Conversion=0.0005s, RTAB-Map=0.1967s, Maps update=0.0002s pub=0.0007s delay=0.3510s (local map=1, WM=1)
[INFO] [1771521392.728335750] [rtabmap]: rtabmap (153): Rate=1.00s, Limit=0.000s, Conversion=0.0003s, RTAB-Map=0.1740s, Maps update=0.0002s pub=0.0005s delay=0.3428s (local map=1, WM=1)
[INFO] [1771521393.736387804] [rtabmap]: rtabmap (154): Rate=1.00s, Limit=0.000s, Conversion=0.0003s, RTAB-Map=0.1941s, Maps update=0.0003s pub=0.0007s delay=0.3508s (local map=1, WM=1)
[INFO] [1771521394.731389185] [rtabmap]: rtabmap (155): Rate=1.00s, Limit=0.000s, Conversion=0.0005s, RTAB-Map=0.1822s, Maps update=0.0017s pub=0.0022s delay=0.3457s (local map=2, WM=2)
[INFO] [1771521395.830410471] [rtabmap]: rtabmap (156): Rate=1.00s, Limit=0.000s, Conversion=0.0005s, RTAB-Map=0.1724s, Maps update=0.0018s pub=0.0027s delay=0.3446s (local map=3, WM=3)
[INFO] [1771521396.909551718] [rtabmap]: rtabmap (157): Rate=1.00s, Limit=0.000s, Conversion=0.0005s, RTAB-Map=0.1585s, Maps update=0.0017s pub=0.0027s delay=0.3238s (local map=4, WM=4)
[INFO] [1771521398.034544299] [rtabmap]: rtabmap (158): Rate=1.00s, Limit=0.000s, Conversion=0.0004s, RTAB-Map=0.1844s, Maps update=0.0018s pub=0.0029s delay=0.3488s (local map=5, WM=5)
[INFO] [1771521399.149544827] [rtabmap]: rtabmap (159): Rate=1.00s, Limit=0.000s, Conversion=0.0006s, RTAB-Map=0.1965s, Maps update=0.0028s pub=0.0035s delay=0.3638s (local map=6, WM=6)
[INFO] [1771521400.229314355] [rtabmap]: rtabmap (160): Rate=1.00s, Limit=0.000s, Conversion=0.0005s, RTAB-Map=0.1757s, Maps update=0.0018s pub=0.0049s delay=0.3435s (local map=7, WM=7)
[INFO] [1771521401.333132636] [rtabmap]: rtabmap (161): Rate=1.00s, Limit=0.000s, Conversion=0.0003s, RTAB-Map=0.1830s, Maps update=0.0017s pub=0.0046s delay=0.3475s (local map=8, WM=8)
[INFO] [1771521402.333588127] [rtabmap]: rtabmap (162): Rate=1.00s, Limit=0.000s, Conversion=0.0003s, RTAB-Map=0.1784s, Maps update=0.0020s pub=0.0052s delay=0.3478s (local map=9, WM=9)
[INFO] [1771521403.324774696] [rtabmap]: rtabmap (163): Rate=1.00s, Limit=0.000s, Conversion=0.0004s, RTAB-Map=0.1690s, Maps update=0.0019s pub=0.0052s delay=0.3390s (local map=10, WM=10)
[INFO] [1771521404.325957768] [rtabmap]: rtabmap (164): Rate=1.00s, Limit=0.000s, Conversion=0.0004s, RTAB-Map=0.1726s, Maps update=0.0025s pub=0.0053s delay=0.3401s (local map=11, WM=11)
[INFO] [1771521405.442852452] [rtabmap]: rtabmap (165): Rate=1.00s, Limit=0.000s, Conversion=0.0003s, RTAB-Map=0.1855s, Maps update=0.0017s pub=0.0056s delay=0.3570s (local map=12, WM=12)
[INFO] [1771521406.548643646] [rtabmap]: rtabmap (166): Rate=1.00s, Limit=0.000s, Conversion=0.0005s, RTAB-Map=0.1939s, Maps update=0.0017s pub=0.0055s delay=0.3628s (local map=13, WM=13)
[INFO] [1771521407.621389785] [rtabmap]: rtabmap (167): Rate=1.00s, Limit=0.000s, Conversion=0.0003s, RTAB-Map=0.1660s, Maps update=0.0003s pub=0.0052s delay=0.3355s (local map=14, WM=14)
[INFO] [1771521408.731087153] [rtabmap]: rtabmap (168): Rate=1.00s, Limit=0.000s, Conversion=0.0005s, RTAB-Map=0.1763s, Maps update=0.0018s pub=0.0058s delay=0.3454s (local map=15, WM=15)
[INFO] [1771521409.727573650] [rtabmap]: rtabmap (169): Rate=1.00s, Limit=0.000s, Conversion=0.0004s, RTAB-Map=0.1765s, Maps update=0.0017s pub=0.0056s delay=0.3418s (local map=16, WM=16)
[INFO] [1771521410.735580327] [rtabmap]: rtabmap (170): Rate=1.00s, Limit=0.000s, Conversion=0.0004s, RTAB-Map=0.1843s, Maps update=0.0020s pub=0.0061s delay=0.3497s (local map=17, WM=17)
[INFO] [1771521411.816942784] [rtabmap]: rtabmap (171): Rate=1.00s, Limit=0.000s, Conversion=0.0004s, RTAB-Map=0.1617s, Maps update=0.0027s pub=0.0076s delay=0.3311s (local map=18, WM=18)
[INFO] [1771521412.834573532] [rtabmap]: rtabmap (172): Rate=1.00s, Limit=0.000s, Conversion=0.0003s, RTAB-Map=0.1701s, Maps update=0.0023s pub=0.0070s delay=0.3487s (local map=19, WM=19)
[INFO] [1771521413.822720234] [rtabmap]: rtabmap (173): Rate=1.00s, Limit=0.000s, Conversion=0.0005s, RTAB-Map=0.1707s, Maps update=0.0019s pub=0.0068s delay=0.3368s (local map=20, WM=20)
[INFO] [1771521414.929469418] [rtabmap]: rtabmap (174): Rate=1.00s, Limit=0.000s, Conversion=0.0005s, RTAB-Map=0.1735s, Maps update=0.0020s pub=0.0067s delay=0.3436s (local map=21, WM=21)
[INFO] [1771521415.921953481] [rtabmap]: rtabmap (175): Rate=1.00s, Limit=0.000s, Conversion=0.0005s, RTAB-Map=0.1625s, Maps update=0.0017s pub=0.0083s delay=0.3360s (local map=22, WM=22)
[INFO] [1771521417.037024859] [rtabmap]: rtabmap (176): Rate=1.00s, Limit=0.000s, Conversion=0.0004s, RTAB-Map=0.1794s, Maps update=0.0018s pub=0.0079s delay=0.3511s (local map=23, WM=23)
[INFO] [1771521418.139815386] [rtabmap]: rtabmap (177): Rate=1.00s, Limit=0.000s, Conversion=0.0005s, RTAB-Map=0.1774s, Maps update=0.0019s pub=0.0076s delay=0.3538s (local map=24, WM=24)
[INFO] [1771521419.248094681] [rtabmap]: rtabmap (178): Rate=1.00s, Limit=0.000s, Conversion=0.0003s, RTAB-Map=0.1837s, Maps update=0.0019s pub=0.0085s delay=0.3622s (local map=25, WM=25)
[INFO] [1771521420.340870657] [rtabmap]: rtabmap (179): Rate=1.00s, Limit=0.000s, Conversion=0.0003s, RTAB-Map=0.1812s, Maps update=0.0019s pub=0.0082s delay=0.3548s (local map=26, WM=26)
[INFO] [1771521421.429972661] [rtabmap]: rtabmap (180): Rate=1.00s, Limit=0.000s, Conversion=0.0007s, RTAB-Map=0.1745s, Maps update=0.0003s pub=0.0088s delay=0.3441s (local map=27, WM=27)
[INFO] [1771521422.424729743] [rtabmap]: rtabmap (181): Rate=1.00s, Limit=0.000s, Conversion=0.0005s, RTAB-Map=0.1652s, Maps update=0.0019s pub=0.0076s delay=0.3387s (local map=28, WM=28)
[INFO] [1771521423.514676133] [rtabmap]: rtabmap (182): Rate=1.00s, Limit=0.000s, Conversion=0.0005s, RTAB-Map=0.1533s, Maps update=0.0025s pub=0.0092s delay=0.3294s (local map=29, WM=29)
[INFO] [1771521424.515600666] [rtabmap]: rtabmap (183): Rate=1.00s, Limit=0.000s, Conversion=0.0003s, RTAB-Map=0.1631s, Maps update=0.0020s pub=0.0092s delay=0.3295s (local map=30, WM=30)
[INFO] [1771521425.685283255] [rtabmap]: rtabmap (184): Rate=1.00s, Limit=0.000s, Conversion=0.0004s, RTAB-Map=0.2283s, Maps update=0.0020s pub=0.0085s delay=0.3992s (local map=31, WM=31)
[INFO] [1771521426.800607252] [rtabmap]: rtabmap (185): Rate=1.00s, Limit=0.000s, Conversion=0.0003s, RTAB-Map=0.2364s, Maps update=0.0023s pub=0.0113s delay=0.4146s (local map=32, WM=32)
[INFO] [1771521427.794214528] [rtabmap]: rtabmap (186): Rate=1.00s, Limit=0.000s, Conversion=0.0004s, RTAB-Map=0.2340s, Maps update=0.0019s pub=0.0108s delay=0.4081s (local map=33, WM=33)
[INFO] [1771521428.908930020] [rtabmap]: rtabmap (187): Rate=1.00s, Limit=0.000s, Conversion=0.0005s, RTAB-Map=0.2434s, Maps update=0.0004s pub=0.0107s delay=0.4229s (local map=34, WM=34)
[INFO] [1771521430.004145423] [rtabmap]: rtabmap (188): Rate=1.00s, Limit=0.000s, Conversion=0.0003s, RTAB-Map=0.2432s, Maps update=0.0024s pub=0.0090s delay=0.4180s (local map=35, WM=35)
[INFO] [1771521431.078389511] [rtabmap]: rtabmap (189): Rate=1.00s, Limit=0.000s, Conversion=0.0003s, RTAB-Map=0.2227s, Maps update=0.0028s pub=0.0113s delay=0.3923s (local map=36, WM=36)
[INFO] [1771521432.093616258] [rtabmap]: rtabmap (190): Rate=1.00s, Limit=0.000s, Conversion=0.0003s, RTAB-Map=0.2389s, Maps update=0.0021s pub=0.0110s delay=0.4076s (local map=37, WM=37)
[INFO] [1771521433.199781290] [rtabmap]: rtabmap (191): Rate=1.00s, Limit=0.000s, Conversion=0.0004s, RTAB-Map=0.2415s, Maps update=0.0021s pub=0.0121s delay=0.4138s (local map=38, WM=38)
[INFO] [1771521434.202623405] [rtabmap]: rtabmap (192): Rate=1.00s, Limit=0.000s, Conversion=0.0005s, RTAB-Map=0.2439s, Maps update=0.0026s pub=0.0103s delay=0.4164s (local map=39, WM=39)
[INFO] [1771521435.315353120] [rtabmap]: rtabmap (193): Rate=1.00s, Limit=0.000s, Conversion=0.0004s, RTAB-Map=0.2463s, Maps update=0.0021s pub=0.0134s delay=0.4294s (local map=40, WM=40)
[INFO] [1771521436.297973550] [rtabmap]: rtabmap (194): Rate=1.00s, Limit=0.000s, Conversion=0.0004s, RTAB-Map=0.2299s, Maps update=0.0024s pub=0.0103s delay=0.4118s (local map=41, WM=41)
[INFO] [1771521437.396478496] [rtabmap]: rtabmap (195): Rate=1.00s, Limit=0.000s, Conversion=0.0005s, RTAB-Map=0.2369s, Maps update=0.0023s pub=0.0104s delay=0.4103s (local map=42, WM=42)
[INFO] [1771521438.390361463] [rtabmap]: rtabmap (196): Rate=1.00s, Limit=0.000s, Conversion=0.0003s, RTAB-Map=0.2324s, Maps update=0.0020s pub=0.0107s delay=0.4041s (local map=43, WM=43)
[INFO] [1771521439.514285937] [rtabmap]: rtabmap (197): Rate=1.00s, Limit=0.000s, Conversion=0.0003s, RTAB-Map=0.2434s, Maps update=0.0021s pub=0.0099s delay=0.4282s (local map=44, WM=44)
[INFO] [1771521440.516102186] [rtabmap]: rtabmap (198): Rate=1.00s, Limit=0.000s, Conversion=0.0004s, RTAB-Map=0.2447s, Maps update=0.0023s pub=0.0111s delay=0.4299s (local map=45, WM=45)
[INFO] [1771521441.603210125] [rtabmap]: rtabmap (199): Rate=1.00s, Limit=0.000s, Conversion=0.0003s, RTAB-Map=0.2317s, Maps update=0.0021s pub=0.0104s delay=0.4171s (local map=46, WM=46)
[INFO] [1771521442.599141431] [rtabmap]: rtabmap (200): Rate=1.00s, Limit=0.000s, Conversion=0.0004s, RTAB-Map=0.2306s, Maps update=0.0019s pub=0.0145s delay=0.4129s (local map=47, WM=47)
[INFO] [1771521443.578846542] [rtabmap]: rtabmap (201): Rate=1.00s, Limit=0.000s, Conversion=0.0004s, RTAB-Map=0.2219s, Maps update=0.0004s pub=0.0041s delay=0.3926s (local map=47, WM=47)
[INFO] [1771521444.691610787] [rtabmap]: rtabmap (202): Rate=1.00s, Limit=0.000s, Conversion=0.0004s, RTAB-Map=0.2422s, Maps update=0.0004s pub=0.0056s delay=0.4055s (local map=47, WM=47)
[INFO] [1771521445.688320749] [rtabmap]: rtabmap (203): Rate=1.00s, Limit=0.000s, Conversion=0.0003s, RTAB-Map=0.2300s, Maps update=0.0004s pub=0.0040s delay=0.4021s (local map=47, WM=47)
[INFO] [1771521446.700154205] [rtabmap]: rtabmap (204): Rate=1.00s, Limit=0.000s, Conversion=0.0004s, RTAB-Map=0.2298s, Maps update=0.0029s pub=0.0116s delay=0.4139s (local map=48, WM=48)
[INFO] [1771521447.797198323] [rtabmap]: rtabmap (205): Rate=1.00s, Limit=0.000s, Conversion=0.0005s, RTAB-Map=0.2231s, Maps update=0.0020s pub=0.0143s delay=0.4109s (local map=49, WM=49)
[INFO] [1771521448.924100902] [rtabmap]: rtabmap (206): Rate=1.00s, Limit=0.000s, Conversion=0.0005s, RTAB-Map=0.2563s, Maps update=0.0027s pub=0.0157s delay=0.4387s (local map=50, WM=50)
[INFO] [1771521449.896268651] [rtabmap]: rtabmap (207): Rate=1.00s, Limit=0.000s, Conversion=0.0004s, RTAB-Map=0.2337s, Maps update=0.0020s pub=0.0136s delay=0.4100s (local map=51, WM=51)
[INFO] [1771521451.008518187] [rtabmap]: rtabmap (208): Rate=1.00s, Limit=0.000s, Conversion=0.0006s, RTAB-Map=0.2374s, Maps update=0.0024s pub=0.0124s delay=0.4225s (local map=52, WM=52)
[INFO] [1771521452.101556670] [rtabmap]: rtabmap (209): Rate=1.00s, Limit=0.000s, Conversion=0.0003s, RTAB-Map=0.2394s, Maps update=0.0022s pub=0.0140s delay=0.4154s (local map=53, WM=53)
[INFO] [1771521453.201922459] [rtabmap]: rtabmap (210): Rate=1.00s, Limit=0.000s, Conversion=0.0005s, RTAB-Map=0.2332s, Maps update=0.0024s pub=0.0165s delay=0.4156s (local map=54, WM=54)
[INFO] [1771521454.291896178] [rtabmap]: rtabmap (211): Rate=1.00s, Limit=0.000s, Conversion=0.0006s, RTAB-Map=0.2264s, Maps update=0.0026s pub=0.0111s delay=0.4056s (local map=55, WM=55)
[INFO] [1771521455.412930039] [rtabmap]: rtabmap (212): Rate=1.00s, Limit=0.000s, Conversion=0.0005s, RTAB-Map=0.2501s, Maps update=0.0025s pub=0.0115s delay=0.4276s (local map=56, WM=56)
[INFO] [1771521456.420629535] [rtabmap]: rtabmap (213): Rate=1.00s, Limit=0.000s, Conversion=0.0003s, RTAB-Map=0.2584s, Maps update=0.0022s pub=0.0117s delay=0.4343s (local map=57, WM=57)
[INFO] [1771521457.498598894] [rtabmap]: rtabmap (214): Rate=1.00s, Limit=0.000s, Conversion=0.0003s, RTAB-Map=0.2320s, Maps update=0.0019s pub=0.0155s delay=0.4132s (local map=58, WM=58)
[INFO] [1771521458.605424946] [rtabmap]: rtabmap (215): Rate=1.00s, Limit=0.000s, Conversion=0.0005s, RTAB-Map=0.2405s, Maps update=0.0031s pub=0.0149s delay=0.4201s (local map=59, WM=59)
[INFO] [1771521459.603640249] [rtabmap]: rtabmap (216): Rate=1.00s, Limit=0.000s, Conversion=0.0003s, RTAB-Map=0.2392s, Maps update=0.0021s pub=0.0117s delay=0.4173s (local map=60, WM=60)
[INFO] [1771521460.703884401] [rtabmap]: rtabmap (217): Rate=1.00s, Limit=0.000s, Conversion=0.0005s, RTAB-Map=0.2425s, Maps update=0.0027s pub=0.0122s delay=0.4177s (local map=61, WM=61)
[INFO] [1771521461.795092762] [rtabmap]: rtabmap (218): Rate=1.00s, Limit=0.000s, Conversion=0.0005s, RTAB-Map=0.2271s, Maps update=0.0022s pub=0.0120s delay=0.4096s (local map=62, WM=62)
[INFO] [1771521462.786147326] [rtabmap]: rtabmap (219): Rate=1.00s, Limit=0.000s, Conversion=0.0005s, RTAB-Map=0.2262s, Maps update=0.0018s pub=0.0118s delay=0.3998s (local map=63, WM=63)
[INFO] [1771521463.900128932] [rtabmap]: rtabmap (220): Rate=1.00s, Limit=0.000s, Conversion=0.0003s, RTAB-Map=0.2275s, Maps update=0.0021s pub=0.0176s delay=0.4139s (local map=64, WM=64)
[INFO] [1771521465.014460761] [rtabmap]: rtabmap (221): Rate=1.00s, Limit=0.000s, Conversion=0.0108s, RTAB-Map=0.2322s, Maps update=0.0021s pub=0.0141s delay=0.4280s (local map=65, WM=65)
[INFO] [1771521466.112044805] [rtabmap]: rtabmap (222): Rate=1.00s, Limit=0.000s, Conversion=0.0005s, RTAB-Map=0.2361s, Maps update=0.0026s pub=0.0165s delay=0.4264s (local map=66, WM=66)
[INFO] [1771521467.193616806] [rtabmap]: rtabmap (223): Rate=1.00s, Limit=0.000s, Conversion=0.0004s, RTAB-Map=0.2305s, Maps update=0.0023s pub=0.0130s delay=0.4074s (local map=67, WM=67)
[INFO] [1771521468.203276542] [rtabmap]: rtabmap (224): Rate=1.00s, Limit=0.000s, Conversion=0.0003s, RTAB-Map=0.2304s, Maps update=0.0033s pub=0.0166s delay=0.4168s (local map=68, WM=68)
[INFO] [1771521469.297889649] [rtabmap]: rtabmap (225): Rate=1.00s, Limit=0.000s, Conversion=0.0005s, RTAB-Map=0.2242s, Maps update=0.0019s pub=0.0151s delay=0.4124s (local map=69, WM=69)
[INFO] [1771521470.305087237] [rtabmap]: rtabmap (226): Rate=1.00s, Limit=0.000s, Conversion=0.0008s, RTAB-Map=0.2440s, Maps update=0.0023s pub=0.0133s delay=0.4186s (local map=70, WM=70)
[INFO] [1771521471.307189227] [rtabmap]: rtabmap (227): Rate=1.00s, Limit=0.000s, Conversion=0.0005s, RTAB-Map=0.2410s, Maps update=0.0006s pub=0.0118s delay=0.4207s (local map=71, WM=71)
[INFO] [1771521472.404518892] [rtabmap]: rtabmap (228): Rate=1.00s, Limit=0.000s, Conversion=0.0003s, RTAB-Map=0.2405s, Maps update=0.0027s pub=0.0134s delay=0.4180s (local map=72, WM=72)
[INFO] [1771521473.499024283] [rtabmap]: rtabmap (229): Rate=1.00s, Limit=0.000s, Conversion=0.0003s, RTAB-Map=0.2312s, Maps update=0.0020s pub=0.0169s delay=0.4125s (local map=73, WM=73)
[INFO] [1771521474.602177385] [rtabmap]: rtabmap (230): Rate=1.00s, Limit=0.000s, Conversion=0.0006s, RTAB-Map=0.2425s, Maps update=0.0024s pub=0.0137s delay=0.4156s (local map=74, WM=74)
[INFO] [1771521475.705462749] [rtabmap]: rtabmap (231): Rate=1.00s, Limit=0.000s, Conversion=0.0003s, RTAB-Map=0.2367s, Maps update=0.0022s pub=0.0154s delay=0.4191s (local map=75, WM=75)
[INFO] [1771521476.801446152] [rtabmap]: rtabmap (232): Rate=1.00s, Limit=0.000s, Conversion=0.0004s, RTAB-Map=0.2344s, Maps update=0.0021s pub=0.0176s delay=0.4150s (local map=76, WM=76)
[INFO] [1771521477.819525430] [rtabmap]: rtabmap (233): Rate=1.00s, Limit=0.000s, Conversion=0.0005s, RTAB-Map=0.2497s, Maps update=0.0019s pub=0.0166s delay=0.4330s (local map=77, WM=77)
[INFO] [1771521478.922266451] [rtabmap]: rtabmap (234): Rate=1.00s, Limit=0.000s, Conversion=0.0003s, RTAB-Map=0.2560s, Maps update=0.0021s pub=0.0181s delay=0.4358s (local map=78, WM=78)
[INFO] [1771521479.896998241] [rtabmap]: rtabmap (235): Rate=1.00s, Limit=0.000s, Conversion=0.0005s, RTAB-Map=0.2347s, Maps update=0.0025s pub=0.0165s delay=0.4104s (local map=79, WM=79)
[INFO] [1771521481.006502961] [rtabmap]: rtabmap (236): Rate=1.00s, Limit=0.000s, Conversion=0.0003s, RTAB-Map=0.2288s, Maps update=0.0023s pub=0.0143s delay=0.4201s (local map=80, WM=80)
[INFO] [1771521482.001452755] [rtabmap]: rtabmap (237): Rate=1.00s, Limit=0.000s, Conversion=0.0005s, RTAB-Map=0.2406s, Maps update=0.0025s pub=0.0151s delay=0.4150s (local map=81, WM=81)
[INFO] [1771521483.006749402] [rtabmap]: rtabmap (238): Rate=1.00s, Limit=0.000s, Conversion=0.0005s, RTAB-Map=0.2437s, Maps update=0.0024s pub=0.0134s delay=0.4202s (local map=82, WM=82)
[INFO] [1771521484.115728629] [rtabmap]: rtabmap (239): Rate=1.00s, Limit=0.000s, Conversion=0.0004s, RTAB-Map=0.2417s, Maps update=0.0030s pub=0.0208s delay=0.4292s (local map=83, WM=83)
[INFO] [1771521485.198756274] [rtabmap]: rtabmap (240): Rate=1.00s, Limit=0.000s, Conversion=0.0005s, RTAB-Map=0.2307s, Maps update=0.0021s pub=0.0170s delay=0.4122s (local map=84, WM=84)
[INFO] [1771521486.313631676] [rtabmap]: rtabmap (241): Rate=1.00s, Limit=0.000s, Conversion=0.0005s, RTAB-Map=0.2367s, Maps update=0.0041s pub=0.0172s delay=0.4272s (local map=85, WM=85)
[INFO] [1771521487.315622378] [rtabmap]: rtabmap (242): Rate=1.00s, Limit=0.000s, Conversion=0.0003s, RTAB-Map=0.2500s, Maps update=0.0021s pub=0.0151s delay=0.4291s (local map=86, WM=86)
[INFO] [1771521488.407894536] [rtabmap]: rtabmap (243): Rate=1.00s, Limit=0.000s, Conversion=0.0004s, RTAB-Map=0.2305s, Maps update=0.0027s pub=0.0190s delay=0.4223s (local map=87, WM=87)
[INFO] [1771521489.415122043] [rtabmap]: rtabmap (244): Rate=1.00s, Limit=0.000s, Conversion=0.0006s, RTAB-Map=0.2475s, Maps update=0.0022s pub=0.0158s delay=0.4294s (local map=88, WM=88)
[INFO] [1771521490.431574856] [rtabmap]: rtabmap (245): Rate=1.00s, Limit=0.000s, Conversion=0.0005s, RTAB-Map=0.2566s, Maps update=0.0029s pub=0.0192s delay=0.4451s (local map=89, WM=89)
[INFO] [1771521491.513560485] [rtabmap]: rtabmap (246): Rate=1.00s, Limit=0.000s, Conversion=0.0003s, RTAB-Map=0.2277s, Maps update=0.0029s pub=0.0164s delay=0.4281s (local map=90, WM=90)
[INFO] [1771521492.483564553] [rtabmap]: rtabmap (247): Rate=1.00s, Limit=0.000s, Conversion=0.0007s, RTAB-Map=0.2171s, Maps update=0.0021s pub=0.0169s delay=0.3970s (local map=91, WM=91)
[INFO] [1771521493.608416937] [rtabmap]: rtabmap (248): Rate=1.00s, Limit=0.000s, Conversion=0.0005s, RTAB-Map=0.2404s, Maps update=0.0021s pub=0.0157s delay=0.4218s (local map=92, WM=92)
[INFO] [1771521494.716438293] [rtabmap]: rtabmap (249): Rate=1.00s, Limit=0.000s, Conversion=0.0003s, RTAB-Map=0.2425s, Maps update=0.0025s pub=0.0174s delay=0.4307s (local map=93, WM=93)
[INFO] [1771521495.845810622] [rtabmap]: rtabmap (250): Rate=1.00s, Limit=0.000s, Conversion=0.0005s, RTAB-Map=0.2577s, Maps update=0.0026s pub=0.0212s delay=0.4601s (local map=94, WM=94)
[INFO] [1771521496.820275272] [rtabmap]: rtabmap (251): Rate=1.00s, Limit=0.000s, Conversion=0.0005s, RTAB-Map=0.2361s, Maps update=0.0029s pub=0.0220s delay=0.4344s (local map=95, WM=95)
[INFO] [1771521497.892443479] [rtabmap]: rtabmap (252): Rate=1.00s, Limit=0.000s, Conversion=0.0004s, RTAB-Map=0.2248s, Maps update=0.0020s pub=0.0180s delay=0.4058s (local map=96, WM=96)
[INFO] [1771521499.003821408] [rtabmap]: rtabmap (253): Rate=1.00s, Limit=0.000s, Conversion=0.0006s, RTAB-Map=0.2267s, Maps update=0.0023s pub=0.0172s delay=0.4180s (local map=97, WM=97)
[INFO] [1771521500.112533861] [rtabmap]: rtabmap (254): Rate=1.00s, Limit=0.000s, Conversion=0.0003s, RTAB-Map=0.2350s, Maps update=0.0024s pub=0.0178s delay=0.4267s (local map=98, WM=98)
[INFO] [1771521501.213980602] [rtabmap]: rtabmap (255): Rate=1.00s, Limit=0.000s, Conversion=0.0005s, RTAB-Map=0.2399s, Maps update=0.0052s pub=0.0179s delay=0.4281s (local map=99, WM=99)
[INFO] [1771521502.323177873] [rtabmap]: rtabmap (256): Rate=1.00s, Limit=0.000s, Conversion=0.0008s, RTAB-Map=0.2417s, Maps update=0.0021s pub=0.0216s delay=0.4374s (local map=100, WM=100)
[INFO] [1771521503.399168751] [rtabmap]: rtabmap (257): Rate=1.00s, Limit=0.000s, Conversion=0.0005s, RTAB-Map=0.2227s, Maps update=0.0023s pub=0.0192s delay=0.4134s (local map=101, WM=101)
[INFO] [1771521504.511767237] [rtabmap]: rtabmap (258): Rate=1.00s, Limit=0.000s, Conversion=0.0004s, RTAB-Map=0.2309s, Maps update=0.0023s pub=0.0190s delay=0.4260s (local map=102, WM=102)
[INFO] [1771521505.637563561] [rtabmap]: rtabmap (259): Rate=1.00s, Limit=0.000s, Conversion=0.0005s, RTAB-Map=0.2626s, Maps update=0.0024s pub=0.0180s delay=0.4523s (local map=103, WM=103)
[INFO] [1771521506.607465641] [rtabmap]: rtabmap (260): Rate=1.00s, Limit=0.000s, Conversion=0.0003s, RTAB-Map=0.2302s, Maps update=0.0022s pub=0.0252s delay=0.4220s (local map=104, WM=104)
[INFO] [1771521507.703799423] [rtabmap]: rtabmap (261): Rate=1.00s, Limit=0.000s, Conversion=0.0004s, RTAB-Map=0.2316s, Maps update=0.0024s pub=0.0185s delay=0.4182s (local map=105, WM=105)
[INFO] [1771521508.811579937] [rtabmap]: rtabmap (262): Rate=1.00s, Limit=0.000s, Conversion=0.0003s, RTAB-Map=0.2371s, Maps update=0.0031s pub=0.0201s delay=0.4259s (local map=106, WM=106)
[INFO] [1771521509.812103290] [rtabmap]: rtabmap (263): Rate=1.00s, Limit=0.000s, Conversion=0.0003s, RTAB-Map=0.2428s, Maps update=0.0025s pub=0.0179s delay=0.4263s (local map=107, WM=107)
[INFO] [1771521510.902961123] [rtabmap]: rtabmap (264): Rate=1.00s, Limit=0.000s, Conversion=0.0003s, RTAB-Map=0.2344s, Maps update=0.0023s pub=0.0219s delay=0.4175s (local map=108, WM=108)
[INFO] [1771521511.909110126] [rtabmap]: rtabmap (265): Rate=1.00s, Limit=0.000s, Conversion=0.0004s, RTAB-Map=0.2387s, Maps update=0.0021s pub=0.0235s delay=0.4233s (local map=109, WM=109)
[INFO] [1771521512.988839608] [rtabmap]: rtabmap (266): Rate=1.00s, Limit=0.000s, Conversion=0.0005s, RTAB-Map=0.2198s, Maps update=0.0022s pub=0.0186s delay=0.4022s (local map=110, WM=110)
[INFO] [1771521514.107026847] [rtabmap]: rtabmap (267): Rate=1.00s, Limit=0.000s, Conversion=0.0006s, RTAB-Map=0.2274s, Maps update=0.0022s pub=0.0195s delay=0.4213s (local map=111, WM=111)
[INFO] [1771521515.249183616] [rtabmap]: rtabmap (268): Rate=1.00s, Limit=0.000s, Conversion=0.0004s, RTAB-Map=0.2666s, Maps update=0.0022s pub=0.0215s delay=0.4639s (local map=112, WM=112)
[INFO] [1771521516.223936592] [rtabmap]: rtabmap (269): Rate=1.00s, Limit=0.000s, Conversion=0.0004s, RTAB-Map=0.2409s, Maps update=0.0024s pub=0.0237s delay=0.4381s (local map=113, WM=113)
[INFO] [1771521517.224276100] [rtabmap]: rtabmap (270): Rate=1.00s, Limit=0.000s, Conversion=0.0005s, RTAB-Map=0.2456s, Maps update=0.0024s pub=0.0218s delay=0.4384s (local map=114, WM=114)
[INFO] [1771521518.299542267] [rtabmap]: rtabmap (271): Rate=1.00s, Limit=0.000s, Conversion=0.0006s, RTAB-Map=0.2198s, Maps update=0.0021s pub=0.0259s delay=0.4141s (local map=115, WM=115)
[INFO] [1771521519.326264367] [rtabmap]: rtabmap (272): Rate=1.00s, Limit=0.000s, Conversion=0.0018s, RTAB-Map=0.2436s, Maps update=0.0021s pub=0.0247s delay=0.4408s (local map=116, WM=116)
[INFO] [1771521520.318347819] [rtabmap]: rtabmap (273): Rate=1.00s, Limit=0.000s, Conversion=0.0005s, RTAB-Map=0.2406s, Maps update=0.0008s pub=0.0223s delay=0.4325s (local map=117, WM=117)
[INFO] [1771521521.406727248] [rtabmap]: rtabmap (274): Rate=1.00s, Limit=0.000s, Conversion=0.0005s, RTAB-Map=0.2300s, Maps update=0.0020s pub=0.0201s delay=0.4214s (local map=118, WM=118)
[INFO] [1771521522.414155726] [rtabmap]: rtabmap (275): Rate=1.00s, Limit=0.000s, Conversion=0.0003s, RTAB-Map=0.2293s, Maps update=0.0021s pub=0.0211s delay=0.4288s (local map=119, WM=119)
[INFO] [1771521523.530851100] [rtabmap]: rtabmap (276): Rate=1.00s, Limit=0.000s, Conversion=0.0004s, RTAB-Map=0.2493s, Maps update=0.0022s pub=0.0293s delay=0.4455s (local map=120, WM=120)
[INFO] [1771521524.616015240] [rtabmap]: rtabmap (277): Rate=1.00s, Limit=0.000s, Conversion=0.0005s, RTAB-Map=0.2288s, Maps update=0.0022s pub=0.0199s delay=0.4307s (local map=121, WM=121)
[INFO] [1771521525.610462141] [rtabmap]: rtabmap (278): Rate=1.00s, Limit=0.000s, Conversion=0.0004s, RTAB-Map=0.2356s, Maps update=0.0026s pub=0.0197s delay=0.4251s (local map=122, WM=122)
[INFO] [1771521526.728890605] [rtabmap]: rtabmap (279): Rate=1.00s, Limit=0.000s, Conversion=0.0006s, RTAB-Map=0.2387s, Maps update=0.0021s pub=0.0246s delay=0.4435s (local map=123, WM=123)
[INFO] [1771521527.712164542] [rtabmap]: rtabmap (280): Rate=1.00s, Limit=0.000s, Conversion=0.0005s, RTAB-Map=0.2251s, Maps update=0.0025s pub=0.0220s delay=0.4267s (local map=124, WM=124)
[INFO] [1771521528.828005548] [rtabmap]: rtabmap (281): Rate=1.00s, Limit=0.000s, Conversion=0.0005s, RTAB-Map=0.2414s, Maps update=0.0022s pub=0.0250s delay=0.4425s (local map=125, WM=125)
[INFO] [1771521529.955577652] [rtabmap]: rtabmap (282): Rate=1.00s, Limit=0.000s, Conversion=0.0005s, RTAB-Map=0.2675s, Maps update=0.0021s pub=0.0205s delay=0.4696s (local map=126, WM=126)
[INFO] [1771521531.028507091] [rtabmap]: rtabmap (283): Rate=1.00s, Limit=0.000s, Conversion=0.0005s, RTAB-Map=0.2412s, Maps update=0.0027s pub=0.0232s delay=0.4432s (local map=127, WM=127)
[INFO] [1771521532.165594593] [rtabmap]: rtabmap (284): Rate=1.00s, Limit=0.000s, Conversion=0.0003s, RTAB-Map=0.2661s, Maps update=0.0023s pub=0.0219s delay=0.4803s (local map=128, WM=128)
[INFO] [1771521533.151704925] [rtabmap]: rtabmap (285): Rate=1.00s, Limit=0.000s, Conversion=0.0005s, RTAB-Map=0.2577s, Maps update=0.0029s pub=0.0221s delay=0.4663s (local map=129, WM=129)
[INFO] [1771521534.140909773] [rtabmap]: rtabmap (286): Rate=1.00s, Limit=0.000s, Conversion=0.0004s, RTAB-Map=0.2470s, Maps update=0.0008s pub=0.0248s delay=0.4554s (local map=130, WM=130)
[INFO] [1771521535.132929767] [rtabmap]: rtabmap (287): Rate=1.00s, Limit=0.000s, Conversion=0.0003s, RTAB-Map=0.2376s, Maps update=0.0023s pub=0.0277s delay=0.4470s (local map=131, WM=131)
[INFO] [1771521536.258877745] [rtabmap]: rtabmap (288): Rate=1.00s, Limit=0.000s, Conversion=0.0005s, RTAB-Map=0.2602s, Maps update=0.0013s pub=0.0207s delay=0.4735s (local map=132, WM=132)
[INFO] [1771521537.325149462] [rtabmap]: rtabmap (289): Rate=1.00s, Limit=0.000s, Conversion=0.0004s, RTAB-Map=0.2215s, Maps update=0.0026s pub=0.0279s delay=0.4397s (local map=133, WM=133)
[INFO] [1771521538.446345774] [rtabmap]: rtabmap (290): Rate=1.00s, Limit=0.000s, Conversion=0.0005s, RTAB-Map=0.2464s, Maps update=0.0025s pub=0.0231s delay=0.4608s (local map=134, WM=134)
[INFO] [1771521539.572588196] [rtabmap]: rtabmap (291): Rate=1.00s, Limit=0.000s, Conversion=0.0106s, RTAB-Map=0.2634s, Maps update=0.0023s pub=0.0279s delay=0.4871s (local map=135, WM=135)
[INFO] [1771521540.614574422] [rtabmap]: rtabmap (292): Rate=1.00s, Limit=0.000s, Conversion=0.0003s, RTAB-Map=0.2206s, Maps update=0.0024s pub=0.0279s delay=0.4293s (local map=136, WM=136)
[INFO] [1771521541.754176675] [rtabmap]: rtabmap (293): Rate=1.00s, Limit=0.000s, Conversion=0.0005s, RTAB-Map=0.2602s, Maps update=0.0026s pub=0.0221s delay=0.4689s (local map=137, WM=137)
[INFO] [1771521542.730741943] [rtabmap]: rtabmap (294): Rate=1.00s, Limit=0.000s, Conversion=0.0006s, RTAB-Map=0.2432s, Maps update=0.0009s pub=0.0225s delay=0.4454s (local map=138, WM=138)
[INFO] [1771521543.739773170] [rtabmap]: rtabmap (295): Rate=1.00s, Limit=0.000s, Conversion=0.0003s, RTAB-Map=0.2451s, Maps update=0.0027s pub=0.0245s delay=0.4544s (local map=139, WM=139)
[INFO] [1771521544.747344309] [rtabmap]: rtabmap (296): Rate=1.00s, Limit=0.000s, Conversion=0.0003s, RTAB-Map=0.2504s, Maps update=0.0030s pub=0.0229s delay=0.4619s (local map=140, WM=140)
[INFO] [1771521545.867152376] [rtabmap]: rtabmap (297): Rate=1.00s, Limit=0.000s, Conversion=0.0003s, RTAB-Map=0.2760s, Maps update=0.0009s pub=0.0249s delay=0.4819s (local map=141, WM=141)
[INFO] [1771521546.828418285] [rtabmap]: rtabmap (298): Rate=1.00s, Limit=0.000s, Conversion=0.0006s, RTAB-Map=0.2430s, Maps update=0.0024s pub=0.0235s delay=0.4430s (local map=142, WM=142)
[INFO] [1771521547.878965954] [rtabmap]: rtabmap (299): Rate=1.00s, Limit=0.000s, Conversion=0.0005s, RTAB-Map=0.2801s, Maps update=0.0025s pub=0.0256s delay=0.4936s (local map=143, WM=143)
[INFO] [1771521548.851721575] [rtabmap]: rtabmap (300): Rate=1.00s, Limit=0.000s, Conversion=0.0004s, RTAB-Map=0.2490s, Maps update=0.0022s pub=0.0253s delay=0.4663s (local map=144, WM=144)
[INFO] [1771521549.833741000] [rtabmap]: rtabmap (301): Rate=1.00s, Limit=0.000s, Conversion=0.0004s, RTAB-Map=0.2479s, Maps update=0.0032s pub=0.0261s delay=0.4483s (local map=145, WM=145)
[INFO] [1771521550.938392593] [rtabmap]: rtabmap (302): Rate=1.00s, Limit=0.000s, Conversion=0.0004s, RTAB-Map=0.2478s, Maps update=0.0024s pub=0.0252s delay=0.4530s (local map=146, WM=146)
[INFO] [1771521552.048320929] [rtabmap]: rtabmap (303): Rate=1.00s, Limit=0.000s, Conversion=0.0004s, RTAB-Map=0.2622s, Maps update=0.0009s pub=0.0238s delay=0.4629s (local map=147, WM=147)
[INFO] [1771521553.157195977] [rtabmap]: rtabmap (304): Rate=1.00s, Limit=0.000s, Conversion=0.0005s, RTAB-Map=0.2600s, Maps update=0.0024s pub=0.0238s delay=0.4718s (local map=148, WM=148)
[INFO] [1771521554.138643733] [rtabmap]: rtabmap (305): Rate=1.00s, Limit=0.000s, Conversion=0.0004s, RTAB-Map=0.2412s, Maps update=0.0023s pub=0.0246s delay=0.4532s (local map=149, WM=149)
[INFO] [1771521555.145698981] [rtabmap]: rtabmap (306): Rate=1.00s, Limit=0.000s, Conversion=0.0006s, RTAB-Map=0.2563s, Maps update=0.0009s pub=0.0244s delay=0.4602s (local map=150, WM=150)
[INFO] [1771521556.255932672] [rtabmap]: rtabmap (307): Rate=1.00s, Limit=0.000s, Conversion=0.0004s, RTAB-Map=0.2635s, Maps update=0.0029s pub=0.0240s delay=0.4704s (local map=151, WM=151)
[INFO] [1771521557.332225662] [rtabmap]: rtabmap (308): Rate=1.00s, Limit=0.000s, Conversion=0.0004s, RTAB-Map=0.2370s, Maps update=0.0027s pub=0.0257s delay=0.4467s (local map=152, WM=152)
[INFO] [1771521558.433081209] [rtabmap]: rtabmap (309): Rate=1.00s, Limit=0.000s, Conversion=0.0004s, RTAB-Map=0.2409s, Maps update=0.0023s pub=0.0257s delay=0.4476s (local map=153, WM=153)
[INFO] [1771521559.579820882] [rtabmap]: rtabmap (310): Rate=1.00s, Limit=0.000s, Conversion=0.0003s, RTAB-Map=0.2761s, Maps update=0.0024s pub=0.0291s delay=0.4942s (local map=154, WM=154)
[INFO] [1771521560.635743281] [rtabmap]: rtabmap (311): Rate=1.00s, Limit=0.000s, Conversion=0.0003s, RTAB-Map=0.2425s, Maps update=0.0029s pub=0.0240s delay=0.4504s (local map=155, WM=155)
[INFO] [1771521561.626811207] [rtabmap]: rtabmap (312): Rate=1.00s, Limit=0.000s, Conversion=0.0003s, RTAB-Map=0.2366s, Maps update=0.0023s pub=0.0255s delay=0.4412s (local map=156, WM=156)
[INFO] [1771521562.738377237] [rtabmap]: rtabmap (313): Rate=1.00s, Limit=0.000s, Conversion=0.0005s, RTAB-Map=0.2409s, Maps update=0.0025s pub=0.0317s delay=0.4528s (local map=157, WM=157)
[INFO] [1771521563.728492967] [rtabmap]: rtabmap (314): Rate=1.00s, Limit=0.000s, Conversion=0.0003s, RTAB-Map=0.2449s, Maps update=0.0023s pub=0.0271s delay=0.4429s (local map=158, WM=158)
[INFO] [1771521564.822566434] [rtabmap]: rtabmap (315): Rate=1.00s, Limit=0.000s, Conversion=0.0004s, RTAB-Map=0.2264s, Maps update=0.0024s pub=0.0268s delay=0.4371s (local map=159, WM=159)
[INFO] [1771521565.828941400] [rtabmap]: rtabmap (316): Rate=1.00s, Limit=0.000s, Conversion=0.0003s, RTAB-Map=0.2466s, Maps update=0.0024s pub=0.0262s delay=0.4434s (local map=160, WM=160)
[INFO] [1771521566.957286397] [rtabmap]: rtabmap (317): Rate=1.00s, Limit=0.000s, Conversion=0.0005s, RTAB-Map=0.2659s, Maps update=0.0011s pub=0.0254s delay=0.4718s (local map=161, WM=161)
[INFO] [1771521568.045779046] [rtabmap]: rtabmap (318): Rate=1.00s, Limit=0.000s, Conversion=0.0005s, RTAB-Map=0.2446s, Maps update=0.0039s pub=0.0270s delay=0.4601s (local map=162, WM=162)
[INFO] [1771521569.132393448] [rtabmap]: rtabmap (319): Rate=1.00s, Limit=0.000s, Conversion=0.0003s, RTAB-Map=0.2392s, Maps update=0.0027s pub=0.0284s delay=0.4469s (local map=163, WM=163)
[INFO] [1771521570.233002297] [rtabmap]: rtabmap (320): Rate=1.00s, Limit=0.000s, Conversion=0.0008s, RTAB-Map=0.2534s, Maps update=0.0009s pub=0.0110s delay=0.4475s (local map=163, WM=163)
[INFO] [1771521571.243821431] [rtabmap]: rtabmap (321): Rate=1.00s, Limit=0.000s, Conversion=0.0005s, RTAB-Map=0.2638s, Maps update=0.0010s pub=0.0115s delay=0.4582s (local map=163, WM=163)
[INFO] [1771521572.315196508] [rtabmap]: rtabmap (322): Rate=1.00s, Limit=0.000s, Conversion=0.0003s, RTAB-Map=0.2349s, Maps update=0.0009s pub=0.0105s delay=0.4296s (local map=163, WM=163)
[INFO] [1771521573.428983709] [rtabmap]: rtabmap (323): Rate=1.00s, Limit=0.000s, Conversion=0.0004s, RTAB-Map=0.2521s, Maps update=0.0011s pub=0.0087s delay=0.4434s (local map=163, WM=163)
[INFO] [1771521574.432633836] [rtabmap]: rtabmap (324): Rate=1.00s, Limit=0.000s, Conversion=0.0003s, RTAB-Map=0.2575s, Maps update=0.0010s pub=0.0116s delay=0.4469s (local map=163, WM=163)
[INFO] [1771521575.537692549] [rtabmap]: rtabmap (325): Rate=1.00s, Limit=0.000s, Conversion=0.0003s, RTAB-Map=0.2615s, Maps update=0.0010s pub=0.0122s delay=0.4521s (local map=163, WM=163)
[INFO] [1771521576.629865336] [rtabmap]: rtabmap (326): Rate=1.00s, Limit=0.000s, Conversion=0.0006s, RTAB-Map=0.2514s, Maps update=0.0010s pub=0.0137s delay=0.4443s (local map=163, WM=163)
[INFO] [1771521577.626909584] [rtabmap]: rtabmap (327): Rate=1.00s, Limit=0.000s, Conversion=0.0005s, RTAB-Map=0.2411s, Maps update=0.0010s pub=0.0103s delay=0.4412s (local map=163, WM=163)
[INFO] [1771521578.731163722] [rtabmap]: rtabmap (328): Rate=1.00s, Limit=0.000s, Conversion=0.0006s, RTAB-Map=0.2514s, Maps update=0.0011s pub=0.0115s delay=0.4455s (local map=163, WM=163)
[INFO] [1771521579.808512079] [rtabmap]: rtabmap (329): Rate=1.00s, Limit=0.000s, Conversion=0.0004s, RTAB-Map=0.2379s, Maps update=0.0011s pub=0.0083s delay=0.4229s (local map=163, WM=163)
[INFO] [1771521580.949114146] [rtabmap]: rtabmap (330): Rate=1.00s, Limit=0.000s, Conversion=0.0106s, RTAB-Map=0.2664s, Maps update=0.0010s pub=0.0082s delay=0.4635s (local map=163, WM=163)
[INFO] [1771521582.024664132] [rtabmap]: rtabmap (331): Rate=1.00s, Limit=0.000s, Conversion=0.0003s, RTAB-Map=0.2493s, Maps update=0.0010s pub=0.0124s delay=0.4390s (local map=163, WM=163)
[INFO] [1771521583.022058088] [rtabmap]: rtabmap (332): Rate=1.00s, Limit=0.000s, Conversion=0.0006s, RTAB-Map=0.2463s, Maps update=0.0009s pub=0.0110s delay=0.4364s (local map=163, WM=163)
[INFO] [1771521584.117346769] [rtabmap]: rtabmap (333): Rate=1.00s, Limit=0.000s, Conversion=0.0005s, RTAB-Map=0.2306s, Maps update=0.0009s pub=0.0123s delay=0.4318s (local map=163, WM=163)
[INFO] [1771521585.111836455] [rtabmap]: rtabmap (334): Rate=1.00s, Limit=0.000s, Conversion=0.0004s, RTAB-Map=0.2451s, Maps update=0.0010s pub=0.0109s delay=0.4261s (local map=163, WM=163)
[INFO] [1771521586.215884442] [rtabmap]: rtabmap (335): Rate=1.00s, Limit=0.000s, Conversion=0.0004s, RTAB-Map=0.2350s, Maps update=0.0009s pub=0.0111s delay=0.4301s (local map=163, WM=163)
[INFO] [1771521587.222866567] [rtabmap]: rtabmap (336): Rate=1.00s, Limit=0.000s, Conversion=0.0005s, RTAB-Map=0.2465s, Maps update=0.0013s pub=0.0105s delay=0.4371s (local map=163, WM=163)
[INFO] [1771521588.313776907] [rtabmap]: rtabmap (337): Rate=1.00s, Limit=0.000s, Conversion=0.0005s, RTAB-Map=0.2401s, Maps update=0.0010s pub=0.0119s delay=0.4281s (local map=163, WM=163)
[INFO] [1771521589.433005817] [rtabmap]: rtabmap (338): Rate=1.00s, Limit=0.000s, Conversion=0.0005s, RTAB-Map=0.2580s, Maps update=0.0009s pub=0.0115s delay=0.4472s (local map=163, WM=163)
[INFO] [1771521590.503365111] [rtabmap]: rtabmap (339): Rate=1.00s, Limit=0.000s, Conversion=0.0003s, RTAB-Map=0.2358s, Maps update=0.0009s pub=0.0089s delay=0.4176s (local map=163, WM=163)
[INFO] [1771521591.534200678] [rtabmap]: rtabmap (340): Rate=1.00s, Limit=0.000s, Conversion=0.0005s, RTAB-Map=0.2513s, Maps update=0.0010s pub=0.0116s delay=0.4483s (local map=163, WM=163)
[INFO] [1771521592.645433671] [rtabmap]: rtabmap (341): Rate=1.00s, Limit=0.000s, Conversion=0.0005s, RTAB-Map=0.2663s, Maps update=0.0010s pub=0.0101s delay=0.4596s (local map=163, WM=163)
[INFO] [1771521593.708002336] [rtabmap]: rtabmap (342): Rate=1.00s, Limit=0.000s, Conversion=0.0006s, RTAB-Map=0.2412s, Maps update=0.0009s pub=0.0100s delay=0.4223s (local map=163, WM=163)
[INFO] [1771521594.723774872] [rtabmap]: rtabmap (343): Rate=1.00s, Limit=0.000s, Conversion=0.0004s, RTAB-Map=0.2496s, Maps update=0.0011s pub=0.0137s delay=0.4381s (local map=163, WM=163)
[INFO] [1771521595.716591728] [rtabmap]: rtabmap (344): Rate=1.00s, Limit=0.000s, Conversion=0.0003s, RTAB-Map=0.2316s, Maps update=0.0009s pub=0.0105s delay=0.4308s (local map=163, WM=163)
[INFO] [1771521596.729380088] [rtabmap]: rtabmap (345): Rate=1.00s, Limit=0.000s, Conversion=0.0003s, RTAB-Map=0.2521s, Maps update=0.0010s pub=0.0105s delay=0.4436s (local map=163, WM=163)
[INFO] [1771521597.837045715] [rtabmap]: rtabmap (346): Rate=1.00s, Limit=0.000s, Conversion=0.0005s, RTAB-Map=0.2551s, Maps update=0.0010s pub=0.0108s delay=0.4511s (local map=163, WM=163)
[INFO] [1771521598.924565047] [rtabmap]: rtabmap (347): Rate=1.00s, Limit=0.000s, Conversion=0.0005s, RTAB-Map=0.2369s, Maps update=0.0012s pub=0.0158s delay=0.4386s (local map=163, WM=163)
[INFO] [1771521600.028437731] [rtabmap]: rtabmap (348): Rate=1.00s, Limit=0.000s, Conversion=0.0005s, RTAB-Map=0.2489s, Maps update=0.0010s pub=0.0123s delay=0.4427s (local map=163, WM=163)
[INFO] [1771521601.040690646] [rtabmap]: rtabmap (349): Rate=1.00s, Limit=0.000s, Conversion=0.0007s, RTAB-Map=0.2629s, Maps update=0.0010s pub=0.0146s delay=0.4548s (local map=163, WM=163)
[INFO] [1771521602.025011694] [rtabmap]: rtabmap (350): Rate=1.00s, Limit=0.000s, Conversion=0.0006s, RTAB-Map=0.2530s, Maps update=0.0010s pub=0.0114s delay=0.4392s (local map=163, WM=163)
[INFO] [1771521603.020867033] [rtabmap]: rtabmap (351): Rate=1.00s, Limit=0.000s, Conversion=0.0005s, RTAB-Map=0.2414s, Maps update=0.0010s pub=0.0134s delay=0.4350s (local map=163, WM=163)
[INFO] [1771521604.104214144] [rtabmap]: rtabmap (352): Rate=1.00s, Limit=0.000s, Conversion=0.0003s, RTAB-Map=0.2257s, Maps update=0.0011s pub=0.0119s delay=0.4182s (local map=163, WM=163)
[INFO] [1771521605.206192997] [rtabmap]: rtabmap (353): Rate=1.00s, Limit=0.000s, Conversion=0.0003s, RTAB-Map=0.2362s, Maps update=0.0009s pub=0.0089s delay=0.4203s (local map=163, WM=163)
[INFO] [1771521606.204098812] [rtabmap]: rtabmap (354): Rate=1.00s, Limit=0.000s, Conversion=0.0005s, RTAB-Map=0.2382s, Maps update=0.0011s pub=0.0106s delay=0.4181s (local map=163, WM=163)
[INFO] [1771521607.304533095] [rtabmap]: rtabmap (355): Rate=1.00s, Limit=0.000s, Conversion=0.0006s, RTAB-Map=0.2262s, Maps update=0.0010s pub=0.0087s delay=0.4187s (local map=163, WM=163)
[INFO] [1771521607.991585194] [rclcpp]: signal_handler(signum=2)
