[INFO] [1771075975.783383206] [rtabmap]: rtabmap(maps): latch                      = false
[INFO] [1771075975.784082883] [rtabmap]: rtabmap(maps): map_filter_radius          = 0.000000
[INFO] [1771075975.784135077] [rtabmap]: rtabmap(maps): map_filter_angle           = 30.000000
[INFO] [1771075975.784163430] [rtabmap]: rtabmap(maps): map_cleanup                = true
[INFO] [1771075975.784183559] [rtabmap]: rtabmap(maps): map_always_update          = false
[INFO] [1771075975.784210408] [rtabmap]: rtabmap(maps): map_empty_ray_tracing      = true
[INFO] [1771075975.784231721] [rtabmap]: rtabmap(maps): cloud_output_voxelized     = true
[INFO] [1771075975.784250569] [rtabmap]: rtabmap(maps): cloud_subtract_filtering   = false
[INFO] [1771075975.784269034] [rtabmap]: rtabmap(maps): cloud_subtract_filtering_min_neighbors = 2
[INFO] [1771075975.784382191] [rtabmap]: rtabmap(maps): octomap_tree_depth         = 16
[INFO] [1771075975.826431523] [rtabmap]: rtabmap: frame_id      = leo04/base_footprint
[INFO] [1771075975.828372978] [rtabmap]: rtabmap: map_frame_id  = map
[INFO] [1771075975.832243792] [rtabmap]: rtabmap: log_to_rosout_level  = 4
[INFO] [1771075975.834201664] [rtabmap]: rtabmap: initial_pose  = 
[INFO] [1771075975.835248170] [rtabmap]: rtabmap: use_action_for_goal  = false
[INFO] [1771075975.839083143] [rtabmap]: rtabmap: tf_delay      = 0.050000
[INFO] [1771075975.841929115] [rtabmap]: rtabmap: tf_tolerance  = 0.100000
[INFO] [1771075975.843124172] [rtabmap]: rtabmap: odom_sensor_sync   = false
[INFO] [1771075975.843174830] [rtabmap]: rtabmap: pub_loc_pose_only_when_localizing = false
[INFO] [1771075975.843201103] [rtabmap]: rtabmap: wait_for_transform = 0.500000
[INFO] [1771075975.843230096] [rtabmap]: rtabmap: gen_scan  = false
[INFO] [1771075975.843254161] [rtabmap]: rtabmap: gen_depth  = false
[INFO] [1771075975.843278354] [rtabmap]: rtabmap: scan_cloud_max_points = 0
[INFO] [1771075975.843302643] [rtabmap]: rtabmap: scan_cloud_is_2d = false
[INFO] [1771075975.871431823] [rtabmap]: Setting RTAB-Map parameter "Grid/CellSize"="0.03" (rosparam)
[INFO] [1771075975.871923235] [rtabmap]: Setting RTAB-Map parameter "Grid/MaxGroundAngle"="45" (rosparam)
[INFO] [1771075975.872015527] [rtabmap]: Setting RTAB-Map parameter "Grid/MaxGroundHeight"="0.1" (rosparam)
[INFO] [1771075975.872091466] [rtabmap]: Setting RTAB-Map parameter "Grid/MaxObstacleHeight"="0.7" (rosparam)
[INFO] [1771075975.872193134] [rtabmap]: Setting RTAB-Map parameter "Grid/MinGroundHeight"="-0.1" (rosparam)
[INFO] [1771075975.872414871] [rtabmap]: Setting RTAB-Map parameter "Grid/RangeMax"="3.0" (rosparam)
[INFO] [1771075975.872479193] [rtabmap]: Setting RTAB-Map parameter "Grid/RangeMin"="0.7" (rosparam)
[INFO] [1771075975.872569373] [rtabmap]: Setting RTAB-Map parameter "Grid/RayTracing"="false" (rosparam)
[INFO] [1771075975.872842120] [rtabmap]: Setting RTAB-Map parameter "Grid/Sensor"="0" (rosparam)
[INFO] [1771075975.874181471] [rtabmap]: Setting RTAB-Map parameter "Icp/CorrespondenceRatio"="0.2" (rosparam)
[INFO] [1771075975.874358982] [rtabmap]: Setting RTAB-Map parameter "Icp/Epsilon"="0.001" (rosparam)
[INFO] [1771075975.874527213] [rtabmap]: Setting RTAB-Map parameter "Icp/Iterations"="10" (rosparam)
[INFO] [1771075975.874692084] [rtabmap]: Setting RTAB-Map parameter "Icp/MaxCorrespondenceDistance"="1" (rosparam)
[INFO] [1771075975.874924701] [rtabmap]: Setting RTAB-Map parameter "Icp/MaxTranslation"="3" (rosparam)
[INFO] [1771075975.875042658] [rtabmap]: Setting RTAB-Map parameter "Icp/OutlierRatio"="0.7" (rosparam)
[INFO] [1771075975.875303181] [rtabmap]: Setting RTAB-Map parameter "Icp/PointToPlane"="true" (rosparam)
[INFO] [1771075975.875415377] [rtabmap]: Setting RTAB-Map parameter "Icp/PointToPlaneK"="20" (rosparam)
[INFO] [1771075975.875609817] [rtabmap]: Setting RTAB-Map parameter "Icp/PointToPlaneRadius"="0" (rosparam)
[INFO] [1771075975.875902469] [rtabmap]: Setting RTAB-Map parameter "Icp/RangeMin"="0.3" (rosparam)
[INFO] [1771075975.876128430] [rtabmap]: Setting RTAB-Map parameter "Icp/Strategy"="1" (rosparam)
[INFO] [1771075975.876304662] [rtabmap]: Setting RTAB-Map parameter "Icp/VoxelSize"="0.1" (rosparam)
[INFO] [1771075975.881082649] [rtabmap]: Setting RTAB-Map parameter "Mem/LaserScanNormalK"="20" (rosparam)
[INFO] [1771075975.881277728] [rtabmap]: Setting RTAB-Map parameter "Mem/LaserScanVoxelSize"="0.03" (rosparam)
[INFO] [1771075975.881437703] [rtabmap]: Setting RTAB-Map parameter "Mem/NotLinkedNodesKept"="false" (rosparam)
[INFO] [1771075975.881760724] [rtabmap]: Setting RTAB-Map parameter "Mem/STMSize"="30" (rosparam)
[INFO] [1771075975.882826464] [rtabmap]: Setting RTAB-Map parameter "RGBD/AngularUpdate"="0.05" (rosparam)
[INFO] [1771075975.882911619] [rtabmap]: Setting RTAB-Map parameter "RGBD/CreateOccupancyGrid"="true" (rosparam)
[INFO] [1771075975.883255953] [rtabmap]: Setting RTAB-Map parameter "RGBD/LinearUpdate"="0.05" (rosparam)
[INFO] [1771075975.884744590] [rtabmap]: Setting RTAB-Map parameter "RGBD/ProximityMaxGraphDepth"="0" (rosparam)
[INFO] [1771075975.884983768] [rtabmap]: Setting RTAB-Map parameter "RGBD/ProximityPathMaxNeighbors"="1" (rosparam)
[INFO] [1771075975.885228354] [rtabmap]: Setting RTAB-Map parameter "Reg/Strategy"="1" (rosparam)
[INFO] [1771075975.891283193] [rtabmap]: RTAB-Map detection rate = 1.000000 Hz
[INFO] [1771075975.901837191] [rtabmap]: rtabmap: Deleted database "/root/.ros/rtabmap.db" (--delete_db_on_start or -d are set).
[INFO] [1771075975.903044921] [rtabmap]: rtabmap: Using database from "/root/.ros/rtabmap.db" (0 MB).
[INFO] [1771075975.979832182] [rtabmap]: rtabmap: Database version = "0.22.1".
[INFO] [1771075975.979955547] [rtabmap]: rtabmap: SLAM mode (Mem/IncrementalMemory=true)
[INFO] [1771075975.998011740] [rtabmap]: Setup callbacks
[INFO] [1771075975.999910473] [rtabmap]: rtabmap: subscribe_depth = false
[INFO] [1771075976.001074745] [rtabmap]: rtabmap: subscribe_rgb = false
[INFO] [1771075976.002120611] [rtabmap]: rtabmap: subscribe_stereo = false
[INFO] [1771075976.003272370] [rtabmap]: rtabmap: subscribe_rgbd = false (rgbd_cameras=1)
[INFO] [1771075976.004486980] [rtabmap]: rtabmap: subscribe_sensor_data = false
[INFO] [1771075976.005624786] [rtabmap]: rtabmap: subscribe_odom_info = false
[INFO] [1771075976.006794594] [rtabmap]: rtabmap: subscribe_user_data = false
[INFO] [1771075976.006837252] [rtabmap]: rtabmap: subscribe_scan = false
[INFO] [1771075976.006862533] [rtabmap]: rtabmap: subscribe_scan_cloud = true
[INFO] [1771075976.006883046] [rtabmap]: rtabmap: subscribe_scan_descriptor = false
[INFO] [1771075976.006903398] [rtabmap]: rtabmap: topic_queue_size = 10
[INFO] [1771075976.006935592] [rtabmap]: rtabmap: sync_queue_size  = 200
[INFO] [1771075976.006958665] [rtabmap]: rtabmap: qos_image       = 0
[INFO] [1771075976.009117409] [rtabmap]: rtabmap: qos_camera_info = 0
[INFO] [1771075976.009208293] [rtabmap]: rtabmap: qos_scan        = 0
[INFO] [1771075976.009234470] [rtabmap]: rtabmap: qos_odom        = 0
[INFO] [1771075976.009254566] [rtabmap]: rtabmap: qos_user_data   = 0
[INFO] [1771075976.009272807] [rtabmap]: rtabmap: approx_sync     = true
[INFO] [1771075976.009331754] [rtabmap]: Setup scan callback
[INFO] [1771075976.027736217] [rtabmap]: 
rtabmap subscribed to (approx sync):
   /odom \
   /leo04/livox/lidar
[WARN] [1771075976.033889204] [rtabmap]: There is no image subscription, bag-of-words loop closure detection will be disabled...
[WARN] [1771075976.036357912] [rtabmap]: Setting Kp/MaxFeatures=-1 (bag-of-words disabled)
[INFO] [1771075976.352057226] [rtabmap]: rtabmap (1): Rate=1.00s, Limit=0.000s, Conversion=0.0008s, RTAB-Map=0.0759s, Maps update=0.0020s pub=0.0033s delay=0.3394s (local map=1, WM=1)
[INFO] [1771075977.239290421] [rtabmap]: rtabmap (2): Rate=1.00s, Limit=0.000s, Conversion=0.0007s, RTAB-Map=0.0741s, Maps update=0.0003s pub=0.0012s delay=0.2266s (local map=1, WM=1)
[INFO] [1771075978.352977623] [rtabmap]: rtabmap (3): Rate=1.00s, Limit=0.000s, Conversion=0.0004s, RTAB-Map=0.0797s, Maps update=0.0003s pub=0.0013s delay=0.2405s (local map=1, WM=1)
[INFO] [1771075979.335950244] [rtabmap]: rtabmap (4): Rate=1.00s, Limit=0.000s, Conversion=0.0005s, RTAB-Map=0.0663s, Maps update=0.0002s pub=0.0009s delay=0.2235s (local map=1, WM=1)
[INFO] [1771075980.331333580] [rtabmap]: rtabmap (5): Rate=1.00s, Limit=0.000s, Conversion=0.0004s, RTAB-Map=0.0659s, Maps update=0.0002s pub=0.0010s delay=0.2188s (local map=1, WM=1)
[INFO] [1771075981.340484549] [rtabmap]: rtabmap (6): Rate=1.00s, Limit=0.000s, Conversion=0.0003s, RTAB-Map=0.0694s, Maps update=0.0002s pub=0.0012s delay=0.2279s (local map=1, WM=1)
[INFO] [1771075982.335554976] [rtabmap]: rtabmap (7): Rate=1.00s, Limit=0.000s, Conversion=0.0005s, RTAB-Map=0.0667s, Maps update=0.0002s pub=0.0008s delay=0.2229s (local map=1, WM=1)
[INFO] [1771075983.450750240] [rtabmap]: rtabmap (8): Rate=1.00s, Limit=0.000s, Conversion=0.0008s, RTAB-Map=0.0790s, Maps update=0.0006s pub=0.0014s delay=0.2381s (local map=1, WM=1)
[INFO] [1771075984.546218492] [rtabmap]: rtabmap (9): Rate=1.00s, Limit=0.000s, Conversion=0.0005s, RTAB-Map=0.0695s, Maps update=0.0003s pub=0.0008s delay=0.2336s (local map=1, WM=1)
[INFO] [1771075985.541880943] [rtabmap]: rtabmap (10): Rate=1.00s, Limit=0.000s, Conversion=0.0006s, RTAB-Map=0.0694s, Maps update=0.0003s pub=0.0018s delay=0.2291s (local map=1, WM=1)
[INFO] [1771075986.637220101] [rtabmap]: rtabmap (11): Rate=1.00s, Limit=0.000s, Conversion=0.0006s, RTAB-Map=0.0701s, Maps update=0.0002s pub=0.0008s delay=0.2245s (local map=1, WM=1)
[INFO] [1771075987.651580946] [rtabmap]: rtabmap (12): Rate=1.00s, Limit=0.000s, Conversion=0.0106s, RTAB-Map=0.0765s, Maps update=0.0003s pub=0.0009s delay=0.2388s (local map=1, WM=1)
[INFO] [1771075988.738848671] [rtabmap]: rtabmap (13): Rate=1.00s, Limit=0.000s, Conversion=0.0004s, RTAB-Map=0.0743s, Maps update=0.0003s pub=0.0010s delay=0.2261s (local map=1, WM=1)
[INFO] [1771075989.849518855] [rtabmap]: rtabmap (14): Rate=1.00s, Limit=0.000s, Conversion=0.0105s, RTAB-Map=0.0724s, Maps update=0.0002s pub=0.0012s delay=0.2368s (local map=1, WM=1)
[INFO] [1771075990.850437904] [rtabmap]: rtabmap (15): Rate=1.00s, Limit=0.000s, Conversion=0.0005s, RTAB-Map=0.0769s, Maps update=0.0002s pub=0.0008s delay=0.2376s (local map=1, WM=1)
[INFO] [1771075991.941885063] [rtabmap]: rtabmap (16): Rate=1.00s, Limit=0.000s, Conversion=0.0005s, RTAB-Map=0.0760s, Maps update=0.0003s pub=0.0010s delay=0.2291s (local map=1, WM=1)
[INFO] [1771075992.940577014] [rtabmap]: rtabmap (17): Rate=1.00s, Limit=0.000s, Conversion=0.0005s, RTAB-Map=0.0695s, Maps update=0.0002s pub=0.0011s delay=0.2278s (local map=1, WM=1)
[INFO] [1771075993.941994196] [rtabmap]: rtabmap (18): Rate=1.00s, Limit=0.000s, Conversion=0.0105s, RTAB-Map=0.0677s, Maps update=0.0002s pub=0.0014s delay=0.2291s (local map=1, WM=1)
[INFO] [1771075995.046785131] [rtabmap]: rtabmap (19): Rate=1.00s, Limit=0.000s, Conversion=0.0004s, RTAB-Map=0.0745s, Maps update=0.0002s pub=0.0013s delay=0.2340s (local map=1, WM=1)
[INFO] [1771075996.145415464] [rtabmap]: rtabmap (20): Rate=1.00s, Limit=0.000s, Conversion=0.0006s, RTAB-Map=0.0732s, Maps update=0.0004s pub=0.0012s delay=0.2328s (local map=1, WM=1)
[INFO] [1771075997.145894431] [rtabmap]: rtabmap (21): Rate=1.00s, Limit=0.000s, Conversion=0.0004s, RTAB-Map=0.0784s, Maps update=0.0003s pub=0.0009s delay=0.2331s (local map=1, WM=1)
[INFO] [1771075998.154293626] [rtabmap]: rtabmap (22): Rate=1.00s, Limit=0.000s, Conversion=0.0005s, RTAB-Map=0.0741s, Maps update=0.0003s pub=0.0013s delay=0.2413s (local map=1, WM=1)
[INFO] [1771075999.145272462] [rtabmap]: rtabmap (23): Rate=1.00s, Limit=0.000s, Conversion=0.0005s, RTAB-Map=0.0752s, Maps update=0.0003s pub=0.0008s delay=0.2323s (local map=1, WM=1)
[INFO] [1771076000.255383678] [rtabmap]: rtabmap (24): Rate=1.00s, Limit=0.000s, Conversion=0.0105s, RTAB-Map=0.0739s, Maps update=0.0002s pub=0.0007s delay=0.2426s (local map=1, WM=1)
[INFO] [1771076001.251728493] [rtabmap]: rtabmap (25): Rate=1.00s, Limit=0.000s, Conversion=0.0003s, RTAB-Map=0.0749s, Maps update=0.0003s pub=0.0016s delay=0.2387s (local map=1, WM=1)
[INFO] [1771076002.348717895] [rtabmap]: rtabmap (26): Rate=1.00s, Limit=0.000s, Conversion=0.0003s, RTAB-Map=0.0750s, Maps update=0.0014s pub=0.0009s delay=0.2359s (local map=1, WM=1)
[INFO] [1771076003.356057910] [rtabmap]: rtabmap (27): Rate=1.00s, Limit=0.000s, Conversion=0.0005s, RTAB-Map=0.0767s, Maps update=0.0002s pub=0.0008s delay=0.2432s (local map=1, WM=1)
[INFO] [1771076004.347795945] [rtabmap]: rtabmap (28): Rate=1.00s, Limit=0.000s, Conversion=0.0003s, RTAB-Map=0.0743s, Maps update=0.0002s pub=0.0009s delay=0.2348s (local map=1, WM=1)
[INFO] [1771076005.448090057] [rtabmap]: rtabmap (29): Rate=1.00s, Limit=0.000s, Conversion=0.0005s, RTAB-Map=0.0751s, Maps update=0.0003s pub=0.0008s delay=0.2351s (local map=1, WM=1)
[INFO] [1771076006.542667724] [rtabmap]: rtabmap (30): Rate=1.00s, Limit=0.000s, Conversion=0.0007s, RTAB-Map=0.0716s, Maps update=0.0002s pub=0.0012s delay=0.2297s (local map=1, WM=1)
[INFO] [1771076007.550542507] [rtabmap]: rtabmap (31): Rate=1.00s, Limit=0.000s, Conversion=0.0005s, RTAB-Map=0.0750s, Maps update=0.0005s pub=0.0011s delay=0.2375s (local map=1, WM=1)
[INFO] [1771076008.539136475] [rtabmap]: rtabmap (32): Rate=1.00s, Limit=0.000s, Conversion=0.0003s, RTAB-Map=0.0744s, Maps update=0.0003s pub=0.0009s delay=0.2260s (local map=1, WM=1)
[INFO] [1771076009.660346040] [rtabmap]: rtabmap (33): Rate=1.00s, Limit=0.000s, Conversion=0.0003s, RTAB-Map=0.0824s, Maps update=0.0003s pub=0.0008s delay=0.2474s (local map=1, WM=1)
[INFO] [1771076010.644497843] [rtabmap]: rtabmap (34): Rate=1.00s, Limit=0.000s, Conversion=0.0003s, RTAB-Map=0.0724s, Maps update=0.0003s pub=0.0011s delay=0.2314s (local map=1, WM=1)
[INFO] [1771076011.652301584] [rtabmap]: rtabmap (35): Rate=1.00s, Limit=0.000s, Conversion=0.0005s, RTAB-Map=0.0725s, Maps update=0.0002s pub=0.0006s delay=0.2391s (local map=1, WM=1)
[INFO] [1771076012.749071020] [rtabmap]: rtabmap (36): Rate=1.00s, Limit=0.000s, Conversion=0.0008s, RTAB-Map=0.0703s, Maps update=0.0003s pub=0.0007s delay=0.2359s (local map=1, WM=1)
[INFO] [1771076013.851694038] [rtabmap]: rtabmap (37): Rate=1.00s, Limit=0.000s, Conversion=0.0005s, RTAB-Map=0.0819s, Maps update=0.0002s pub=0.0007s delay=0.2387s (local map=1, WM=1)
[INFO] [1771076014.847763190] [rtabmap]: rtabmap (38): Rate=1.00s, Limit=0.000s, Conversion=0.0003s, RTAB-Map=0.0720s, Maps update=0.0002s pub=0.0009s delay=0.2346s (local map=1, WM=1)
[INFO] [1771076015.951007161] [rtabmap]: rtabmap (39): Rate=1.00s, Limit=0.000s, Conversion=0.0004s, RTAB-Map=0.0802s, Maps update=0.0003s pub=0.0013s delay=0.2379s (local map=1, WM=1)
[INFO] [1771076017.048534516] [rtabmap]: rtabmap (40): Rate=1.00s, Limit=0.000s, Conversion=0.0005s, RTAB-Map=0.0804s, Maps update=0.0003s pub=0.0011s delay=0.2354s (local map=1, WM=1)
[INFO] [1771076018.152627065] [rtabmap]: rtabmap (41): Rate=1.00s, Limit=0.000s, Conversion=0.0003s, RTAB-Map=0.0777s, Maps update=0.0002s pub=0.0008s delay=0.2395s (local map=1, WM=1)
[INFO] [1771076019.135788684] [rtabmap]: rtabmap (42): Rate=1.00s, Limit=0.000s, Conversion=0.0003s, RTAB-Map=0.0679s, Maps update=0.0002s pub=0.0012s delay=0.2227s (local map=1, WM=1)
[INFO] [1771076020.249843111] [rtabmap]: rtabmap (43): Rate=1.00s, Limit=0.000s, Conversion=0.0003s, RTAB-Map=0.0741s, Maps update=0.0005s pub=0.0009s delay=0.2367s (local map=1, WM=1)
[INFO] [1771076021.343643658] [rtabmap]: rtabmap (44): Rate=1.00s, Limit=0.000s, Conversion=0.0004s, RTAB-Map=0.0723s, Maps update=0.0003s pub=0.0010s delay=0.2305s (local map=1, WM=1)
[INFO] [1771076022.443944278] [rtabmap]: rtabmap (45): Rate=1.00s, Limit=0.000s, Conversion=0.0005s, RTAB-Map=0.0722s, Maps update=0.0002s pub=0.0008s delay=0.2308s (local map=1, WM=1)
[INFO] [1771076023.543202711] [rtabmap]: rtabmap (46): Rate=1.00s, Limit=0.000s, Conversion=0.0003s, RTAB-Map=0.0739s, Maps update=0.0003s pub=0.0014s delay=0.2301s (local map=1, WM=1)
[INFO] [1771076024.645824801] [rtabmap]: rtabmap (47): Rate=1.00s, Limit=0.000s, Conversion=0.0006s, RTAB-Map=0.0779s, Maps update=0.0002s pub=0.0008s delay=0.2327s (local map=1, WM=1)
[INFO] [1771076025.647776239] [rtabmap]: rtabmap (48): Rate=1.00s, Limit=0.000s, Conversion=0.0004s, RTAB-Map=0.0730s, Maps update=0.0002s pub=0.0010s delay=0.2345s (local map=1, WM=1)
[INFO] [1771076026.759564686] [rtabmap]: rtabmap (49): Rate=1.00s, Limit=0.000s, Conversion=0.0105s, RTAB-Map=0.0773s, Maps update=0.0002s pub=0.0009s delay=0.2465s (local map=1, WM=1)
[INFO] [1771076027.746386934] [rtabmap]: rtabmap (50): Rate=1.00s, Limit=0.000s, Conversion=0.0003s, RTAB-Map=0.0755s, Maps update=0.0003s pub=0.0012s delay=0.2331s (local map=1, WM=1)
[INFO] [1771076028.747242264] [rtabmap]: rtabmap (51): Rate=1.00s, Limit=0.000s, Conversion=0.0005s, RTAB-Map=0.0763s, Maps update=0.0003s pub=0.0009s delay=0.2339s (local map=1, WM=1)
[INFO] [1771076029.843368122] [rtabmap]: rtabmap (52): Rate=1.00s, Limit=0.000s, Conversion=0.0005s, RTAB-Map=0.0725s, Maps update=0.0003s pub=0.0008s delay=0.2303s (local map=1, WM=1)
[INFO] [1771076030.850336340] [rtabmap]: rtabmap (53): Rate=1.00s, Limit=0.000s, Conversion=0.0003s, RTAB-Map=0.0801s, Maps update=0.0002s pub=0.0013s delay=0.2370s (local map=1, WM=1)
[INFO] [1771076031.939022280] [rtabmap]: rtabmap (54): Rate=1.00s, Limit=0.000s, Conversion=0.0010s, RTAB-Map=0.0685s, Maps update=0.0018s pub=0.0024s delay=0.2259s (local map=2, WM=2)
[INFO] [1771076032.951252984] [rtabmap]: rtabmap (55): Rate=1.00s, Limit=0.000s, Conversion=0.0005s, RTAB-Map=0.0732s, Maps update=0.0019s pub=0.0057s delay=0.2379s (local map=3, WM=3)
[INFO] [1771076034.071617011] [rtabmap]: rtabmap (56): Rate=1.00s, Limit=0.000s, Conversion=0.0109s, RTAB-Map=0.0850s, Maps update=0.0003s pub=0.0014s delay=0.2584s (local map=3, WM=3)
[INFO] [1771076035.041536204] [rtabmap]: rtabmap (57): Rate=1.00s, Limit=0.000s, Conversion=0.0006s, RTAB-Map=0.0680s, Maps update=0.0023s pub=0.0047s delay=0.2282s (local map=4, WM=4)
[INFO] [1771076036.051687016] [rtabmap]: rtabmap (58): Rate=1.00s, Limit=0.000s, Conversion=0.0004s, RTAB-Map=0.0763s, Maps update=0.0021s pub=0.0045s delay=0.2382s (local map=5, WM=5)
[INFO] [1771076037.164973539] [rtabmap]: rtabmap (59): Rate=1.00s, Limit=0.000s, Conversion=0.0003s, RTAB-Map=0.0846s, Maps update=0.0020s pub=0.0046s delay=0.2516s (local map=6, WM=6)
[INFO] [1771076038.258591647] [rtabmap]: rtabmap (60): Rate=1.00s, Limit=0.000s, Conversion=0.0107s, RTAB-Map=0.0762s, Maps update=0.0020s pub=0.0038s delay=0.2454s (local map=7, WM=7)
[INFO] [1771076039.362956880] [rtabmap]: rtabmap (61): Rate=1.00s, Limit=0.000s, Conversion=0.0004s, RTAB-Map=0.0851s, Maps update=0.0020s pub=0.0055s delay=0.2497s (local map=8, WM=8)
[INFO] [1771076040.355140498] [rtabmap]: rtabmap (62): Rate=1.00s, Limit=0.000s, Conversion=0.0005s, RTAB-Map=0.0747s, Maps update=0.0022s pub=0.0048s delay=0.2417s (local map=9, WM=9)
[INFO] [1771076041.454275086] [rtabmap]: rtabmap (63): Rate=1.00s, Limit=0.000s, Conversion=0.0005s, RTAB-Map=0.0768s, Maps update=0.0027s pub=0.0044s delay=0.2408s (local map=10, WM=10)
[INFO] [1771076042.559340475] [rtabmap]: rtabmap (64): Rate=1.00s, Limit=0.000s, Conversion=0.0004s, RTAB-Map=0.0782s, Maps update=0.0020s pub=0.0051s delay=0.2460s (local map=11, WM=11)
[INFO] [1771076043.652608457] [rtabmap]: rtabmap (65): Rate=1.00s, Limit=0.000s, Conversion=0.0004s, RTAB-Map=0.0754s, Maps update=0.0024s pub=0.0055s delay=0.2392s (local map=12, WM=12)
[INFO] [1771076044.749020694] [rtabmap]: rtabmap (66): Rate=1.00s, Limit=0.000s, Conversion=0.0004s, RTAB-Map=0.0737s, Maps update=0.0028s pub=0.0054s delay=0.2356s (local map=13, WM=13)
[INFO] [1771076045.745650733] [rtabmap]: rtabmap (67): Rate=1.00s, Limit=0.000s, Conversion=0.0005s, RTAB-Map=0.0724s, Maps update=0.0008s pub=0.0053s delay=0.2322s (local map=14, WM=14)
[INFO] [1771076046.851467832] [rtabmap]: rtabmap (68): Rate=1.00s, Limit=0.000s, Conversion=0.0003s, RTAB-Map=0.0748s, Maps update=0.0029s pub=0.0055s delay=0.2380s (local map=15, WM=15)
[INFO] [1771076047.846660308] [rtabmap]: rtabmap (69): Rate=1.00s, Limit=0.000s, Conversion=0.0005s, RTAB-Map=0.0715s, Maps update=0.0007s pub=0.0059s delay=0.2332s (local map=16, WM=16)
[INFO] [1771076048.956888915] [rtabmap]: rtabmap (70): Rate=1.00s, Limit=0.000s, Conversion=0.0005s, RTAB-Map=0.0811s, Maps update=0.0025s pub=0.0054s delay=0.2433s (local map=17, WM=17)
[INFO] [1771076050.039954691] [rtabmap]: rtabmap (71): Rate=1.00s, Limit=0.000s, Conversion=0.0005s, RTAB-Map=0.0680s, Maps update=0.0003s pub=0.0025s delay=0.2264s (local map=17, WM=17)
[INFO] [1771076051.152650470] [rtabmap]: rtabmap (72): Rate=1.00s, Limit=0.000s, Conversion=0.0105s, RTAB-Map=0.0709s, Maps update=0.0025s pub=0.0053s delay=0.2400s (local map=18, WM=18)
[INFO] [1771076052.251867877] [rtabmap]: rtabmap (73): Rate=1.00s, Limit=0.000s, Conversion=0.0008s, RTAB-Map=0.0735s, Maps update=0.0008s pub=0.0066s delay=0.2383s (local map=19, WM=19)
[INFO] [1771076053.352441116] [rtabmap]: rtabmap (74): Rate=1.00s, Limit=0.000s, Conversion=0.0006s, RTAB-Map=0.0760s, Maps update=0.0022s pub=0.0067s delay=0.2390s (local map=20, WM=20)
[INFO] [1771076054.454641653] [rtabmap]: rtabmap (75): Rate=1.00s, Limit=0.000s, Conversion=0.0004s, RTAB-Map=0.0779s, Maps update=0.0020s pub=0.0059s delay=0.2420s (local map=21, WM=21)
[INFO] [1771076055.544808836] [rtabmap]: rtabmap (76): Rate=1.00s, Limit=0.000s, Conversion=0.0003s, RTAB-Map=0.0672s, Maps update=0.0026s pub=0.0060s delay=0.2320s (local map=22, WM=22)
[INFO] [1771076056.553092404] [rtabmap]: rtabmap (77): Rate=1.00s, Limit=0.000s, Conversion=0.0004s, RTAB-Map=0.0719s, Maps update=0.0043s pub=0.0075s delay=0.2395s (local map=23, WM=23)
[INFO] [1771076057.651425520] [rtabmap]: rtabmap (78): Rate=1.00s, Limit=0.000s, Conversion=0.0005s, RTAB-Map=0.0707s, Maps update=0.0026s pub=0.0092s delay=0.2386s (local map=24, WM=24)
[INFO] [1771076058.655980425] [rtabmap]: rtabmap (79): Rate=1.00s, Limit=0.000s, Conversion=0.0004s, RTAB-Map=0.0730s, Maps update=0.0024s pub=0.0060s delay=0.2425s (local map=25, WM=25)
[INFO] [1771076059.763909002] [rtabmap]: rtabmap (80): Rate=1.00s, Limit=0.000s, Conversion=0.0105s, RTAB-Map=0.0721s, Maps update=0.0020s pub=0.0059s delay=0.2514s (local map=26, WM=26)
[INFO] [1771076060.756491804] [rtabmap]: rtabmap (81): Rate=1.00s, Limit=0.000s, Conversion=0.0106s, RTAB-Map=0.0709s, Maps update=0.0028s pub=0.0060s delay=0.2439s (local map=27, WM=27)
[INFO] [1771076061.845394808] [rtabmap]: rtabmap (82): Rate=1.00s, Limit=0.000s, Conversion=0.0004s, RTAB-Map=0.0656s, Maps update=0.0023s pub=0.0069s delay=0.2328s (local map=28, WM=28)
[INFO] [1771076062.961688718] [rtabmap]: rtabmap (83): Rate=1.00s, Limit=0.000s, Conversion=0.0004s, RTAB-Map=0.0708s, Maps update=0.0021s pub=0.0066s delay=0.2494s (local map=29, WM=29)
[INFO] [1771076064.049967793] [rtabmap]: rtabmap (84): Rate=1.00s, Limit=0.000s, Conversion=0.0006s, RTAB-Map=0.0676s, Maps update=0.0005s pub=0.0040s delay=0.2378s (local map=29, WM=29)
[INFO] [1771076065.056609374] [rtabmap]: rtabmap (85): Rate=1.00s, Limit=0.000s, Conversion=0.0003s, RTAB-Map=0.0688s, Maps update=0.0026s pub=0.0074s delay=0.2443s (local map=30, WM=30)
[INFO] [1771076066.118488528] [rtabmap]: rtabmap (86): Rate=1.00s, Limit=0.000s, Conversion=0.0005s, RTAB-Map=0.1331s, Maps update=0.0022s pub=0.0082s delay=0.3058s (local map=31, WM=31)
[INFO] [1771076067.210409191] [rtabmap]: rtabmap (87): Rate=1.00s, Limit=0.000s, Conversion=0.0005s, RTAB-Map=0.1236s, Maps update=0.0027s pub=0.0079s delay=0.2979s (local map=32, WM=32)
[INFO] [1771076068.315977257] [rtabmap]: rtabmap (88): Rate=1.00s, Limit=0.000s, Conversion=0.0005s, RTAB-Map=0.1260s, Maps update=0.0025s pub=0.0098s delay=0.3033s (local map=33, WM=33)
[INFO] [1771076069.403235586] [rtabmap]: rtabmap (89): Rate=1.00s, Limit=0.000s, Conversion=0.0005s, RTAB-Map=0.1200s, Maps update=0.0008s pub=0.0075s delay=0.2904s (local map=34, WM=34)
[INFO] [1771076070.510058682] [rtabmap]: rtabmap (90): Rate=1.00s, Limit=0.000s, Conversion=0.0005s, RTAB-Map=0.1209s, Maps update=0.0025s pub=0.0075s delay=0.2979s (local map=35, WM=35)
[INFO] [1771076071.608538100] [rtabmap]: rtabmap (91): Rate=1.00s, Limit=0.000s, Conversion=0.0005s, RTAB-Map=0.1238s, Maps update=0.0021s pub=0.0069s delay=0.2962s (local map=36, WM=36)
[INFO] [1771076072.610431983] [rtabmap]: rtabmap (92): Rate=1.00s, Limit=0.000s, Conversion=0.0003s, RTAB-Map=0.1229s, Maps update=0.0021s pub=0.0078s delay=0.2978s (local map=37, WM=37)
[INFO] [1771076073.716198904] [rtabmap]: rtabmap (93): Rate=1.00s, Limit=0.000s, Conversion=0.0004s, RTAB-Map=0.1309s, Maps update=0.0022s pub=0.0112s delay=0.3041s (local map=38, WM=38)
[INFO] [1771076074.724523201] [rtabmap]: rtabmap (94): Rate=1.00s, Limit=0.000s, Conversion=0.0005s, RTAB-Map=0.1325s, Maps update=0.0023s pub=0.0079s delay=0.3123s (local map=39, WM=39)
[INFO] [1771076075.814325082] [rtabmap]: rtabmap (95): Rate=1.00s, Limit=0.000s, Conversion=0.0005s, RTAB-Map=0.1279s, Maps update=0.0026s pub=0.0106s delay=0.3017s (local map=40, WM=40)
[INFO] [1771076076.826599701] [rtabmap]: rtabmap (96): Rate=1.00s, Limit=0.000s, Conversion=0.0010s, RTAB-Map=0.1295s, Maps update=0.0031s pub=0.0140s delay=0.3138s (local map=41, WM=41)
[INFO] [1771076077.920985464] [rtabmap]: rtabmap (97): Rate=1.00s, Limit=0.000s, Conversion=0.0004s, RTAB-Map=0.1269s, Maps update=0.0024s pub=0.0117s delay=0.3089s (local map=42, WM=42)
[INFO] [1771076078.925322221] [rtabmap]: rtabmap (98): Rate=1.00s, Limit=0.000s, Conversion=0.0004s, RTAB-Map=0.1297s, Maps update=0.0030s pub=0.0091s delay=0.3132s (local map=43, WM=43)
[INFO] [1771076079.930243320] [rtabmap]: rtabmap (99): Rate=1.00s, Limit=0.000s, Conversion=0.0004s, RTAB-Map=0.1359s, Maps update=0.0023s pub=0.0095s delay=0.3180s (local map=44, WM=44)
[INFO] [1771076081.026381468] [rtabmap]: rtabmap (100): Rate=1.00s, Limit=0.000s, Conversion=0.0003s, RTAB-Map=0.1314s, Maps update=0.0025s pub=0.0116s delay=0.3142s (local map=45, WM=45)
[INFO] [1771076082.118854616] [rtabmap]: rtabmap (101): Rate=1.00s, Limit=0.000s, Conversion=0.0003s, RTAB-Map=0.1265s, Maps update=0.0025s pub=0.0112s delay=0.3067s (local map=46, WM=46)
[INFO] [1771076083.231486239] [rtabmap]: rtabmap (102): Rate=1.00s, Limit=0.000s, Conversion=0.0003s, RTAB-Map=0.1387s, Maps update=0.0025s pub=0.0090s delay=0.3193s (local map=47, WM=47)
[INFO] [1771076084.230028093] [rtabmap]: rtabmap (103): Rate=1.00s, Limit=0.000s, Conversion=0.0003s, RTAB-Map=0.1353s, Maps update=0.0033s pub=0.0138s delay=0.3178s (local map=48, WM=48)
[INFO] [1771076085.326443243] [rtabmap]: rtabmap (104): Rate=1.00s, Limit=0.000s, Conversion=0.0004s, RTAB-Map=0.1358s, Maps update=0.0028s pub=0.0130s delay=0.3142s (local map=49, WM=49)
[INFO] [1771076086.437981035] [rtabmap]: rtabmap (105): Rate=1.00s, Limit=0.000s, Conversion=0.0005s, RTAB-Map=0.1454s, Maps update=0.0031s pub=0.0152s delay=0.3257s (local map=50, WM=50)
[INFO] [1771076087.525459629] [rtabmap]: rtabmap (106): Rate=1.00s, Limit=0.000s, Conversion=0.0005s, RTAB-Map=0.1363s, Maps update=0.0029s pub=0.0121s delay=0.3132s (local map=51, WM=51)
[INFO] [1771076088.524205843] [rtabmap]: rtabmap (107): Rate=1.00s, Limit=0.000s, Conversion=0.0003s, RTAB-Map=0.1306s, Maps update=0.0024s pub=0.0137s delay=0.3118s (local map=52, WM=52)
[INFO] [1771076089.623231522] [rtabmap]: rtabmap (108): Rate=1.00s, Limit=0.000s, Conversion=0.0003s, RTAB-Map=0.1324s, Maps update=0.0024s pub=0.0123s delay=0.3111s (local map=53, WM=53)
[INFO] [1771076090.727431345] [rtabmap]: rtabmap (109): Rate=1.00s, Limit=0.000s, Conversion=0.0004s, RTAB-Map=0.1381s, Maps update=0.0011s pub=0.0118s delay=0.3152s (local map=54, WM=54)
[INFO] [1771076091.727894582] [rtabmap]: rtabmap (110): Rate=1.00s, Limit=0.000s, Conversion=0.0003s, RTAB-Map=0.1360s, Maps update=0.0035s pub=0.0109s delay=0.3156s (local map=55, WM=55)
[INFO] [1771076092.821121998] [rtabmap]: rtabmap (111): Rate=1.00s, Limit=0.000s, Conversion=0.0003s, RTAB-Map=0.1386s, Maps update=0.0008s pub=0.0042s delay=0.3089s (local map=55, WM=55)
[INFO] [1771076093.830386426] [rtabmap]: rtabmap (112): Rate=1.00s, Limit=0.000s, Conversion=0.0005s, RTAB-Map=0.1352s, Maps update=0.0026s pub=0.0105s delay=0.3181s (local map=56, WM=56)
[INFO] [1771076094.919448983] [rtabmap]: rtabmap (113): Rate=1.00s, Limit=0.000s, Conversion=0.0003s, RTAB-Map=0.1245s, Maps update=0.0032s pub=0.0125s delay=0.3073s (local map=57, WM=57)
[INFO] [1771076095.931636463] [rtabmap]: rtabmap (114): Rate=1.00s, Limit=0.000s, Conversion=0.0006s, RTAB-Map=0.1372s, Maps update=0.0053s pub=0.0109s delay=0.3194s (local map=58, WM=58)
[INFO] [1771076097.020607913] [rtabmap]: rtabmap (115): Rate=1.00s, Limit=0.000s, Conversion=0.0003s, RTAB-Map=0.1320s, Maps update=0.0027s pub=0.0105s delay=0.3084s (local map=59, WM=59)
[INFO] [1771076098.134966161] [rtabmap]: rtabmap (116): Rate=1.00s, Limit=0.000s, Conversion=0.0004s, RTAB-Map=0.1349s, Maps update=0.0057s pub=0.0115s delay=0.3228s (local map=60, WM=60)
[INFO] [1771076099.124116435] [rtabmap]: rtabmap (117): Rate=1.00s, Limit=0.000s, Conversion=0.0005s, RTAB-Map=0.1329s, Maps update=0.0026s pub=0.0124s delay=0.3117s (local map=61, WM=61)
[INFO] [1771076100.235671891] [rtabmap]: rtabmap (118): Rate=1.00s, Limit=0.000s, Conversion=0.0005s, RTAB-Map=0.1457s, Maps update=0.0026s pub=0.0109s delay=0.3233s (local map=62, WM=62)
[INFO] [1771076101.318888823] [rtabmap]: rtabmap (119): Rate=1.00s, Limit=0.000s, Conversion=0.0003s, RTAB-Map=0.1335s, Maps update=0.0005s pub=0.0072s delay=0.3066s (local map=62, WM=62)
[INFO] [1771076102.402340580] [rtabmap]: rtabmap (120): Rate=1.00s, Limit=0.000s, Conversion=0.0003s, RTAB-Map=0.1194s, Maps update=0.0005s pub=0.0048s delay=0.2900s (local map=62, WM=62)
[INFO] [1771076103.525381166] [rtabmap]: rtabmap (121): Rate=1.00s, Limit=0.000s, Conversion=0.0003s, RTAB-Map=0.1375s, Maps update=0.0006s pub=0.0055s delay=0.3130s (local map=62, WM=62)
[INFO] [1771076104.524277273] [rtabmap]: rtabmap (122): Rate=1.00s, Limit=0.000s, Conversion=0.0003s, RTAB-Map=0.1384s, Maps update=0.0025s pub=0.0117s delay=0.3112s (local map=63, WM=63)
[INFO] [1771076105.610646514] [rtabmap]: rtabmap (123): Rate=1.00s, Limit=0.000s, Conversion=0.0003s, RTAB-Map=0.1343s, Maps update=0.0005s pub=0.0038s delay=0.2984s (local map=63, WM=63)
[INFO] [1771076106.621249488] [rtabmap]: rtabmap (124): Rate=1.00s, Limit=0.000s, Conversion=0.0005s, RTAB-Map=0.1286s, Maps update=0.0023s pub=0.0118s delay=0.3088s (local map=64, WM=64)
[INFO] [1771076107.719949619] [rtabmap]: rtabmap (125): Rate=1.00s, Limit=0.000s, Conversion=0.0007s, RTAB-Map=0.1350s, Maps update=0.0006s pub=0.0070s delay=0.3075s (local map=64, WM=64)
[INFO] [1771076108.726991564] [rtabmap]: rtabmap (126): Rate=1.00s, Limit=0.000s, Conversion=0.0105s, RTAB-Map=0.1312s, Maps update=0.0009s pub=0.0116s delay=0.3142s (local map=64, WM=64)
[INFO] [1771076109.718535431] [rtabmap]: rtabmap (127): Rate=1.00s, Limit=0.000s, Conversion=0.0009s, RTAB-Map=0.1272s, Maps update=0.0005s pub=0.0078s delay=0.3054s (local map=64, WM=64)
[INFO] [1771076110.817445745] [rtabmap]: rtabmap (128): Rate=1.00s, Limit=0.000s, Conversion=0.0004s, RTAB-Map=0.1326s, Maps update=0.0006s pub=0.0055s delay=0.3052s (local map=64, WM=64)
[INFO] [1771076111.805451561] [rtabmap]: rtabmap (129): Rate=1.00s, Limit=0.000s, Conversion=0.0004s, RTAB-Map=0.1316s, Maps update=0.0005s pub=0.0042s delay=0.2932s (local map=64, WM=64)
[INFO] [1771076112.813481383] [rtabmap]: rtabmap (130): Rate=1.00s, Limit=0.000s, Conversion=0.0007s, RTAB-Map=0.1329s, Maps update=0.0005s pub=0.0045s delay=0.3011s (local map=64, WM=64)
[INFO] [1771076113.916635471] [rtabmap]: rtabmap (131): Rate=1.00s, Limit=0.000s, Conversion=0.0007s, RTAB-Map=0.1308s, Maps update=0.0005s pub=0.0061s delay=0.3044s (local map=64, WM=64)
[INFO] [1771076114.927692349] [rtabmap]: rtabmap (132): Rate=1.00s, Limit=0.000s, Conversion=0.0105s, RTAB-Map=0.1277s, Maps update=0.0006s pub=0.0054s delay=0.3153s (local map=64, WM=64)
[INFO] [1771076116.016222151] [rtabmap]: rtabmap (133): Rate=1.00s, Limit=0.000s, Conversion=0.0007s, RTAB-Map=0.1327s, Maps update=0.0006s pub=0.0052s delay=0.3039s (local map=64, WM=64)
[INFO] [1771076117.014315252] [rtabmap]: rtabmap (134): Rate=1.00s, Limit=0.000s, Conversion=0.0003s, RTAB-Map=0.1319s, Maps update=0.0005s pub=0.0049s delay=0.3020s (local map=64, WM=64)
[INFO] [1771076118.117213427] [rtabmap]: rtabmap (135): Rate=1.00s, Limit=0.000s, Conversion=0.0005s, RTAB-Map=0.1337s, Maps update=0.0005s pub=0.0046s delay=0.3048s (local map=64, WM=64)
[INFO] [1771076119.209947832] [rtabmap]: rtabmap (136): Rate=1.00s, Limit=0.000s, Conversion=0.0003s, RTAB-Map=0.1363s, Maps update=0.0006s pub=0.0039s delay=0.2974s (local map=64, WM=64)
[INFO] [1771076120.205007573] [rtabmap]: rtabmap (137): Rate=1.00s, Limit=0.000s, Conversion=0.0005s, RTAB-Map=0.1288s, Maps update=0.0005s pub=0.0041s delay=0.2925s (local map=64, WM=64)
[INFO] [1771076121.303124834] [rtabmap]: rtabmap (138): Rate=1.00s, Limit=0.000s, Conversion=0.0005s, RTAB-Map=0.1208s, Maps update=0.0006s pub=0.0040s delay=0.2906s (local map=64, WM=64)
[INFO] [1771076122.427285750] [rtabmap]: rtabmap (139): Rate=1.00s, Limit=0.000s, Conversion=0.0003s, RTAB-Map=0.1342s, Maps update=0.0022s pub=0.0148s delay=0.3147s (local map=65, WM=65)
[INFO] [1771076123.514108992] [rtabmap]: rtabmap (140): Rate=1.00s, Limit=0.000s, Conversion=0.0008s, RTAB-Map=0.1239s, Maps update=0.0022s pub=0.0109s delay=0.3017s (local map=66, WM=66)
[INFO] [1771076124.532034093] [rtabmap]: rtabmap (141): Rate=1.00s, Limit=0.000s, Conversion=0.0004s, RTAB-Map=0.1301s, Maps update=0.0049s pub=0.0131s delay=0.3195s (local map=67, WM=67)
[INFO] [1771076125.608964200] [rtabmap]: rtabmap (142): Rate=1.00s, Limit=0.000s, Conversion=0.0003s, RTAB-Map=0.1270s, Maps update=0.0006s pub=0.0042s delay=0.2965s (local map=67, WM=67)
[INFO] [1771076126.618415899] [rtabmap]: rtabmap (143): Rate=1.00s, Limit=0.000s, Conversion=0.0004s, RTAB-Map=0.1258s, Maps update=0.0005s pub=0.0077s delay=0.3059s (local map=67, WM=67)
[INFO] [1771076127.615407936] [rtabmap]: rtabmap (144): Rate=1.00s, Limit=0.000s, Conversion=0.0004s, RTAB-Map=0.1246s, Maps update=0.0005s pub=0.0056s delay=0.3029s (local map=67, WM=67)
[INFO] [1771076128.712961240] [rtabmap]: rtabmap (145): Rate=1.00s, Limit=0.000s, Conversion=0.0003s, RTAB-Map=0.1270s, Maps update=0.0006s pub=0.0047s delay=0.3005s (local map=67, WM=67)
[INFO] [1771076129.705706207] [rtabmap]: rtabmap (146): Rate=1.00s, Limit=0.000s, Conversion=0.0003s, RTAB-Map=0.1196s, Maps update=0.0005s pub=0.0039s delay=0.2932s (local map=67, WM=67)
[INFO] [1771076130.768971551] [rtabmap]: rtabmap (147): Rate=1.00s, Limit=0.000s, Conversion=0.0004s, RTAB-Map=0.1536s, Maps update=0.0027s pub=0.0123s delay=0.3564s (local map=68, WM=68)
[INFO] [1771076131.838350210] [rtabmap]: rtabmap (148): Rate=1.00s, Limit=0.000s, Conversion=0.0004s, RTAB-Map=0.1353s, Maps update=0.0011s pub=0.0137s delay=0.3259s (local map=69, WM=69)
[INFO] [1771076132.839435934] [rtabmap]: rtabmap (149): Rate=1.00s, Limit=0.000s, Conversion=0.0005s, RTAB-Map=0.1419s, Maps update=0.0006s pub=0.0078s delay=0.3269s (local map=69, WM=69)
[INFO] [1771076133.929831629] [rtabmap]: rtabmap (150): Rate=1.00s, Limit=0.000s, Conversion=0.0003s, RTAB-Map=0.1368s, Maps update=0.0007s pub=0.0043s delay=0.3173s (local map=69, WM=69)
[INFO] [1771076134.945503719] [rtabmap]: rtabmap (151): Rate=1.00s, Limit=0.000s, Conversion=0.0003s, RTAB-Map=0.1424s, Maps update=0.0007s pub=0.0050s delay=0.3329s (local map=69, WM=69)
[INFO] [1771076136.045819118] [rtabmap]: rtabmap (152): Rate=1.00s, Limit=0.000s, Conversion=0.0003s, RTAB-Map=0.1451s, Maps update=0.0018s pub=0.0060s delay=0.3331s (local map=69, WM=69)
[INFO] [1771076137.129495769] [rtabmap]: rtabmap (153): Rate=1.00s, Limit=0.000s, Conversion=0.0005s, RTAB-Map=0.1396s, Maps update=0.0009s pub=0.0045s delay=0.3169s (local map=69, WM=69)
[INFO] [1771076138.159487862] [rtabmap]: rtabmap (154): Rate=1.00s, Limit=0.000s, Conversion=0.0011s, RTAB-Map=0.1525s, Maps update=0.0006s pub=0.0056s delay=0.3468s (local map=69, WM=69)
[INFO] [1771076139.233240989] [rtabmap]: rtabmap (155): Rate=1.00s, Limit=0.000s, Conversion=0.0005s, RTAB-Map=0.1354s, Maps update=0.0006s pub=0.0040s delay=0.3207s (local map=69, WM=69)
[INFO] [1771076140.258914577] [rtabmap]: rtabmap (156): Rate=1.00s, Limit=0.000s, Conversion=0.0106s, RTAB-Map=0.1451s, Maps update=0.0009s pub=0.0084s delay=0.3464s (local map=69, WM=69)
[INFO] [1771076141.243621862] [rtabmap]: rtabmap (157): Rate=1.00s, Limit=0.000s, Conversion=0.0005s, RTAB-Map=0.1423s, Maps update=0.0007s pub=0.0055s delay=0.3311s (local map=69, WM=69)
[INFO] [1771076142.254583516] [rtabmap]: rtabmap (158): Rate=1.00s, Limit=0.000s, Conversion=0.0008s, RTAB-Map=0.1554s, Maps update=0.0011s pub=0.0056s delay=0.3419s (local map=69, WM=69)
[INFO] [1771076143.338053343] [rtabmap]: rtabmap (159): Rate=1.00s, Limit=0.000s, Conversion=0.0006s, RTAB-Map=0.1374s, Maps update=0.0006s pub=0.0059s delay=0.3254s (local map=69, WM=69)
[INFO] [1771076143.515185342] [rclcpp]: signal_handler(signum=2)
