[INFO] [1771012227.107757274] [rtabmap]: rtabmap(maps): latch                      = false
[INFO] [1771012227.109816353] [rtabmap]: rtabmap(maps): map_filter_radius          = 0.000000
[INFO] [1771012227.109872483] [rtabmap]: rtabmap(maps): map_filter_angle           = 30.000000
[INFO] [1771012227.109899044] [rtabmap]: rtabmap(maps): map_cleanup                = true
[INFO] [1771012227.109917637] [rtabmap]: rtabmap(maps): map_always_update          = false
[INFO] [1771012227.109940774] [rtabmap]: rtabmap(maps): map_empty_ray_tracing      = true
[INFO] [1771012227.109960006] [rtabmap]: rtabmap(maps): cloud_output_voxelized     = true
[INFO] [1771012227.109976679] [rtabmap]: rtabmap(maps): cloud_subtract_filtering   = false
[INFO] [1771012227.109993800] [rtabmap]: rtabmap(maps): cloud_subtract_filtering_min_neighbors = 2
[INFO] [1771012227.110118092] [rtabmap]: rtabmap(maps): octomap_tree_depth         = 16
[INFO] [1771012227.124871021] [rtabmap]: rtabmap: frame_id      = leo04/base_footprint
[INFO] [1771012227.124980689] [rtabmap]: rtabmap: map_frame_id  = map
[INFO] [1771012227.125005298] [rtabmap]: rtabmap: log_to_rosout_level  = 4
[INFO] [1771012227.125024050] [rtabmap]: rtabmap: initial_pose  = 
[INFO] [1771012227.125041107] [rtabmap]: rtabmap: use_action_for_goal  = false
[INFO] [1771012227.125057459] [rtabmap]: rtabmap: tf_delay      = 0.050000
[INFO] [1771012227.125086164] [rtabmap]: rtabmap: tf_tolerance  = 0.100000
[INFO] [1771012227.125119414] [rtabmap]: rtabmap: odom_sensor_sync   = false
[INFO] [1771012227.125140758] [rtabmap]: rtabmap: pub_loc_pose_only_when_localizing = false
[INFO] [1771012227.125159319] [rtabmap]: rtabmap: wait_for_transform = 0.500000
[INFO] [1771012227.125180696] [rtabmap]: rtabmap: gen_scan  = false
[INFO] [1771012227.125199416] [rtabmap]: rtabmap: gen_depth  = false
[INFO] [1771012227.125218233] [rtabmap]: rtabmap: scan_cloud_max_points = 0
[INFO] [1771012227.125236730] [rtabmap]: rtabmap: scan_cloud_is_2d = false
[INFO] [1771012227.141868444] [rtabmap]: Setting RTAB-Map parameter "Grid/CellSize"="0.03" (rosparam)
[INFO] [1771012227.142380718] [rtabmap]: Setting RTAB-Map parameter "Grid/MaxGroundAngle"="45" (rosparam)
[INFO] [1771012227.142468721] [rtabmap]: Setting RTAB-Map parameter "Grid/MaxGroundHeight"="0.1" (rosparam)
[INFO] [1771012227.142548852] [rtabmap]: Setting RTAB-Map parameter "Grid/MaxObstacleHeight"="0.7" (rosparam)
[INFO] [1771012227.142680216] [rtabmap]: Setting RTAB-Map parameter "Grid/MinGroundHeight"="-0.1" (rosparam)
[INFO] [1771012227.142881599] [rtabmap]: Setting RTAB-Map parameter "Grid/RangeMax"="3.0" (rosparam)
[INFO] [1771012227.142941121] [rtabmap]: Setting RTAB-Map parameter "Grid/RangeMin"="0.7" (rosparam)
[INFO] [1771012227.143000035] [rtabmap]: Setting RTAB-Map parameter "Grid/RayTracing"="false" (rosparam)
[INFO] [1771012227.143149352] [rtabmap]: Setting RTAB-Map parameter "Grid/Sensor"="0" (rosparam)
[INFO] [1771012227.143522293] [rtabmap]: Setting RTAB-Map parameter "Icp/CorrespondenceRatio"="0.2" (rosparam)
[INFO] [1771012227.143630969] [rtabmap]: Setting RTAB-Map parameter "Icp/Epsilon"="0.001" (rosparam)
[INFO] [1771012227.143749501] [rtabmap]: Setting RTAB-Map parameter "Icp/Iterations"="10" (rosparam)
[INFO] [1771012227.143816896] [rtabmap]: Setting RTAB-Map parameter "Icp/MaxCorrespondenceDistance"="1" (rosparam)
[INFO] [1771012227.143895650] [rtabmap]: Setting RTAB-Map parameter "Icp/MaxTranslation"="3" (rosparam)
[INFO] [1771012227.143958021] [rtabmap]: Setting RTAB-Map parameter "Icp/OutlierRatio"="0.7" (rosparam)
[INFO] [1771012227.144102250] [rtabmap]: Setting RTAB-Map parameter "Icp/PointToPlane"="true" (rosparam)
[INFO] [1771012227.144191693] [rtabmap]: Setting RTAB-Map parameter "Icp/PointToPlaneK"="20" (rosparam)
[INFO] [1771012227.144332530] [rtabmap]: Setting RTAB-Map parameter "Icp/PointToPlaneRadius"="0" (rosparam)
[INFO] [1771012227.144428341] [rtabmap]: Setting RTAB-Map parameter "Icp/RangeMin"="0.3" (rosparam)
[INFO] [1771012227.144517720] [rtabmap]: Setting RTAB-Map parameter "Icp/Strategy"="1" (rosparam)
[INFO] [1771012227.144576666] [rtabmap]: Setting RTAB-Map parameter "Icp/VoxelSize"="0.1" (rosparam)
[INFO] [1771012227.146183570] [rtabmap]: Setting RTAB-Map parameter "Mem/LaserScanNormalK"="20" (rosparam)
[INFO] [1771012227.146283637] [rtabmap]: Setting RTAB-Map parameter "Mem/LaserScanVoxelSize"="0.03" (rosparam)
[INFO] [1771012227.146395961] [rtabmap]: Setting RTAB-Map parameter "Mem/NotLinkedNodesKept"="false" (rosparam)
[INFO] [1771012227.146610721] [rtabmap]: Setting RTAB-Map parameter "Mem/STMSize"="30" (rosparam)
[INFO] [1771012227.147490879] [rtabmap]: Setting RTAB-Map parameter "RGBD/AngularUpdate"="0.05" (rosparam)
[INFO] [1771012227.147565346] [rtabmap]: Setting RTAB-Map parameter "RGBD/CreateOccupancyGrid"="true" (rosparam)
[INFO] [1771012227.147821067] [rtabmap]: Setting RTAB-Map parameter "RGBD/LinearUpdate"="0.05" (rosparam)
[INFO] [1771012227.148447393] [rtabmap]: Setting RTAB-Map parameter "RGBD/ProximityMaxGraphDepth"="0" (rosparam)
[INFO] [1771012227.148604198] [rtabmap]: Setting RTAB-Map parameter "RGBD/ProximityPathMaxNeighbors"="1" (rosparam)
[INFO] [1771012227.148773132] [rtabmap]: Setting RTAB-Map parameter "Reg/Strategy"="1" (rosparam)
[INFO] [1771012227.159742857] [rtabmap]: RTAB-Map detection rate = 1.000000 Hz
[INFO] [1771012227.161599530] [rtabmap]: rtabmap: Deleted database "/root/.ros/rtabmap.db" (--delete_db_on_start or -d are set).
[INFO] [1771012227.161683501] [rtabmap]: rtabmap: Using database from "/root/.ros/rtabmap.db" (0 MB).
[INFO] [1771012227.220309731] [rclcpp]: signal_handler(signum=2)
