[INFO] [1771002878.638003408] [rtabmap]: rtabmap(maps): latch                      = false
[INFO] [1771002878.638515617] [rtabmap]: rtabmap(maps): map_filter_radius          = 0.000000
[INFO] [1771002878.638739752] [rtabmap]: rtabmap(maps): map_filter_angle           = 30.000000
[INFO] [1771002878.638767817] [rtabmap]: rtabmap(maps): map_cleanup                = true
[INFO] [1771002878.638784553] [rtabmap]: rtabmap(maps): map_always_update          = false
[INFO] [1771002878.638800618] [rtabmap]: rtabmap(maps): map_empty_ray_tracing      = true
[INFO] [1771002878.638816618] [rtabmap]: rtabmap(maps): cloud_output_voxelized     = true
[INFO] [1771002878.638832139] [rtabmap]: rtabmap(maps): cloud_subtract_filtering   = false
[INFO] [1771002878.638847243] [rtabmap]: rtabmap(maps): cloud_subtract_filtering_min_neighbors = 2
[INFO] [1771002878.639021489] [rtabmap]: rtabmap(maps): octomap_tree_depth         = 16
[INFO] [1771002878.702951703] [rtabmap]: rtabmap: frame_id      = leo04/base_footprint
[INFO] [1771002878.703026009] [rtabmap]: rtabmap: map_frame_id  = map
[INFO] [1771002878.703073275] [rtabmap]: rtabmap: log_to_rosout_level  = 4
[INFO] [1771002878.703098652] [rtabmap]: rtabmap: initial_pose  = 
[INFO] [1771002878.703114844] [rtabmap]: rtabmap: use_action_for_goal  = false
[INFO] [1771002878.703130717] [rtabmap]: rtabmap: tf_delay      = 0.050000
[INFO] [1771002878.703153534] [rtabmap]: rtabmap: tf_tolerance  = 0.100000
[INFO] [1771002878.703169886] [rtabmap]: rtabmap: odom_sensor_sync   = false
[INFO] [1771002878.703183903] [rtabmap]: rtabmap: pub_loc_pose_only_when_localizing = false
[INFO] [1771002878.703197375] [rtabmap]: rtabmap: wait_for_transform = 0.500000
[INFO] [1771002878.703213600] [rtabmap]: rtabmap: gen_scan  = false
[INFO] [1771002878.703227360] [rtabmap]: rtabmap: gen_depth  = false
[INFO] [1771002878.703241729] [rtabmap]: rtabmap: scan_cloud_max_points = 0
[INFO] [1771002878.703255617] [rtabmap]: rtabmap: scan_cloud_is_2d = false
[INFO] [1771002878.767234601] [rtabmap]: Setting RTAB-Map parameter "Grid/CellSize"="0.03" (rosparam)
[INFO] [1771002878.767856637] [rtabmap]: Setting RTAB-Map parameter "Grid/MaxGroundAngle"="45" (rosparam)
[INFO] [1771002878.768011906] [rtabmap]: Setting RTAB-Map parameter "Grid/MaxGroundHeight"="0.1" (rosparam)
[INFO] [1771002878.768101029] [rtabmap]: Setting RTAB-Map parameter "Grid/MaxObstacleHeight"="0.7" (rosparam)
[INFO] [1771002878.768237641] [rtabmap]: Setting RTAB-Map parameter "Grid/MinGroundHeight"="-0.1" (rosparam)
[INFO] [1771002878.769207177] [rtabmap]: Setting RTAB-Map parameter "Grid/RangeMax"="3.0" (rosparam)
[INFO] [1771002878.769426992] [rtabmap]: Setting RTAB-Map parameter "Grid/RangeMin"="0.5" (rosparam)
[INFO] [1771002878.769559572] [rtabmap]: Setting RTAB-Map parameter "Grid/RayTracing"="false" (rosparam)
[INFO] [1771002878.769922944] [rtabmap]: Setting RTAB-Map parameter "Grid/Sensor"="0" (rosparam)
[INFO] [1771002878.771277549] [rtabmap]: Setting RTAB-Map parameter "Icp/CorrespondenceRatio"="0.2" (rosparam)
[INFO] [1771002878.771649785] [rtabmap]: Setting RTAB-Map parameter "Icp/Epsilon"="0.001" (rosparam)
[INFO] [1771002878.771859136] [rtabmap]: Setting RTAB-Map parameter "Icp/Iterations"="10" (rosparam)
[INFO] [1771002878.771956227] [rtabmap]: Setting RTAB-Map parameter "Icp/MaxCorrespondenceDistance"="1" (rosparam)
[INFO] [1771002878.772107880] [rtabmap]: Setting RTAB-Map parameter "Icp/MaxTranslation"="3" (rosparam)
[INFO] [1771002878.772207755] [rtabmap]: Setting RTAB-Map parameter "Icp/OutlierRatio"="0.7" (rosparam)
[INFO] [1771002878.772546262] [rtabmap]: Setting RTAB-Map parameter "Icp/PointToPlane"="true" (rosparam)
[INFO] [1771002878.772690651] [rtabmap]: Setting RTAB-Map parameter "Icp/PointToPlaneK"="20" (rosparam)
[INFO] [1771002878.772872833] [rtabmap]: Setting RTAB-Map parameter "Icp/PointToPlaneRadius"="0" (rosparam)
[INFO] [1771002878.773010373] [rtabmap]: Setting RTAB-Map parameter "Icp/RangeMin"="0.3" (rosparam)
[INFO] [1771002878.773154442] [rtabmap]: Setting RTAB-Map parameter "Icp/Strategy"="1" (rosparam)
[INFO] [1771002878.773242093] [rtabmap]: Setting RTAB-Map parameter "Icp/VoxelSize"="0.1" (rosparam)
[INFO] [1771002878.776576601] [rtabmap]: Setting RTAB-Map parameter "Mem/LaserScanNormalK"="20" (rosparam)
[INFO] [1771002878.776759711] [rtabmap]: Setting RTAB-Map parameter "Mem/LaserScanVoxelSize"="0.03" (rosparam)
[INFO] [1771002878.776966918] [rtabmap]: Setting RTAB-Map parameter "Mem/NotLinkedNodesKept"="false" (rosparam)
[INFO] [1771002878.777454998] [rtabmap]: Setting RTAB-Map parameter "Mem/STMSize"="30" (rosparam)
[INFO] [1771002878.781221297] [rtabmap]: Setting RTAB-Map parameter "RGBD/AngularUpdate"="0.05" (rosparam)
[INFO] [1771002878.781429112] [rtabmap]: Setting RTAB-Map parameter "RGBD/CreateOccupancyGrid"="true" (rosparam)
[INFO] [1771002878.782237138] [rtabmap]: Setting RTAB-Map parameter "RGBD/LinearUpdate"="0.05" (rosparam)
[INFO] [1771002878.786115377] [rtabmap]: Setting RTAB-Map parameter "RGBD/ProximityMaxGraphDepth"="0" (rosparam)
[INFO] [1771002878.786611873] [rtabmap]: Setting RTAB-Map parameter "RGBD/ProximityPathMaxNeighbors"="1" (rosparam)
[INFO] [1771002878.787356761] [rtabmap]: Setting RTAB-Map parameter "Reg/Strategy"="1" (rosparam)
[INFO] [1771002878.806885110] [rtabmap]: RTAB-Map detection rate = 1.000000 Hz
[INFO] [1771002878.807346501] [rtabmap]: rtabmap: Deleted database "/root/.ros/rtabmap.db" (--delete_db_on_start or -d are set).
[INFO] [1771002878.807419496] [rtabmap]: rtabmap: Using database from "/root/.ros/rtabmap.db" (0 MB).
[INFO] [1771002878.882052395] [rtabmap]: rtabmap: Database version = "0.22.1".
[INFO] [1771002878.882176175] [rtabmap]: rtabmap: SLAM mode (Mem/IncrementalMemory=true)
[INFO] [1771002879.044689606] [rtabmap]: Setup callbacks
[INFO] [1771002879.045143861] [rtabmap]: rtabmap: subscribe_depth = false
[INFO] [1771002879.045196599] [rtabmap]: rtabmap: subscribe_rgb = false
[INFO] [1771002879.045217303] [rtabmap]: rtabmap: subscribe_stereo = false
[INFO] [1771002879.045235032] [rtabmap]: rtabmap: subscribe_rgbd = false (rgbd_cameras=1)
[INFO] [1771002879.045252120] [rtabmap]: rtabmap: subscribe_sensor_data = false
[INFO] [1771002879.045268345] [rtabmap]: rtabmap: subscribe_odom_info = false
[INFO] [1771002879.045283033] [rtabmap]: rtabmap: subscribe_user_data = false
[INFO] [1771002879.045297690] [rtabmap]: rtabmap: subscribe_scan = false
[INFO] [1771002879.045312506] [rtabmap]: rtabmap: subscribe_scan_cloud = true
[INFO] [1771002879.045327387] [rtabmap]: rtabmap: subscribe_scan_descriptor = false
[INFO] [1771002879.045341883] [rtabmap]: rtabmap: topic_queue_size = 10
[INFO] [1771002879.045357244] [rtabmap]: rtabmap: sync_queue_size  = 200
[INFO] [1771002879.045371964] [rtabmap]: rtabmap: qos_image       = 0
[INFO] [1771002879.045387517] [rtabmap]: rtabmap: qos_camera_info = 0
[INFO] [1771002879.045402749] [rtabmap]: rtabmap: qos_scan        = 0
[INFO] [1771002879.045418270] [rtabmap]: rtabmap: qos_odom        = 0
[INFO] [1771002879.045434174] [rtabmap]: rtabmap: qos_user_data   = 0
[INFO] [1771002879.045449919] [rtabmap]: rtabmap: approx_sync     = true
[INFO] [1771002879.046160822] [rtabmap]: Setup scan callback
[INFO] [1771002879.058415750] [rtabmap]: 
rtabmap subscribed to (approx sync):
   /odom \
   /leo04/livox/lidar
[WARN] [1771002879.118763383] [rtabmap]: There is no image subscription, bag-of-words loop closure detection will be disabled...
[WARN] [1771002879.118870011] [rtabmap]: Setting Kp/MaxFeatures=-1 (bag-of-words disabled)
[INFO] [1771002880.065770540] [rclcpp]: signal_handler(signum=2)
