[INFO] [1771004694.108073180] [rtabmap]: rtabmap(maps): latch                      = false
[INFO] [1771004694.109924093] [rtabmap]: rtabmap(maps): map_filter_radius          = 0.000000
[INFO] [1771004694.109981727] [rtabmap]: rtabmap(maps): map_filter_angle           = 30.000000
[INFO] [1771004694.110007552] [rtabmap]: rtabmap(maps): map_cleanup                = true
[INFO] [1771004694.110024737] [rtabmap]: rtabmap(maps): map_always_update          = false
[INFO] [1771004694.110041537] [rtabmap]: rtabmap(maps): map_empty_ray_tracing      = true
[INFO] [1771004694.110057410] [rtabmap]: rtabmap(maps): cloud_output_voxelized     = true
[INFO] [1771004694.110077635] [rtabmap]: rtabmap(maps): cloud_subtract_filtering   = false
[INFO] [1771004694.110094691] [rtabmap]: rtabmap(maps): cloud_subtract_filtering_min_neighbors = 2
[INFO] [1771004694.110215944] [rtabmap]: rtabmap(maps): octomap_tree_depth         = 16
[INFO] [1771004694.123194515] [rtabmap]: rtabmap: frame_id      = leo04/base_footprint
[INFO] [1771004694.123299287] [rtabmap]: rtabmap: map_frame_id  = map
[INFO] [1771004694.123321303] [rtabmap]: rtabmap: log_to_rosout_level  = 4
[INFO] [1771004694.123338776] [rtabmap]: rtabmap: initial_pose  = 
[INFO] [1771004694.123354681] [rtabmap]: rtabmap: use_action_for_goal  = false
[INFO] [1771004694.123369913] [rtabmap]: rtabmap: tf_delay      = 0.050000
[INFO] [1771004694.123399802] [rtabmap]: rtabmap: tf_tolerance  = 0.100000
[INFO] [1771004694.123428827] [rtabmap]: rtabmap: odom_sensor_sync   = false
[INFO] [1771004694.123447612] [rtabmap]: rtabmap: pub_loc_pose_only_when_localizing = false
[INFO] [1771004694.123464668] [rtabmap]: rtabmap: wait_for_transform = 0.500000
[INFO] [1771004694.123483901] [rtabmap]: rtabmap: gen_scan  = false
[INFO] [1771004694.123500638] [rtabmap]: rtabmap: gen_depth  = false
[INFO] [1771004694.123517150] [rtabmap]: rtabmap: scan_cloud_max_points = 0
[INFO] [1771004694.123533119] [rtabmap]: rtabmap: scan_cloud_is_2d = false
[INFO] [1771004694.135796433] [rtabmap]: Setting RTAB-Map parameter "Grid/CellSize"="0.03" (rosparam)
[INFO] [1771004694.137323911] [rtabmap]: Setting RTAB-Map parameter "Grid/MaxGroundAngle"="45" (rosparam)
[INFO] [1771004694.137409354] [rtabmap]: Setting RTAB-Map parameter "Grid/MaxGroundHeight"="0.1" (rosparam)
[INFO] [1771004694.137471948] [rtabmap]: Setting RTAB-Map parameter "Grid/MaxObstacleHeight"="0.7" (rosparam)
[INFO] [1771004694.137566703] [rtabmap]: Setting RTAB-Map parameter "Grid/MinGroundHeight"="-0.1" (rosparam)
[INFO] [1771004694.137733301] [rtabmap]: Setting RTAB-Map parameter "Grid/RangeMax"="3.0" (rosparam)
[INFO] [1771004694.137797624] [rtabmap]: Setting RTAB-Map parameter "Grid/RangeMin"="0.5" (rosparam)
[INFO] [1771004694.137850938] [rtabmap]: Setting RTAB-Map parameter "Grid/RayTracing"="false" (rosparam)
[INFO] [1771004694.137949469] [rtabmap]: Setting RTAB-Map parameter "Grid/Sensor"="0" (rosparam)
[INFO] [1771004694.138338635] [rtabmap]: Setting RTAB-Map parameter "Icp/CorrespondenceRatio"="0.2" (rosparam)
[INFO] [1771004694.138455375] [rtabmap]: Setting RTAB-Map parameter "Icp/Epsilon"="0.001" (rosparam)
[INFO] [1771004694.138563251] [rtabmap]: Setting RTAB-Map parameter "Icp/Iterations"="10" (rosparam)
[INFO] [1771004694.138618101] [rtabmap]: Setting RTAB-Map parameter "Icp/MaxCorrespondenceDistance"="1" (rosparam)
[INFO] [1771004694.138713112] [rtabmap]: Setting RTAB-Map parameter "Icp/MaxTranslation"="3" (rosparam)
[INFO] [1771004694.138769402] [rtabmap]: Setting RTAB-Map parameter "Icp/OutlierRatio"="0.7" (rosparam)
[INFO] [1771004694.138923968] [rtabmap]: Setting RTAB-Map parameter "Icp/PointToPlane"="true" (rosparam)
[INFO] [1771004694.139013507] [rtabmap]: Setting RTAB-Map parameter "Icp/PointToPlaneK"="20" (rosparam)
[INFO] [1771004694.139170504] [rtabmap]: Setting RTAB-Map parameter "Icp/PointToPlaneRadius"="0" (rosparam)
[INFO] [1771004694.139254059] [rtabmap]: Setting RTAB-Map parameter "Icp/RangeMin"="0.3" (rosparam)
[INFO] [1771004694.139362447] [rtabmap]: Setting RTAB-Map parameter "Icp/Strategy"="1" (rosparam)
[INFO] [1771004694.139416401] [rtabmap]: Setting RTAB-Map parameter "Icp/VoxelSize"="0.1" (rosparam)
[INFO] [1771004694.140884293] [rtabmap]: Setting RTAB-Map parameter "Mem/LaserScanNormalK"="20" (rosparam)
[INFO] [1771004694.141017130] [rtabmap]: Setting RTAB-Map parameter "Mem/LaserScanVoxelSize"="0.03" (rosparam)
[INFO] [1771004694.141132110] [rtabmap]: Setting RTAB-Map parameter "Mem/NotLinkedNodesKept"="false" (rosparam)
[INFO] [1771004694.141359862] [rtabmap]: Setting RTAB-Map parameter "Mem/STMSize"="30" (rosparam)
[INFO] [1771004694.142056494] [rtabmap]: Setting RTAB-Map parameter "RGBD/AngularUpdate"="0.05" (rosparam)
[INFO] [1771004694.142120721] [rtabmap]: Setting RTAB-Map parameter "RGBD/CreateOccupancyGrid"="true" (rosparam)
[INFO] [1771004694.142307831] [rtabmap]: Setting RTAB-Map parameter "RGBD/LinearUpdate"="0.05" (rosparam)
[INFO] [1771004694.142940782] [rtabmap]: Setting RTAB-Map parameter "RGBD/ProximityMaxGraphDepth"="0" (rosparam)
[INFO] [1771004694.143155253] [rtabmap]: Setting RTAB-Map parameter "RGBD/ProximityPathMaxNeighbors"="1" (rosparam)
[INFO] [1771004694.143328187] [rtabmap]: Setting RTAB-Map parameter "Reg/Strategy"="1" (rosparam)
[INFO] [1771004694.146790166] [rtabmap]: RTAB-Map detection rate = 1.000000 Hz
[INFO] [1771004694.175733654] [rtabmap]: rtabmap: Deleted database "/root/.ros/rtabmap.db" (--delete_db_on_start or -d are set).
[INFO] [1771004694.175930301] [rtabmap]: rtabmap: Using database from "/root/.ros/rtabmap.db" (0 MB).
[INFO] [1771004694.236225427] [rtabmap]: rtabmap: Database version = "0.22.1".
[INFO] [1771004694.236349943] [rtabmap]: rtabmap: SLAM mode (Mem/IncrementalMemory=true)
[INFO] [1771004694.248262397] [rtabmap]: Setup callbacks
[INFO] [1771004694.249965177] [rtabmap]: rtabmap: subscribe_depth = false
[INFO] [1771004694.250820728] [rtabmap]: rtabmap: subscribe_rgb = false
[INFO] [1771004694.250859993] [rtabmap]: rtabmap: subscribe_stereo = false
[INFO] [1771004694.250881786] [rtabmap]: rtabmap: subscribe_rgbd = false (rgbd_cameras=1)
[INFO] [1771004694.250941436] [rtabmap]: rtabmap: subscribe_sensor_data = false
[INFO] [1771004694.250967741] [rtabmap]: rtabmap: subscribe_odom_info = false
[INFO] [1771004694.250989693] [rtabmap]: rtabmap: subscribe_user_data = false
[INFO] [1771004694.251011166] [rtabmap]: rtabmap: subscribe_scan = false
[INFO] [1771004694.251032543] [rtabmap]: rtabmap: subscribe_scan_cloud = true
[INFO] [1771004694.251076449] [rtabmap]: rtabmap: subscribe_scan_descriptor = false
[INFO] [1771004694.251104642] [rtabmap]: rtabmap: topic_queue_size = 10
[INFO] [1771004694.251126402] [rtabmap]: rtabmap: sync_queue_size  = 200
[INFO] [1771004694.251147683] [rtabmap]: rtabmap: qos_image       = 0
[INFO] [1771004694.251174340] [rtabmap]: rtabmap: qos_camera_info = 0
[INFO] [1771004694.251197605] [rtabmap]: rtabmap: qos_scan        = 0
[INFO] [1771004694.251219174] [rtabmap]: rtabmap: qos_odom        = 0
[INFO] [1771004694.251241094] [rtabmap]: rtabmap: qos_user_data   = 0
[INFO] [1771004694.251261927] [rtabmap]: rtabmap: approx_sync     = true
[INFO] [1771004694.251303657] [rtabmap]: Setup scan callback
[INFO] [1771004694.253060007] [rtabmap]: 
rtabmap subscribed to (approx sync):
   /odom \
   /leo04/livox/lidar
[WARN] [1771004694.255459292] [rtabmap]: There is no image subscription, bag-of-words loop closure detection will be disabled...
[WARN] [1771004694.255554687] [rtabmap]: Setting Kp/MaxFeatures=-1 (bag-of-words disabled)
[INFO] [1771004694.464592005] [rtabmap]: rtabmap (1): Rate=1.00s, Limit=0.000s, Conversion=0.0013s, RTAB-Map=0.0696s, Maps update=0.0016s pub=0.0020s delay=0.2246s (local map=1, WM=1)
[INFO] [1771004695.482988846] [rtabmap]: rtabmap (2): Rate=1.00s, Limit=0.000s, Conversion=0.0003s, RTAB-Map=0.0749s, Maps update=0.0003s pub=0.0007s delay=0.2426s (local map=1, WM=1)
[INFO] [1771004696.478634897] [rtabmap]: rtabmap (3): Rate=1.00s, Limit=0.000s, Conversion=0.0005s, RTAB-Map=0.0772s, Maps update=0.0002s pub=0.0006s delay=0.2379s (local map=1, WM=1)
[INFO] [1771004697.577916329] [rtabmap]: rtabmap (4): Rate=1.00s, Limit=0.000s, Conversion=0.0005s, RTAB-Map=0.0792s, Maps update=0.0003s pub=0.0012s delay=0.2375s (local map=1, WM=1)
[INFO] [1771004698.569897002] [rtabmap]: rtabmap (5): Rate=1.00s, Limit=0.000s, Conversion=0.0005s, RTAB-Map=0.0723s, Maps update=0.0002s pub=0.0005s delay=0.2294s (local map=1, WM=1)
[INFO] [1771004699.446805668] [rclcpp]: signal_handler(signum=2)
