[INFO] [1773308014.125414140] [rtabmap]: rtabmap(maps): latch                      = false
[INFO] [1773308014.127371332] [rtabmap]: rtabmap(maps): map_filter_radius          = 0.000000
[INFO] [1773308014.127441479] [rtabmap]: rtabmap(maps): map_filter_angle           = 30.000000
[INFO] [1773308014.127471208] [rtabmap]: rtabmap(maps): map_cleanup                = true
[INFO] [1773308014.127490793] [rtabmap]: rtabmap(maps): map_always_update          = false
[INFO] [1773308014.127517578] [rtabmap]: rtabmap(maps): map_empty_ray_tracing      = true
[INFO] [1773308014.127538987] [rtabmap]: rtabmap(maps): cloud_output_voxelized     = true
[INFO] [1773308014.127557163] [rtabmap]: rtabmap(maps): cloud_subtract_filtering   = false
[INFO] [1773308014.127574764] [rtabmap]: rtabmap(maps): cloud_subtract_filtering_min_neighbors = 2
[INFO] [1773308014.127682384] [rtabmap]: rtabmap(maps): octomap_tree_depth         = 16
[INFO] [1773308014.151846154] [rtabmap]: rtabmap: frame_id      = leo04/base_footprint
[INFO] [1773308014.153025206] [rtabmap]: rtabmap: map_frame_id  = map
[INFO] [1773308014.153872181] [rtabmap]: rtabmap: log_to_rosout_level  = 4
[INFO] [1773308014.154520589] [rtabmap]: rtabmap: initial_pose  = 
[INFO] [1773308014.154561870] [rtabmap]: rtabmap: use_action_for_goal  = false
[INFO] [1773308014.154584751] [rtabmap]: rtabmap: tf_delay      = 0.050000
[INFO] [1773308014.154614256] [rtabmap]: rtabmap: tf_tolerance  = 0.100000
[INFO] [1773308014.154679219] [rtabmap]: rtabmap: odom_sensor_sync   = false
[INFO] [1773308014.154702324] [rtabmap]: rtabmap: pub_loc_pose_only_when_localizing = false
[INFO] [1773308014.154721396] [rtabmap]: rtabmap: wait_for_transform = 0.500000
[INFO] [1773308014.154741909] [rtabmap]: rtabmap: gen_scan  = false
[INFO] [1773308014.154760118] [rtabmap]: rtabmap: gen_depth  = false
[INFO] [1773308014.154778134] [rtabmap]: rtabmap: scan_cloud_max_points = 0
[INFO] [1773308014.154795671] [rtabmap]: rtabmap: scan_cloud_is_2d = false
[INFO] [1773308014.172847312] [rtabmap]: Setting RTAB-Map parameter "Grid/CellSize"="0.03" (rosparam)
[INFO] [1773308014.173200797] [rtabmap]: Setting RTAB-Map parameter "Grid/MaxGroundAngle"="45" (rosparam)
[INFO] [1773308014.173278080] [rtabmap]: Setting RTAB-Map parameter "Grid/MaxGroundHeight"="0.1" (rosparam)
[INFO] [1773308014.173332642] [rtabmap]: Setting RTAB-Map parameter "Grid/MaxObstacleHeight"="0.7" (rosparam)
[INFO] [1773308014.173418469] [rtabmap]: Setting RTAB-Map parameter "Grid/MinGroundHeight"="-0.1" (rosparam)
[INFO] [1773308014.173589420] [rtabmap]: Setting RTAB-Map parameter "Grid/RangeMax"="3.0" (rosparam)
[INFO] [1773308014.173646670] [rtabmap]: Setting RTAB-Map parameter "Grid/RangeMin"="0.7" (rosparam)
[INFO] [1773308014.173699504] [rtabmap]: Setting RTAB-Map parameter "Grid/RayTracing"="false" (rosparam)
[INFO] [1773308014.173808756] [rtabmap]: Setting RTAB-Map parameter "Grid/Sensor"="0" (rosparam)
[INFO] [1773308014.174211715] [rtabmap]: Setting RTAB-Map parameter "Icp/CorrespondenceRatio"="0.2" (rosparam)
[INFO] [1773308014.174383305] [rtabmap]: Setting RTAB-Map parameter "Icp/Epsilon"="0.001" (rosparam)
[INFO] [1773308014.174491245] [rtabmap]: Setting RTAB-Map parameter "Icp/Iterations"="10" (rosparam)
[INFO] [1773308014.174549871] [rtabmap]: Setting RTAB-Map parameter "Icp/MaxCorrespondenceDistance"="1" (rosparam)
[INFO] [1773308014.174641042] [rtabmap]: Setting RTAB-Map parameter "Icp/MaxTranslation"="3" (rosparam)
[INFO] [1773308014.174706229] [rtabmap]: Setting RTAB-Map parameter "Icp/OutlierRatio"="0.7" (rosparam)
[INFO] [1773308014.174875963] [rtabmap]: Setting RTAB-Map parameter "Icp/PointToPlane"="true" (rosparam)
[INFO] [1773308014.174952158] [rtabmap]: Setting RTAB-Map parameter "Icp/PointToPlaneK"="20" (rosparam)
[INFO] [1773308014.175080995] [rtabmap]: Setting RTAB-Map parameter "Icp/PointToPlaneRadius"="0" (rosparam)
[INFO] [1773308014.175166854] [rtabmap]: Setting RTAB-Map parameter "Icp/RangeMin"="0.3" (rosparam)
[INFO] [1773308014.175249289] [rtabmap]: Setting RTAB-Map parameter "Icp/Strategy"="1" (rosparam)
[INFO] [1773308014.175307819] [rtabmap]: Setting RTAB-Map parameter "Icp/VoxelSize"="0.1" (rosparam)
[INFO] [1773308014.176756224] [rtabmap]: Setting RTAB-Map parameter "Mem/LaserScanNormalK"="20" (rosparam)
[INFO] [1773308014.176847364] [rtabmap]: Setting RTAB-Map parameter "Mem/LaserScanVoxelSize"="0.03" (rosparam)
[INFO] [1773308014.176943623] [rtabmap]: Setting RTAB-Map parameter "Mem/NotLinkedNodesKept"="false" (rosparam)
[INFO] [1773308014.177141711] [rtabmap]: Setting RTAB-Map parameter "Mem/STMSize"="30" (rosparam)
[INFO] [1773308014.177859721] [rtabmap]: Setting RTAB-Map parameter "RGBD/AngularUpdate"="0.05" (rosparam)
[INFO] [1773308014.177930828] [rtabmap]: Setting RTAB-Map parameter "RGBD/CreateOccupancyGrid"="true" (rosparam)
[INFO] [1773308014.178121747] [rtabmap]: Setting RTAB-Map parameter "RGBD/LinearUpdate"="0.05" (rosparam)
[INFO] [1773308014.178753194] [rtabmap]: Setting RTAB-Map parameter "RGBD/ProximityMaxGraphDepth"="0" (rosparam)
[INFO] [1773308014.178941521] [rtabmap]: Setting RTAB-Map parameter "RGBD/ProximityPathMaxNeighbors"="1" (rosparam)
[INFO] [1773308014.179102455] [rtabmap]: Setting RTAB-Map parameter "Reg/Strategy"="1" (rosparam)
[INFO] [1773308014.182427985] [rtabmap]: RTAB-Map detection rate = 1.000000 Hz
[INFO] [1773308014.182998022] [rtabmap]: rtabmap: Deleted database "/root/.ros/rtabmap.db" (--delete_db_on_start or -d are set).
[INFO] [1773308014.183081258] [rtabmap]: rtabmap: Using database from "/root/.ros/rtabmap.db" (0 MB).
[INFO] [1773308014.274619863] [rtabmap]: rtabmap: Database version = "0.22.1".
[INFO] [1773308014.274720987] [rtabmap]: rtabmap: SLAM mode (Mem/IncrementalMemory=true)
[INFO] [1773308014.307562421] [rtabmap]: Setup callbacks
[INFO] [1773308014.308410196] [rtabmap]: rtabmap: subscribe_depth = false
[INFO] [1773308014.308492119] [rtabmap]: rtabmap: subscribe_rgb = false
[INFO] [1773308014.308513016] [rtabmap]: rtabmap: subscribe_stereo = false
[INFO] [1773308014.308530233] [rtabmap]: rtabmap: subscribe_rgbd = false (rgbd_cameras=1)
[INFO] [1773308014.308613692] [rtabmap]: rtabmap: subscribe_sensor_data = false
[INFO] [1773308014.308639293] [rtabmap]: rtabmap: subscribe_odom_info = false
[INFO] [1773308014.308658717] [rtabmap]: rtabmap: subscribe_user_data = false
[INFO] [1773308014.308677054] [rtabmap]: rtabmap: subscribe_scan = false
[INFO] [1773308014.308695423] [rtabmap]: rtabmap: subscribe_scan_cloud = true
[INFO] [1773308014.308712543] [rtabmap]: rtabmap: subscribe_scan_descriptor = false
[INFO] [1773308014.308730016] [rtabmap]: rtabmap: topic_queue_size = 10
[INFO] [1773308014.308748193] [rtabmap]: rtabmap: sync_queue_size  = 200
[INFO] [1773308014.308765729] [rtabmap]: rtabmap: qos_image       = 0
[INFO] [1773308014.308783362] [rtabmap]: rtabmap: qos_camera_info = 0
[INFO] [1773308014.308801251] [rtabmap]: rtabmap: qos_scan        = 0
[INFO] [1773308014.308819075] [rtabmap]: rtabmap: qos_odom        = 0
[INFO] [1773308014.308836868] [rtabmap]: rtabmap: qos_user_data   = 0
[INFO] [1773308014.308854277] [rtabmap]: rtabmap: approx_sync     = true
[INFO] [1773308014.308895686] [rtabmap]: Setup scan callback
[INFO] [1773308014.311944374] [rtabmap]: 
rtabmap subscribed to (approx sync):
   /odom \
   /leo04/livox/lidar
[WARN] [1773308014.333538162] [rtabmap]: There is no image subscription, bag-of-words loop closure detection will be disabled...
[WARN] [1773308014.333667351] [rtabmap]: Setting Kp/MaxFeatures=-1 (bag-of-words disabled)
[INFO] [1773308014.426382896] [rtabmap]: rtabmap (0): Rate=1.00s, Limit=0.000s, Conversion=0.0004s, RTAB-Map=0.0002s, Maps update=0.0000s pub=0.0000s delay=0.0105s (local map=0, WM=0)
[INFO] [1773308015.092772670] [rclcpp]: signal_handler(signum=2)
