[INFO] [1771004714.163442262] [rtabmap]: rtabmap(maps): latch                      = false
[INFO] [1771004714.165474206] [rtabmap]: rtabmap(maps): map_filter_radius          = 0.000000
[INFO] [1771004714.165512831] [rtabmap]: rtabmap(maps): map_filter_angle           = 30.000000
[INFO] [1771004714.165536608] [rtabmap]: rtabmap(maps): map_cleanup                = true
[INFO] [1771004714.165553536] [rtabmap]: rtabmap(maps): map_always_update          = false
[INFO] [1771004714.165578753] [rtabmap]: rtabmap(maps): map_empty_ray_tracing      = true
[INFO] [1771004714.165596194] [rtabmap]: rtabmap(maps): cloud_output_voxelized     = true
[INFO] [1771004714.165612162] [rtabmap]: rtabmap(maps): cloud_subtract_filtering   = false
[INFO] [1771004714.165627651] [rtabmap]: rtabmap(maps): cloud_subtract_filtering_min_neighbors = 2
[INFO] [1771004714.165762600] [rtabmap]: rtabmap(maps): octomap_tree_depth         = 16
[INFO] [1771004714.182260432] [rtabmap]: rtabmap: frame_id      = leo04/base_footprint
[INFO] [1771004714.182359027] [rtabmap]: rtabmap: map_frame_id  = map
[INFO] [1771004714.182382132] [rtabmap]: rtabmap: log_to_rosout_level  = 4
[INFO] [1771004714.182398709] [rtabmap]: rtabmap: initial_pose  = 
[INFO] [1771004714.182425525] [rtabmap]: rtabmap: use_action_for_goal  = false
[INFO] [1771004714.182442518] [rtabmap]: rtabmap: tf_delay      = 0.050000
[INFO] [1771004714.182470359] [rtabmap]: rtabmap: tf_tolerance  = 0.100000
[INFO] [1771004714.182499768] [rtabmap]: rtabmap: odom_sensor_sync   = false
[INFO] [1771004714.182518617] [rtabmap]: rtabmap: pub_loc_pose_only_when_localizing = false
[INFO] [1771004714.182535449] [rtabmap]: rtabmap: wait_for_transform = 0.500000
[INFO] [1771004714.182555098] [rtabmap]: rtabmap: gen_scan  = false
[INFO] [1771004714.182571707] [rtabmap]: rtabmap: gen_depth  = false
[INFO] [1771004714.182588219] [rtabmap]: rtabmap: scan_cloud_max_points = 0
[INFO] [1771004714.182605020] [rtabmap]: rtabmap: scan_cloud_is_2d = false
[INFO] [1771004714.195700299] [rtabmap]: Setting RTAB-Map parameter "Grid/CellSize"="0.03" (rosparam)
[INFO] [1771004714.196064984] [rtabmap]: Setting RTAB-Map parameter "Grid/MaxGroundAngle"="45" (rosparam)
[INFO] [1771004714.196137627] [rtabmap]: Setting RTAB-Map parameter "Grid/MaxGroundHeight"="0.1" (rosparam)
[INFO] [1771004714.196201149] [rtabmap]: Setting RTAB-Map parameter "Grid/MaxObstacleHeight"="0.7" (rosparam)
[INFO] [1771004714.196290592] [rtabmap]: Setting RTAB-Map parameter "Grid/MinGroundHeight"="-0.1" (rosparam)
[INFO] [1771004714.196468422] [rtabmap]: Setting RTAB-Map parameter "Grid/RangeMax"="5.0" (rosparam)
[INFO] [1771004714.199158790] [rtabmap]: Setting RTAB-Map parameter "Grid/RangeMin"="0.5" (rosparam)
[INFO] [1771004714.199298539] [rtabmap]: Setting RTAB-Map parameter "Grid/RayTracing"="false" (rosparam)
[INFO] [1771004714.199415599] [rtabmap]: Setting RTAB-Map parameter "Grid/Sensor"="0" (rosparam)
[INFO] [1771004714.199809981] [rtabmap]: Setting RTAB-Map parameter "Icp/CorrespondenceRatio"="0.2" (rosparam)
[INFO] [1771004714.199926305] [rtabmap]: Setting RTAB-Map parameter "Icp/Epsilon"="0.001" (rosparam)
[INFO] [1771004714.200031685] [rtabmap]: Setting RTAB-Map parameter "Icp/Iterations"="10" (rosparam)
[INFO] [1771004714.200088679] [rtabmap]: Setting RTAB-Map parameter "Icp/MaxCorrespondenceDistance"="1" (rosparam)
[INFO] [1771004714.200179690] [rtabmap]: Setting RTAB-Map parameter "Icp/MaxTranslation"="3" (rosparam)
[INFO] [1771004714.200236652] [rtabmap]: Setting RTAB-Map parameter "Icp/OutlierRatio"="0.7" (rosparam)
[INFO] [1771004714.200391889] [rtabmap]: Setting RTAB-Map parameter "Icp/PointToPlane"="true" (rosparam)
[INFO] [1771004714.200475540] [rtabmap]: Setting RTAB-Map parameter "Icp/PointToPlaneK"="20" (rosparam)
[INFO] [1771004714.200571736] [rtabmap]: Setting RTAB-Map parameter "Icp/PointToPlaneRadius"="0" (rosparam)
[INFO] [1771004714.200650362] [rtabmap]: Setting RTAB-Map parameter "Icp/RangeMin"="0.3" (rosparam)
[INFO] [1771004714.200718493] [rtabmap]: Setting RTAB-Map parameter "Icp/Strategy"="1" (rosparam)
[INFO] [1771004714.200773823] [rtabmap]: Setting RTAB-Map parameter "Icp/VoxelSize"="0.1" (rosparam)
[INFO] [1771004714.202354711] [rtabmap]: Setting RTAB-Map parameter "Mem/LaserScanNormalK"="20" (rosparam)
[INFO] [1771004714.202450522] [rtabmap]: Setting RTAB-Map parameter "Mem/LaserScanVoxelSize"="0.03" (rosparam)
[INFO] [1771004714.202565598] [rtabmap]: Setting RTAB-Map parameter "Mem/NotLinkedNodesKept"="false" (rosparam)
[INFO] [1771004714.202781574] [rtabmap]: Setting RTAB-Map parameter "Mem/STMSize"="30" (rosparam)
[INFO] [1771004714.203503743] [rtabmap]: Setting RTAB-Map parameter "RGBD/AngularUpdate"="0.05" (rosparam)
[INFO] [1771004714.203563362] [rtabmap]: Setting RTAB-Map parameter "RGBD/CreateOccupancyGrid"="true" (rosparam)
[INFO] [1771004714.203750216] [rtabmap]: Setting RTAB-Map parameter "RGBD/LinearUpdate"="0.05" (rosparam)
[INFO] [1771004714.204349181] [rtabmap]: Setting RTAB-Map parameter "RGBD/ProximityMaxGraphDepth"="0" (rosparam)
[INFO] [1771004714.204512323] [rtabmap]: Setting RTAB-Map parameter "RGBD/ProximityPathMaxNeighbors"="1" (rosparam)
[INFO] [1771004714.204687849] [rtabmap]: Setting RTAB-Map parameter "Reg/Strategy"="1" (rosparam)
[INFO] [1771004714.214057365] [rtabmap]: RTAB-Map detection rate = 1.000000 Hz
[INFO] [1771004714.214570599] [rtabmap]: rtabmap: Deleted database "/root/.ros/rtabmap.db" (--delete_db_on_start or -d are set).
[INFO] [1771004714.214638602] [rtabmap]: rtabmap: Using database from "/root/.ros/rtabmap.db" (0 MB).
[INFO] [1771004714.283331497] [rtabmap]: rtabmap: Database version = "0.22.1".
[INFO] [1771004714.283473582] [rtabmap]: rtabmap: SLAM mode (Mem/IncrementalMemory=true)
[INFO] [1771004714.295831587] [rtabmap]: Setup callbacks
[INFO] [1771004714.297624546] [rtabmap]: rtabmap: subscribe_depth = false
[INFO] [1771004714.299129464] [rtabmap]: rtabmap: subscribe_rgb = false
[INFO] [1771004714.299168985] [rtabmap]: rtabmap: subscribe_stereo = false
[INFO] [1771004714.299195162] [rtabmap]: rtabmap: subscribe_rgbd = false (rgbd_cameras=1)
[INFO] [1771004714.299247484] [rtabmap]: rtabmap: subscribe_sensor_data = false
[INFO] [1771004714.299274813] [rtabmap]: rtabmap: subscribe_odom_info = false
[INFO] [1771004714.299298910] [rtabmap]: rtabmap: subscribe_user_data = false
[INFO] [1771004714.299322622] [rtabmap]: rtabmap: subscribe_scan = false
[INFO] [1771004714.299346815] [rtabmap]: rtabmap: subscribe_scan_cloud = true
[INFO] [1771004714.299370176] [rtabmap]: rtabmap: subscribe_scan_descriptor = false
[INFO] [1771004714.299391297] [rtabmap]: rtabmap: topic_queue_size = 10
[INFO] [1771004714.299411778] [rtabmap]: rtabmap: sync_queue_size  = 200
[INFO] [1771004714.299433218] [rtabmap]: rtabmap: qos_image       = 0
[INFO] [1771004714.299454979] [rtabmap]: rtabmap: qos_camera_info = 0
[INFO] [1771004714.299476420] [rtabmap]: rtabmap: qos_scan        = 0
[INFO] [1771004714.299497861] [rtabmap]: rtabmap: qos_odom        = 0
[INFO] [1771004714.299518981] [rtabmap]: rtabmap: qos_user_data   = 0
[INFO] [1771004714.299540006] [rtabmap]: rtabmap: approx_sync     = true
[INFO] [1771004714.299584552] [rtabmap]: Setup scan callback
[INFO] [1771004714.302042303] [rtabmap]: 
rtabmap subscribed to (approx sync):
   /odom \
   /leo04/livox/lidar
[WARN] [1771004714.304745726] [rtabmap]: There is no image subscription, bag-of-words loop closure detection will be disabled...
[WARN] [1771004714.304854818] [rtabmap]: Setting Kp/MaxFeatures=-1 (bag-of-words disabled)
[INFO] [1771004714.479418692] [rtabmap]: rtabmap (1): Rate=1.00s, Limit=0.000s, Conversion=0.0007s, RTAB-Map=0.0794s, Maps update=0.0016s pub=0.0020s delay=0.2386s (local map=1, WM=1)
[INFO] [1771004715.586437389] [rtabmap]: rtabmap (2): Rate=1.00s, Limit=0.000s, Conversion=0.0004s, RTAB-Map=0.0783s, Maps update=0.0002s pub=0.0006s delay=0.2462s (local map=1, WM=1)
[INFO] [1771004716.580344211] [rtabmap]: rtabmap (3): Rate=1.00s, Limit=0.000s, Conversion=0.0004s, RTAB-Map=0.0750s, Maps update=0.0002s pub=0.0006s delay=0.2401s (local map=1, WM=1)
[INFO] [1771004717.671088764] [rtabmap]: rtabmap (4): Rate=1.00s, Limit=0.000s, Conversion=0.0005s, RTAB-Map=0.0732s, Maps update=0.0003s pub=0.0006s delay=0.2306s (local map=1, WM=1)
[INFO] [1771004718.787427503] [rtabmap]: rtabmap (5): Rate=1.00s, Limit=0.000s, Conversion=0.0005s, RTAB-Map=0.0889s, Maps update=0.0002s pub=0.0005s delay=0.2471s (local map=1, WM=1)
[INFO] [1771004719.880917946] [rtabmap]: rtabmap (6): Rate=1.00s, Limit=0.000s, Conversion=0.0005s, RTAB-Map=0.0739s, Maps update=0.0002s pub=0.0005s delay=0.2406s (local map=1, WM=1)
[INFO] [1771004720.874780350] [rtabmap]: rtabmap (7): Rate=1.00s, Limit=0.000s, Conversion=0.0005s, RTAB-Map=0.0710s, Maps update=0.0002s pub=0.0011s delay=0.2344s (local map=1, WM=1)
[INFO] [1771004721.886192368] [rtabmap]: rtabmap (8): Rate=1.00s, Limit=0.000s, Conversion=0.0003s, RTAB-Map=0.0792s, Maps update=0.0002s pub=0.0005s delay=0.2457s (local map=1, WM=1)
[INFO] [1771004722.977395945] [rtabmap]: rtabmap (9): Rate=1.00s, Limit=0.000s, Conversion=0.0003s, RTAB-Map=0.0702s, Maps update=0.0002s pub=0.0006s delay=0.2371s (local map=1, WM=1)
[INFO] [1771004723.984928945] [rtabmap]: rtabmap (10): Rate=1.00s, Limit=0.000s, Conversion=0.0003s, RTAB-Map=0.0750s, Maps update=0.0015s pub=0.0018s delay=0.2445s (local map=2, WM=2)
[INFO] [1771004724.989588532] [rtabmap]: rtabmap (11): Rate=1.00s, Limit=0.000s, Conversion=0.0003s, RTAB-Map=0.0842s, Maps update=0.0018s pub=0.0023s delay=0.2491s (local map=3, WM=3)
[INFO] [1771004726.076869987] [rtabmap]: rtabmap (12): Rate=1.00s, Limit=0.000s, Conversion=0.0003s, RTAB-Map=0.0703s, Maps update=0.0015s pub=0.0032s delay=0.2365s (local map=4, WM=4)
[INFO] [1771004727.092893943] [rtabmap]: rtabmap (13): Rate=1.00s, Limit=0.000s, Conversion=0.0003s, RTAB-Map=0.0878s, Maps update=0.0017s pub=0.0032s delay=0.2525s (local map=5, WM=5)
[INFO] [1771004728.174956397] [rtabmap]: rtabmap (14): Rate=1.00s, Limit=0.000s, Conversion=0.0005s, RTAB-Map=0.0701s, Maps update=0.0019s pub=0.0038s delay=0.2345s (local map=6, WM=6)
[INFO] [1771004729.202658847] [rtabmap]: rtabmap (15): Rate=1.00s, Limit=0.000s, Conversion=0.0003s, RTAB-Map=0.0887s, Maps update=0.0018s pub=0.0047s delay=0.2622s (local map=7, WM=7)
[INFO] [1771004730.292764146] [rtabmap]: rtabmap (16): Rate=1.00s, Limit=0.000s, Conversion=0.0006s, RTAB-Map=0.0776s, Maps update=0.0029s pub=0.0044s delay=0.2524s (local map=8, WM=8)
[INFO] [1771004731.383242194] [rtabmap]: rtabmap (17): Rate=1.00s, Limit=0.000s, Conversion=0.0008s, RTAB-Map=0.0786s, Maps update=0.0003s pub=0.0046s delay=0.2430s (local map=9, WM=9)
[INFO] [1771004732.382873122] [rtabmap]: rtabmap (18): Rate=1.00s, Limit=0.000s, Conversion=0.0005s, RTAB-Map=0.0695s, Maps update=0.0016s pub=0.0061s delay=0.2425s (local map=10, WM=10)
[INFO] [1771004733.487096520] [rtabmap]: rtabmap (19): Rate=1.00s, Limit=0.000s, Conversion=0.0003s, RTAB-Map=0.0757s, Maps update=0.0020s pub=0.0061s delay=0.2466s (local map=11, WM=11)
[INFO] [1771004734.595641416] [rtabmap]: rtabmap (20): Rate=1.00s, Limit=0.000s, Conversion=0.0005s, RTAB-Map=0.0759s, Maps update=0.0015s pub=0.0057s delay=0.2553s (local map=12, WM=12)
[INFO] [1771004735.695456754] [rtabmap]: rtabmap (21): Rate=1.00s, Limit=0.000s, Conversion=0.0003s, RTAB-Map=0.0786s, Maps update=0.0016s pub=0.0065s delay=0.2551s (local map=13, WM=13)
[INFO] [1771004736.788009051] [rtabmap]: rtabmap (22): Rate=1.00s, Limit=0.000s, Conversion=0.0003s, RTAB-Map=0.0731s, Maps update=0.0016s pub=0.0066s delay=0.2475s (local map=14, WM=14)
[INFO] [1771004737.894991779] [rtabmap]: rtabmap (23): Rate=1.00s, Limit=0.000s, Conversion=0.0004s, RTAB-Map=0.0791s, Maps update=0.0018s pub=0.0066s delay=0.2546s (local map=15, WM=15)
[INFO] [1771004738.892510089] [rtabmap]: rtabmap (24): Rate=1.00s, Limit=0.000s, Conversion=0.0003s, RTAB-Map=0.0739s, Maps update=0.0017s pub=0.0069s delay=0.2520s (local map=16, WM=16)
[INFO] [1771004740.006576171] [rtabmap]: rtabmap (25): Rate=1.00s, Limit=0.000s, Conversion=0.0005s, RTAB-Map=0.0888s, Maps update=0.0022s pub=0.0074s delay=0.2662s (local map=17, WM=17)
[INFO] [1771004740.992508151] [rtabmap]: rtabmap (26): Rate=1.00s, Limit=0.000s, Conversion=0.0004s, RTAB-Map=0.0728s, Maps update=0.0014s pub=0.0071s delay=0.2520s (local map=18, WM=18)
[INFO] [1771004742.086318317] [rtabmap]: rtabmap (27): Rate=1.00s, Limit=0.000s, Conversion=0.0005s, RTAB-Map=0.0725s, Maps update=0.0016s pub=0.0073s delay=0.2458s (local map=19, WM=19)
[INFO] [1771004743.174631520] [rtabmap]: rtabmap (28): Rate=1.00s, Limit=0.000s, Conversion=0.0005s, RTAB-Map=0.0655s, Maps update=0.0003s pub=0.0069s delay=0.2341s (local map=20, WM=20)
[INFO] [1771004744.197848627] [rtabmap]: rtabmap (29): Rate=1.00s, Limit=0.000s, Conversion=0.0005s, RTAB-Map=0.0728s, Maps update=0.0015s pub=0.0069s delay=0.2573s (local map=21, WM=21)
[INFO] [1771004745.196962801] [rtabmap]: rtabmap (30): Rate=1.00s, Limit=0.000s, Conversion=0.0009s, RTAB-Map=0.0795s, Maps update=0.0016s pub=0.0085s delay=0.2564s (local map=22, WM=22)
[INFO] [1771004746.283850546] [rtabmap]: rtabmap (31): Rate=1.00s, Limit=0.000s, Conversion=0.0005s, RTAB-Map=0.0693s, Maps update=0.0022s pub=0.0072s delay=0.2433s (local map=23, WM=23)
[INFO] [1771004747.391369965] [rtabmap]: rtabmap (32): Rate=1.00s, Limit=0.000s, Conversion=0.0004s, RTAB-Map=0.0685s, Maps update=0.0014s pub=0.0089s delay=0.2508s (local map=24, WM=24)
[INFO] [1771004748.484595726] [rtabmap]: rtabmap (33): Rate=1.00s, Limit=0.000s, Conversion=0.0005s, RTAB-Map=0.0686s, Maps update=0.0003s pub=0.0075s delay=0.2441s (local map=25, WM=25)
[INFO] [1771004749.587784271] [rtabmap]: rtabmap (34): Rate=1.00s, Limit=0.000s, Conversion=0.0003s, RTAB-Map=0.0625s, Maps update=0.0021s pub=0.0098s delay=0.2473s (local map=26, WM=26)
[INFO] [1771004750.693066459] [rtabmap]: rtabmap (35): Rate=1.00s, Limit=0.000s, Conversion=0.0005s, RTAB-Map=0.0687s, Maps update=0.0014s pub=0.0086s delay=0.2525s (local map=27, WM=27)
[INFO] [1771004751.785166292] [rtabmap]: rtabmap (36): Rate=1.00s, Limit=0.000s, Conversion=0.0005s, RTAB-Map=0.0600s, Maps update=0.0016s pub=0.0079s delay=0.2447s (local map=28, WM=28)
[INFO] [1771004752.790133154] [rtabmap]: rtabmap (37): Rate=1.00s, Limit=0.000s, Conversion=0.0005s, RTAB-Map=0.0636s, Maps update=0.0024s pub=0.0094s delay=0.2495s (local map=29, WM=29)
[INFO] [1771004753.797835024] [rtabmap]: rtabmap (38): Rate=1.00s, Limit=0.000s, Conversion=0.0003s, RTAB-Map=0.0725s, Maps update=0.0015s pub=0.0090s delay=0.2572s (local map=30, WM=30)
[INFO] [1771004754.960823926] [rtabmap]: rtabmap (39): Rate=1.00s, Limit=0.000s, Conversion=0.0003s, RTAB-Map=0.1345s, Maps update=0.0049s pub=0.0091s delay=0.3202s (local map=31, WM=31)
[INFO] [1771004756.051668162] [rtabmap]: rtabmap (40): Rate=1.00s, Limit=0.000s, Conversion=0.0005s, RTAB-Map=0.1263s, Maps update=0.0016s pub=0.0111s delay=0.3111s (local map=32, WM=32)
[INFO] [1771004757.041620253] [rtabmap]: rtabmap (41): Rate=1.00s, Limit=0.000s, Conversion=0.0003s, RTAB-Map=0.1219s, Maps update=0.0018s pub=0.0097s delay=0.3010s (local map=33, WM=33)
[INFO] [1771004758.056307529] [rtabmap]: rtabmap (42): Rate=1.00s, Limit=0.000s, Conversion=0.0007s, RTAB-Map=0.1318s, Maps update=0.0026s pub=0.0099s delay=0.3156s (local map=34, WM=34)
[INFO] [1771004759.153176457] [rtabmap]: rtabmap (43): Rate=1.00s, Limit=0.000s, Conversion=0.0003s, RTAB-Map=0.1264s, Maps update=0.0019s pub=0.0153s delay=0.3126s (local map=35, WM=35)
[INFO] [1771004760.283563712] [rtabmap]: rtabmap (44): Rate=1.00s, Limit=0.000s, Conversion=0.0003s, RTAB-Map=0.1532s, Maps update=0.0018s pub=0.0160s delay=0.3430s (local map=36, WM=36)
[INFO] [1771004761.277072251] [rtabmap]: rtabmap (45): Rate=1.00s, Limit=0.000s, Conversion=0.0003s, RTAB-Map=0.1440s, Maps update=0.0021s pub=0.0127s delay=0.3365s (local map=37, WM=37)
[INFO] [1771004762.267580300] [rtabmap]: rtabmap (46): Rate=1.00s, Limit=0.000s, Conversion=0.0003s, RTAB-Map=0.1443s, Maps update=0.0017s pub=0.0126s delay=0.3270s (local map=38, WM=38)
[INFO] [1771004763.262294417] [rtabmap]: rtabmap (47): Rate=1.00s, Limit=0.000s, Conversion=0.0004s, RTAB-Map=0.1381s, Maps update=0.0019s pub=0.0138s delay=0.3217s (local map=39, WM=39)
[INFO] [1771004764.367950757] [rtabmap]: rtabmap (48): Rate=1.00s, Limit=0.000s, Conversion=0.0003s, RTAB-Map=0.1418s, Maps update=0.0029s pub=0.0169s delay=0.3273s (local map=40, WM=40)
[INFO] [1771004765.368062855] [rtabmap]: rtabmap (49): Rate=1.00s, Limit=0.000s, Conversion=0.0004s, RTAB-Map=0.1386s, Maps update=0.0044s pub=0.0123s delay=0.3274s (local map=41, WM=41)
[INFO] [1771004766.467393182] [rtabmap]: rtabmap (50): Rate=1.00s, Limit=0.000s, Conversion=0.0003s, RTAB-Map=0.1414s, Maps update=0.0039s pub=0.0142s delay=0.3261s (local map=42, WM=42)
[INFO] [1771004767.572172147] [rtabmap]: rtabmap (51): Rate=1.00s, Limit=0.000s, Conversion=0.0003s, RTAB-Map=0.1407s, Maps update=0.0027s pub=0.0139s delay=0.3315s (local map=43, WM=43)
[INFO] [1771004768.571638046] [rtabmap]: rtabmap (52): Rate=1.00s, Limit=0.000s, Conversion=0.0005s, RTAB-Map=0.1362s, Maps update=0.0020s pub=0.0151s delay=0.3309s (local map=44, WM=44)
[INFO] [1771004769.673277318] [rtabmap]: rtabmap (53): Rate=1.00s, Limit=0.000s, Conversion=0.0004s, RTAB-Map=0.1423s, Maps update=0.0005s pub=0.0147s delay=0.3327s (local map=45, WM=45)
[INFO] [1771004770.671854834] [rtabmap]: rtabmap (54): Rate=1.00s, Limit=0.000s, Conversion=0.0005s, RTAB-Map=0.1355s, Maps update=0.0020s pub=0.0151s delay=0.3312s (local map=46, WM=46)
[INFO] [1771004771.770059009] [rtabmap]: rtabmap (55): Rate=1.00s, Limit=0.000s, Conversion=0.0004s, RTAB-Map=0.1356s, Maps update=0.0020s pub=0.0151s delay=0.3294s (local map=47, WM=47)
[INFO] [1771004772.756794958] [rtabmap]: rtabmap (56): Rate=1.00s, Limit=0.000s, Conversion=0.0006s, RTAB-Map=0.1344s, Maps update=0.0019s pub=0.0139s delay=0.3160s (local map=48, WM=48)
[INFO] [1771004773.852802864] [rtabmap]: rtabmap (57): Rate=1.00s, Limit=0.000s, Conversion=0.0005s, RTAB-Map=0.1296s, Maps update=0.0018s pub=0.0175s delay=0.3119s (local map=49, WM=49)
[INFO] [1771004774.972209638] [rtabmap]: rtabmap (58): Rate=1.00s, Limit=0.000s, Conversion=0.0005s, RTAB-Map=0.1307s, Maps update=0.0019s pub=0.0144s delay=0.3315s (local map=50, WM=50)
[INFO] [1771004776.054085049] [rtabmap]: rtabmap (59): Rate=1.00s, Limit=0.000s, Conversion=0.0005s, RTAB-Map=0.1250s, Maps update=0.0017s pub=0.0171s delay=0.3133s (local map=51, WM=51)
[INFO] [1771004777.058607030] [rtabmap]: rtabmap (60): Rate=1.00s, Limit=0.000s, Conversion=0.0005s, RTAB-Map=0.1290s, Maps update=0.0022s pub=0.0163s delay=0.3178s (local map=52, WM=52)
[INFO] [1771004778.160722190] [rtabmap]: rtabmap (61): Rate=1.00s, Limit=0.000s, Conversion=0.0003s, RTAB-Map=0.1280s, Maps update=0.0026s pub=0.0149s delay=0.3199s (local map=53, WM=53)
[INFO] [1771004779.254204791] [rtabmap]: rtabmap (62): Rate=1.00s, Limit=0.000s, Conversion=0.0005s, RTAB-Map=0.1271s, Maps update=0.0017s pub=0.0181s delay=0.3134s (local map=54, WM=54)
[INFO] [1771004780.359419932] [rtabmap]: rtabmap (63): Rate=1.00s, Limit=0.000s, Conversion=0.0003s, RTAB-Map=0.1290s, Maps update=0.0016s pub=0.0173s delay=0.3185s (local map=55, WM=55)
[INFO] [1771004781.352685006] [rtabmap]: rtabmap (64): Rate=1.00s, Limit=0.000s, Conversion=0.0005s, RTAB-Map=0.1224s, Maps update=0.0019s pub=0.0156s delay=0.3116s (local map=56, WM=56)
[INFO] [1771004782.439834297] [rtabmap]: rtabmap (65): Rate=1.00s, Limit=0.000s, Conversion=0.0004s, RTAB-Map=0.1257s, Maps update=0.0024s pub=0.0166s delay=0.2991s (local map=57, WM=57)
[INFO] [1771004783.452135687] [rtabmap]: rtabmap (66): Rate=1.00s, Limit=0.000s, Conversion=0.0006s, RTAB-Map=0.1198s, Maps update=0.0017s pub=0.0187s delay=0.3112s (local map=58, WM=58)
[INFO] [1771004784.568001824] [rtabmap]: rtabmap (67): Rate=1.00s, Limit=0.000s, Conversion=0.0005s, RTAB-Map=0.1340s, Maps update=0.0021s pub=0.0219s delay=0.3273s (local map=59, WM=59)
[INFO] [1771004785.556833975] [rtabmap]: rtabmap (68): Rate=1.00s, Limit=0.000s, Conversion=0.0003s, RTAB-Map=0.1256s, Maps update=0.0019s pub=0.0201s delay=0.3161s (local map=60, WM=60)
[INFO] [1771004786.547532815] [rtabmap]: rtabmap (69): Rate=1.00s, Limit=0.000s, Conversion=0.0003s, RTAB-Map=0.1248s, Maps update=0.0019s pub=0.0190s delay=0.3067s (local map=61, WM=61)
[INFO] [1771004787.661834674] [rtabmap]: rtabmap (70): Rate=1.00s, Limit=0.000s, Conversion=0.0004s, RTAB-Map=0.1328s, Maps update=0.0028s pub=0.0220s delay=0.3209s (local map=62, WM=62)
[INFO] [1771004788.637375703] [rtabmap]: rtabmap (71): Rate=1.00s, Limit=0.000s, Conversion=0.0003s, RTAB-Map=0.1137s, Maps update=0.0017s pub=0.0174s delay=0.2964s (local map=63, WM=63)
[INFO] [1771004789.733608193] [rtabmap]: rtabmap (72): Rate=1.00s, Limit=0.000s, Conversion=0.0006s, RTAB-Map=0.1130s, Maps update=0.0024s pub=0.0184s delay=0.2928s (local map=64, WM=64)
[INFO] [1771004790.727577324] [rtabmap]: rtabmap (73): Rate=1.00s, Limit=0.000s, Conversion=0.0003s, RTAB-Map=0.1119s, Maps update=0.0017s pub=0.0155s delay=0.2867s (local map=65, WM=65)
[INFO] [1771004791.740689302] [rtabmap]: rtabmap (74): Rate=1.00s, Limit=0.000s, Conversion=0.0005s, RTAB-Map=0.1149s, Maps update=0.0018s pub=0.0192s delay=0.2998s (local map=66, WM=66)
[INFO] [1771004792.826735291] [rtabmap]: rtabmap (75): Rate=1.00s, Limit=0.000s, Conversion=0.0005s, RTAB-Map=0.1048s, Maps update=0.0017s pub=0.0187s delay=0.2857s (local map=67, WM=67)
[INFO] [1771004793.926733609] [rtabmap]: rtabmap (76): Rate=1.00s, Limit=0.000s, Conversion=0.0003s, RTAB-Map=0.1102s, Maps update=0.0019s pub=0.0188s delay=0.2858s (local map=68, WM=68)
[INFO] [1771004794.914013001] [rtabmap]: rtabmap (77): Rate=1.00s, Limit=0.000s, Conversion=0.0005s, RTAB-Map=0.0945s, Maps update=0.0016s pub=0.0204s delay=0.2731s (local map=69, WM=69)
[INFO] [1771004795.909562763] [rtabmap]: rtabmap (78): Rate=1.00s, Limit=0.000s, Conversion=0.0004s, RTAB-Map=0.0866s, Maps update=0.0023s pub=0.0193s delay=0.2686s (local map=70, WM=70)
[INFO] [1771004796.923443856] [rtabmap]: rtabmap (79): Rate=1.00s, Limit=0.000s, Conversion=0.0004s, RTAB-Map=0.0974s, Maps update=0.0019s pub=0.0197s delay=0.2825s (local map=71, WM=71)
[INFO] [1771004797.905112395] [rtabmap]: rtabmap (80): Rate=1.00s, Limit=0.000s, Conversion=0.0005s, RTAB-Map=0.0946s, Maps update=0.0007s pub=0.0073s delay=0.2641s (local map=71, WM=71)
[INFO] [1771004799.029207941] [rtabmap]: rtabmap (81): Rate=1.00s, Limit=0.000s, Conversion=0.0005s, RTAB-Map=0.1014s, Maps update=0.0014s pub=0.0182s delay=0.2882s (local map=72, WM=72)
[INFO] [1771004800.150787624] [rtabmap]: rtabmap (82): Rate=1.00s, Limit=0.000s, Conversion=0.0003s, RTAB-Map=0.1169s, Maps update=0.0020s pub=0.0189s delay=0.3098s (local map=73, WM=73)
[INFO] [1771004801.239474889] [rtabmap]: rtabmap (83): Rate=1.00s, Limit=0.000s, Conversion=0.0006s, RTAB-Map=0.1115s, Maps update=0.0016s pub=0.0184s delay=0.2986s (local map=74, WM=74)
[INFO] [1771004802.236337657] [rtabmap]: rtabmap (84): Rate=1.00s, Limit=0.000s, Conversion=0.0005s, RTAB-Map=0.1105s, Maps update=0.0015s pub=0.0179s delay=0.2953s (local map=75, WM=75)
[INFO] [1771004803.357559951] [rtabmap]: rtabmap (85): Rate=1.00s, Limit=0.000s, Conversion=0.0004s, RTAB-Map=0.1123s, Maps update=0.0025s pub=0.0232s delay=0.3166s (local map=76, WM=76)
[INFO] [1771004804.361959975] [rtabmap]: rtabmap (86): Rate=1.00s, Limit=0.000s, Conversion=0.0003s, RTAB-Map=0.1139s, Maps update=0.0018s pub=0.0206s delay=0.3209s (local map=77, WM=77)
[INFO] [1771004805.456751422] [rtabmap]: rtabmap (87): Rate=1.00s, Limit=0.000s, Conversion=0.0005s, RTAB-Map=0.1166s, Maps update=0.0018s pub=0.0233s delay=0.3158s (local map=78, WM=78)
[INFO] [1771004806.453741843] [rtabmap]: rtabmap (88): Rate=1.00s, Limit=0.000s, Conversion=0.0006s, RTAB-Map=0.1093s, Maps update=0.0017s pub=0.0219s delay=0.3127s (local map=79, WM=79)
[INFO] [1771004807.456069347] [rtabmap]: rtabmap (89): Rate=1.00s, Limit=0.000s, Conversion=0.0003s, RTAB-Map=0.1221s, Maps update=0.0018s pub=0.0205s delay=0.3150s (local map=80, WM=80)
[INFO] [1771004808.543980969] [rtabmap]: rtabmap (90): Rate=1.00s, Limit=0.000s, Conversion=0.0004s, RTAB-Map=0.1094s, Maps update=0.0016s pub=0.0195s delay=0.3029s (local map=81, WM=81)
[INFO] [1771004809.640369880] [rtabmap]: rtabmap (91): Rate=1.00s, Limit=0.000s, Conversion=0.0005s, RTAB-Map=0.1038s, Maps update=0.0017s pub=0.0183s delay=0.2993s (local map=82, WM=82)
[INFO] [1771004810.642479840] [rtabmap]: rtabmap (92): Rate=1.00s, Limit=0.000s, Conversion=0.0005s, RTAB-Map=0.1118s, Maps update=0.0019s pub=0.0208s delay=0.3013s (local map=83, WM=83)
[INFO] [1771004811.742100385] [rtabmap]: rtabmap (93): Rate=1.00s, Limit=0.000s, Conversion=0.0004s, RTAB-Map=0.1063s, Maps update=0.0019s pub=0.0180s delay=0.3011s (local map=84, WM=84)
[INFO] [1771004812.742338983] [rtabmap]: rtabmap (94): Rate=1.00s, Limit=0.000s, Conversion=0.0003s, RTAB-Map=0.1098s, Maps update=0.0016s pub=0.0208s delay=0.3012s (local map=85, WM=85)
[INFO] [1771004813.730871092] [rtabmap]: rtabmap (95): Rate=1.00s, Limit=0.000s, Conversion=0.0003s, RTAB-Map=0.0959s, Maps update=0.0021s pub=0.0191s delay=0.2884s (local map=86, WM=86)
[INFO] [1771004814.827432265] [rtabmap]: rtabmap (96): Rate=1.00s, Limit=0.000s, Conversion=0.0005s, RTAB-Map=0.0999s, Maps update=0.0017s pub=0.0196s delay=0.2863s (local map=87, WM=87)
[INFO] [1771004815.925180392] [rtabmap]: rtabmap (97): Rate=1.00s, Limit=0.000s, Conversion=0.0004s, RTAB-Map=0.0945s, Maps update=0.0016s pub=0.0191s delay=0.2842s (local map=88, WM=88)
[INFO] [1771004816.938886534] [rtabmap]: rtabmap (98): Rate=1.00s, Limit=0.000s, Conversion=0.0003s, RTAB-Map=0.1112s, Maps update=0.0015s pub=0.0204s delay=0.2978s (local map=89, WM=89)
[INFO] [1771004818.014796648] [rtabmap]: rtabmap (99): Rate=1.00s, Limit=0.000s, Conversion=0.0003s, RTAB-Map=0.0860s, Maps update=0.0021s pub=0.0179s delay=0.2737s (local map=90, WM=90)
[INFO] [1771004819.040508459] [rtabmap]: rtabmap (100): Rate=1.00s, Limit=0.000s, Conversion=0.0003s, RTAB-Map=0.0984s, Maps update=0.0016s pub=0.0201s delay=0.2993s (local map=91, WM=91)
[INFO] [1771004820.132535586] [rtabmap]: rtabmap (101): Rate=1.00s, Limit=0.000s, Conversion=0.0003s, RTAB-Map=0.0990s, Maps update=0.0017s pub=0.0195s delay=0.2913s (local map=92, WM=92)
[INFO] [1771004821.260013619] [rtabmap]: rtabmap (102): Rate=1.00s, Limit=0.000s, Conversion=0.0005s, RTAB-Map=0.1131s, Maps update=0.0021s pub=0.0246s delay=0.3189s (local map=93, WM=93)
[INFO] [1771004822.358282244] [rtabmap]: rtabmap (103): Rate=1.00s, Limit=0.000s, Conversion=0.0005s, RTAB-Map=0.1040s, Maps update=0.0024s pub=0.0224s delay=0.3171s (local map=94, WM=94)
[INFO] [1771004823.468458838] [rtabmap]: rtabmap (104): Rate=1.00s, Limit=0.000s, Conversion=0.0006s, RTAB-Map=0.1149s, Maps update=0.0026s pub=0.0241s delay=0.3274s (local map=95, WM=95)
[INFO] [1771004824.475583246] [rtabmap]: rtabmap (105): Rate=1.00s, Limit=0.000s, Conversion=0.0004s, RTAB-Map=0.1201s, Maps update=0.0006s pub=0.0230s delay=0.3343s (local map=96, WM=96)
[INFO] [1771004825.555228115] [rtabmap]: rtabmap (106): Rate=1.00s, Limit=0.000s, Conversion=0.0003s, RTAB-Map=0.1081s, Maps update=0.0020s pub=0.0212s delay=0.3142s (local map=97, WM=97)
[INFO] [1771004826.569009172] [rtabmap]: rtabmap (107): Rate=1.00s, Limit=0.000s, Conversion=0.0004s, RTAB-Map=0.1145s, Maps update=0.0023s pub=0.0256s delay=0.3279s (local map=98, WM=98)
[INFO] [1771004827.559864689] [rtabmap]: rtabmap (108): Rate=1.00s, Limit=0.000s, Conversion=0.0005s, RTAB-Map=0.1080s, Maps update=0.0022s pub=0.0228s delay=0.3186s (local map=99, WM=99)
[INFO] [1771004828.559574853] [rtabmap]: rtabmap (109): Rate=1.00s, Limit=0.000s, Conversion=0.0006s, RTAB-Map=0.1103s, Maps update=0.0019s pub=0.0234s delay=0.3183s (local map=100, WM=100)
[INFO] [1771004829.576854945] [rtabmap]: rtabmap (110): Rate=1.00s, Limit=0.000s, Conversion=0.0005s, RTAB-Map=0.1193s, Maps update=0.0047s pub=0.0221s delay=0.3356s (local map=101, WM=101)
[INFO] [1771004830.663292596] [rtabmap]: rtabmap (111): Rate=1.00s, Limit=0.000s, Conversion=0.0003s, RTAB-Map=0.1124s, Maps update=0.0024s pub=0.0244s delay=0.3220s (local map=102, WM=102)
[INFO] [1771004831.766792316] [rtabmap]: rtabmap (112): Rate=1.00s, Limit=0.000s, Conversion=0.0007s, RTAB-Map=0.1108s, Maps update=0.0020s pub=0.0231s delay=0.3256s (local map=103, WM=103)
[INFO] [1771004832.787162852] [rtabmap]: rtabmap (113): Rate=1.00s, Limit=0.000s, Conversion=0.0005s, RTAB-Map=0.1357s, Maps update=0.0019s pub=0.0208s delay=0.3459s (local map=104, WM=104)
[INFO] [1771004833.777202437] [rtabmap]: rtabmap (114): Rate=1.00s, Limit=0.000s, Conversion=0.0005s, RTAB-Map=0.1292s, Maps update=0.0019s pub=0.0278s delay=0.3359s (local map=105, WM=105)
[INFO] [1771004834.884323916] [rtabmap]: rtabmap (115): Rate=1.00s, Limit=0.000s, Conversion=0.0005s, RTAB-Map=0.1311s, Maps update=0.0018s pub=0.0264s delay=0.3439s (local map=106, WM=106)
[INFO] [1771004835.906879969] [rtabmap]: rtabmap (116): Rate=1.00s, Limit=0.000s, Conversion=0.0004s, RTAB-Map=0.1523s, Maps update=0.0033s pub=0.0235s delay=0.3656s (local map=107, WM=107)
[INFO] [1771004836.891213146] [rtabmap]: rtabmap (117): Rate=1.00s, Limit=0.000s, Conversion=0.0003s, RTAB-Map=0.1333s, Maps update=0.0019s pub=0.0251s delay=0.3499s (local map=108, WM=108)
[INFO] [1771004837.986817006] [rtabmap]: rtabmap (118): Rate=1.00s, Limit=0.000s, Conversion=0.0004s, RTAB-Map=0.1331s, Maps update=0.0027s pub=0.0247s delay=0.3455s (local map=109, WM=109)
[INFO] [1771004839.000774229] [rtabmap]: rtabmap (119): Rate=1.00s, Limit=0.000s, Conversion=0.0005s, RTAB-Map=0.1459s, Maps update=0.0030s pub=0.0240s delay=0.3595s (local map=110, WM=110)
[INFO] [1771004840.005856197] [rtabmap]: rtabmap (120): Rate=1.00s, Limit=0.000s, Conversion=0.0007s, RTAB-Map=0.1523s, Maps update=0.0007s pub=0.0228s delay=0.3645s (local map=111, WM=111)
[INFO] [1771004841.090086347] [rtabmap]: rtabmap (121): Rate=1.00s, Limit=0.000s, Conversion=0.0003s, RTAB-Map=0.1387s, Maps update=0.0020s pub=0.0278s delay=0.3487s (local map=112, WM=112)
[INFO] [1771004842.203245637] [rtabmap]: rtabmap (122): Rate=1.00s, Limit=0.000s, Conversion=0.0006s, RTAB-Map=0.1498s, Maps update=0.0021s pub=0.0236s delay=0.3620s (local map=113, WM=113)
[INFO] [1771004843.210903920] [rtabmap]: rtabmap (123): Rate=1.00s, Limit=0.000s, Conversion=0.0006s, RTAB-Map=0.1572s, Maps update=0.0023s pub=0.0223s delay=0.3696s (local map=114, WM=114)
[INFO] [1771004844.226286729] [rtabmap]: rtabmap (124): Rate=1.00s, Limit=0.000s, Conversion=0.0004s, RTAB-Map=0.1569s, Maps update=0.0021s pub=0.0224s delay=0.3849s (local map=115, WM=115)
[INFO] [1771004845.328296349] [rtabmap]: rtabmap (125): Rate=1.00s, Limit=0.000s, Conversion=0.0005s, RTAB-Map=0.1620s, Maps update=0.0024s pub=0.0278s delay=0.3870s (local map=116, WM=116)
[INFO] [1771004846.320852343] [rtabmap]: rtabmap (126): Rate=1.00s, Limit=0.000s, Conversion=0.0003s, RTAB-Map=0.1530s, Maps update=0.0023s pub=0.0280s delay=0.3794s (local map=117, WM=117)
[INFO] [1771004847.416476267] [rtabmap]: rtabmap (127): Rate=1.00s, Limit=0.000s, Conversion=0.0005s, RTAB-Map=0.1483s, Maps update=0.0007s pub=0.0255s delay=0.3751s (local map=118, WM=118)
[INFO] [1771004848.429749754] [rtabmap]: rtabmap (128): Rate=1.00s, Limit=0.000s, Conversion=0.0005s, RTAB-Map=0.1587s, Maps update=0.0024s pub=0.0233s delay=0.3884s (local map=119, WM=119)
[INFO] [1771004849.485952138] [rtabmap]: rtabmap (129): Rate=1.00s, Limit=0.000s, Conversion=0.0003s, RTAB-Map=0.1322s, Maps update=0.0021s pub=0.0302s delay=0.3447s (local map=120, WM=120)
[INFO] [1771004850.516585049] [rtabmap]: rtabmap (130): Rate=1.00s, Limit=0.000s, Conversion=0.0005s, RTAB-Map=0.1430s, Maps update=0.0021s pub=0.0278s delay=0.3751s (local map=121, WM=121)
[INFO] [1771004851.505199944] [rtabmap]: rtabmap (131): Rate=1.00s, Limit=0.000s, Conversion=0.0004s, RTAB-Map=0.1420s, Maps update=0.0042s pub=0.0269s delay=0.3638s (local map=122, WM=122)
[INFO] [1771004852.609923228] [rtabmap]: rtabmap (132): Rate=1.00s, Limit=0.000s, Conversion=0.0003s, RTAB-Map=0.1454s, Maps update=0.0008s pub=0.0249s delay=0.3686s (local map=123, WM=123)
[INFO] [1771004853.715475564] [rtabmap]: rtabmap (133): Rate=1.00s, Limit=0.000s, Conversion=0.0005s, RTAB-Map=0.1545s, Maps update=0.0021s pub=0.0260s delay=0.3741s (local map=124, WM=124)
[INFO] [1771004854.802239850] [rtabmap]: rtabmap (134): Rate=1.00s, Limit=0.000s, Conversion=0.0004s, RTAB-Map=0.1480s, Maps update=0.0008s pub=0.0275s delay=0.3608s (local map=125, WM=125)
[INFO] [1771004855.908561782] [rtabmap]: rtabmap (135): Rate=1.00s, Limit=0.000s, Conversion=0.0003s, RTAB-Map=0.1522s, Maps update=0.0023s pub=0.0251s delay=0.3673s (local map=126, WM=126)
[INFO] [1771004856.895538123] [rtabmap]: rtabmap (136): Rate=1.00s, Limit=0.000s, Conversion=0.0005s, RTAB-Map=0.1368s, Maps update=0.0029s pub=0.0326s delay=0.3540s (local map=127, WM=127)
[INFO] [1771004858.003729304] [rtabmap]: rtabmap (137): Rate=1.00s, Limit=0.000s, Conversion=0.0007s, RTAB-Map=0.1455s, Maps update=0.0008s pub=0.0286s delay=0.3624s (local map=128, WM=128)
[INFO] [1771004859.093739432] [rtabmap]: rtabmap (138): Rate=1.00s, Limit=0.000s, Conversion=0.0003s, RTAB-Map=0.1400s, Maps update=0.0036s pub=0.0280s delay=0.3523s (local map=129, WM=129)
[INFO] [1771004860.188831306] [rtabmap]: rtabmap (139): Rate=1.00s, Limit=0.000s, Conversion=0.0004s, RTAB-Map=0.1288s, Maps update=0.0024s pub=0.0275s delay=0.3474s (local map=130, WM=130)
[INFO] [1771004861.276855764] [rtabmap]: rtabmap (140): Rate=1.00s, Limit=0.000s, Conversion=0.0006s, RTAB-Map=0.1298s, Maps update=0.0024s pub=0.0302s delay=0.3355s (local map=131, WM=131)
[INFO] [1771004862.285163126] [rtabmap]: rtabmap (141): Rate=1.00s, Limit=0.000s, Conversion=0.0004s, RTAB-Map=0.1369s, Maps update=0.0023s pub=0.0281s delay=0.3437s (local map=132, WM=132)
[INFO] [1771004863.390205236] [rtabmap]: rtabmap (142): Rate=1.00s, Limit=0.000s, Conversion=0.0003s, RTAB-Map=0.1348s, Maps update=0.0023s pub=0.0308s delay=0.3488s (local map=133, WM=133)
[INFO] [1771004864.378970441] [rtabmap]: rtabmap (143): Rate=1.00s, Limit=0.000s, Conversion=0.0003s, RTAB-Map=0.1283s, Maps update=0.0026s pub=0.0334s delay=0.3374s (local map=134, WM=134)
[INFO] [1771004865.484504824] [rtabmap]: rtabmap (144): Rate=1.00s, Limit=0.000s, Conversion=0.0004s, RTAB-Map=0.1341s, Maps update=0.0038s pub=0.0312s delay=0.3432s (local map=135, WM=135)
[INFO] [1771004866.485238096] [rtabmap]: rtabmap (145): Rate=1.00s, Limit=0.000s, Conversion=0.0004s, RTAB-Map=0.1309s, Maps update=0.0033s pub=0.0344s delay=0.3436s (local map=136, WM=136)
[INFO] [1771004867.597000698] [rtabmap]: rtabmap (146): Rate=1.00s, Limit=0.000s, Conversion=0.0005s, RTAB-Map=0.1409s, Maps update=0.0035s pub=0.0273s delay=0.3556s (local map=137, WM=137)
[INFO] [1771004868.586205854] [rtabmap]: rtabmap (147): Rate=1.00s, Limit=0.000s, Conversion=0.0005s, RTAB-Map=0.1262s, Maps update=0.0022s pub=0.0319s delay=0.3447s (local map=138, WM=138)
[INFO] [1771004869.602199821] [rtabmap]: rtabmap (148): Rate=1.00s, Limit=0.000s, Conversion=0.0006s, RTAB-Map=0.1401s, Maps update=0.0021s pub=0.0300s delay=0.3607s (local map=139, WM=139)
[INFO] [1771004870.678952588] [rtabmap]: rtabmap (149): Rate=1.00s, Limit=0.000s, Conversion=0.0007s, RTAB-Map=0.1229s, Maps update=0.0008s pub=0.0292s delay=0.3377s (local map=140, WM=140)
[INFO] [1771004871.661486022] [rtabmap]: rtabmap (150): Rate=1.00s, Limit=0.000s, Conversion=0.0006s, RTAB-Map=0.1255s, Maps update=0.0008s pub=0.0112s delay=0.3200s (local map=140, WM=140)
[INFO] [1771004872.772286510] [rtabmap]: rtabmap (151): Rate=1.00s, Limit=0.000s, Conversion=0.0004s, RTAB-Map=0.1242s, Maps update=0.0022s pub=0.0319s delay=0.3310s (local map=141, WM=141)
[INFO] [1771004873.768918423] [rtabmap]: rtabmap (152): Rate=1.00s, Limit=0.000s, Conversion=0.0005s, RTAB-Map=0.1214s, Maps update=0.0029s pub=0.0318s delay=0.3276s (local map=142, WM=142)
[INFO] [1771004874.860441435] [rtabmap]: rtabmap (153): Rate=1.00s, Limit=0.000s, Conversion=0.0008s, RTAB-Map=0.1287s, Maps update=0.0009s pub=0.0121s delay=0.3190s (local map=142, WM=142)
[INFO] [1771004875.967485984] [rtabmap]: rtabmap (154): Rate=1.00s, Limit=0.000s, Conversion=0.0003s, RTAB-Map=0.1211s, Maps update=0.0020s pub=0.0301s delay=0.3261s (local map=143, WM=143)
[INFO] [1771004877.085855250] [rtabmap]: rtabmap (155): Rate=1.00s, Limit=0.000s, Conversion=0.0004s, RTAB-Map=0.1317s, Maps update=0.0022s pub=0.0315s delay=0.3444s (local map=144, WM=144)
[INFO] [1771004878.203192447] [rtabmap]: rtabmap (156): Rate=1.00s, Limit=0.000s, Conversion=0.0004s, RTAB-Map=0.1384s, Maps update=0.0035s pub=0.0324s delay=0.3616s (local map=145, WM=145)
[INFO] [1771004879.280884127] [rtabmap]: rtabmap (157): Rate=1.00s, Limit=0.000s, Conversion=0.0005s, RTAB-Map=0.1215s, Maps update=0.0023s pub=0.0318s delay=0.3393s (local map=146, WM=146)
[INFO] [1771004880.395665491] [rtabmap]: rtabmap (158): Rate=1.00s, Limit=0.000s, Conversion=0.0003s, RTAB-Map=0.1345s, Maps update=0.0021s pub=0.0332s delay=0.3541s (local map=147, WM=147)
[INFO] [1771004881.486930031] [rtabmap]: rtabmap (159): Rate=1.00s, Limit=0.000s, Conversion=0.0005s, RTAB-Map=0.1215s, Maps update=0.0019s pub=0.0329s delay=0.3454s (local map=148, WM=148)
[INFO] [1771004882.606691473] [rtabmap]: rtabmap (160): Rate=1.00s, Limit=0.000s, Conversion=0.0005s, RTAB-Map=0.1466s, Maps update=0.0023s pub=0.0318s delay=0.3662s (local map=149, WM=149)
[INFO] [1771004883.616139674] [rtabmap]: rtabmap (161): Rate=1.00s, Limit=0.000s, Conversion=0.0005s, RTAB-Map=0.1492s, Maps update=0.0029s pub=0.0346s delay=0.3747s (local map=150, WM=150)
[INFO] [1771004884.717934151] [rtabmap]: rtabmap (162): Rate=1.00s, Limit=0.000s, Conversion=0.0003s, RTAB-Map=0.1484s, Maps update=0.0020s pub=0.0301s delay=0.3763s (local map=151, WM=151)
[INFO] [1771004885.812209516] [rtabmap]: rtabmap (163): Rate=1.00s, Limit=0.000s, Conversion=0.0006s, RTAB-Map=0.1431s, Maps update=0.0034s pub=0.0286s delay=0.3707s (local map=152, WM=152)
[INFO] [1771004886.827590286] [rtabmap]: rtabmap (164): Rate=1.00s, Limit=0.000s, Conversion=0.0007s, RTAB-Map=0.1628s, Maps update=0.0009s pub=0.0306s delay=0.3859s (local map=153, WM=153)
[INFO] [1771004887.917451622] [rtabmap]: rtabmap (165): Rate=1.00s, Limit=0.000s, Conversion=0.0004s, RTAB-Map=0.1503s, Maps update=0.0021s pub=0.0307s delay=0.3769s (local map=154, WM=154)
[INFO] [1771004888.917452577] [rtabmap]: rtabmap (166): Rate=1.00s, Limit=0.000s, Conversion=0.0003s, RTAB-Map=0.1499s, Maps update=0.0019s pub=0.0305s delay=0.3759s (local map=155, WM=155)
[INFO] [1771004889.929574392] [rtabmap]: rtabmap (167): Rate=1.00s, Limit=0.000s, Conversion=0.0005s, RTAB-Map=0.1607s, Maps update=0.0024s pub=0.0282s delay=0.3880s (local map=156, WM=156)
[INFO] [1771004890.919121205] [rtabmap]: rtabmap (168): Rate=1.00s, Limit=0.000s, Conversion=0.0003s, RTAB-Map=0.1510s, Maps update=0.0023s pub=0.0307s delay=0.3775s (local map=157, WM=157)
[INFO] [1771004892.030453471] [rtabmap]: rtabmap (169): Rate=1.00s, Limit=0.000s, Conversion=0.0004s, RTAB-Map=0.1615s, Maps update=0.0021s pub=0.0283s delay=0.3899s (local map=158, WM=158)
[INFO] [1771004893.139504949] [rtabmap]: rtabmap (170): Rate=1.00s, Limit=0.000s, Conversion=0.0006s, RTAB-Map=0.1665s, Maps update=0.0022s pub=0.0343s delay=0.3979s (local map=159, WM=159)
[INFO] [1771004894.230334960] [rtabmap]: rtabmap (171): Rate=1.00s, Limit=0.000s, Conversion=0.0003s, RTAB-Map=0.1615s, Maps update=0.0023s pub=0.0295s delay=0.3888s (local map=160, WM=160)
[INFO] [1771004895.233641476] [rtabmap]: rtabmap (172): Rate=1.00s, Limit=0.000s, Conversion=0.0003s, RTAB-Map=0.1667s, Maps update=0.0010s pub=0.0310s delay=0.3920s (local map=161, WM=161)
[INFO] [1771004896.234845996] [rtabmap]: rtabmap (173): Rate=1.00s, Limit=0.000s, Conversion=0.0005s, RTAB-Map=0.1569s, Maps update=0.0024s pub=0.0375s delay=0.3931s (local map=162, WM=162)
[INFO] [1771004897.327788820] [rtabmap]: rtabmap (174): Rate=1.00s, Limit=0.000s, Conversion=0.0003s, RTAB-Map=0.1515s, Maps update=0.0025s pub=0.0317s delay=0.3873s (local map=163, WM=163)
[INFO] [1771004898.346052973] [rtabmap]: rtabmap (175): Rate=1.00s, Limit=0.000s, Conversion=0.0004s, RTAB-Map=0.1662s, Maps update=0.0026s pub=0.0368s delay=0.4043s (local map=164, WM=164)
[INFO] [1771004899.427219077] [rtabmap]: rtabmap (176): Rate=1.00s, Limit=0.000s, Conversion=0.0007s, RTAB-Map=0.1601s, Maps update=0.0022s pub=0.0366s delay=0.3871s (local map=165, WM=165)
[INFO] [1771004900.423584572] [rtabmap]: rtabmap (177): Rate=1.00s, Limit=0.000s, Conversion=0.0005s, RTAB-Map=0.1509s, Maps update=0.0025s pub=0.0307s delay=0.3820s (local map=166, WM=166)
[INFO] [1771004901.426577733] [rtabmap]: rtabmap (178): Rate=1.00s, Limit=0.000s, Conversion=0.0003s, RTAB-Map=0.1483s, Maps update=0.0031s pub=0.0373s delay=0.3850s (local map=167, WM=167)
[INFO] [1771004902.530638116] [rtabmap]: rtabmap (179): Rate=1.00s, Limit=0.000s, Conversion=0.0005s, RTAB-Map=0.1561s, Maps update=0.0022s pub=0.0312s delay=0.3890s (local map=168, WM=168)
[INFO] [1771004903.611699001] [rtabmap]: rtabmap (180): Rate=1.00s, Limit=0.000s, Conversion=0.0004s, RTAB-Map=0.1456s, Maps update=0.0010s pub=0.0312s delay=0.3702s (local map=169, WM=169)
[INFO] [1771004904.630084214] [rtabmap]: rtabmap (181): Rate=1.00s, Limit=0.000s, Conversion=0.0004s, RTAB-Map=0.1474s, Maps update=0.0023s pub=0.0372s delay=0.3884s (local map=170, WM=170)
[INFO] [1771004905.613877824] [rtabmap]: rtabmap (182): Rate=1.00s, Limit=0.000s, Conversion=0.0004s, RTAB-Map=0.1441s, Maps update=0.0022s pub=0.0314s delay=0.3722s (local map=171, WM=171)
[INFO] [1771004906.739338831] [rtabmap]: rtabmap (183): Rate=1.00s, Limit=0.000s, Conversion=0.0009s, RTAB-Map=0.1626s, Maps update=0.0010s pub=0.0313s delay=0.3977s (local map=172, WM=172)
[INFO] [1771004907.850931747] [rtabmap]: rtabmap (184): Rate=1.00s, Limit=0.000s, Conversion=0.0005s, RTAB-Map=0.1683s, Maps update=0.0021s pub=0.0357s delay=0.4093s (local map=173, WM=173)
[INFO] [1771004908.959158139] [rtabmap]: rtabmap (185): Rate=1.00s, Limit=0.000s, Conversion=0.0005s, RTAB-Map=0.1822s, Maps update=0.0020s pub=0.0333s delay=0.4174s (local map=174, WM=174)
[INFO] [1771004909.938272729] [rtabmap]: rtabmap (186): Rate=1.00s, Limit=0.000s, Conversion=0.0003s, RTAB-Map=0.1579s, Maps update=0.0024s pub=0.0315s delay=0.3962s (local map=175, WM=175)
[INFO] [1771004911.039833981] [rtabmap]: rtabmap (187): Rate=1.00s, Limit=0.000s, Conversion=0.0005s, RTAB-Map=0.1703s, Maps update=0.0022s pub=0.0286s delay=0.3990s (local map=176, WM=176)
[INFO] [1771004912.041701373] [rtabmap]: rtabmap (188): Rate=1.00s, Limit=0.000s, Conversion=0.0003s, RTAB-Map=0.1560s, Maps update=0.0023s pub=0.0326s delay=0.3998s (local map=177, WM=177)
[INFO] [1771004913.124576884] [rtabmap]: rtabmap (189): Rate=1.00s, Limit=0.000s, Conversion=0.0004s, RTAB-Map=0.1544s, Maps update=0.0021s pub=0.0299s delay=0.3843s (local map=178, WM=178)
[INFO] [1771004914.111867998] [rtabmap]: rtabmap (190): Rate=1.00s, Limit=0.000s, Conversion=0.0005s, RTAB-Map=0.1349s, Maps update=0.0023s pub=0.0314s delay=0.3702s (local map=179, WM=179)
[INFO] [1771004915.213723245] [rtabmap]: rtabmap (191): Rate=1.00s, Limit=0.000s, Conversion=0.0003s, RTAB-Map=0.1415s, Maps update=0.0011s pub=0.0328s delay=0.3731s (local map=180, WM=180)
[INFO] [1771004916.208974554] [rtabmap]: rtabmap (192): Rate=1.00s, Limit=0.000s, Conversion=0.0005s, RTAB-Map=0.1394s, Maps update=0.0029s pub=0.0335s delay=0.3671s (local map=181, WM=181)
[INFO] [1771004917.307714647] [rtabmap]: rtabmap (193): Rate=1.00s, Limit=0.000s, Conversion=0.0003s, RTAB-Map=0.1326s, Maps update=0.0021s pub=0.0387s delay=0.3670s (local map=182, WM=182)
[INFO] [1771004918.409437057] [rtabmap]: rtabmap (194): Rate=1.00s, Limit=0.000s, Conversion=0.0003s, RTAB-Map=0.1314s, Maps update=0.0021s pub=0.0349s delay=0.3686s (local map=183, WM=183)
[INFO] [1771004919.511346449] [rtabmap]: rtabmap (195): Rate=1.00s, Limit=0.000s, Conversion=0.0005s, RTAB-Map=0.1437s, Maps update=0.0023s pub=0.0320s delay=0.3708s (local map=184, WM=184)
[INFO] [1771004920.492334836] [rtabmap]: rtabmap (196): Rate=1.00s, Limit=0.000s, Conversion=0.0005s, RTAB-Map=0.1302s, Maps update=0.0022s pub=0.0319s delay=0.3507s (local map=185, WM=185)
[INFO] [1771004921.610072713] [rtabmap]: rtabmap (197): Rate=1.00s, Limit=0.000s, Conversion=0.0005s, RTAB-Map=0.1392s, Maps update=0.0021s pub=0.0344s delay=0.3695s (local map=186, WM=186)
[INFO] [1771004922.605701156] [rtabmap]: rtabmap (198): Rate=1.00s, Limit=0.000s, Conversion=0.0004s, RTAB-Map=0.1427s, Maps update=0.0010s pub=0.0284s delay=0.3639s (local map=187, WM=187)
[INFO] [1771004923.703448796] [rtabmap]: rtabmap (199): Rate=1.00s, Limit=0.000s, Conversion=0.0004s, RTAB-Map=0.1388s, Maps update=0.0020s pub=0.0324s delay=0.3631s (local map=188, WM=188)
[INFO] [1771004924.817684401] [rtabmap]: rtabmap (200): Rate=1.00s, Limit=0.000s, Conversion=0.0004s, RTAB-Map=0.1497s, Maps update=0.0024s pub=0.0325s delay=0.3774s (local map=189, WM=189)
[INFO] [1771004925.810397569] [rtabmap]: rtabmap (201): Rate=1.00s, Limit=0.000s, Conversion=0.0005s, RTAB-Map=0.1355s, Maps update=0.0023s pub=0.0320s delay=0.3697s (local map=190, WM=190)
[INFO] [1771004926.814688922] [rtabmap]: rtabmap (202): Rate=1.00s, Limit=0.000s, Conversion=0.0003s, RTAB-Map=0.1445s, Maps update=0.0038s pub=0.0330s delay=0.3739s (local map=191, WM=191)
[INFO] [1771004927.907502269] [rtabmap]: rtabmap (203): Rate=1.00s, Limit=0.000s, Conversion=0.0005s, RTAB-Map=0.1407s, Maps update=0.0023s pub=0.0352s delay=0.3667s (local map=192, WM=192)
[INFO] [1771004929.017688829] [rtabmap]: rtabmap (204): Rate=1.00s, Limit=0.000s, Conversion=0.0006s, RTAB-Map=0.1510s, Maps update=0.0025s pub=0.0301s delay=0.3773s (local map=193, WM=193)
[INFO] [1771004930.008329538] [rtabmap]: rtabmap (205): Rate=1.00s, Limit=0.000s, Conversion=0.0005s, RTAB-Map=0.1405s, Maps update=0.0011s pub=0.0367s delay=0.3677s (local map=194, WM=194)
[INFO] [1771004930.991732253] [rtabmap]: rtabmap (206): Rate=1.00s, Limit=0.000s, Conversion=0.0004s, RTAB-Map=0.1309s, Maps update=0.0021s pub=0.0328s delay=0.3511s (local map=195, WM=195)
[INFO] [1771004932.103485430] [rtabmap]: rtabmap (207): Rate=1.00s, Limit=0.000s, Conversion=0.0004s, RTAB-Map=0.1419s, Maps update=0.0025s pub=0.0342s delay=0.3626s (local map=196, WM=196)
[INFO] [1771004933.214774911] [rtabmap]: rtabmap (208): Rate=1.00s, Limit=0.000s, Conversion=0.0005s, RTAB-Map=0.1468s, Maps update=0.0023s pub=0.0300s delay=0.3741s (local map=197, WM=197)
[INFO] [1771004934.211692745] [rtabmap]: rtabmap (209): Rate=1.00s, Limit=0.000s, Conversion=0.0007s, RTAB-Map=0.1422s, Maps update=0.0027s pub=0.0334s delay=0.3708s (local map=198, WM=198)
[INFO] [1771004935.313885252] [rtabmap]: rtabmap (210): Rate=1.00s, Limit=0.000s, Conversion=0.0003s, RTAB-Map=0.1513s, Maps update=0.0023s pub=0.0308s delay=0.3729s (local map=199, WM=199)
[INFO] [1771004936.380725008] [rtabmap]: rtabmap (211): Rate=1.00s, Limit=0.000s, Conversion=0.0005s, RTAB-Map=0.1305s, Maps update=0.0023s pub=0.0317s delay=0.3403s (local map=200, WM=200)
[INFO] [1771004937.482274196] [rtabmap]: rtabmap (212): Rate=1.00s, Limit=0.000s, Conversion=0.0006s, RTAB-Map=0.1245s, Maps update=0.0027s pub=0.0305s delay=0.3414s (local map=201, WM=201)
[INFO] [1771004938.600929514] [rtabmap]: rtabmap (213): Rate=1.00s, Limit=0.000s, Conversion=0.0004s, RTAB-Map=0.1385s, Maps update=0.0026s pub=0.0306s delay=0.3605s (local map=202, WM=202)
[INFO] [1771004939.715348741] [rtabmap]: rtabmap (214): Rate=1.00s, Limit=0.000s, Conversion=0.0005s, RTAB-Map=0.1522s, Maps update=0.0026s pub=0.0306s delay=0.3746s (local map=203, WM=203)
[INFO] [1771004940.824920623] [rtabmap]: rtabmap (215): Rate=1.00s, Limit=0.000s, Conversion=0.0004s, RTAB-Map=0.1599s, Maps update=0.0011s pub=0.0315s delay=0.3846s (local map=204, WM=204)
[INFO] [1771004941.826636169] [rtabmap]: rtabmap (216): Rate=1.00s, Limit=0.000s, Conversion=0.0005s, RTAB-Map=0.1554s, Maps update=0.0025s pub=0.0305s delay=0.3862s (local map=205, WM=205)
[INFO] [1771004942.908163375] [rtabmap]: rtabmap (217): Rate=1.00s, Limit=0.000s, Conversion=0.0004s, RTAB-Map=0.1499s, Maps update=0.0022s pub=0.0319s delay=0.3673s (local map=206, WM=206)
[INFO] [1771004943.988090650] [rtabmap]: rtabmap (218): Rate=1.00s, Limit=0.000s, Conversion=0.0004s, RTAB-Map=0.1355s, Maps update=0.0023s pub=0.0313s delay=0.3472s (local map=207, WM=207)
[INFO] [1771004945.102786048] [rtabmap]: rtabmap (219): Rate=1.00s, Limit=0.000s, Conversion=0.0003s, RTAB-Map=0.1388s, Maps update=0.0023s pub=0.0359s delay=0.3625s (local map=208, WM=208)
[INFO] [1771004946.114062264] [rtabmap]: rtabmap (220): Rate=1.00s, Limit=0.000s, Conversion=0.0003s, RTAB-Map=0.1427s, Maps update=0.0021s pub=0.0309s delay=0.3736s (local map=209, WM=209)
[INFO] [1771004947.112845127] [rtabmap]: rtabmap (221): Rate=1.00s, Limit=0.000s, Conversion=0.0004s, RTAB-Map=0.1493s, Maps update=0.0011s pub=0.0319s delay=0.3720s (local map=210, WM=210)
[INFO] [1771004948.179570158] [rtabmap]: rtabmap (222): Rate=1.00s, Limit=0.000s, Conversion=0.0003s, RTAB-Map=0.1238s, Maps update=0.0028s pub=0.0322s delay=0.3391s (local map=211, WM=211)
[INFO] [1771004949.165936854] [rtabmap]: rtabmap (223): Rate=1.00s, Limit=0.000s, Conversion=0.0003s, RTAB-Map=0.1149s, Maps update=0.0022s pub=0.0307s delay=0.3254s (local map=212, WM=212)
[INFO] [1771004950.273939078] [rtabmap]: rtabmap (224): Rate=1.00s, Limit=0.000s, Conversion=0.0105s, RTAB-Map=0.1251s, Maps update=0.0021s pub=0.0340s delay=0.3334s (local map=213, WM=213)
[INFO] [1771004951.372251859] [rtabmap]: rtabmap (225): Rate=1.00s, Limit=0.000s, Conversion=0.0003s, RTAB-Map=0.1212s, Maps update=0.0024s pub=0.0311s delay=0.3318s (local map=214, WM=214)
[INFO] [1771004952.469398134] [rtabmap]: rtabmap (226): Rate=1.00s, Limit=0.000s, Conversion=0.0005s, RTAB-Map=0.1225s, Maps update=0.0023s pub=0.0392s delay=0.3290s (local map=215, WM=215)
[INFO] [1771004953.558651575] [rtabmap]: rtabmap (227): Rate=1.00s, Limit=0.000s, Conversion=0.0004s, RTAB-Map=0.1183s, Maps update=0.0022s pub=0.0332s delay=0.3182s (local map=216, WM=216)
[INFO] [1771004954.554065354] [rtabmap]: rtabmap (228): Rate=1.00s, Limit=0.000s, Conversion=0.0005s, RTAB-Map=0.1136s, Maps update=0.0022s pub=0.0324s delay=0.3135s (local map=217, WM=217)
[INFO] [1771004955.668495109] [rtabmap]: rtabmap (229): Rate=1.00s, Limit=0.000s, Conversion=0.0003s, RTAB-Map=0.1248s, Maps update=0.0023s pub=0.0346s delay=0.3279s (local map=218, WM=218)
[INFO] [1771004956.803147686] [rtabmap]: rtabmap (230): Rate=1.00s, Limit=0.000s, Conversion=0.0005s, RTAB-Map=0.1588s, Maps update=0.0023s pub=0.0341s delay=0.3628s (local map=219, WM=219)
[INFO] [1771004957.914141987] [rtabmap]: rtabmap (231): Rate=1.00s, Limit=0.000s, Conversion=0.0003s, RTAB-Map=0.1651s, Maps update=0.0023s pub=0.0368s delay=0.3736s (local map=220, WM=220)
[INFO] [1771004958.888813759] [rtabmap]: rtabmap (232): Rate=1.00s, Limit=0.000s, Conversion=0.0005s, RTAB-Map=0.1422s, Maps update=0.0021s pub=0.0335s delay=0.3483s (local map=221, WM=221)
[INFO] [1771004959.998946333] [rtabmap]: rtabmap (233): Rate=1.00s, Limit=0.000s, Conversion=0.0003s, RTAB-Map=0.1503s, Maps update=0.0027s pub=0.0399s delay=0.3584s (local map=222, WM=222)
[INFO] [1771004961.093998386] [rtabmap]: rtabmap (234): Rate=1.00s, Limit=0.000s, Conversion=0.0005s, RTAB-Map=0.1360s, Maps update=0.0023s pub=0.0416s delay=0.3537s (local map=223, WM=223)
[INFO] [1771004962.089093498] [rtabmap]: rtabmap (235): Rate=1.00s, Limit=0.000s, Conversion=0.0004s, RTAB-Map=0.1409s, Maps update=0.0025s pub=0.0358s delay=0.3486s (local map=224, WM=224)
[INFO] [1771004963.201396424] [rtabmap]: rtabmap (236): Rate=1.00s, Limit=0.000s, Conversion=0.0004s, RTAB-Map=0.1454s, Maps update=0.0024s pub=0.0372s delay=0.3610s (local map=225, WM=225)
[INFO] [1771004964.295320212] [rtabmap]: rtabmap (237): Rate=1.00s, Limit=0.000s, Conversion=0.0004s, RTAB-Map=0.1386s, Maps update=0.0025s pub=0.0420s delay=0.3549s (local map=226, WM=226)
[INFO] [1771004965.380767530] [rtabmap]: rtabmap (238): Rate=1.00s, Limit=0.000s, Conversion=0.0004s, RTAB-Map=0.1422s, Maps update=0.0021s pub=0.0376s delay=0.3403s (local map=227, WM=227)
[INFO] [1771004966.486376610] [rtabmap]: rtabmap (239): Rate=1.00s, Limit=0.000s, Conversion=0.0003s, RTAB-Map=0.1358s, Maps update=0.0027s pub=0.0338s delay=0.3459s (local map=228, WM=228)
[INFO] [1771004967.594876260] [rtabmap]: rtabmap (240): Rate=1.00s, Limit=0.000s, Conversion=0.0004s, RTAB-Map=0.1457s, Maps update=0.0021s pub=0.0357s delay=0.3544s (local map=229, WM=229)
[INFO] [1771004968.701601221] [rtabmap]: rtabmap (241): Rate=1.00s, Limit=0.000s, Conversion=0.0005s, RTAB-Map=0.1571s, Maps update=0.0013s pub=0.0329s delay=0.3612s (local map=230, WM=230)
[INFO] [1771004969.691883261] [rtabmap]: rtabmap (242): Rate=1.00s, Limit=0.000s, Conversion=0.0005s, RTAB-Map=0.1399s, Maps update=0.0023s pub=0.0363s delay=0.3515s (local map=231, WM=231)
[INFO] [1771004970.755981156] [rtabmap]: rtabmap (243): Rate=1.00s, Limit=0.000s, Conversion=0.0004s, RTAB-Map=0.1323s, Maps update=0.0012s pub=0.0164s delay=0.3156s (local map=231, WM=231)
[INFO] [1771004971.868737058] [rtabmap]: rtabmap (244): Rate=1.00s, Limit=0.000s, Conversion=0.0005s, RTAB-Map=0.1430s, Maps update=0.0012s pub=0.0133s delay=0.3284s (local map=231, WM=231)
[INFO] [1771004972.890313524] [rtabmap]: rtabmap (245): Rate=1.00s, Limit=0.000s, Conversion=0.0004s, RTAB-Map=0.1451s, Maps update=0.0022s pub=0.0323s delay=0.3499s (local map=232, WM=232)
[INFO] [1771004973.891406327] [rtabmap]: rtabmap (246): Rate=1.00s, Limit=0.000s, Conversion=0.0003s, RTAB-Map=0.1414s, Maps update=0.0022s pub=0.0383s delay=0.3508s (local map=233, WM=233)
[INFO] [1771004974.998572681] [rtabmap]: rtabmap (247): Rate=1.00s, Limit=0.000s, Conversion=0.0003s, RTAB-Map=0.1535s, Maps update=0.0013s pub=0.0313s delay=0.3582s (local map=234, WM=234)
[INFO] [1771004976.116542118] [rtabmap]: rtabmap (248): Rate=1.00s, Limit=0.000s, Conversion=0.0012s, RTAB-Map=0.1628s, Maps update=0.0022s pub=0.0340s delay=0.3761s (local map=235, WM=235)
[INFO] [1771004977.128883365] [rtabmap]: rtabmap (249): Rate=1.00s, Limit=0.000s, Conversion=0.0004s, RTAB-Map=0.1644s, Maps update=0.0035s pub=0.0349s delay=0.3884s (local map=236, WM=236)
[INFO] [1771004978.128786781] [rtabmap]: rtabmap (250): Rate=1.00s, Limit=0.000s, Conversion=0.0004s, RTAB-Map=0.1705s, Maps update=0.0024s pub=0.0367s delay=0.3883s (local map=237, WM=237)
[INFO] [1771004979.232289416] [rtabmap]: rtabmap (251): Rate=1.00s, Limit=0.000s, Conversion=0.0005s, RTAB-Map=0.1676s, Maps update=0.0025s pub=0.0351s delay=0.3918s (local map=238, WM=238)
[INFO] [1771004980.333154515] [rtabmap]: rtabmap (252): Rate=1.00s, Limit=0.000s, Conversion=0.0004s, RTAB-Map=0.1720s, Maps update=0.0013s pub=0.0344s delay=0.3927s (local map=239, WM=239)
[INFO] [1771004981.308262942] [rtabmap]: rtabmap (253): Rate=1.00s, Limit=0.000s, Conversion=0.0004s, RTAB-Map=0.1555s, Maps update=0.0014s pub=0.0355s delay=0.3678s (local map=240, WM=240)
[INFO] [1771004982.316490151] [rtabmap]: rtabmap (254): Rate=1.00s, Limit=0.000s, Conversion=0.0004s, RTAB-Map=0.1646s, Maps update=0.0026s pub=0.0358s delay=0.3760s (local map=241, WM=241)
[INFO] [1771004983.443598707] [rtabmap]: rtabmap (255): Rate=1.00s, Limit=0.000s, Conversion=0.0005s, RTAB-Map=0.1755s, Maps update=0.0026s pub=0.0333s delay=0.4030s (local map=242, WM=242)
[INFO] [1771004984.443856087] [rtabmap]: rtabmap (256): Rate=1.00s, Limit=0.000s, Conversion=0.0003s, RTAB-Map=0.1743s, Maps update=0.0027s pub=0.0402s delay=0.4032s (local map=243, WM=243)
[INFO] [1771004985.534794166] [rtabmap]: rtabmap (257): Rate=1.00s, Limit=0.000s, Conversion=0.0007s, RTAB-Map=0.1710s, Maps update=0.0025s pub=0.0349s delay=0.3944s (local map=244, WM=244)
[INFO] [1771004986.546239029] [rtabmap]: rtabmap (258): Rate=1.00s, Limit=0.000s, Conversion=0.0005s, RTAB-Map=0.1786s, Maps update=0.0025s pub=0.0370s delay=0.4057s (local map=245, WM=245)
[INFO] [1771004987.743573998] [rtabmap]: rtabmap (259): Rate=1.00s, Limit=0.000s, Conversion=0.0008s, RTAB-Map=0.2108s, Maps update=0.0025s pub=0.1970s delay=0.6030s (local map=246, WM=246)
[INFO] [1771004988.820062779] [rtabmap]: rtabmap (260): Rate=1.00s, Limit=0.000s, Conversion=0.0005s, RTAB-Map=0.1841s, Maps update=0.0024s pub=0.2069s delay=0.5795s (local map=247, WM=247)
[INFO] [1771004989.652041419] [rtabmap]: rtabmap (261): Rate=1.00s, Limit=0.000s, Conversion=0.0006s, RTAB-Map=0.1931s, Maps update=0.0022s pub=0.0347s delay=0.4114s (local map=248, WM=248)
[INFO] [1771004990.791497243] [rtabmap]: rtabmap (262): Rate=1.00s, Limit=0.000s, Conversion=0.0003s, RTAB-Map=0.2212s, Maps update=0.0027s pub=0.0370s delay=0.4510s (local map=249, WM=249)
[INFO] [1771004991.785388471] [rtabmap]: rtabmap (263): Rate=1.00s, Limit=0.000s, Conversion=0.0003s, RTAB-Map=0.1109s, Maps update=0.0025s pub=0.0446s delay=0.3448s (local map=250, WM=250)
[INFO] [1771004992.896119147] [rtabmap]: rtabmap (264): Rate=1.00s, Limit=0.000s, Conversion=0.0003s, RTAB-Map=0.1172s, Maps update=0.0025s pub=0.0383s delay=0.3548s (local map=251, WM=251)
[INFO] [1771004993.999122052] [rtabmap]: rtabmap (265): Rate=1.00s, Limit=0.000s, Conversion=0.0003s, RTAB-Map=0.1168s, Maps update=0.0025s pub=0.0439s delay=0.3584s (local map=252, WM=252)
[INFO] [1771004995.100546243] [rtabmap]: rtabmap (266): Rate=1.00s, Limit=0.000s, Conversion=0.0004s, RTAB-Map=0.1286s, Maps update=0.0037s pub=0.0366s delay=0.3600s (local map=253, WM=253)
[INFO] [1771004996.210297907] [rtabmap]: rtabmap (267): Rate=1.00s, Limit=0.000s, Conversion=0.0006s, RTAB-Map=0.1351s, Maps update=0.0025s pub=0.0376s delay=0.3695s (local map=254, WM=254)
[INFO] [1771004997.298713749] [rtabmap]: rtabmap (268): Rate=1.00s, Limit=0.000s, Conversion=0.0007s, RTAB-Map=0.1275s, Maps update=0.0024s pub=0.0353s delay=0.3581s (local map=255, WM=255)
[INFO] [1771004998.307881376] [rtabmap]: rtabmap (269): Rate=1.00s, Limit=0.000s, Conversion=0.0004s, RTAB-Map=0.1359s, Maps update=0.0025s pub=0.0365s delay=0.3672s (local map=256, WM=256)
[INFO] [1771004999.416002069] [rtabmap]: rtabmap (270): Rate=1.00s, Limit=0.000s, Conversion=0.0014s, RTAB-Map=0.1320s, Maps update=0.0026s pub=0.0360s delay=0.3754s (local map=257, WM=257)
[INFO] [1771005000.399019522] [rtabmap]: rtabmap (271): Rate=1.00s, Limit=0.000s, Conversion=0.0005s, RTAB-Map=0.1423s, Maps update=0.0014s pub=0.0203s delay=0.3583s (local map=257, WM=257)
[INFO] [1771005001.391714673] [rtabmap]: rtabmap (272): Rate=1.00s, Limit=0.000s, Conversion=0.0004s, RTAB-Map=0.1301s, Maps update=0.0013s pub=0.0178s delay=0.3510s (local map=257, WM=257)
[INFO] [1771005002.495565801] [rtabmap]: rtabmap (273): Rate=1.00s, Limit=0.000s, Conversion=0.0005s, RTAB-Map=0.1420s, Maps update=0.0013s pub=0.0187s delay=0.3550s (local map=257, WM=257)
[INFO] [1771005003.497666994] [rtabmap]: rtabmap (274): Rate=1.00s, Limit=0.000s, Conversion=0.0004s, RTAB-Map=0.1408s, Maps update=0.0013s pub=0.0210s delay=0.3570s (local map=257, WM=257)
[INFO] [1771005004.589101699] [rtabmap]: rtabmap (275): Rate=1.00s, Limit=0.000s, Conversion=0.0005s, RTAB-Map=0.1320s, Maps update=0.0013s pub=0.0154s delay=0.3484s (local map=257, WM=257)
[INFO] [1771005005.678813813] [rtabmap]: rtabmap (276): Rate=1.00s, Limit=0.000s, Conversion=0.0005s, RTAB-Map=0.1227s, Maps update=0.0013s pub=0.0157s delay=0.3381s (local map=257, WM=257)
[INFO] [1771005006.685944437] [rtabmap]: rtabmap (277): Rate=1.00s, Limit=0.000s, Conversion=0.0006s, RTAB-Map=0.1258s, Maps update=0.0013s pub=0.0172s delay=0.3451s (local map=257, WM=257)
[INFO] [1771005007.787088394] [rtabmap]: rtabmap (278): Rate=1.00s, Limit=0.000s, Conversion=0.0005s, RTAB-Map=0.1360s, Maps update=0.0013s pub=0.0142s delay=0.3463s (local map=257, WM=257)
[INFO] [1771005008.792536397] [rtabmap]: rtabmap (279): Rate=1.00s, Limit=0.000s, Conversion=0.0006s, RTAB-Map=0.1353s, Maps update=0.0014s pub=0.0169s delay=0.3517s (local map=257, WM=257)
[INFO] [1771005009.896127995] [rtabmap]: rtabmap (280): Rate=1.00s, Limit=0.000s, Conversion=0.0004s, RTAB-Map=0.1410s, Maps update=0.0013s pub=0.0187s delay=0.3554s (local map=257, WM=257)
[INFO] [1771005010.870407336] [rtabmap]: rtabmap (281): Rate=1.00s, Limit=0.000s, Conversion=0.0003s, RTAB-Map=0.1221s, Maps update=0.0014s pub=0.0149s delay=0.3296s (local map=257, WM=257)
[INFO] [1771005011.875339416] [rtabmap]: rtabmap (282): Rate=1.00s, Limit=0.000s, Conversion=0.0004s, RTAB-Map=0.1236s, Maps update=0.0016s pub=0.0196s delay=0.3345s (local map=257, WM=257)
[INFO] [1771005013.013905000] [rtabmap]: rtabmap (283): Rate=1.00s, Limit=0.000s, Conversion=0.0005s, RTAB-Map=0.1411s, Maps update=0.0022s pub=0.0378s delay=0.3730s (local map=258, WM=258)
[INFO] [1771005014.099001425] [rtabmap]: rtabmap (284): Rate=1.00s, Limit=0.000s, Conversion=0.0005s, RTAB-Map=0.1218s, Maps update=0.0024s pub=0.0435s delay=0.3581s (local map=259, WM=259)
[INFO] [1771005015.189202159] [rtabmap]: rtabmap (285): Rate=1.00s, Limit=0.000s, Conversion=0.0005s, RTAB-Map=0.1210s, Maps update=0.0059s pub=0.0352s delay=0.3484s (local map=260, WM=260)
[INFO] [1771005016.217632200] [rtabmap]: rtabmap (286): Rate=1.00s, Limit=0.000s, Conversion=0.0006s, RTAB-Map=0.1405s, Maps update=0.0024s pub=0.0381s delay=0.3768s (local map=261, WM=261)
[INFO] [1771005017.238361196] [rtabmap]: rtabmap (287): Rate=1.00s, Limit=0.000s, Conversion=0.0004s, RTAB-Map=0.1605s, Maps update=0.0014s pub=0.0366s delay=0.3975s (local map=262, WM=262)
[INFO] [1771005018.224505689] [rtabmap]: rtabmap (288): Rate=1.00s, Limit=0.000s, Conversion=0.0003s, RTAB-Map=0.1471s, Maps update=0.0022s pub=0.0346s delay=0.3836s (local map=263, WM=263)
[INFO] [1771005019.324124841] [rtabmap]: rtabmap (289): Rate=1.00s, Limit=0.000s, Conversion=0.0003s, RTAB-Map=0.1501s, Maps update=0.0023s pub=0.0332s delay=0.3832s (local map=264, WM=264)
[INFO] [1771005020.447597551] [rtabmap]: rtabmap (290): Rate=1.00s, Limit=0.000s, Conversion=0.0005s, RTAB-Map=0.1598s, Maps update=0.0024s pub=0.0361s delay=0.4068s (local map=265, WM=265)
[INFO] [1771005021.423632850] [rtabmap]: rtabmap (291): Rate=1.00s, Limit=0.000s, Conversion=0.0005s, RTAB-Map=0.1541s, Maps update=0.0014s pub=0.0357s delay=0.3827s (local map=266, WM=266)
[INFO] [1771005022.423383175] [rtabmap]: rtabmap (292): Rate=1.00s, Limit=0.000s, Conversion=0.0004s, RTAB-Map=0.1457s, Maps update=0.0014s pub=0.0362s delay=0.3825s (local map=267, WM=267)
[INFO] [1771005023.510554040] [rtabmap]: rtabmap (293): Rate=1.00s, Limit=0.000s, Conversion=0.0006s, RTAB-Map=0.1304s, Maps update=0.0024s pub=0.0421s delay=0.3697s (local map=268, WM=268)
[INFO] [1771005024.631567623] [rtabmap]: rtabmap (294): Rate=1.00s, Limit=0.000s, Conversion=0.0004s, RTAB-Map=0.1539s, Maps update=0.0041s pub=0.0376s delay=0.3907s (local map=269, WM=269)
[INFO] [1771005025.606987315] [rtabmap]: rtabmap (295): Rate=1.00s, Limit=0.000s, Conversion=0.0010s, RTAB-Map=0.1446s, Maps update=0.0014s pub=0.0169s delay=0.3661s (local map=269, WM=269)
[INFO] [1771005026.607307836] [rtabmap]: rtabmap (296): Rate=1.00s, Limit=0.000s, Conversion=0.0005s, RTAB-Map=0.1482s, Maps update=0.0018s pub=0.0168s delay=0.3663s (local map=269, WM=269)
[INFO] [1771005027.696452309] [rtabmap]: rtabmap (297): Rate=1.00s, Limit=0.000s, Conversion=0.0003s, RTAB-Map=0.1374s, Maps update=0.0014s pub=0.0170s delay=0.3555s (local map=269, WM=269)
[INFO] [1771005028.794570574] [rtabmap]: rtabmap (298): Rate=1.00s, Limit=0.000s, Conversion=0.0005s, RTAB-Map=0.1388s, Maps update=0.0017s pub=0.0228s delay=0.3536s (local map=269, WM=269)
[INFO] [1771005029.835589130] [rtabmap]: rtabmap (299): Rate=1.00s, Limit=0.000s, Conversion=0.0003s, RTAB-Map=0.1490s, Maps update=0.0025s pub=0.0379s delay=0.3946s (local map=270, WM=270)
[INFO] [1771005030.928195230] [rtabmap]: rtabmap (300): Rate=1.00s, Limit=0.000s, Conversion=0.0003s, RTAB-Map=0.1512s, Maps update=0.0028s pub=0.0383s delay=0.3871s (local map=271, WM=271)
[INFO] [1771005032.014304330] [rtabmap]: rtabmap (301): Rate=1.00s, Limit=0.000s, Conversion=0.0005s, RTAB-Map=0.1349s, Maps update=0.0025s pub=0.0394s delay=0.3733s (local map=272, WM=272)
[INFO] [1771005033.106328489] [rtabmap]: rtabmap (302): Rate=1.00s, Limit=0.000s, Conversion=0.0004s, RTAB-Map=0.1488s, Maps update=0.0016s pub=0.0181s delay=0.3654s (local map=272, WM=272)
[INFO] [1771005034.172741235] [rtabmap]: rtabmap (303): Rate=1.00s, Limit=0.000s, Conversion=0.0003s, RTAB-Map=0.1943s, Maps update=0.0025s pub=0.0410s delay=0.4317s (local map=273, WM=273)
[INFO] [1771005035.134390226] [rtabmap]: rtabmap (304): Rate=1.00s, Limit=0.000s, Conversion=0.0003s, RTAB-Map=0.0814s, Maps update=0.0014s pub=0.0159s delay=0.2933s (local map=273, WM=273)
[INFO] [1771005036.234814815] [rtabmap]: rtabmap (305): Rate=1.00s, Limit=0.000s, Conversion=0.0006s, RTAB-Map=0.0871s, Maps update=0.0017s pub=0.0196s delay=0.2939s (local map=273, WM=273)
[INFO] [1771005037.322777293] [rtabmap]: rtabmap (306): Rate=1.00s, Limit=0.000s, Conversion=0.0004s, RTAB-Map=0.0790s, Maps update=0.0014s pub=0.0141s delay=0.2817s (local map=273, WM=273)
[INFO] [1771005038.424264319] [rtabmap]: rtabmap (307): Rate=1.00s, Limit=0.000s, Conversion=0.0004s, RTAB-Map=0.0805s, Maps update=0.0015s pub=0.0135s delay=0.2833s (local map=273, WM=273)
[INFO] [1771005039.438150830] [rtabmap]: rtabmap (308): Rate=1.00s, Limit=0.000s, Conversion=0.0003s, RTAB-Map=0.0874s, Maps update=0.0015s pub=0.0163s delay=0.2970s (local map=273, WM=273)
[INFO] [1771005040.557720265] [rtabmap]: rtabmap (309): Rate=1.00s, Limit=0.000s, Conversion=0.0005s, RTAB-Map=0.0923s, Maps update=0.0014s pub=0.0194s delay=0.3167s (local map=273, WM=273)
[INFO] [1771005041.634920629] [rtabmap]: rtabmap (310): Rate=1.00s, Limit=0.000s, Conversion=0.0005s, RTAB-Map=0.0814s, Maps update=0.0014s pub=0.0160s delay=0.2940s (local map=273, WM=273)
[INFO] [1771005042.650096659] [rtabmap]: rtabmap (311): Rate=1.00s, Limit=0.000s, Conversion=0.0008s, RTAB-Map=0.0849s, Maps update=0.0018s pub=0.0215s delay=0.3090s (local map=273, WM=273)
[INFO] [1771005043.757839878] [rtabmap]: rtabmap (312): Rate=1.00s, Limit=0.000s, Conversion=0.0003s, RTAB-Map=0.0953s, Maps update=0.0016s pub=0.0198s delay=0.3168s (local map=273, WM=273)
[INFO] [1771005043.802991448] [rclcpp]: signal_handler(signum=2)
