[INFO] [1771070951.259115752] [rtabmap]: rtabmap(maps): latch                      = false
[INFO] [1771070951.263629637] [rtabmap]: rtabmap(maps): map_filter_radius          = 0.000000
[INFO] [1771070951.263679079] [rtabmap]: rtabmap(maps): map_filter_angle           = 30.000000
[INFO] [1771070951.263707784] [rtabmap]: rtabmap(maps): map_cleanup                = true
[INFO] [1771070951.263727529] [rtabmap]: rtabmap(maps): map_always_update          = false
[INFO] [1771070951.263747753] [rtabmap]: rtabmap(maps): map_empty_ray_tracing      = true
[INFO] [1771070951.266042713] [rtabmap]: rtabmap(maps): cloud_output_voxelized     = true
[INFO] [1771070951.266082619] [rtabmap]: rtabmap(maps): cloud_subtract_filtering   = false
[INFO] [1771070951.266106139] [rtabmap]: rtabmap(maps): cloud_subtract_filtering_min_neighbors = 2
[INFO] [1771070951.266256801] [rtabmap]: rtabmap(maps): octomap_tree_depth         = 16
[INFO] [1771070951.283933833] [rtabmap]: rtabmap: frame_id      = leo04/base_footprint
[INFO] [1771070951.284040556] [rtabmap]: rtabmap: map_frame_id  = map
[INFO] [1771070951.284065101] [rtabmap]: rtabmap: log_to_rosout_level  = 4
[INFO] [1771070951.284083758] [rtabmap]: rtabmap: initial_pose  = 
[INFO] [1771070951.284106831] [rtabmap]: rtabmap: use_action_for_goal  = false
[INFO] [1771070951.284126511] [rtabmap]: rtabmap: tf_delay      = 0.050000
[INFO] [1771070951.284155024] [rtabmap]: rtabmap: tf_tolerance  = 0.100000
[INFO] [1771070951.284184785] [rtabmap]: rtabmap: odom_sensor_sync   = false
[INFO] [1771070951.284204210] [rtabmap]: rtabmap: pub_loc_pose_only_when_localizing = false
[INFO] [1771070951.284222803] [rtabmap]: rtabmap: wait_for_transform = 0.500000
[INFO] [1771070951.284242676] [rtabmap]: rtabmap: gen_scan  = false
[INFO] [1771070951.284261076] [rtabmap]: rtabmap: gen_depth  = false
[INFO] [1771070951.284280149] [rtabmap]: rtabmap: scan_cloud_max_points = 0
[INFO] [1771070951.284298901] [rtabmap]: rtabmap: scan_cloud_is_2d = false
[INFO] [1771070951.299385219] [rtabmap]: Setting RTAB-Map parameter "Grid/CellSize"="0.03" (rosparam)
[INFO] [1771070951.299741232] [rtabmap]: Setting RTAB-Map parameter "Grid/MaxGroundAngle"="45" (rosparam)
[INFO] [1771070951.299807538] [rtabmap]: Setting RTAB-Map parameter "Grid/MaxGroundHeight"="0.1" (rosparam)
[INFO] [1771070951.299877204] [rtabmap]: Setting RTAB-Map parameter "Grid/MaxObstacleHeight"="0.7" (rosparam)
[INFO] [1771070951.299960983] [rtabmap]: Setting RTAB-Map parameter "Grid/MinGroundHeight"="-0.1" (rosparam)
[INFO] [1771070951.300134653] [rtabmap]: Setting RTAB-Map parameter "Grid/RangeMax"="3.0" (rosparam)
[INFO] [1771070951.300194335] [rtabmap]: Setting RTAB-Map parameter "Grid/RangeMin"="0.7" (rosparam)
[INFO] [1771070951.300265186] [rtabmap]: Setting RTAB-Map parameter "Grid/RayTracing"="false" (rosparam)
[INFO] [1771070951.300364005] [rtabmap]: Setting RTAB-Map parameter "Grid/Sensor"="0" (rosparam)
[INFO] [1771070951.300792468] [rtabmap]: Setting RTAB-Map parameter "Icp/CorrespondenceRatio"="0.2" (rosparam)
[INFO] [1771070951.300908824] [rtabmap]: Setting RTAB-Map parameter "Icp/Epsilon"="0.001" (rosparam)
[INFO] [1771070951.301015932] [rtabmap]: Setting RTAB-Map parameter "Icp/Iterations"="10" (rosparam)
[INFO] [1771070951.301075422] [rtabmap]: Setting RTAB-Map parameter "Icp/MaxCorrespondenceDistance"="1" (rosparam)
[INFO] [1771070951.301171489] [rtabmap]: Setting RTAB-Map parameter "Icp/MaxTranslation"="3" (rosparam)
[INFO] [1771070951.301233668] [rtabmap]: Setting RTAB-Map parameter "Icp/OutlierRatio"="0.7" (rosparam)
[INFO] [1771070951.301409322] [rtabmap]: Setting RTAB-Map parameter "Icp/PointToPlane"="true" (rosparam)
[INFO] [1771070951.301484620] [rtabmap]: Setting RTAB-Map parameter "Icp/PointToPlaneK"="20" (rosparam)
[INFO] [1771070951.301584976] [rtabmap]: Setting RTAB-Map parameter "Icp/PointToPlaneRadius"="0" (rosparam)
[INFO] [1771070951.301675987] [rtabmap]: Setting RTAB-Map parameter "Icp/RangeMin"="0.3" (rosparam)
[INFO] [1771070951.301762614] [rtabmap]: Setting RTAB-Map parameter "Icp/Strategy"="1" (rosparam)
[INFO] [1771070951.301849625] [rtabmap]: Setting RTAB-Map parameter "Icp/VoxelSize"="0.1" (rosparam)
[INFO] [1771070951.303344493] [rtabmap]: Setting RTAB-Map parameter "Mem/LaserScanNormalK"="20" (rosparam)
[INFO] [1771070951.303437328] [rtabmap]: Setting RTAB-Map parameter "Mem/LaserScanVoxelSize"="0.03" (rosparam)
[INFO] [1771070951.303539508] [rtabmap]: Setting RTAB-Map parameter "Mem/NotLinkedNodesKept"="false" (rosparam)
[INFO] [1771070951.303773596] [rtabmap]: Setting RTAB-Map parameter "Mem/STMSize"="30" (rosparam)
[INFO] [1771070951.304533207] [rtabmap]: Setting RTAB-Map parameter "RGBD/AngularUpdate"="0.05" (rosparam)
[INFO] [1771070951.304590361] [rtabmap]: Setting RTAB-Map parameter "RGBD/CreateOccupancyGrid"="true" (rosparam)
[INFO] [1771070951.304804320] [rtabmap]: Setting RTAB-Map parameter "RGBD/LinearUpdate"="0.05" (rosparam)
[INFO] [1771070951.305408853] [rtabmap]: Setting RTAB-Map parameter "RGBD/ProximityMaxGraphDepth"="0" (rosparam)
[INFO] [1771070951.305581019] [rtabmap]: Setting RTAB-Map parameter "RGBD/ProximityPathMaxNeighbors"="1" (rosparam)
[INFO] [1771070951.305751841] [rtabmap]: Setting RTAB-Map parameter "Reg/Strategy"="1" (rosparam)
[INFO] [1771070951.314656631] [rtabmap]: RTAB-Map detection rate = 1.000000 Hz
[INFO] [1771070951.315577880] [rtabmap]: rtabmap: Deleted database "/root/.ros/rtabmap.db" (--delete_db_on_start or -d are set).
[INFO] [1771070951.315691452] [rtabmap]: rtabmap: Using database from "/root/.ros/rtabmap.db" (0 MB).
[INFO] [1771070951.381884798] [rtabmap]: rtabmap: Database version = "0.22.1".
[INFO] [1771070951.382010211] [rtabmap]: rtabmap: SLAM mode (Mem/IncrementalMemory=true)
[INFO] [1771070951.399063221] [rtabmap]: Setup callbacks
[INFO] [1771070951.399321118] [rtabmap]: rtabmap: subscribe_depth = false
[INFO] [1771070951.399372544] [rtabmap]: rtabmap: subscribe_rgb = false
[INFO] [1771070951.399400065] [rtabmap]: rtabmap: subscribe_stereo = false
[INFO] [1771070951.399424866] [rtabmap]: rtabmap: subscribe_rgbd = false (rgbd_cameras=1)
[INFO] [1771070951.399485668] [rtabmap]: rtabmap: subscribe_sensor_data = false
[INFO] [1771070951.399514373] [rtabmap]: rtabmap: subscribe_odom_info = false
[INFO] [1771070951.399539238] [rtabmap]: rtabmap: subscribe_user_data = false
[INFO] [1771070951.399578023] [rtabmap]: rtabmap: subscribe_scan = false
[INFO] [1771070951.399603688] [rtabmap]: rtabmap: subscribe_scan_cloud = true
[INFO] [1771070951.399628521] [rtabmap]: rtabmap: subscribe_scan_descriptor = false
[INFO] [1771070951.399714444] [rtabmap]: rtabmap: topic_queue_size = 10
[INFO] [1771070951.399751853] [rtabmap]: rtabmap: sync_queue_size  = 200
[INFO] [1771070951.399778254] [rtabmap]: rtabmap: qos_image       = 0
[INFO] [1771070951.399815727] [rtabmap]: rtabmap: qos_camera_info = 0
[INFO] [1771070951.399841360] [rtabmap]: rtabmap: qos_scan        = 0
[INFO] [1771070951.399865425] [rtabmap]: rtabmap: qos_odom        = 0
[INFO] [1771070951.399890034] [rtabmap]: rtabmap: qos_user_data   = 0
[INFO] [1771070951.399965076] [rtabmap]: rtabmap: approx_sync     = true
[INFO] [1771070951.400590890] [rtabmap]: Setup scan callback
[INFO] [1771070951.407125614] [rtabmap]: 
rtabmap subscribed to (approx sync):
   /odom \
   /leo04/livox/lidar
[WARN] [1771070951.409712168] [rtabmap]: There is no image subscription, bag-of-words loop closure detection will be disabled...
[WARN] [1771070951.409836108] [rtabmap]: Setting Kp/MaxFeatures=-1 (bag-of-words disabled)
[INFO] [1771070951.518556505] [rtabmap]: rtabmap (1): Rate=1.00s, Limit=0.000s, Conversion=0.0008s, RTAB-Map=0.0421s, Maps update=0.0001s pub=0.0002s delay=0.2065s (local map=1, WM=1)
[INFO] [1771070952.519948172] [rtabmap]: rtabmap (2): Rate=1.00s, Limit=0.000s, Conversion=0.0007s, RTAB-Map=0.0505s, Maps update=0.0002s pub=0.0001s delay=0.2076s (local map=1, WM=1)
[INFO] [1771070952.562443893] [rclcpp]: signal_handler(signum=2)
