[INFO] [1773308092.549536234] [rtabmap]: rtabmap(maps): latch                      = false
[INFO] [1773308092.551390542] [rtabmap]: rtabmap(maps): map_filter_radius          = 0.000000
[INFO] [1773308092.551442640] [rtabmap]: rtabmap(maps): map_filter_angle           = 30.000000
[INFO] [1773308092.551469649] [rtabmap]: rtabmap(maps): map_cleanup                = true
[INFO] [1773308092.551487697] [rtabmap]: rtabmap(maps): map_always_update          = false
[INFO] [1773308092.551505746] [rtabmap]: rtabmap(maps): map_empty_ray_tracing      = true
[INFO] [1773308092.551529235] [rtabmap]: rtabmap(maps): cloud_output_voxelized     = true
[INFO] [1773308092.551547348] [rtabmap]: rtabmap(maps): cloud_subtract_filtering   = false
[INFO] [1773308092.551563508] [rtabmap]: rtabmap(maps): cloud_subtract_filtering_min_neighbors = 2
[INFO] [1773308092.551699673] [rtabmap]: rtabmap(maps): octomap_tree_depth         = 16
[INFO] [1773308092.565574200] [rtabmap]: rtabmap: frame_id      = leo04/base_footprint
[INFO] [1773308092.566942539] [rtabmap]: rtabmap: map_frame_id  = map
[INFO] [1773308092.566981708] [rtabmap]: rtabmap: log_to_rosout_level  = 4
[INFO] [1773308092.567002573] [rtabmap]: rtabmap: initial_pose  = 
[INFO] [1773308092.567020718] [rtabmap]: rtabmap: use_action_for_goal  = false
[INFO] [1773308092.567038766] [rtabmap]: rtabmap: tf_delay      = 0.050000
[INFO] [1773308092.567079472] [rtabmap]: rtabmap: tf_tolerance  = 0.100000
[INFO] [1773308092.567112241] [rtabmap]: rtabmap: odom_sensor_sync   = false
[INFO] [1773308092.567132210] [rtabmap]: rtabmap: pub_loc_pose_only_when_localizing = false
[INFO] [1773308092.567149650] [rtabmap]: rtabmap: wait_for_transform = 0.500000
[INFO] [1773308092.567169555] [rtabmap]: rtabmap: gen_scan  = false
[INFO] [1773308092.567186836] [rtabmap]: rtabmap: gen_depth  = false
[INFO] [1773308092.567203476] [rtabmap]: rtabmap: scan_cloud_max_points = 0
[INFO] [1773308092.567221077] [rtabmap]: rtabmap: scan_cloud_is_2d = false
[INFO] [1773308092.580476893] [rtabmap]: Setting RTAB-Map parameter "Grid/CellSize"="0.03" (rosparam)
[INFO] [1773308092.580874252] [rtabmap]: Setting RTAB-Map parameter "Grid/MaxGroundAngle"="45" (rosparam)
[INFO] [1773308092.580943279] [rtabmap]: Setting RTAB-Map parameter "Grid/MaxGroundHeight"="0.1" (rosparam)
[INFO] [1773308092.581009361] [rtabmap]: Setting RTAB-Map parameter "Grid/MaxObstacleHeight"="0.7" (rosparam)
[INFO] [1773308092.581106645] [rtabmap]: Setting RTAB-Map parameter "Grid/MinGroundHeight"="-0.1" (rosparam)
[INFO] [1773308092.581327133] [rtabmap]: Setting RTAB-Map parameter "Grid/RangeMax"="3.0" (rosparam)
[INFO] [1773308092.581390943] [rtabmap]: Setting RTAB-Map parameter "Grid/RangeMin"="0.7" (rosparam)
[INFO] [1773308092.581455586] [rtabmap]: Setting RTAB-Map parameter "Grid/RayTracing"="false" (rosparam)
[INFO] [1773308092.581598055] [rtabmap]: Setting RTAB-Map parameter "Grid/Sensor"="0" (rosparam)
[INFO] [1773308092.582016342] [rtabmap]: Setting RTAB-Map parameter "Icp/CorrespondenceRatio"="0.2" (rosparam)
[INFO] [1773308092.582134619] [rtabmap]: Setting RTAB-Map parameter "Icp/Epsilon"="0.001" (rosparam)
[INFO] [1773308092.582286272] [rtabmap]: Setting RTAB-Map parameter "Icp/Iterations"="10" (rosparam)
[INFO] [1773308092.582355267] [rtabmap]: Setting RTAB-Map parameter "Icp/MaxCorrespondenceDistance"="1" (rosparam)
[INFO] [1773308092.582489864] [rtabmap]: Setting RTAB-Map parameter "Icp/MaxTranslation"="3" (rosparam)
[INFO] [1773308092.582548042] [rtabmap]: Setting RTAB-Map parameter "Icp/OutlierRatio"="0.7" (rosparam)
[INFO] [1773308092.582724688] [rtabmap]: Setting RTAB-Map parameter "Icp/PointToPlane"="true" (rosparam)
[INFO] [1773308092.582811539] [rtabmap]: Setting RTAB-Map parameter "Icp/PointToPlaneK"="20" (rosparam)
[INFO] [1773308092.582924984] [rtabmap]: Setting RTAB-Map parameter "Icp/PointToPlaneRadius"="0" (rosparam)
[INFO] [1773308092.583041180] [rtabmap]: Setting RTAB-Map parameter "Icp/RangeMin"="0.3" (rosparam)
[INFO] [1773308092.583134271] [rtabmap]: Setting RTAB-Map parameter "Icp/Strategy"="1" (rosparam)
[INFO] [1773308092.583199842] [rtabmap]: Setting RTAB-Map parameter "Icp/VoxelSize"="0.1" (rosparam)
[INFO] [1773308092.584859295] [rtabmap]: Setting RTAB-Map parameter "Mem/LaserScanNormalK"="20" (rosparam)
[INFO] [1773308092.584969251] [rtabmap]: Setting RTAB-Map parameter "Mem/LaserScanVoxelSize"="0.03" (rosparam)
[INFO] [1773308092.585129801] [rtabmap]: Setting RTAB-Map parameter "Mem/NotLinkedNodesKept"="false" (rosparam)
[INFO] [1773308092.585375378] [rtabmap]: Setting RTAB-Map parameter "Mem/STMSize"="30" (rosparam)
[INFO] [1773308092.586221297] [rtabmap]: Setting RTAB-Map parameter "RGBD/AngularUpdate"="0.05" (rosparam)
[INFO] [1773308092.586316917] [rtabmap]: Setting RTAB-Map parameter "RGBD/CreateOccupancyGrid"="true" (rosparam)
[INFO] [1773308092.586563166] [rtabmap]: Setting RTAB-Map parameter "RGBD/LinearUpdate"="0.05" (rosparam)
[INFO] [1773308092.587205749] [rtabmap]: Setting RTAB-Map parameter "RGBD/ProximityMaxGraphDepth"="0" (rosparam)
[INFO] [1773308092.587368475] [rtabmap]: Setting RTAB-Map parameter "RGBD/ProximityPathMaxNeighbors"="1" (rosparam)
[INFO] [1773308092.587567459] [rtabmap]: Setting RTAB-Map parameter "Reg/Strategy"="1" (rosparam)
[INFO] [1773308092.591243530] [rtabmap]: RTAB-Map detection rate = 1.000000 Hz
[INFO] [1773308092.591683642] [rtabmap]: rtabmap: Deleted database "/root/.ros/rtabmap.db" (--delete_db_on_start or -d are set).
[INFO] [1773308092.591760061] [rtabmap]: rtabmap: Using database from "/root/.ros/rtabmap.db" (0 MB).
[INFO] [1773308092.652568829] [rtabmap]: rtabmap: Database version = "0.22.1".
[INFO] [1773308092.652711299] [rtabmap]: rtabmap: SLAM mode (Mem/IncrementalMemory=true)
[INFO] [1773308092.663906815] [rtabmap]: Setup callbacks
[INFO] [1773308092.665277362] [rtabmap]: rtabmap: subscribe_depth = false
[INFO] [1773308092.665328947] [rtabmap]: rtabmap: subscribe_rgb = false
[INFO] [1773308092.665364629] [rtabmap]: rtabmap: subscribe_stereo = false
[INFO] [1773308092.665388342] [rtabmap]: rtabmap: subscribe_rgbd = false (rgbd_cameras=1)
[INFO] [1773308092.665430359] [rtabmap]: rtabmap: subscribe_sensor_data = false
[INFO] [1773308092.665461400] [rtabmap]: rtabmap: subscribe_odom_info = false
[INFO] [1773308092.665487161] [rtabmap]: rtabmap: subscribe_user_data = false
[INFO] [1773308092.665510330] [rtabmap]: rtabmap: subscribe_scan = false
[INFO] [1773308092.665529563] [rtabmap]: rtabmap: subscribe_scan_cloud = true
[INFO] [1773308092.665548828] [rtabmap]: rtabmap: subscribe_scan_descriptor = false
[INFO] [1773308092.665567388] [rtabmap]: rtabmap: topic_queue_size = 10
[INFO] [1773308092.665585789] [rtabmap]: rtabmap: sync_queue_size  = 200
[INFO] [1773308092.665603742] [rtabmap]: rtabmap: qos_image       = 0
[INFO] [1773308092.665621694] [rtabmap]: rtabmap: qos_camera_info = 0
[INFO] [1773308092.665639903] [rtabmap]: rtabmap: qos_scan        = 0
[INFO] [1773308092.665658016] [rtabmap]: rtabmap: qos_odom        = 0
[INFO] [1773308092.665676000] [rtabmap]: rtabmap: qos_user_data   = 0
[INFO] [1773308092.665693601] [rtabmap]: rtabmap: approx_sync     = true
[INFO] [1773308092.665735426] [rtabmap]: Setup scan callback
[INFO] [1773308092.667981781] [rtabmap]: 
rtabmap subscribed to (approx sync):
   /odom \
   /leo04/livox/lidar
[WARN] [1773308092.670901505] [rtabmap]: There is no image subscription, bag-of-words loop closure detection will be disabled...
[WARN] [1773308092.671001988] [rtabmap]: Setting Kp/MaxFeatures=-1 (bag-of-words disabled)
[INFO] [1773308094.165288687] [rclcpp]: signal_handler(signum=2)
