[INFO] [1772813848.625350521] [rtabmap]: rtabmap(maps): latch                      = false
[INFO] [1772813848.627672366] [rtabmap]: rtabmap(maps): map_filter_radius          = 0.000000
[INFO] [1772813848.627729200] [rtabmap]: rtabmap(maps): map_filter_angle           = 30.000000
[INFO] [1772813848.627756113] [rtabmap]: rtabmap(maps): map_cleanup                = true
[INFO] [1772813848.627774418] [rtabmap]: rtabmap(maps): map_always_update          = false
[INFO] [1772813848.627798387] [rtabmap]: rtabmap(maps): map_empty_ray_tracing      = true
[INFO] [1772813848.627817043] [rtabmap]: rtabmap(maps): cloud_output_voxelized     = true
[INFO] [1772813848.627833876] [rtabmap]: rtabmap(maps): cloud_subtract_filtering   = false
[INFO] [1772813848.627850613] [rtabmap]: rtabmap(maps): cloud_subtract_filtering_min_neighbors = 2
[INFO] [1772813848.627980793] [rtabmap]: rtabmap(maps): octomap_tree_depth         = 16
[INFO] [1772813848.651309973] [rtabmap]: rtabmap: frame_id      = leo04/base_footprint
[INFO] [1772813848.651433978] [rtabmap]: rtabmap: map_frame_id  = map
[INFO] [1772813848.651456987] [rtabmap]: rtabmap: log_to_rosout_level  = 4
[INFO] [1772813848.651473435] [rtabmap]: rtabmap: initial_pose  = 
[INFO] [1772813848.651488668] [rtabmap]: rtabmap: use_action_for_goal  = false
[INFO] [1772813848.651504700] [rtabmap]: rtabmap: tf_delay      = 0.050000
[INFO] [1772813848.651532093] [rtabmap]: rtabmap: tf_tolerance  = 0.100000
[INFO] [1772813848.651569151] [rtabmap]: rtabmap: odom_sensor_sync   = false
[INFO] [1772813848.651586879] [rtabmap]: rtabmap: pub_loc_pose_only_when_localizing = false
[INFO] [1772813848.651601920] [rtabmap]: rtabmap: wait_for_transform = 0.500000
[INFO] [1772813848.651618465] [rtabmap]: rtabmap: gen_scan  = false
[INFO] [1772813848.651633281] [rtabmap]: rtabmap: gen_depth  = false
[INFO] [1772813848.651647938] [rtabmap]: rtabmap: scan_cloud_max_points = 0
[INFO] [1772813848.651663074] [rtabmap]: rtabmap: scan_cloud_is_2d = false
[INFO] [1772813848.674942876] [rtabmap]: Setting RTAB-Map parameter "Grid/CellSize"="0.03" (rosparam)
[INFO] [1772813848.675324874] [rtabmap]: Setting RTAB-Map parameter "Grid/MaxGroundAngle"="45" (rosparam)
[INFO] [1772813848.675396269] [rtabmap]: Setting RTAB-Map parameter "Grid/MaxGroundHeight"="0.1" (rosparam)
[INFO] [1772813848.675466415] [rtabmap]: Setting RTAB-Map parameter "Grid/MaxObstacleHeight"="0.7" (rosparam)
[INFO] [1772813848.675567187] [rtabmap]: Setting RTAB-Map parameter "Grid/MinGroundHeight"="-0.1" (rosparam)
[INFO] [1772813848.675833853] [rtabmap]: Setting RTAB-Map parameter "Grid/RangeMax"="3.0" (rosparam)
[INFO] [1772813848.675904384] [rtabmap]: Setting RTAB-Map parameter "Grid/RangeMin"="0.7" (rosparam)
[INFO] [1772813848.675964706] [rtabmap]: Setting RTAB-Map parameter "Grid/RayTracing"="false" (rosparam)
[INFO] [1772813848.676090982] [rtabmap]: Setting RTAB-Map parameter "Grid/Sensor"="0" (rosparam)
[INFO] [1772813848.676831042] [rtabmap]: Setting RTAB-Map parameter "Icp/CorrespondenceRatio"="0.2" (rosparam)
[INFO] [1772813848.677151566] [rtabmap]: Setting RTAB-Map parameter "Icp/Epsilon"="0.001" (rosparam)
[INFO] [1772813848.677278162] [rtabmap]: Setting RTAB-Map parameter "Icp/Iterations"="10" (rosparam)
[INFO] [1772813848.677334228] [rtabmap]: Setting RTAB-Map parameter "Icp/MaxCorrespondenceDistance"="1" (rosparam)
[INFO] [1772813848.677906281] [rtabmap]: Setting RTAB-Map parameter "Icp/MaxTranslation"="3" (rosparam)
[INFO] [1772813848.677985452] [rtabmap]: Setting RTAB-Map parameter "Icp/OutlierRatio"="0.7" (rosparam)
[INFO] [1772813848.678213941] [rtabmap]: Setting RTAB-Map parameter "Icp/PointToPlane"="true" (rosparam)
[INFO] [1772813848.678397115] [rtabmap]: Setting RTAB-Map parameter "Icp/PointToPlaneK"="20" (rosparam)
[INFO] [1772813848.678519136] [rtabmap]: Setting RTAB-Map parameter "Icp/PointToPlaneRadius"="0" (rosparam)
[INFO] [1772813848.678601411] [rtabmap]: Setting RTAB-Map parameter "Icp/RangeMin"="0.3" (rosparam)
[INFO] [1772813848.678693638] [rtabmap]: Setting RTAB-Map parameter "Icp/Strategy"="1" (rosparam)
[INFO] [1772813848.678758313] [rtabmap]: Setting RTAB-Map parameter "Icp/VoxelSize"="0.1" (rosparam)
[INFO] [1772813848.682863680] [rtabmap]: Setting RTAB-Map parameter "Mem/LaserScanNormalK"="20" (rosparam)
[INFO] [1772813848.683071272] [rtabmap]: Setting RTAB-Map parameter "Mem/LaserScanVoxelSize"="0.03" (rosparam)
[INFO] [1772813848.683295600] [rtabmap]: Setting RTAB-Map parameter "Mem/NotLinkedNodesKept"="false" (rosparam)
[INFO] [1772813848.684893707] [rtabmap]: Setting RTAB-Map parameter "Mem/STMSize"="30" (rosparam)
[INFO] [1772813848.686827666] [rtabmap]: Setting RTAB-Map parameter "RGBD/AngularUpdate"="0.05" (rosparam)
[INFO] [1772813848.686927830] [rtabmap]: Setting RTAB-Map parameter "RGBD/CreateOccupancyGrid"="true" (rosparam)
[INFO] [1772813848.687122589] [rtabmap]: Setting RTAB-Map parameter "RGBD/LinearUpdate"="0.05" (rosparam)
[INFO] [1772813848.688417293] [rtabmap]: Setting RTAB-Map parameter "RGBD/ProximityMaxGraphDepth"="0" (rosparam)
[INFO] [1772813848.688603156] [rtabmap]: Setting RTAB-Map parameter "RGBD/ProximityPathMaxNeighbors"="1" (rosparam)
[INFO] [1772813848.688796699] [rtabmap]: Setting RTAB-Map parameter "Reg/Strategy"="1" (rosparam)
[INFO] [1772813848.694834265] [rtabmap]: RTAB-Map detection rate = 1.000000 Hz
[INFO] [1772813848.697222897] [rtabmap]: rtabmap: Deleted database "/root/.ros/rtabmap.db" (--delete_db_on_start or -d are set).
[INFO] [1772813848.697348054] [rtabmap]: rtabmap: Using database from "/root/.ros/rtabmap.db" (0 MB).
[INFO] [1772813848.777072880] [rtabmap]: rtabmap: Database version = "0.22.1".
[INFO] [1772813848.777201173] [rtabmap]: rtabmap: SLAM mode (Mem/IncrementalMemory=true)
[INFO] [1772813848.793470444] [rtabmap]: Setup callbacks
[INFO] [1772813848.793673076] [rtabmap]: rtabmap: subscribe_depth = false
[INFO] [1772813848.793704533] [rtabmap]: rtabmap: subscribe_rgb = false
[INFO] [1772813848.793723862] [rtabmap]: rtabmap: subscribe_stereo = false
[INFO] [1772813848.793740342] [rtabmap]: rtabmap: subscribe_rgbd = false (rgbd_cameras=1)
[INFO] [1772813848.793791544] [rtabmap]: rtabmap: subscribe_sensor_data = false
[INFO] [1772813848.793812473] [rtabmap]: rtabmap: subscribe_odom_info = false
[INFO] [1772813848.793829113] [rtabmap]: rtabmap: subscribe_user_data = false
[INFO] [1772813848.793845082] [rtabmap]: rtabmap: subscribe_scan = false
[INFO] [1772813848.793861499] [rtabmap]: rtabmap: subscribe_scan_cloud = true
[INFO] [1772813848.793877787] [rtabmap]: rtabmap: subscribe_scan_descriptor = false
[INFO] [1772813848.793893788] [rtabmap]: rtabmap: topic_queue_size = 10
[INFO] [1772813848.793910268] [rtabmap]: rtabmap: sync_queue_size  = 200
[INFO] [1772813848.793926653] [rtabmap]: rtabmap: qos_image       = 0
[INFO] [1772813848.793947198] [rtabmap]: rtabmap: qos_camera_info = 0
[INFO] [1772813848.793965694] [rtabmap]: rtabmap: qos_scan        = 0
[INFO] [1772813848.793983999] [rtabmap]: rtabmap: qos_odom        = 0
[INFO] [1772813848.794001792] [rtabmap]: rtabmap: qos_user_data   = 0
[INFO] [1772813848.794019168] [rtabmap]: rtabmap: approx_sync     = true
[INFO] [1772813848.794058466] [rtabmap]: Setup scan callback
[INFO] [1772813848.795959880] [rtabmap]: 
rtabmap subscribed to (approx sync):
   /odom \
   /leo04/livox/lidar
[WARN] [1772813848.798636299] [rtabmap]: There is no image subscription, bag-of-words loop closure detection will be disabled...
[WARN] [1772813848.798743951] [rtabmap]: Setting Kp/MaxFeatures=-1 (bag-of-words disabled)
[INFO] [1772813849.023653327] [rtabmap]: rtabmap (1): Rate=1.00s, Limit=0.000s, Conversion=0.0008s, RTAB-Map=0.0715s, Maps update=0.0018s pub=0.0017s delay=0.2309s (local map=1, WM=1)
[INFO] [1772813850.040066689] [rtabmap]: rtabmap (2): Rate=1.00s, Limit=0.000s, Conversion=0.0006s, RTAB-Map=0.0734s, Maps update=0.0002s pub=0.0007s delay=0.2471s (local map=1, WM=1)
[INFO] [1772813851.026560292] [rtabmap]: rtabmap (3): Rate=1.00s, Limit=0.000s, Conversion=0.0004s, RTAB-Map=0.0736s, Maps update=0.0003s pub=0.0006s delay=0.2335s (local map=1, WM=1)
[INFO] [1772813852.132894344] [rtabmap]: rtabmap (4): Rate=1.00s, Limit=0.000s, Conversion=0.0006s, RTAB-Map=0.0717s, Maps update=0.0003s pub=0.0005s delay=0.2399s (local map=1, WM=1)
[INFO] [1772813853.139258696] [rtabmap]: rtabmap (5): Rate=1.00s, Limit=0.000s, Conversion=0.0005s, RTAB-Map=0.0855s, Maps update=0.0002s pub=0.0004s delay=0.2462s (local map=1, WM=1)
[INFO] [1772813854.229555036] [rtabmap]: rtabmap (6): Rate=1.00s, Limit=0.000s, Conversion=0.0005s, RTAB-Map=0.0700s, Maps update=0.0003s pub=0.0004s delay=0.2365s (local map=1, WM=1)
[INFO] [1772813855.329858786] [rtabmap]: rtabmap (7): Rate=1.00s, Limit=0.000s, Conversion=0.0003s, RTAB-Map=0.0755s, Maps update=0.0003s pub=0.0006s delay=0.2367s (local map=1, WM=1)
[INFO] [1772813856.330402443] [rtabmap]: rtabmap (8): Rate=1.00s, Limit=0.000s, Conversion=0.0004s, RTAB-Map=0.0755s, Maps update=0.0002s pub=0.0005s delay=0.2372s (local map=1, WM=1)
[INFO] [1772813857.423377635] [rtabmap]: rtabmap (9): Rate=1.00s, Limit=0.000s, Conversion=0.0003s, RTAB-Map=0.0711s, Maps update=0.0002s pub=0.0007s delay=0.2303s (local map=1, WM=1)
[INFO] [1772813858.425827346] [rtabmap]: rtabmap (10): Rate=1.00s, Limit=0.000s, Conversion=0.0005s, RTAB-Map=0.0727s, Maps update=0.0002s pub=0.0005s delay=0.2326s (local map=1, WM=1)
[INFO] [1772813859.541768984] [rtabmap]: rtabmap (11): Rate=1.00s, Limit=0.000s, Conversion=0.0003s, RTAB-Map=0.0803s, Maps update=0.0003s pub=0.0006s delay=0.2487s (local map=1, WM=1)
[INFO] [1772813860.535078806] [rtabmap]: rtabmap (12): Rate=1.00s, Limit=0.000s, Conversion=0.0003s, RTAB-Map=0.0805s, Maps update=0.0003s pub=0.0005s delay=0.2420s (local map=1, WM=1)
[INFO] [1772813861.639206057] [rtabmap]: rtabmap (13): Rate=1.00s, Limit=0.000s, Conversion=0.0004s, RTAB-Map=0.0795s, Maps update=0.0002s pub=0.0005s delay=0.2461s (local map=1, WM=1)
[INFO] [1772813862.632332960] [rtabmap]: rtabmap (14): Rate=1.00s, Limit=0.000s, Conversion=0.0012s, RTAB-Map=0.0811s, Maps update=0.0004s pub=0.0005s delay=0.2391s (local map=1, WM=1)
[INFO] [1772813863.729136613] [rtabmap]: rtabmap (15): Rate=1.00s, Limit=0.000s, Conversion=0.0008s, RTAB-Map=0.0706s, Maps update=0.0002s pub=0.0008s delay=0.2360s (local map=1, WM=1)
[INFO] [1772813864.734954736] [rtabmap]: rtabmap (16): Rate=1.00s, Limit=0.000s, Conversion=0.0005s, RTAB-Map=0.0822s, Maps update=0.0002s pub=0.0005s delay=0.2418s (local map=1, WM=1)
[INFO] [1772813865.826344749] [rtabmap]: rtabmap (17): Rate=1.00s, Limit=0.000s, Conversion=0.0003s, RTAB-Map=0.0746s, Maps update=0.0003s pub=0.0010s delay=0.2331s (local map=1, WM=1)
[INFO] [1772813866.837642659] [rtabmap]: rtabmap (18): Rate=1.00s, Limit=0.000s, Conversion=0.0003s, RTAB-Map=0.0813s, Maps update=0.0003s pub=0.0008s delay=0.2444s (local map=1, WM=1)
[INFO] [1772813867.957427830] [rtabmap]: rtabmap (19): Rate=1.00s, Limit=0.000s, Conversion=0.0006s, RTAB-Map=0.0909s, Maps update=0.0002s pub=0.0005s delay=0.2643s (local map=1, WM=1)
[INFO] [1772813868.925950499] [rtabmap]: rtabmap (20): Rate=1.00s, Limit=0.000s, Conversion=0.0005s, RTAB-Map=0.0737s, Maps update=0.0003s pub=0.0005s delay=0.2327s (local map=1, WM=1)
[INFO] [1772813870.037321409] [rtabmap]: rtabmap (21): Rate=1.00s, Limit=0.000s, Conversion=0.0106s, RTAB-Map=0.0670s, Maps update=0.0002s pub=0.0007s delay=0.2442s (local map=1, WM=1)
[INFO] [1772813871.034368841] [rtabmap]: rtabmap (22): Rate=1.00s, Limit=0.000s, Conversion=0.0004s, RTAB-Map=0.0836s, Maps update=0.0003s pub=0.0010s delay=0.2411s (local map=1, WM=1)
[INFO] [1772813872.135586320] [rtabmap]: rtabmap (23): Rate=1.00s, Limit=0.000s, Conversion=0.0003s, RTAB-Map=0.0743s, Maps update=0.0002s pub=0.0005s delay=0.2424s (local map=1, WM=1)
[INFO] [1772813873.126417683] [rtabmap]: rtabmap (24): Rate=1.00s, Limit=0.000s, Conversion=0.0003s, RTAB-Map=0.0679s, Maps update=0.0003s pub=0.0005s delay=0.2332s (local map=1, WM=1)
[INFO] [1772813874.239405644] [rtabmap]: rtabmap (25): Rate=1.00s, Limit=0.000s, Conversion=0.0004s, RTAB-Map=0.0779s, Maps update=0.0003s pub=0.0005s delay=0.2460s (local map=1, WM=1)
[INFO] [1772813875.330996817] [rtabmap]: rtabmap (26): Rate=1.00s, Limit=0.000s, Conversion=0.0006s, RTAB-Map=0.0750s, Maps update=0.0003s