[INFO] [1772803871.338396148] [rtabmap]: rtabmap(maps): latch                      = false
[INFO] [1772803871.338996852] [rtabmap]: rtabmap(maps): map_filter_radius          = 0.000000
[INFO] [1772803871.339054807] [rtabmap]: rtabmap(maps): map_filter_angle           = 30.000000
[INFO] [1772803871.339074552] [rtabmap]: rtabmap(maps): map_cleanup                = true
[INFO] [1772803871.339086361] [rtabmap]: rtabmap(maps): map_always_update          = false
[INFO] [1772803871.339096857] [rtabmap]: rtabmap(maps): map_empty_ray_tracing      = true
[INFO] [1772803871.339108186] [rtabmap]: rtabmap(maps): cloud_output_voxelized     = true
[INFO] [1772803871.339118714] [rtabmap]: rtabmap(maps): cloud_subtract_filtering   = false
[INFO] [1772803871.339129371] [rtabmap]: rtabmap(maps): cloud_subtract_filtering_min_neighbors = 2
[INFO] [1772803871.339289763] [rtabmap]: rtabmap(maps): octomap_tree_depth         = 16
[INFO] [1772803871.432372417] [rtabmap]: rtabmap: frame_id      = leo04/base_footprint
[INFO] [1772803871.432470022] [rtabmap]: rtabmap: map_frame_id  = map
[INFO] [1772803871.432489543] [rtabmap]: rtabmap: log_to_rosout_level  = 4
[INFO] [1772803871.432503624] [rtabmap]: rtabmap: initial_pose  = 
[INFO] [1772803871.432516617] [rtabmap]: rtabmap: use_action_for_goal  = false
[INFO] [1772803871.432529194] [rtabmap]: rtabmap: tf_delay      = 0.050000
[INFO] [1772803871.432552715] [rtabmap]: rtabmap: tf_tolerance  = 0.100000
[INFO] [1772803871.432568844] [rtabmap]: rtabmap: odom_sensor_sync   = false
[INFO] [1772803871.432581356] [rtabmap]: rtabmap: pub_loc_pose_only_when_localizing = false
[INFO] [1772803871.432599917] [rtabmap]: rtabmap: wait_for_transform = 0.500000
[INFO] [1772803871.432616110] [rtabmap]: rtabmap: gen_scan  = false
[INFO] [1772803871.432629135] [rtabmap]: rtabmap: gen_depth  = false
[INFO] [1772803871.432641935] [rtabmap]: rtabmap: scan_cloud_max_points = 0
[INFO] [1772803871.432654096] [rtabmap]: rtabmap: scan_cloud_is_2d = false
[INFO] [1772803871.571552471] [rtabmap]: Setting RTAB-Map parameter "Grid/CellSize"="0.03" (rosparam)
[INFO] [1772803871.575648078] [rtabmap]: Setting RTAB-Map parameter "Grid/MaxGroundAngle"="45" (rosparam)
[INFO] [1772803871.576019394] [rtabmap]: Setting RTAB-Map parameter "Grid/MaxGroundHeight"="0.1" (rosparam)
[INFO] [1772803871.576294192] [rtabmap]: Setting RTAB-Map parameter "Grid/MaxObstacleHeight"="0.7" (rosparam)
[INFO] [1772803871.578802900] [rtabmap]: Setting RTAB-Map parameter "Grid/MinGroundHeight"="-0.1" (rosparam)
[INFO] [1772803871.581407805] [rtabmap]: Setting RTAB-Map parameter "Grid/RangeMax"="3.0" (rosparam)
[INFO] [1772803871.582920300] [rtabmap]: Setting RTAB-Map parameter "Grid/RangeMin"="0.7" (rosparam)
[INFO] [1772803871.584339319] [rtabmap]: Setting RTAB-Map parameter "Grid/RayTracing"="false" (rosparam)
[INFO] [1772803871.586532650] [rtabmap]: Setting RTAB-Map parameter "Grid/Sensor"="0" (rosparam)
[INFO] [1772803871.590629634] [rtabmap]: Setting RTAB-Map parameter "Icp/CorrespondenceRatio"="0.2" (rosparam)
[INFO] [1772803871.591491663] [rtabmap]: Setting RTAB-Map parameter "Icp/Epsilon"="0.001" (rosparam)
[INFO] [1772803871.592446593] [rtabmap]: Setting RTAB-Map parameter "Icp/Iterations"="10" (rosparam)
[INFO] [1772803871.593289390] [rtabmap]: Setting RTAB-Map parameter "Icp/MaxCorrespondenceDistance"="1" (rosparam)
[INFO] [1772803871.594566673] [rtabmap]: Setting RTAB-Map parameter "Icp/MaxTranslation"="3" (rosparam)
[INFO] [1772803871.595035561] [rtabmap]: Setting RTAB-Map parameter "Icp/OutlierRatio"="0.7" (rosparam)
[INFO] [1772803871.602038746] [rtabmap]: Setting RTAB-Map parameter "Icp/PointToPlane"="true" (rosparam)
[INFO] [1772803871.603579499] [rtabmap]: Setting RTAB-Map parameter "Icp/PointToPlaneK"="20" (rosparam)
[INFO] [1772803871.604649059] [rtabmap]: Setting RTAB-Map parameter "Icp/PointToPlaneRadius"="0" (rosparam)
[INFO] [1772803871.605269187] [rtabmap]: Setting RTAB-Map parameter "Icp/RangeMin"="0.3" (rosparam)
[INFO] [1772803871.607142694] [rtabmap]: Setting RTAB-Map parameter "Icp/Strategy"="1" (rosparam)
[INFO] [1772803871.608556144] [rtabmap]: Setting RTAB-Map parameter "Icp/VoxelSize"="0.1" (rosparam)
[INFO] [1772803871.622941381] [rclcpp]: signal_handler(signum=2)
