[INFO] [1772803897.159333189] [rtabmap]: rtabmap(maps): latch                      = false
[INFO] [1772803897.159981991] [rtabmap]: rtabmap(maps): map_filter_radius          = 0.000000
[INFO] [1772803897.160030666] [rtabmap]: rtabmap(maps): map_filter_angle           = 30.000000
[INFO] [1772803897.160055883] [rtabmap]: rtabmap(maps): map_cleanup                = true
[INFO] [1772803897.160071308] [rtabmap]: rtabmap(maps): map_always_update          = false
[INFO] [1772803897.160085901] [rtabmap]: rtabmap(maps): map_empty_ray_tracing      = true
[INFO] [1772803897.160100301] [rtabmap]: rtabmap(maps): cloud_output_voxelized     = true
[INFO] [1772803897.160114062] [rtabmap]: rtabmap(maps): cloud_subtract_filtering   = false
[INFO] [1772803897.160128399] [rtabmap]: rtabmap(maps): cloud_subtract_filtering_min_neighbors = 2
[INFO] [1772803897.160277495] [rtabmap]: rtabmap(maps): octomap_tree_depth         = 16
[INFO] [1772803897.237492530] [rtabmap]: rtabmap: frame_id      = leo04/base_footprint
[INFO] [1772803897.237622585] [rtabmap]: rtabmap: map_frame_id  = map
[INFO] [1772803897.237643770] [rtabmap]: rtabmap: log_to_rosout_level  = 4
[INFO] [1772803897.237658363] [rtabmap]: rtabmap: initial_pose  = 
[INFO] [1772803897.237672540] [rtabmap]: rtabmap: use_action_for_goal  = false
[INFO] [1772803897.237685756] [rtabmap]: rtabmap: tf_delay      = 0.050000
[INFO] [1772803897.237708542] [rtabmap]: rtabmap: tf_tolerance  = 0.100000
[INFO] [1772803897.237722654] [rtabmap]: rtabmap: odom_sensor_sync   = false
[INFO] [1772803897.237734527] [rtabmap]: rtabmap: pub_loc_pose_only_when_localizing = false
[INFO] [1772803897.237746176] [rtabmap]: rtabmap: wait_for_transform = 0.500000
[INFO] [1772803897.237760288] [rtabmap]: rtabmap: gen_scan  = false
[INFO] [1772803897.237772577] [rtabmap]: rtabmap: gen_depth  = false
[INFO] [1772803897.237785474] [rtabmap]: rtabmap: scan_cloud_max_points = 0
[INFO] [1772803897.237797634] [rtabmap]: rtabmap: scan_cloud_is_2d = false
[INFO] [1772803897.305874973] [rtabmap]: Setting RTAB-Map parameter "Grid/CellSize"="0.03" (rosparam)
[INFO] [1772803897.307086429] [rtabmap]: Setting RTAB-Map parameter "Grid/MaxGroundAngle"="45" (rosparam)
[INFO] [1772803897.307264519] [rtabmap]: Setting RTAB-Map parameter "Grid/MaxGroundHeight"="0.1" (rosparam)
[INFO] [1772803897.307390477] [rtabmap]: Setting RTAB-Map parameter "Grid/MaxObstacleHeight"="0.7" (rosparam)
[INFO] [1772803897.307638490] [rtabmap]: Setting RTAB-Map parameter "Grid/MinGroundHeight"="-0.1" (rosparam)
[INFO] [1772803897.308262363] [rtabmap]: Setting RTAB-Map parameter "Grid/RangeMax"="3.0" (rosparam)
[INFO] [1772803897.308405155] [rtabmap]: Setting RTAB-Map parameter "Grid/RangeMin"="0.7" (rosparam)
[INFO] [1772803897.308522761] [rtabmap]: Setting RTAB-Map parameter "Grid/RayTracing"="false" (rosparam)
[INFO] [1772803897.308826393] [rtabmap]: Setting RTAB-Map parameter "Grid/Sensor"="0" (rosparam)
[INFO] [1772803897.311435682] [rtabmap]: Setting RTAB-Map parameter "Icp/CorrespondenceRatio"="0.2" (rosparam)
[INFO] [1772803897.311742386] [rtabmap]: Setting RTAB-Map parameter "Icp/Epsilon"="0.001" (rosparam)
[INFO] [1772803897.312103205] [rtabmap]: Setting RTAB-Map parameter "Icp/Iterations"="10" (rosparam)
[INFO] [1772803897.312329297] [rtabmap]: Setting RTAB-Map parameter "Icp/MaxCorrespondenceDistance"="1" (rosparam)
[INFO] [1772803897.312514555] [rtabmap]: Setting RTAB-Map parameter "Icp/MaxTranslation"="3" (rosparam)
[INFO] [1772803897.312706629] [rtabmap]: Setting RTAB-Map parameter "Icp/OutlierRatio"="0.7" (rosparam)
[INFO] [1772803897.313332646] [rtabmap]: Setting RTAB-Map parameter "Icp/PointToPlane"="true" (rosparam)
[INFO] [1772803897.313579251] [rtabmap]: Setting RTAB-Map parameter "Icp/PointToPlaneK"="20" (rosparam)
[INFO] [1772803897.315181127] [rtabmap]: Setting RTAB-Map parameter "Icp/PointToPlaneRadius"="0" (rosparam)
[INFO] [1772803897.315604221] [rtabmap]: Setting RTAB-Map parameter "Icp/RangeMin"="0.3" (rosparam)
[INFO] [1772803897.315860875] [rtabmap]: Setting RTAB-Map parameter "Icp/Strategy"="1" (rosparam)
[INFO] [1772803897.316054741] [rtabmap]: Setting RTAB-Map parameter "Icp/VoxelSize"="0.1" (rosparam)
[INFO] [1772803897.328479490] [rtabmap]: Setting RTAB-Map parameter "Mem/LaserScanNormalK"="20" (rosparam)
[INFO] [1772803897.329315214] [rtabmap]: Setting RTAB-Map parameter "Mem/LaserScanVoxelSize"="0.03" (rosparam)
[INFO] [1772803897.329920398] [rtabmap]: Setting RTAB-Map parameter "Mem/NotLinkedNodesKept"="false" (rosparam)
[INFO] [1772803897.331244947] [rtabmap]: Setting RTAB-Map parameter "Mem/STMSize"="30" (rosparam)
[INFO] [1772803897.338450638] [rtabmap]: Setting RTAB-Map parameter "RGBD/AngularUpdate"="0.05" (rosparam)
[INFO] [1772803897.339840631] [rtabmap]: Setting RTAB-Map parameter "RGBD/CreateOccupancyGrid"="true" (rosparam)
[INFO] [1772803897.341987336] [rtabmap]: Setting RTAB-Map parameter "RGBD/LinearUpdate"="0.05" (rosparam)
[INFO] [1772803897.345456799] [rtabmap]: Setting RTAB-Map parameter "RGBD/ProximityMaxGraphDepth"="0" (rosparam)
[INFO] [1772803897.346794469] [rtabmap]: Setting RTAB-Map parameter "RGBD/ProximityPathMaxNeighbors"="1" (rosparam)
[INFO] [1772803897.347902463] [rtabmap]: Setting RTAB-Map parameter "Reg/Strategy"="1" (rosparam)
[INFO] [1772803897.376312469] [rtabmap]: RTAB-Map detection rate = 1.000000 Hz
[INFO] [1772803897.376895891] [rtabmap]: rtabmap: Deleted database "/root/.ros/rtabmap.db" (--delete_db_on_start or -d are set).
[INFO] [1772803897.376989048] [rtabmap]: rtabmap: Using database from "/root/.ros/rtabmap.db" (0 MB).
[INFO] [1772803897.468190483] [rtabmap]: rtabmap: Database version = "0.22.1".
[INFO] [1772803897.468327835] [rtabmap]: rtabmap: SLAM mode (Mem/IncrementalMemory=true)
[INFO] [1772803897.757625093] [rtabmap]: Setup callbacks
[INFO] [1772803897.758007961] [rtabmap]: rtabmap: subscribe_depth = false
[INFO] [1772803897.758053339] [rtabmap]: rtabmap: subscribe_rgb = false
[INFO] [1772803897.758076508] [rtabmap]: rtabmap: subscribe_stereo = false
[INFO] [1772803897.758096605] [rtabmap]: rtabmap: subscribe_rgbd = false (rgbd_cameras=1)
[INFO] [1772803897.758116030] [rtabmap]: rtabmap: subscribe_sensor_data = false
[INFO] [1772803897.758134655] [rtabmap]: rtabmap: subscribe_odom_info = false
[INFO] [1772803897.758152160] [rtabmap]: rtabmap: subscribe_user_data = false
[INFO] [1772803897.758170273] [rtabmap]: rtabmap: subscribe_scan = false
[INFO] [1772803897.758187810] [rtabmap]: rtabmap: subscribe_scan_cloud = true
[INFO] [1772803897.758205859] [rtabmap]: rtabmap: subscribe_scan_descriptor = false
[INFO] [1772803897.758223428] [rtabmap]: rtabmap: topic_queue_size = 10
[INFO] [1772803897.758240901] [rtabmap]: rtabmap: sync_queue_size  = 200
[INFO] [1772803897.758258022] [rtabmap]: rtabmap: qos_image       = 0
[INFO] [1772803897.758275463] [rtabmap]: rtabmap: qos_camera_info = 0
[INFO] [1772803897.758292360] [rtabmap]: rtabmap: qos_scan        = 0
[INFO] [1772803897.758310185] [rtabmap]: rtabmap: qos_odom        = 0
[INFO] [1772803897.758327401] [rtabmap]: rtabmap: qos_user_data   = 0
[INFO] [1772803897.758346666] [rtabmap]: rtabmap: approx_sync     = true
[INFO] [1772803897.759032175] [rtabmap]: Setup scan callback
[INFO] [1772803897.772702877] [rtabmap]: 
rtabmap subscribed to (approx sync):
   /odom \
   /leo04/livox/lidar
[WARN] [1772803897.804228503] [rtabmap]: There is no image subscription, bag-of-words loop closure detection will be disabled...
[WARN] [1772803897.804360510] [rtabmap]: Setting Kp/MaxFeatures=-1 (bag-of-words disabled)
[WARN] [1772803902.804888344] [rtabmap]: rtabmap: Did not receive data since 5 seconds! Make sure the input topics are published ("$ ros2 topic hz my_topic") and the timestamps in their header are set. If topics are coming from different computers, make sure the clocks of the computers are synchronized ("ntpdate"). Ajusting topic_queue_size (10) and sync_queue_size (200) can also help for better synchronization if framerates and/or delays are different. If topics are not published at the same rate, you could increase "sync_queue_size" and/or "topic_queue_size" parameters (current=200 and 10 respectively).
rtabmap subscribed to (approx sync):
   /odom \
   /leo04/livox/lidar
[WARN] [1772803907.804951001] [rtabmap]: rtabmap: Did not receive data since 5 seconds! Make sure the input topics are published ("$ ros2 topic hz my_topic") and the timestamps in their header are set. If topics are coming from different computers, make sure the clocks of the computers are synchronized ("ntpdate"). Ajusting topic_queue_size (10) and sync_queue_size (200) can also help for better synchronization if framerates and/or delays are different. If topics are not published at the same rate, you could increase "sync_queue_size" and/or "topic_queue_size" parameters (current=200 and 10 respectively).
rtabmap subscribed to (approx sync):
   /odom \
   /leo04/livox/lidar
[INFO] [1772803911.749122369] [rclcpp]: signal_handler(signum=2)
