[INFO] [1772726303.695470025] [rtabmap]: rtabmap(maps): latch                      = false
[INFO] [1772726303.697265196] [rtabmap]: rtabmap(maps): map_filter_radius          = 0.000000
[INFO] [1772726303.697316206] [rtabmap]: rtabmap(maps): map_filter_angle           = 30.000000
[INFO] [1772726303.697344111] [rtabmap]: rtabmap(maps): map_cleanup                = true
[INFO] [1772726303.697361903] [rtabmap]: rtabmap(maps): map_always_update          = false
[INFO] [1772726303.697385072] [rtabmap]: rtabmap(maps): map_empty_ray_tracing      = true
[INFO] [1772726303.697403921] [rtabmap]: rtabmap(maps): cloud_output_voxelized     = true
[INFO] [1772726303.697420850] [rtabmap]: rtabmap(maps): cloud_subtract_filtering   = false
[INFO] [1772726303.697437522] [rtabmap]: rtabmap(maps): cloud_subtract_filtering_min_neighbors = 2
[INFO] [1772726303.697563511] [rtabmap]: rtabmap(maps): octomap_tree_depth         = 16
[INFO] [1772726303.711803529] [rtabmap]: rtabmap: frame_id      = leo04/base_footprint
[INFO] [1772726303.711902445] [rtabmap]: rtabmap: map_frame_id  = map
[INFO] [1772726303.711926830] [rtabmap]: rtabmap: log_to_rosout_level  = 4
[INFO] [1772726303.711952079] [rtabmap]: rtabmap: initial_pose  = 
[INFO] [1772726303.711971983] [rtabmap]: rtabmap: use_action_for_goal  = false
[INFO] [1772726303.711991472] [rtabmap]: rtabmap: tf_delay      = 0.050000
[INFO] [1772726303.712020145] [rtabmap]: rtabmap: tf_tolerance  = 0.100000
[INFO] [1772726303.712049362] [rtabmap]: rtabmap: odom_sensor_sync   = false
[INFO] [1772726303.712069235] [rtabmap]: rtabmap: pub_loc_pose_only_when_localizing = false
[INFO] [1772726303.712087092] [rtabmap]: rtabmap: wait_for_transform = 0.500000
[INFO] [1772726303.712105684] [rtabmap]: rtabmap: gen_scan  = false
[INFO] [1772726303.712122229] [rtabmap]: rtabmap: gen_depth  = false
[INFO] [1772726303.712139446] [rtabmap]: rtabmap: scan_cloud_max_points = 0
[INFO] [1772726303.712156342] [rtabmap]: rtabmap: scan_cloud_is_2d = false
[INFO] [1772726303.723976079] [rtabmap]: Setting RTAB-Map parameter "Grid/CellSize"="0.03" (rosparam)
[INFO] [1772726303.724352861] [rtabmap]: Setting RTAB-Map parameter "Grid/MaxGroundAngle"="45" (rosparam)
[INFO] [1772726303.724421631] [rtabmap]: Setting RTAB-Map parameter "Grid/MaxGroundHeight"="0.1" (rosparam)
[INFO] [1772726303.724485058] [rtabmap]: Setting RTAB-Map parameter "Grid/MaxObstacleHeight"="0.7" (rosparam)
[INFO] [1772726303.724579333] [rtabmap]: Setting RTAB-Map parameter "Grid/MinGroundHeight"="-0.1" (rosparam)
[INFO] [1772726303.724749515] [rtabmap]: Setting RTAB-Map parameter "Grid/RangeMax"="3.0" (rosparam)
[INFO] [1772726303.724810702] [rtabmap]: Setting RTAB-Map parameter "Grid/RangeMin"="0.7" (rosparam)
[INFO] [1772726303.724869552] [rtabmap]: Setting RTAB-Map parameter "Grid/RayTracing"="false" (rosparam)
[INFO] [1772726303.724977844] [rtabmap]: Setting RTAB-Map parameter "Grid/Sensor"="0" (rosparam)
[INFO] [1772726303.725392515] [rtabmap]: Setting RTAB-Map parameter "Icp/CorrespondenceRatio"="0.2" (rosparam)
[INFO] [1772726303.725516072] [rtabmap]: Setting RTAB-Map parameter "Icp/Epsilon"="0.001" (rosparam)
[INFO] [1772726303.725626924] [rtabmap]: Setting RTAB-Map parameter "Icp/Iterations"="10" (rosparam)
[INFO] [1772726303.725685006] [rtabmap]: Setting RTAB-Map parameter "Icp/MaxCorrespondenceDistance"="1" (rosparam)
[INFO] [1772726303.725768401] [rtabmap]: Setting RTAB-Map parameter "Icp/MaxTranslation"="3" (rosparam)
[INFO] [1772726303.725833300] [rtabmap]: Setting RTAB-Map parameter "Icp/OutlierRatio"="0.7" (rosparam)
[INFO] [1772726303.725997530] [rtabmap]: Setting RTAB-Map parameter "Icp/PointToPlane"="true" (rosparam)
[INFO] [1772726303.726087709] [rtabmap]: Setting RTAB-Map parameter "Icp/PointToPlaneK"="20" (rosparam)
[INFO] [1772726303.726200385] [rtabmap]: Setting RTAB-Map parameter "Icp/PointToPlaneRadius"="0" (rosparam)
[INFO] [1772726303.726276420] [rtabmap]: Setting RTAB-Map parameter "Icp/RangeMin"="0.3" (rosparam)
[INFO] [1772726303.726363912] [rtabmap]: Setting RTAB-Map parameter "Icp/Strategy"="1" (rosparam)
[INFO] [1772726303.726456491] [rtabmap]: Setting RTAB-Map parameter "Icp/VoxelSize"="0.1" (rosparam)
[INFO] [1772726303.727933858] [rtabmap]: Setting RTAB-Map parameter "Mem/LaserScanNormalK"="20" (rosparam)
[INFO] [1772726303.728022341] [rtabmap]: Setting RTAB-Map parameter "Mem/LaserScanVoxelSize"="0.03" (rosparam)
[INFO] [1772726303.728128649] [rtabmap]: Setting RTAB-Map parameter "Mem/NotLinkedNodesKept"="false" (rosparam)
[INFO] [1772726303.728357298] [rtabmap]: Setting RTAB-Map parameter "Mem/STMSize"="30" (rosparam)
[INFO] [1772726303.729115854] [rtabmap]: Setting RTAB-Map parameter "RGBD/AngularUpdate"="0.05" (rosparam)
[INFO] [1772726303.729183953] [rtabmap]: Setting RTAB-Map parameter "RGBD/CreateOccupancyGrid"="true" (rosparam)
[INFO] [1772726303.729385464] [rtabmap]: Setting RTAB-Map parameter "RGBD/LinearUpdate"="0.05" (rosparam)
[INFO] [1772726303.729971662] [rtabmap]: Setting RTAB-Map parameter "RGBD/ProximityMaxGraphDepth"="0" (rosparam)
[INFO] [1772726303.730110003] [rtabmap]: Setting RTAB-Map parameter "RGBD/ProximityPathMaxNeighbors"="1" (rosparam)
[INFO] [1772726303.730292602] [rtabmap]: Setting RTAB-Map parameter "Reg/Strategy"="1" (rosparam)
[INFO] [1772726303.733547763] [rtabmap]: RTAB-Map detection rate = 1.000000 Hz
[INFO] [1772726303.733940674] [rtabmap]: rtabmap: Deleted database "/root/.ros/rtabmap.db" (--delete_db_on_start or -d are set).
[INFO] [1772726303.734012740] [rtabmap]: rtabmap: Using database from "/root/.ros/rtabmap.db" (0 MB).
[INFO] [1772726303.802076491] [rtabmap]: rtabmap: Database version = "0.22.1".
[INFO] [1772726303.802229649] [rtabmap]: rtabmap: SLAM mode (Mem/IncrementalMemory=true)
[INFO] [1772726303.814350740] [rtabmap]: Setup callbacks
[INFO] [1772726303.815814059] [rtabmap]: rtabmap: subscribe_depth = false
[INFO] [1772726303.815867501] [rtabmap]: rtabmap: subscribe_rgb = false
[INFO] [1772726303.815896046] [rtabmap]: rtabmap: subscribe_stereo = false
[INFO] [1772726303.815921391] [rtabmap]: rtabmap: subscribe_rgbd = false (rgbd_cameras=1)
[INFO] [1772726303.815965617] [rtabmap]: rtabmap: subscribe_sensor_data = false
[INFO] [1772726303.815993362] [rtabmap]: rtabmap: subscribe_odom_info = false
[INFO] [1772726303.816017458] [rtabmap]: rtabmap: subscribe_user_data = false
[INFO] [1772726303.816041235] [rtabmap]: rtabmap: subscribe_scan = false
[INFO] [1772726303.816065300] [rtabmap]: rtabmap: subscribe_scan_cloud = true
[INFO] [1772726303.816088469] [rtabmap]: rtabmap: subscribe_scan_descriptor = false
[INFO] [1772726303.816112662] [rtabmap]: rtabmap: topic_queue_size = 10
[INFO] [1772726303.816136311] [rtabmap]: rtabmap: sync_queue_size  = 200
[INFO] [1772726303.816160216] [rtabmap]: rtabmap: qos_image       = 0
[INFO] [1772726303.816184409] [rtabmap]: rtabmap: qos_camera_info = 0
[INFO] [1772726303.816208026] [rtabmap]: rtabmap: qos_scan        = 0
[INFO] [1772726303.816231866] [rtabmap]: rtabmap: qos_odom        = 0
[INFO] [1772726303.816254875] [rtabmap]: rtabmap: qos_user_data   = 0
[INFO] [1772726303.816278460] [rtabmap]: rtabmap: approx_sync     = true
[INFO] [1772726303.816319934] [rtabmap]: Setup scan callback
[INFO] [1772726303.818767865] [rtabmap]: 
rtabmap subscribed to (approx sync):
   /odom \
   /leo04/livox/lidar
[WARN] [1772726303.821846732] [rtabmap]: There is no image subscription, bag-of-words loop closure detection will be disabled...
[WARN] [1772726303.821942671] [rtabmap]: Setting Kp/MaxFeatures=-1 (bag-of-words disabled)
[WARN] [1772726308.822312261] [rtabmap]: rtabmap: Did not receive data since 5 seconds! Make sure the input topics are published ("$ ros2 topic hz my_topic") and the timestamps in their header are set. If topics are coming from different computers, make sure the clocks of the computers are synchronized ("ntpdate"). Ajusting topic_queue_size (10) and sync_queue_size (200) can also help for better synchronization if framerates and/or delays are different. If topics are not published at the same rate, you could increase "sync_queue_size" and/or "topic_queue_size" parameters (current=200 and 10 respectively).
rtabmap subscribed to (approx sync):
   /odom \
   /leo04/livox/lidar
[WARN] [1772726313.822355534] [rtabmap]: rtabmap: Did not receive data since 5 seconds! Make sure the input topics are published ("$ ros2 topic hz my_topic") and the timestamps in their header are set. If topics are coming from different computers, make sure the clocks of the computers are synchronized ("ntpdate"). Ajusting topic_queue_size (10) and sync_queue_size (200) can also help for better synchronization if framerates and/or delays are different. If topics are not published at the same rate, you could increase "sync_queue_size" and/or "topic_queue_size" parameters (current=200 and 10 respectively).
rtabmap subscribed to (approx sync):
   /odom \
   /leo04/livox/lidar
[WARN] [1772726318.822607872] [rtabmap]: rtabmap: Did not receive data since 5 seconds! Make sure the input topics are published ("$ ros2 topic hz my_topic") and the timestamps in their header are set. If topics are coming from different computers, make sure the clocks of the computers are synchronized ("ntpdate"). Ajusting topic_queue_size (10) and sync_queue_size (200) can also help for better synchronization if framerates and/or delays are different. If topics are not published at the same rate, you could increase "sync_queue_size" and/or "topic_queue_size" parameters (current=200 and 10 respectively).
rtabmap subscribed to (approx sync):
   /odom \
   /leo04/livox/lidar
[WARN] [1772726323.822706444] [rtabmap]: rtabmap: Did not receive data since 5 seconds! Make sure the input topics are published ("$ ros2 topic hz my_topic") and the timestamps in their header are set. If topics are coming from different computers, make sure the clocks of the computers are synchronized ("ntpdate"). Ajusting topic_queue_size (10) and sync_queue_size (200) can also help for better synchronization if framerates and/or delays are different. If topics are not published at the same rate, you could increase "sync_queue_size" and/or "topic_queue_size" parameters (current=200 and 10 respectively).
rtabmap subscribed to (approx sync):
   /odom \
   /leo04/livox/lidar
[WARN] [1772726328.822975550] [rtabmap]: rtabmap: Did not receive data since 5 seconds! Make sure the input topics are published ("$ ros2 topic hz my_topic") and the timestamps in their header are set. If topics are coming from different computers, make sure the clocks of the computers are synchronized ("ntpdate"). Ajusting topic_queue_size (10) and sync_queue_size (200) can also help for better synchronization if framerates and/or delays are different. If topics are not published at the same rate, you could increase "sync_queue_size" and/or "topic_queue_size" parameters (current=200 and 10 respectively).
rtabmap subscribed to (approx sync):
   /odom \
   /leo04/livox/lidar
[INFO] [1772726329.721556536] [rclcpp]: signal_handler(signum=2)
