[INFO] [1770986164.756397717] [rtabmap]: rtabmap(maps): latch                      = false
[INFO] [1770986164.757175688] [rtabmap]: rtabmap(maps): map_filter_radius          = 0.000000
[INFO] [1770986164.757290987] [rtabmap]: rtabmap(maps): map_filter_angle           = 30.000000
[INFO] [1770986164.757326124] [rtabmap]: rtabmap(maps): map_cleanup                = true
[INFO] [1770986164.757346733] [rtabmap]: rtabmap(maps): map_always_update          = false
[INFO] [1770986164.757373133] [rtabmap]: rtabmap(maps): map_empty_ray_tracing      = true
[INFO] [1770986164.757407342] [rtabmap]: rtabmap(maps): cloud_output_voxelized     = true
[INFO] [1770986164.757428879] [rtabmap]: rtabmap(maps): cloud_subtract_filtering   = false
[INFO] [1770986164.757448239] [rtabmap]: rtabmap(maps): cloud_subtract_filtering_min_neighbors = 2
[INFO] [1770986164.757613588] [rtabmap]: rtabmap(maps): octomap_tree_depth         = 16
[INFO] [1770986164.780813055] [rtabmap]: rtabmap: frame_id      = leo04/base_footprint
[INFO] [1770986164.781407630] [rtabmap]: rtabmap: map_frame_id  = map
[INFO] [1770986164.781437487] [rtabmap]: rtabmap: log_to_rosout_level  = 4
[INFO] [1770986164.781459599] [rtabmap]: rtabmap: initial_pose  = 
[INFO] [1770986164.781479376] [rtabmap]: rtabmap: use_action_for_goal  = false
[INFO] [1770986164.781511888] [rtabmap]: rtabmap: tf_delay      = 0.050000
[INFO] [1770986164.781545361] [rtabmap]: rtabmap: tf_tolerance  = 0.100000
[INFO] [1770986164.781610803] [rtabmap]: rtabmap: odom_sensor_sync   = false
[INFO] [1770986164.781639828] [rtabmap]: rtabmap: pub_loc_pose_only_when_localizing = false
[INFO] [1770986164.781662740] [rtabmap]: rtabmap: wait_for_transform = 0.500000
[INFO] [1770986164.781687157] [rtabmap]: rtabmap: gen_scan  = false
[INFO] [1770986164.781720854] [rtabmap]: rtabmap: gen_depth  = false
[INFO] [1770986164.781742518] [rtabmap]: rtabmap: scan_cloud_max_points = 0
[INFO] [1770986164.781763159] [rtabmap]: rtabmap: scan_cloud_is_2d = false
[INFO] [1770986164.798962442] [rtabmap]: Setting RTAB-Map parameter "Grid/CellSize"="0.03" (rosparam)
[INFO] [1770986164.799521080] [rtabmap]: Setting RTAB-Map parameter "Grid/MaxGroundAngle"="45" (rosparam)
[INFO] [1770986164.799644443] [rtabmap]: Setting RTAB-Map parameter "Grid/MaxGroundHeight"="0.1" (rosparam)
[INFO] [1770986164.799731326] [rtabmap]: Setting RTAB-Map parameter "Grid/MaxObstacleHeight"="0.7" (rosparam)
[INFO] [1770986164.799843232] [rtabmap]: Setting RTAB-Map parameter "Grid/MinGroundHeight"="-0.1" (rosparam)
[INFO] [1770986164.800103335] [rtabmap]: Setting RTAB-Map parameter "Grid/RangeMax"="3.0" (rosparam)
[INFO] [1770986164.800229226] [rtabmap]: Setting RTAB-Map parameter "Grid/RangeMin"="0.5" (rosparam)
[INFO] [1770986164.800326477] [rtabmap]: Setting RTAB-Map parameter "Grid/RayTracing"="false" (rosparam)
[INFO] [1770986164.800557331] [rtabmap]: Setting RTAB-Map parameter "Grid/Sensor"="0" (rosparam)
[INFO] [1770986164.801133345] [rtabmap]: Setting RTAB-Map parameter "Icp/CorrespondenceRatio"="0.2" (rosparam)
[INFO] [1770986164.801354183] [rtabmap]: Setting RTAB-Map parameter "Icp/Epsilon"="0.001" (rosparam)
[INFO] [1770986164.801481898] [rtabmap]: Setting RTAB-Map parameter "Icp/Iterations"="10" (rosparam)
[INFO] [1770986164.801555468] [rtabmap]: Setting RTAB-Map parameter "Icp/MaxCorrespondenceDistance"="1" (rosparam)
[INFO] [1770986164.801649038] [rtabmap]: Setting RTAB-Map parameter "Icp/MaxTranslation"="3" (rosparam)
[INFO] [1770986164.801702544] [rtabmap]: Setting RTAB-Map parameter "Icp/OutlierRatio"="0.7" (rosparam)
[INFO] [1770986164.801886932] [rtabmap]: Setting RTAB-Map parameter "Icp/PointToPlane"="true" (rosparam)
[INFO] [1770986164.802021752] [rtabmap]: Setting RTAB-Map parameter "Icp/PointToPlaneK"="20" (rosparam)
[INFO] [1770986164.802154171] [rtabmap]: Setting RTAB-Map parameter "Icp/PointToPlaneRadius"="0" (rosparam)
[INFO] [1770986164.802298623] [rtabmap]: Setting RTAB-Map parameter "Icp/RangeMin"="0.3" (rosparam)
[INFO] [1770986164.802409377] [rtabmap]: Setting RTAB-Map parameter "Icp/Strategy"="1" (rosparam)
[INFO] [1770986164.802468163] [rtabmap]: Setting RTAB-Map parameter "Icp/VoxelSize"="0.1" (rosparam)
[INFO] [1770986164.806436359] [rtabmap]: Setting RTAB-Map parameter "Mem/LaserScanNormalK"="20" (rosparam)
[INFO] [1770986164.806656109] [rtabmap]: Setting RTAB-Map parameter "Mem/LaserScanVoxelSize"="0.03" (rosparam)
[INFO] [1770986164.806827121] [rtabmap]: Setting RTAB-Map parameter "Mem/NotLinkedNodesKept"="false" (rosparam)
[INFO] [1770986164.808384025] [rtabmap]: Setting RTAB-Map parameter "Mem/STMSize"="30" (rosparam)
[INFO] [1770986164.812427615] [rtabmap]: Setting RTAB-Map parameter "RGBD/AngularUpdate"="0.05" (rosparam)
[INFO] [1770986164.812620644] [rtabmap]: Setting RTAB-Map parameter "RGBD/CreateOccupancyGrid"="true" (rosparam)
[INFO] [1770986164.813619773] [rtabmap]: Setting RTAB-Map parameter "RGBD/LinearUpdate"="0.05" (rosparam)
[INFO] [1770986164.815695538] [rtabmap]: Setting RTAB-Map parameter "RGBD/ProximityMaxGraphDepth"="0" (rosparam)
[INFO] [1770986164.815904951] [rtabmap]: Setting RTAB-Map parameter "RGBD/ProximityPathMaxNeighbors"="1" (rosparam)
[INFO] [1770986164.816338466] [rtabmap]: Setting RTAB-Map parameter "Reg/Strategy"="1" (rosparam)
[INFO] [1770986164.824222378] [rtabmap]: RTAB-Map detection rate = 1.000000 Hz
[INFO] [1770986164.841584289] [rtabmap]: rtabmap: Deleted database "/root/.ros/rtabmap.db" (--delete_db_on_start or -d are set).
[INFO] [1770986164.841720580] [rtabmap]: rtabmap: Using database from "/root/.ros/rtabmap.db" (0 MB).
[INFO] [1770986164.907277600] [rtabmap]: rtabmap: Database version = "0.22.1".
[INFO] [1770986164.907390659] [rtabmap]: rtabmap: SLAM mode (Mem/IncrementalMemory=true)
[INFO] [1770986164.920668403] [rtabmap]: Setup callbacks
[INFO] [1770986164.922080215] [rtabmap]: rtabmap: subscribe_depth = false
[INFO] [1770986164.923008494] [rtabmap]: rtabmap: subscribe_rgb = false
[INFO] [1770986164.923048591] [rtabmap]: rtabmap: subscribe_stereo = false
[INFO] [1770986164.923076592] [rtabmap]: rtabmap: subscribe_rgbd = false (rgbd_cameras=1)
[INFO] [1770986164.923122833] [rtabmap]: rtabmap: subscribe_sensor_data = false
[INFO] [1770986164.923155058] [rtabmap]: rtabmap: subscribe_odom_info = false
[INFO] [1770986164.923181490] [rtabmap]: rtabmap: subscribe_user_data = false
[INFO] [1770986164.923205331] [rtabmap]: rtabmap: subscribe_scan = false
[INFO] [1770986164.923229108] [rtabmap]: rtabmap: subscribe_scan_cloud = true
[INFO] [1770986164.923252212] [rtabmap]: rtabmap: subscribe_scan_descriptor = false
[INFO] [1770986164.923274133] [rtabmap]: rtabmap: topic_queue_size = 10
[INFO] [1770986164.923296757] [rtabmap]: rtabmap: sync_queue_size  = 200
[INFO] [1770986164.923319830] [rtabmap]: rtabmap: qos_image       = 0
[INFO] [1770986164.923343159] [rtabmap]: rtabmap: qos_camera_info = 0
[INFO] [1770986164.923365463] [rtabmap]: rtabmap: qos_scan        = 0
[INFO] [1770986164.923387576] [rtabmap]: rtabmap: qos_odom        = 0
[INFO] [1770986164.923410328] [rtabmap]: rtabmap: qos_user_data   = 0
[INFO] [1770986164.923432601] [rtabmap]: rtabmap: approx_sync     = true
[INFO] [1770986164.923481402] [rtabmap]: Setup scan callback
[INFO] [1770986164.925947609] [rtabmap]: 
rtabmap subscribed to (approx sync):
   /odom \
   /leo04/livox/lidar
[WARN] [1770986164.928934820] [rtabmap]: There is no image subscription, bag-of-words loop closure detection will be disabled...
[WARN] [1770986164.929030695] [rtabmap]: Setting Kp/MaxFeatures=-1 (bag-of-words disabled)
[INFO] [1770986164.969572521] [rtabmap]: rtabmap (0): Rate=1.00s, Limit=0.000s, Conversion=0.0007s, RTAB-Map=0.0002s, Maps update=0.0000s pub=0.0000s delay=0.1194s (local map=0, WM=0)
[INFO] [1770986166.067566522] [rtabmap]: rtabmap (0): Rate=1.00s, Limit=0.000s, Conversion=0.0009s, RTAB-Map=0.0002s, Maps update=0.0000s pub=0.0000s delay=0.1175s (local map=0, WM=0)
[INFO] [1770986167.167753347] [rtabmap]: rtabmap (0): Rate=1.00s, Limit=0.000s, Conversion=0.0005s, RTAB-Map=0.0001s, Maps update=0.0000s pub=0.0000s delay=0.1177s (local map=0, WM=0)
[INFO] [1770986168.173329676] [rtabmap]: rtabmap (0): Rate=1.00s, Limit=0.000s, Conversion=0.0008s, RTAB-Map=0.0001s, Maps update=0.0000s pub=0.0000s delay=0.1231s (local map=0, WM=0)
[INFO] [1770986169.268951768] [rtabmap]: rtabmap (0): Rate=1.00s, Limit=0.000s, Conversion=0.0005s, RTAB-Map=0.0001s, Maps update=0.0000s pub=0.0000s delay=0.1189s (local map=0, WM=0)
[INFO] [1770986170.370361644] [rtabmap]: rtabmap (0): Rate=1.00s, Limit=0.000s, Conversion=0.0005s, RTAB-Map=0.0001s, Maps update=0.0000s pub=0.0000s delay=0.1203s (local map=0, WM=0)
[INFO] [1770986171.554218860] [rtabmap]: rtabmap (1): Rate=1.00s, Limit=0.000s, Conversion=0.0006s, RTAB-Map=0.0789s, Maps update=0.0020s pub=0.0021s delay=0.2041s (local map=1, WM=1)
[INFO] [1770986172.471814042] [rtabmap]: rtabmap (1): Rate=1.00s, Limit=0.000s, Conversion=0.0006s, RTAB-Map=0.0002s, Maps update=0.0000s pub=0.0000s delay=0.1216s (local map=1, WM=1)
[INFO] [1770986173.572964485] [rtabmap]: rtabmap (1): Rate=1.00s, Limit=0.000s, Conversion=0.0005s, RTAB-Map=0.0001s, Maps update=0.0000s pub=0.0000s delay=0.1226s (local map=1, WM=1)
[INFO] [1770986174.676314557] [rtabmap]: rtabmap (1): Rate=1.00s, Limit=0.000s, Conversion=0.0005s, RTAB-Map=0.0001s, Maps update=0.0000s pub=0.0000s delay=0.1261s (local map=1, WM=1)
[INFO] [1770986175.777729585] [rtabmap]: rtabmap (1): Rate=1.00s, Limit=0.000s, Conversion=0.0009s, RTAB-Map=0.0001s, Maps update=0.0000s pub=0.0000s delay=0.1277s (local map=1, WM=1)
[INFO] [1770986176.773248045] [rtabmap]: rtabmap (1): Rate=1.00s, Limit=0.000s, Conversion=0.0009s, RTAB-Map=0.0001s, Maps update=0.0000s pub=0.0000s delay=0.1230s (local map=1, WM=1)
[INFO] [1770986177.872570137] [rtabmap]: rtabmap (1): Rate=1.00s, Limit=0.000s, Conversion=0.0005s, RTAB-Map=0.0002s, Maps update=0.0000s pub=0.0000s delay=0.1224s (local map=1, WM=1)
[INFO] [1770986178.971591515] [rtabmap]: rtabmap (1): Rate=1.00s, Limit=0.000s, Conversion=0.0005s, RTAB-Map=0.0001s, Maps update=0.0000s pub=0.0000s delay=0.1214s (local map=1, WM=1)
[INFO] [1770986180.072582369] [rtabmap]: rtabmap (1): Rate=1.00s, Limit=0.000s, Conversion=0.0005s, RTAB-Map=0.0001s, Maps update=0.0000s pub=0.0000s delay=0.1225s (local map=1, WM=1)
[INFO] [1770986181.071592118] [rtabmap]: rtabmap (1): Rate=1.00s, Limit=0.000s, Conversion=0.0006s, RTAB-Map=0.0001s, Maps update=0.0000s pub=0.0000s delay=0.1214s (local map=1, WM=1)
[INFO] [1770986182.174045294] [rtabmap]: rtabmap (1): Rate=1.00s, Limit=0.000s, Conversion=0.0005s, RTAB-Map=0.0001s, Maps update=0.0000s pub=0.0000s delay=0.1247s (local map=1, WM=1)
[INFO] [1770986183.171990815] [rtabmap]: rtabmap (1): Rate=1.00s, Limit=0.000s, Conversion=0.0005s, RTAB-Map=0.0001s, Maps update=0.0000s pub=0.0000s delay=0.1226s (local map=1, WM=1)
[INFO] [1770986184.172757617] [rtabmap]: rtabmap (1): Rate=1.00s, Limit=0.000s, Conversion=0.0011s, RTAB-Map=0.0001s, Maps update=0.0000s pub=0.0000s delay=0.1227s (local map=1, WM=1)
[INFO] [1770986185.172952623] [rtabmap]: rtabmap (1): Rate=1.00s, Limit=0.000s, Conversion=0.0008s, RTAB-Map=0.0001s, Maps update=0.0000s pub=0.0000s delay=0.1229s (local map=1, WM=1)
[INFO] [1770986186.272328509] [rtabmap]: rtabmap (1): Rate=1.00s, Limit=0.000s, Conversion=0.0009s, RTAB-Map=0.0001s, Maps update=0.0000s pub=0.0000s delay=0.1222s (local map=1, WM=1)
[INFO] [1770986187.092868677] [rclcpp]: signal_handler(signum=2)
