[INFO] [1772726266.873123809] [rtabmap]: rtabmap(maps): latch                      = false
[INFO] [1772726266.875350265] [rtabmap]: rtabmap(maps): map_filter_radius          = 0.000000
[INFO] [1772726266.875409979] [rtabmap]: rtabmap(maps): map_filter_angle           = 30.000000
[INFO] [1772726266.875439356] [rtabmap]: rtabmap(maps): map_cleanup                = true
[INFO] [1772726266.875459069] [rtabmap]: rtabmap(maps): map_always_update          = false
[INFO] [1772726266.875484606] [rtabmap]: rtabmap(maps): map_empty_ray_tracing      = true
[INFO] [1772726266.875504479] [rtabmap]: rtabmap(maps): cloud_output_voxelized     = true
[INFO] [1772726266.875522336] [rtabmap]: rtabmap(maps): cloud_subtract_filtering   = false
[INFO] [1772726266.875539488] [rtabmap]: rtabmap(maps): cloud_subtract_filtering_min_neighbors = 2
[INFO] [1772726266.875655845] [rtabmap]: rtabmap(maps): octomap_tree_depth         = 16
[INFO] [1772726266.890113982] [rtabmap]: rtabmap: frame_id      = leo04/base_footprint
[INFO] [1772726266.892578943] [rtabmap]: rtabmap: map_frame_id  = map
[INFO] [1772726266.892624801] [rtabmap]: rtabmap: log_to_rosout_level  = 4
[INFO] [1772726266.892647554] [rtabmap]: rtabmap: initial_pose  = 
[INFO] [1772726266.892667171] [rtabmap]: rtabmap: use_action_for_goal  = false
[INFO] [1772726266.892686339] [rtabmap]: rtabmap: tf_delay      = 0.050000
[INFO] [1772726266.892714596] [rtabmap]: rtabmap: tf_tolerance  = 0.100000
[INFO] [1772726266.892752134] [rtabmap]: rtabmap: odom_sensor_sync   = false
[INFO] [1772726266.892770951] [rtabmap]: rtabmap: pub_loc_pose_only_when_localizing = false
[INFO] [1772726266.892786535] [rtabmap]: rtabmap: wait_for_transform = 0.500000
[INFO] [1772726266.892803272] [rtabmap]: rtabmap: gen_scan  = false
[INFO] [1772726266.892819081] [rtabmap]: rtabmap: gen_depth  = false
[INFO] [1772726266.892834441] [rtabmap]: rtabmap: scan_cloud_max_points = 0
[INFO] [1772726266.892849290] [rtabmap]: rtabmap: scan_cloud_is_2d = false
[INFO] [1772726266.905834729] [rtabmap]: Setting RTAB-Map parameter "Grid/CellSize"="0.03" (rosparam)
[INFO] [1772726266.906185879] [rtabmap]: Setting RTAB-Map parameter "Grid/MaxGroundAngle"="45" (rosparam)
[INFO] [1772726266.906248089] [rtabmap]: Setting RTAB-Map parameter "Grid/MaxGroundHeight"="0.1" (rosparam)
[INFO] [1772726266.906303227] [rtabmap]: Setting RTAB-Map parameter "Grid/MaxObstacleHeight"="0.7" (rosparam)
[INFO] [1772726266.906385919] [rtabmap]: Setting RTAB-Map parameter "Grid/MinGroundHeight"="-0.1" (rosparam)
[INFO] [1772726266.906605191] [rtabmap]: Setting RTAB-Map parameter "Grid/RangeMax"="3.0" (rosparam)
[INFO] [1772726266.906670346] [rtabmap]: Setting RTAB-Map parameter "Grid/RangeMin"="0.7" (rosparam)
[INFO] [1772726266.906737740] [rtabmap]: Setting RTAB-Map parameter "Grid/RayTracing"="false" (rosparam)
[INFO] [1772726266.906857873] [rtabmap]: Setting RTAB-Map parameter "Grid/Sensor"="0" (rosparam)
[INFO] [1772726266.907253217] [rtabmap]: Setting RTAB-Map parameter "Icp/CorrespondenceRatio"="0.2" (rosparam)
[INFO] [1772726266.907380902] [rtabmap]: Setting RTAB-Map parameter "Icp/Epsilon"="0.001" (rosparam)
[INFO] [1772726266.907503499] [rtabmap]: Setting RTAB-Map parameter "Icp/Iterations"="10" (rosparam)
[INFO] [1772726266.907559725] [rtabmap]: Setting RTAB-Map parameter "Icp/MaxCorrespondenceDistance"="1" (rosparam)
[INFO] [1772726266.907627119] [rtabmap]: Setting RTAB-Map parameter "Icp/MaxTranslation"="3" (rosparam)
[INFO] [1772726266.907682898] [rtabmap]: Setting RTAB-Map parameter "Icp/OutlierRatio"="0.7" (rosparam)
[INFO] [1772726266.907814935] [rtabmap]: Setting RTAB-Map parameter "Icp/PointToPlane"="true" (rosparam)
[INFO] [1772726266.907892730] [rtabmap]: Setting RTAB-Map parameter "Icp/PointToPlaneK"="20" (rosparam)
[INFO] [1772726266.907992222] [rtabmap]: Setting RTAB-Map parameter "Icp/PointToPlaneRadius"="0" (rosparam)
[INFO] [1772726266.908059328] [rtabmap]: Setting RTAB-Map parameter "Icp/RangeMin"="0.3" (rosparam)
[INFO] [1772726266.908133667] [rtabmap]: Setting RTAB-Map parameter "Icp/Strategy"="1" (rosparam)
[INFO] [1772726266.908180933] [rtabmap]: Setting RTAB-Map parameter "Icp/VoxelSize"="0.1" (rosparam)
[INFO] [1772726266.909612734] [rtabmap]: Setting RTAB-Map parameter "Mem/LaserScanNormalK"="20" (rosparam)
[INFO] [1772726266.909707265] [rtabmap]: Setting RTAB-Map parameter "Mem/LaserScanVoxelSize"="0.03" (rosparam)
[INFO] [1772726266.909803557] [rtabmap]: Setting RTAB-Map parameter "Mem/NotLinkedNodesKept"="false" (rosparam)
[INFO] [1772726266.910008685] [rtabmap]: Setting RTAB-Map parameter "Mem/STMSize"="30" (rosparam)
[INFO] [1772726266.910733738] [rtabmap]: Setting RTAB-Map parameter "RGBD/AngularUpdate"="0.05" (rosparam)
[INFO] [1772726266.910792524] [rtabmap]: Setting RTAB-Map parameter "RGBD/CreateOccupancyGrid"="true" (rosparam)
[INFO] [1772726266.910974163] [rtabmap]: Setting RTAB-Map parameter "RGBD/LinearUpdate"="0.05" (rosparam)
[INFO] [1772726266.911577547] [rtabmap]: Setting RTAB-Map parameter "RGBD/ProximityMaxGraphDepth"="0" (rosparam)
[INFO] [1772726266.911743889] [rtabmap]: Setting RTAB-Map parameter "RGBD/ProximityPathMaxNeighbors"="1" (rosparam)
[INFO] [1772726266.911900408] [rtabmap]: Setting RTAB-Map parameter "Reg/Strategy"="1" (rosparam)
[INFO] [1772726266.917735709] [rtabmap]: RTAB-Map detection rate = 1.000000 Hz
[INFO] [1772726266.918276595] [rtabmap]: rtabmap: Deleted database "/root/.ros/rtabmap.db" (--delete_db_on_start or -d are set).
[INFO] [1772726266.918354614] [rtabmap]: rtabmap: Using database from "/root/.ros/rtabmap.db" (0 MB).
[INFO] [1772726266.990168737] [rtabmap]: rtabmap: Database version = "0.22.1".
[INFO] [1772726266.990305702] [rtabmap]: rtabmap: SLAM mode (Mem/IncrementalMemory=true)
[INFO] [1772726267.014571585] [rtabmap]: Setup callbacks
[INFO] [1772726267.017478420] [rtabmap]: rtabmap: subscribe_depth = false
[INFO] [1772726267.019578854] [rtabmap]: rtabmap: subscribe_rgb = false
[INFO] [1772726267.019623496] [rtabmap]: rtabmap: subscribe_stereo = false
[INFO] [1772726267.019662825] [rtabmap]: rtabmap: subscribe_rgbd = false (rgbd_cameras=1)
[INFO] [1772726267.019709643] [rtabmap]: rtabmap: subscribe_sensor_data = false
[INFO] [1772726267.019733356] [rtabmap]: rtabmap: subscribe_odom_info = false
[INFO] [1772726267.019753709] [rtabmap]: rtabmap: subscribe_user_data = false
[INFO] [1772726267.019773166] [rtabmap]: rtabmap: subscribe_scan = false
[INFO] [1772726267.019796783] [rtabmap]: rtabmap: subscribe_scan_cloud = true
[INFO] [1772726267.019817360] [rtabmap]: rtabmap: subscribe_scan_descriptor = false
[INFO] [1772726267.019837360] [rtabmap]: rtabmap: topic_queue_size = 10
[INFO] [1772726267.019856337] [rtabmap]: rtabmap: sync_queue_size  = 200
[INFO] [1772726267.019875474] [rtabmap]: rtabmap: qos_image       = 0
[INFO] [1772726267.019894963] [rtabmap]: rtabmap: qos_camera_info = 0
[INFO] [1772726267.019914675] [rtabmap]: rtabmap: qos_scan        = 0
[INFO] [1772726267.019934068] [rtabmap]: rtabmap: qos_odom        = 0
[INFO] [1772726267.019953237] [rtabmap]: rtabmap: qos_user_data   = 0
[INFO] [1772726267.019972054] [rtabmap]: rtabmap: approx_sync     = true
[INFO] [1772726267.020016407] [rtabmap]: Setup scan callback
[INFO] [1772726267.028002002] [rtabmap]: 
rtabmap subscribed to (approx sync):
   /odom \
   /leo04/livox/lidar
[WARN] [1772726267.032685450] [rtabmap]: There is no image subscription, bag-of-words loop closure detection will be disabled...
[WARN] [1772726267.032927700] [rtabmap]: Setting Kp/MaxFeatures=-1 (bag-of-words disabled)
[INFO] [1772726267.103929246] [rtabmap]: rtabmap (0): Rate=1.00s, Limit=0.000s, Conversion=0.0004s, RTAB-Map=0.0001s, Maps update=0.0000s pub=0.0000s delay=0.0084s (local map=0, WM=0)
[INFO] [1772726267.856197802] [rclcpp]: signal_handler(signum=2)
