[INFO] [1718656401.449155643] [rtabmap]: rtabmap(maps): latch                      = false
[INFO] [1718656401.450132351] [rtabmap]: rtabmap(maps): map_filter_radius          = 0.000000
[INFO] [1718656401.450182401] [rtabmap]: rtabmap(maps): map_filter_angle           = 30.000000
[INFO] [1718656401.450202913] [rtabmap]: rtabmap(maps): map_cleanup                = true
[INFO] [1718656401.450215650] [rtabmap]: rtabmap(maps): map_always_update          = false
[INFO] [1718656401.450226050] [rtabmap]: rtabmap(maps): map_empty_ray_tracing      = true
[INFO] [1718656401.450235779] [rtabmap]: rtabmap(maps): cloud_output_voxelized     = true
[INFO] [1718656401.450251875] [rtabmap]: rtabmap(maps): cloud_subtract_filtering   = false
[INFO] [1718656401.450262436] [rtabmap]: rtabmap(maps): cloud_subtract_filtering_min_neighbors = 2
[INFO] [1718656401.450376648] [rtabmap]: rtabmap(maps): octomap_tree_depth         = 16
[INFO] [1718656401.499141354] [rtabmap]: rtabmap: frame_id      = leo04/base_footprint
[INFO] [1718656401.499238253] [rtabmap]: rtabmap: map_frame_id  = map
[INFO] [1718656401.499258254] [rtabmap]: rtabmap: log_to_rosout_level  = 4
[INFO] [1718656401.499272047] [rtabmap]: rtabmap: initial_pose  = 
[INFO] [1718656401.499285007] [rtabmap]: rtabmap: use_action_for_goal  = false
[INFO] [1718656401.499297392] [rtabmap]: rtabmap: tf_delay      = 0.050000
[INFO] [1718656401.499320016] [rtabmap]: rtabmap: tf_tolerance  = 0.100000
[INFO] [1718656401.499334513] [rtabmap]: rtabmap: odom_sensor_sync   = false
[INFO] [1718656401.499346225] [rtabmap]: rtabmap: pub_loc_pose_only_when_localizing = false
[INFO] [1718656401.499358130] [rtabmap]: rtabmap: wait_for_transform = 0.500000
[INFO] [1718656401.499372498] [rtabmap]: rtabmap: gen_scan  = false
[INFO] [1718656401.499383987] [rtabmap]: rtabmap: gen_depth  = false
[INFO] [1718656401.499396691] [rtabmap]: rtabmap: scan_cloud_max_points = 0
[INFO] [1718656401.499408628] [rtabmap]: rtabmap: scan_cloud_is_2d = false
[INFO] [1718656401.563372741] [rtabmap]: Setting RTAB-Map parameter "Grid/CellSize"="0.03" (rosparam)
[INFO] [1718656401.565929123] [rtabmap]: Setting RTAB-Map parameter "Grid/MaxGroundAngle"="45" (rosparam)
[INFO] [1718656401.566447382] [rtabmap]: Setting RTAB-Map parameter "Grid/MaxGroundHeight"="0.1" (rosparam)
[INFO] [1718656401.566964457] [rtabmap]: Setting RTAB-Map parameter "Grid/MaxObstacleHeight"="0.7" (rosparam)
[INFO] [1718656401.567650210] [rtabmap]: Setting RTAB-Map parameter "Grid/MinGroundHeight"="-0.1" (rosparam)
[INFO] [1718656401.568663623] [rtabmap]: Setting RTAB-Map parameter "Grid/RangeMax"="3.0" (rosparam)
[INFO] [1718656401.568829549] [rtabmap]: Setting RTAB-Map parameter "Grid/RangeMin"="0.7" (rosparam)
[INFO] [1718656401.569100631] [rtabmap]: Setting RTAB-Map parameter "Grid/RayTracing"="false" (rosparam)
[INFO] [1718656401.569609866] [rtabmap]: Setting RTAB-Map parameter "Grid/Sensor"="0" (rosparam)
[INFO] [1718656401.572172328] [rtabmap]: Setting RTAB-Map parameter "Icp/CorrespondenceRatio"="0.2" (rosparam)
[INFO] [1718656401.573150860] [rtabmap]: Setting RTAB-Map parameter "Icp/Epsilon"="0.001" (rosparam)
[INFO] [1718656401.573756419] [rtabmap]: Setting RTAB-Map parameter "Icp/Iterations"="10" (rosparam)
[INFO] [1718656401.573939273] [rtabmap]: Setting RTAB-Map parameter "Icp/MaxCorrespondenceDistance"="1" (rosparam)
[INFO] [1718656401.574533471] [rtabmap]: Setting RTAB-Map parameter "Icp/MaxTranslation"="3" (rosparam)
[INFO] [1718656401.574855819] [rtabmap]: Setting RTAB-Map parameter "Icp/OutlierRatio"="0.7" (rosparam)
[INFO] [1718656401.576400420] [rtabmap]: Setting RTAB-Map parameter "Icp/PointToPlane"="true" (rosparam)
[INFO] [1718656401.576723440] [rtabmap]: Setting RTAB-Map parameter "Icp/PointToPlaneK"="20" (rosparam)
[INFO] [1718656401.578691576] [rtabmap]: Setting RTAB-Map parameter "Icp/PointToPlaneRadius"="0" (rosparam)
[INFO] [1718656401.579052710] [rtabmap]: Setting RTAB-Map parameter "Icp/RangeMin"="0.3" (rosparam)
[INFO] [1718656401.579294446] [rtabmap]: Setting RTAB-Map parameter "Icp/Strategy"="1" (rosparam)
[INFO] [1718656401.581653957] [rtabmap]: Setting RTAB-Map parameter "Icp/VoxelSize"="0.1" (rosparam)
[INFO] [1718656401.591969313] [rtabmap]: Setting RTAB-Map parameter "Mem/LaserScanNormalK"="20" (rosparam)
[INFO] [1718656401.592621049] [rtabmap]: Setting RTAB-Map parameter "Mem/LaserScanVoxelSize"="0.03" (rosparam)
[INFO] [1718656401.592992998] [rtabmap]: Setting RTAB-Map parameter "Mem/NotLinkedNodesKept"="false" (rosparam)
[INFO] [1718656401.594203219] [rtabmap]: Setting RTAB-Map parameter "Mem/STMSize"="30" (rosparam)
[INFO] [1718656401.603902776] [rtabmap]: Setting RTAB-Map parameter "RGBD/AngularUpdate"="0.05" (rosparam)
[INFO] [1718656401.604110047] [rtabmap]: Setting RTAB-Map parameter "RGBD/CreateOccupancyGrid"="true" (rosparam)
[INFO] [1718656401.606928455] [rtabmap]: Setting RTAB-Map parameter "RGBD/LinearUpdate"="0.05" (rosparam)
[INFO] [1718656401.610473225] [rtabmap]: Setting RTAB-Map parameter "RGBD/ProximityMaxGraphDepth"="0" (rosparam)
[INFO] [1718656401.611210661] [rtabmap]: Setting RTAB-Map parameter "RGBD/ProximityPathMaxNeighbors"="1" (rosparam)
[INFO] [1718656401.612077796] [rtabmap]: Setting RTAB-Map parameter "Reg/Strategy"="1" (rosparam)
[INFO] [1718656401.634605665] [rtabmap]: RTAB-Map detection rate = 1.000000 Hz
[INFO] [1718656401.635093651] [rtabmap]: rtabmap: Deleted database "/root/.ros/rtabmap.db" (--delete_db_on_start or -d are set).
[INFO] [1718656401.635168790] [rtabmap]: rtabmap: Using database from "/root/.ros/rtabmap.db" (0 MB).
[INFO] [1718656401.734890026] [rtabmap]: rtabmap: Database version = "0.22.1".
[INFO] [1718656401.735247800] [rtabmap]: rtabmap: SLAM mode (Mem/IncrementalMemory=true)
[INFO] [1718656402.003832816] [rtabmap]: Setup callbacks
[INFO] [1718656402.004179581] [rtabmap]: rtabmap: subscribe_depth = false
[INFO] [1718656402.004225599] [rtabmap]: rtabmap: subscribe_rgb = false
[INFO] [1718656402.004244767] [rtabmap]: rtabmap: subscribe_stereo = false
[INFO] [1718656402.004259360] [rtabmap]: rtabmap: subscribe_rgbd = false (rgbd_cameras=1)
[INFO] [1718656402.004273792] [rtabmap]: rtabmap: subscribe_sensor_data = false
[INFO] [1718656402.004287841] [rtabmap]: rtabmap: subscribe_odom_info = false
[INFO] [1718656402.004300769] [rtabmap]: rtabmap: subscribe_user_data = false
[INFO] [1718656402.004313602] [rtabmap]: rtabmap: subscribe_scan = false
[INFO] [1718656402.004326434] [rtabmap]: rtabmap: subscribe_scan_cloud = true
[INFO] [1718656402.004339715] [rtabmap]: rtabmap: subscribe_scan_descriptor = false
[INFO] [1718656402.004352483] [rtabmap]: rtabmap: topic_queue_size = 10
[INFO] [1718656402.004365444] [rtabmap]: rtabmap: sync_queue_size  = 200
[INFO] [1718656402.004378500] [rtabmap]: rtabmap: qos_image       = 0
[INFO] [1718656402.004391781] [rtabmap]: rtabmap: qos_camera_info = 0
[INFO] [1718656402.004404613] [rtabmap]: rtabmap: qos_scan        = 0
[INFO] [1718656402.004417990] [rtabmap]: rtabmap: qos_odom        = 0
[INFO] [1718656402.004430470] [rtabmap]: rtabmap: qos_user_data   = 0
[INFO] [1718656402.004443527] [rtabmap]: rtabmap: approx_sync     = true
[INFO] [1718656402.005091902] [rtabmap]: Setup scan callback
[INFO] [1718656402.025010267] [rtabmap]: 
rtabmap subscribed to (approx sync):
   /odom \
   /leo04/livox/lidar
[WARN] [1718656402.047201100] [rtabmap]: There is no image subscription, bag-of-words loop closure detection will be disabled...
[WARN] [1718656402.047312784] [rtabmap]: Setting Kp/MaxFeatures=-1 (bag-of-words disabled)
[INFO] [1718656405.722695608] [rclcpp]: signal_handler(signum=2)
