[INFO] [1771004148.541503643] [rtabmap]: rtabmap(maps): latch                      = false
[INFO] [1771004148.542099088] [rtabmap]: rtabmap(maps): map_filter_radius          = 0.000000
[INFO] [1771004148.542147761] [rtabmap]: rtabmap(maps): map_filter_angle           = 30.000000
[INFO] [1771004148.542174258] [rtabmap]: rtabmap(maps): map_cleanup                = true
[INFO] [1771004148.542192243] [rtabmap]: rtabmap(maps): map_always_update          = false
[INFO] [1771004148.542214132] [rtabmap]: rtabmap(maps): map_empty_ray_tracing      = true
[INFO] [1771004148.542232308] [rtabmap]: rtabmap(maps): cloud_output_voxelized     = true
[INFO] [1771004148.542248949] [rtabmap]: rtabmap(maps): cloud_subtract_filtering   = false
[INFO] [1771004148.542264469] [rtabmap]: rtabmap(maps): cloud_subtract_filtering_min_neighbors = 2
[INFO] [1771004148.542359097] [rtabmap]: rtabmap(maps): octomap_tree_depth         = 16
[INFO] [1771004148.564491416] [rtabmap]: rtabmap: frame_id      = leo04/base_footprint
[INFO] [1771004148.567623685] [rtabmap]: rtabmap: map_frame_id  = map
[INFO] [1771004148.567667302] [rtabmap]: rtabmap: log_to_rosout_level  = 4
[INFO] [1771004148.567689287] [rtabmap]: rtabmap: initial_pose  = 
[INFO] [1771004148.567718600] [rtabmap]: rtabmap: use_action_for_goal  = false
[INFO] [1771004148.567739593] [rtabmap]: rtabmap: tf_delay      = 0.050000
[INFO] [1771004148.567769098] [rtabmap]: rtabmap: tf_tolerance  = 0.100000
[INFO] [1771004148.567802027] [rtabmap]: rtabmap: odom_sensor_sync   = false
[INFO] [1771004148.567823532] [rtabmap]: rtabmap: pub_loc_pose_only_when_localizing = false
[INFO] [1771004148.567842348] [rtabmap]: rtabmap: wait_for_transform = 0.500000
[INFO] [1771004148.567862829] [rtabmap]: rtabmap: gen_scan  = false
[INFO] [1771004148.567880462] [rtabmap]: rtabmap: gen_depth  = false
[INFO] [1771004148.567930671] [rtabmap]: rtabmap: scan_cloud_max_points = 0
[INFO] [1771004148.567959152] [rtabmap]: rtabmap: scan_cloud_is_2d = false
[INFO] [1771004148.595778645] [rtabmap]: Setting RTAB-Map parameter "Grid/CellSize"="0.03" (rosparam)
[INFO] [1771004148.596144482] [rtabmap]: Setting RTAB-Map parameter "Grid/MaxGroundAngle"="45" (rosparam)
[INFO] [1771004148.596216644] [rtabmap]: Setting RTAB-Map parameter "Grid/MaxGroundHeight"="0.1" (rosparam)
[INFO] [1771004148.596278375] [rtabmap]: Setting RTAB-Map parameter "Grid/MaxObstacleHeight"="0.7" (rosparam)
[INFO] [1771004148.596387434] [rtabmap]: Setting RTAB-Map parameter "Grid/MinGroundHeight"="-0.1" (rosparam)
[INFO] [1771004148.596554000] [rtabmap]: Setting RTAB-Map parameter "Grid/RangeMax"="3.0" (rosparam)
[INFO] [1771004148.596618738] [rtabmap]: Setting RTAB-Map parameter "Grid/RangeMin"="0.5" (rosparam)
[INFO] [1771004148.596674900] [rtabmap]: Setting RTAB-Map parameter "Grid/RayTracing"="false" (rosparam)
[INFO] [1771004148.596772312] [rtabmap]: Setting RTAB-Map parameter "Grid/Sensor"="0" (rosparam)
[INFO] [1771004148.597196838] [rtabmap]: Setting RTAB-Map parameter "Icp/CorrespondenceRatio"="0.2" (rosparam)
[INFO] [1771004148.597323179] [rtabmap]: Setting RTAB-Map parameter "Icp/Epsilon"="0.001" (rosparam)
[INFO] [1771004148.597451567] [rtabmap]: Setting RTAB-Map parameter "Icp/Iterations"="10" (rosparam)
[INFO] [1771004148.597501745] [rtabmap]: Setting RTAB-Map parameter "Icp/MaxCorrespondenceDistance"="1" (rosparam)
[INFO] [1771004148.597576564] [rtabmap]: Setting RTAB-Map parameter "Icp/MaxTranslation"="3" (rosparam)
[INFO] [1771004148.597627157] [rtabmap]: Setting RTAB-Map parameter "Icp/OutlierRatio"="0.7" (rosparam)
[INFO] [1771004148.597767962] [rtabmap]: Setting RTAB-Map parameter "Icp/PointToPlane"="true" (rosparam)
[INFO] [1771004148.597837597] [rtabmap]: Setting RTAB-Map parameter "Icp/PointToPlaneK"="20" (rosparam)
[INFO] [1771004148.597937728] [rtabmap]: Setting RTAB-Map parameter "Icp/PointToPlaneRadius"="0" (rosparam)
[INFO] [1771004148.598013635] [rtabmap]: Setting RTAB-Map parameter "Icp/RangeMin"="0.3" (rosparam)
[INFO] [1771004148.598078757] [rtabmap]: Setting RTAB-Map parameter "Icp/Strategy"="1" (rosparam)
[INFO] [1771004148.598131175] [rtabmap]: Setting RTAB-Map parameter "Icp/VoxelSize"="0.1" (rosparam)
[INFO] [1771004148.599655708] [rtabmap]: Setting RTAB-Map parameter "Mem/LaserScanNormalK"="20" (rosparam)
[INFO] [1771004148.599781824] [rtabmap]: Setting RTAB-Map parameter "Mem/LaserScanVoxelSize"="0.03" (rosparam)
[INFO] [1771004148.599879459] [rtabmap]: Setting RTAB-Map parameter "Mem/NotLinkedNodesKept"="false" (rosparam)
[INFO] [1771004148.600097675] [rtabmap]: Setting RTAB-Map parameter "Mem/STMSize"="30" (rosparam)
[INFO] [1771004148.600816580] [rtabmap]: Setting RTAB-Map parameter "RGBD/AngularUpdate"="0.05" (rosparam)
[INFO] [1771004148.600867206] [rtabmap]: Setting RTAB-Map parameter "RGBD/CreateOccupancyGrid"="true" (rosparam)
[INFO] [1771004148.601055116] [rtabmap]: Setting RTAB-Map parameter "RGBD/LinearUpdate"="0.05" (rosparam)
[INFO] [1771004148.601633664] [rtabmap]: Setting RTAB-Map parameter "RGBD/ProximityMaxGraphDepth"="0" (rosparam)
[INFO] [1771004148.601810086] [rtabmap]: Setting RTAB-Map parameter "RGBD/ProximityPathMaxNeighbors"="1" (rosparam)
[INFO] [1771004148.601972972] [rtabmap]: Setting RTAB-Map parameter "Reg/Strategy"="1" (rosparam)
[INFO] [1771004148.617681773] [rtabmap]: RTAB-Map detection rate = 1.000000 Hz
[INFO] [1771004148.624873414] [rtabmap]: rtabmap: Deleted database "/root/.ros/rtabmap.db" (--delete_db_on_start or -d are set).
[INFO] [1771004148.626522207] [rtabmap]: rtabmap: Using database from "/root/.ros/rtabmap.db" (0 MB).
[INFO] [1771004148.710700455] [rtabmap]: rtabmap: Database version = "0.22.1".
[INFO] [1771004148.710840268] [rtabmap]: rtabmap: SLAM mode (Mem/IncrementalMemory=true)
[INFO] [1771004148.724685612] [rtabmap]: Setup callbacks
[INFO] [1771004148.724880882] [rtabmap]: rtabmap: subscribe_depth = false
[INFO] [1771004148.724914644] [rtabmap]: rtabmap: subscribe_rgb = false
[INFO] [1771004148.724936532] [rtabmap]: rtabmap: subscribe_stereo = false
[INFO] [1771004148.724955989] [rtabmap]: rtabmap: subscribe_rgbd = false (rgbd_cameras=1)
[INFO] [1771004148.724996118] [rtabmap]: rtabmap: subscribe_sensor_data = false
[INFO] [1771004148.725017687] [rtabmap]: rtabmap: subscribe_odom_info = false
[INFO] [1771004148.725037048] [rtabmap]: rtabmap: subscribe_user_data = false
[INFO] [1771004148.725056537] [rtabmap]: rtabmap: subscribe_scan = false
[INFO] [1771004148.725076441] [rtabmap]: rtabmap: subscribe_scan_cloud = true
[INFO] [1771004148.725095386] [rtabmap]: rtabmap: subscribe_scan_descriptor = false
[INFO] [1771004148.725113819] [rtabmap]: rtabmap: topic_queue_size = 10
[INFO] [1771004148.725131963] [rtabmap]: rtabmap: sync_queue_size  = 200
[INFO] [1771004148.725150940] [rtabmap]: rtabmap: qos_image       = 0
[INFO] [1771004148.725170012] [rtabmap]: rtabmap: qos_camera_info = 0
[INFO] [1771004148.725188445] [rtabmap]: rtabmap: qos_scan        = 0
[INFO] [1771004148.725206622] [rtabmap]: rtabmap: qos_odom        = 0
[INFO] [1771004148.725224702] [rtabmap]: rtabmap: qos_user_data   = 0
[INFO] [1771004148.725242879] [rtabmap]: rtabmap: approx_sync     = true
[INFO] [1771004148.725288993] [rtabmap]: Setup scan callback
[INFO] [1771004148.731300497] [rtabmap]: 
rtabmap subscribed to (approx sync):
   /odom \
   /leo04/livox/lidar
[WARN] [1771004148.735503395] [rtabmap]: There is no image subscription, bag-of-words loop closure detection will be disabled...
[WARN] [1771004148.736521606] [rtabmap]: Setting Kp/MaxFeatures=-1 (bag-of-words disabled)
[INFO] [1771004148.862802914] [rtabmap]: rtabmap (1): Rate=1.00s, Limit=0.000s, Conversion=0.0011s, RTAB-Map=0.0780s, Maps update=0.0002s pub=0.0001s delay=0.2196s (local map=1, WM=1)
[INFO] [1771004149.995308236] [rtabmap]: rtabmap (2): Rate=1.00s, Limit=0.000s, Conversion=0.0004s, RTAB-Map=0.0786s, Maps update=0.0002s pub=0.0001s delay=0.2542s (local map=1, WM=1)
[INFO] [1771004150.995286723] [rtabmap]: rtabmap (3): Rate=1.00s, Limit=0.000s, Conversion=0.0003s, RTAB-Map=0.0744s, Maps update=0.0002s pub=0.0001s delay=0.2542s (local map=1, WM=1)
[INFO] [1771004152.109889633] [rtabmap]: rtabmap (4): Rate=1.00s, Limit=0.000s, Conversion=0.0007s, RTAB-Map=0.0839s, Maps update=0.0003s pub=0.0001s delay=0.2687s (local map=1, WM=1)
[INFO] [1771004153.221423253] [rtabmap]: rtabmap (5): Rate=1.00s, Limit=0.000s, Conversion=0.0007s, RTAB-Map=0.0950s, Maps update=0.0001s pub=0.0001s delay=0.2803s (local map=1, WM=1)
[INFO] [1771004154.307176810] [rtabmap]: rtabmap (6): Rate=1.00s, Limit=0.000s, Conversion=0.0004s, RTAB-Map=0.0781s, Maps update=0.0002s pub=0.0001s delay=0.2661s (local map=1, WM=1)
[INFO] [1771004155.408763845] [rtabmap]: rtabmap (7): Rate=1.00s, Limit=0.000s, Conversion=0.0105s, RTAB-Map=0.0778s, Maps update=0.0002s pub=0.0001s delay=0.2676s (local map=1, WM=1)
[INFO] [1771004156.512384806] [rtabmap]: rtabmap (8): Rate=1.00s, Limit=0.000s, Conversion=0.0005s, RTAB-Map=0.0829s, Maps update=0.0002s pub=0.0001s delay=0.2712s (local map=1, WM=1)
[INFO] [1771004157.515916024] [rtabmap]: rtabmap (9): Rate=1.00s, Limit=0.000s, Conversion=0.0003s, RTAB-Map=0.0835s, Maps update=0.0004s pub=0.0032s delay=0.2747s (local map=1, WM=1)
[INFO] [1771004158.597362137] [rtabmap]: rtabmap (10): Rate=1.00s, Limit=0.000s, Conversion=0.0003s, RTAB-Map=0.0737s, Maps update=0.0003s pub=0.0008s delay=0.2562s (local map=1, WM=1)
[INFO] [1771004159.713599855] [rtabmap]: rtabmap (11): Rate=1.00s, Limit=0.000s, Conversion=0.0003s, RTAB-Map=0.0877s, Maps update=0.0003s pub=0.0011s delay=0.2723s (local map=1, WM=1)
[INFO] [1771004160.817805221] [rtabmap]: rtabmap (12): Rate=1.00s, Limit=0.000s, Conversion=0.0003s, RTAB-Map=0.0881s, Maps update=0.0002s pub=0.0010s delay=0.2765s (local map=1, WM=1)
[INFO] [1771004161.910320389] [rtabmap]: rtabmap (13): Rate=1.00s, Limit=0.000s, Conversion=0.0003s, RTAB-Map=0.0786s, Maps update=0.0003s pub=0.0008s delay=0.2694s (local map=1, WM=1)
[INFO] [1771004162.904716538] [rtabmap]: rtabmap (14): Rate=1.00s, Limit=0.000s, Conversion=0.0005s, RTAB-Map=0.0747s, Maps update=0.0002s pub=0.0007s delay=0.2635s (local map=1, WM=1)
[INFO] [1771004164.006884905] [rtabmap]: rtabmap (15): Rate=1.00s, Limit=0.000s, Conversion=0.0003s, RTAB-Map=0.0775s, Maps update=0.0002s pub=0.0008s delay=0.2657s (local map=1, WM=1)
[INFO] [1771004165.104594141] [rtabmap]: rtabmap (16): Rate=1.00s, Limit=0.000s, Conversion=0.0003s, RTAB-Map=0.0783s, Maps update=0.0003s pub=0.0009s delay=0.2634s (local map=1, WM=1)
[INFO] [1771004166.116079043] [rtabmap]: rtabmap (17): Rate=1.00s, Limit=0.000s, Conversion=0.0003s, RTAB-Map=0.0785s, Maps update=0.0002s pub=0.0018s delay=0.2748s (local map=1, WM=1)
[INFO] [1771004167.204687324] [rtabmap]: rtabmap (18): Rate=1.00s, Limit=0.000s, Conversion=0.0011s, RTAB-Map=0.0768s, Maps update=0.0002s pub=0.0006s delay=0.2636s (local map=1, WM=1)
[INFO] [1771004168.201606440] [rtabmap]: rtabmap (19): Rate=1.00s, Limit=0.000s, Conversion=0.0006s, RTAB-Map=0.0704s, Maps update=0.0003s pub=0.0010s delay=0.2604s (local map=1, WM=1)
[INFO] [1771004169.320337590] [rtabmap]: rtabmap (20): Rate=1.00s, Limit=0.000s, Conversion=0.0105s, RTAB-Map=0.0827s, Maps update=0.0002s pub=0.0008s delay=0.2792s (local map=1, WM=1)
[INFO] [1771004170.328139292] [rtabmap]: rtabmap (21): Rate=1.00s, Limit=0.000s, Conversion=0.0003s, RTAB-Map=0.0958s, Maps update=0.0004s pub=0.0008s delay=0.2869s (local map=1, WM=1)
[INFO] [1771004171.261736853] [rclcpp]: signal_handler(signum=2)
