[INFO] [1772813443.717526515] [rtabmap]: rtabmap(maps): latch                      = false
[INFO] [1772813443.718230253] [rtabmap]: rtabmap(maps): map_filter_radius          = 0.000000
[INFO] [1772813443.718275407] [rtabmap]: rtabmap(maps): map_filter_angle           = 30.000000
[INFO] [1772813443.718300464] [rtabmap]: rtabmap(maps): map_cleanup                = true
[INFO] [1772813443.718318352] [rtabmap]: rtabmap(maps): map_always_update          = false
[INFO] [1772813443.718336561] [rtabmap]: rtabmap(maps): map_empty_ray_tracing      = true
[INFO] [1772813443.718363154] [rtabmap]: rtabmap(maps): cloud_output_voxelized     = true
[INFO] [1772813443.718381715] [rtabmap]: rtabmap(maps): cloud_subtract_filtering   = false
[INFO] [1772813443.718398803] [rtabmap]: rtabmap(maps): cloud_subtract_filtering_min_neighbors = 2
[INFO] [1772813443.718929031] [rtabmap]: rtabmap(maps): octomap_tree_depth         = 16
[INFO] [1772813443.739440187] [rtabmap]: rtabmap: frame_id      = leo04/base_footprint
[INFO] [1772813443.739557727] [rtabmap]: rtabmap: map_frame_id  = map
[INFO] [1772813443.739584352] [rtabmap]: rtabmap: log_to_rosout_level  = 4
[INFO] [1772813443.739605121] [rtabmap]: rtabmap: initial_pose  = 
[INFO] [1772813443.739623938] [rtabmap]: rtabmap: use_action_for_goal  = false
[INFO] [1772813443.739648579] [rtabmap]: rtabmap: tf_delay      = 0.050000
[INFO] [1772813443.739680996] [rtabmap]: rtabmap: tf_tolerance  = 0.100000
[INFO] [1772813443.739712837] [rtabmap]: rtabmap: odom_sensor_sync   = false
[INFO] [1772813443.739733958] [rtabmap]: rtabmap: pub_loc_pose_only_when_localizing = false
[INFO] [1772813443.739754758] [rtabmap]: rtabmap: wait_for_transform = 0.500000
[INFO] [1772813443.739777639] [rtabmap]: rtabmap: gen_scan  = false
[INFO] [1772813443.739798344] [rtabmap]: rtabmap: gen_depth  = false
[INFO] [1772813443.739818345] [rtabmap]: rtabmap: scan_cloud_max_points = 0
[INFO] [1772813443.739838890] [rtabmap]: rtabmap: scan_cloud_is_2d = false
[INFO] [1772813443.769554545] [rtabmap]: Setting RTAB-Map parameter "Grid/CellSize"="0.05" (rosparam)
[INFO] [1772813443.770293708] [rtabmap]: Setting RTAB-Map parameter "Grid/MaxGroundAngle"="45" (rosparam)
[INFO] [1772813443.770378223] [rtabmap]: Setting RTAB-Map parameter "Grid/MaxGroundHeight"="0.1" (rosparam)
[INFO] [1772813443.770448338] [rtabmap]: Setting RTAB-Map parameter "Grid/MaxObstacleHeight"="0.7" (rosparam)
[INFO] [1772813443.770534133] [rtabmap]: Setting RTAB-Map parameter "Grid/MinGroundHeight"="-0.1" (rosparam)
[INFO] [1772813443.770741148] [rtabmap]: Setting RTAB-Map parameter "Grid/RangeMax"="3.0" (rosparam)
[INFO] [1772813443.770847296] [rtabmap]: Setting RTAB-Map parameter "Grid/RangeMin"="0.7" (rosparam)
[INFO] [1772813443.772152720] [rtabmap]: Setting RTAB-Map parameter "Grid/RayTracing"="false" (rosparam)
[INFO] [1772813443.772660291] [rtabmap]: Setting RTAB-Map parameter "Grid/Sensor"="0" (rosparam)
[INFO] [1772813443.774809618] [rtabmap]: Setting RTAB-Map parameter "Icp/CorrespondenceRatio"="0.2" (rosparam)
[INFO] [1772813443.774966264] [rtabmap]: Setting RTAB-Map parameter "Icp/Epsilon"="0.001" (rosparam)
[INFO] [1772813443.775904091] [rtabmap]: Setting RTAB-Map parameter "Icp/Iterations"="10" (rosparam)
[INFO] [1772813443.776020223] [rtabmap]: Setting RTAB-Map parameter "Icp/MaxCorrespondenceDistance"="1" (rosparam)
[INFO] [1772813443.776115330] [rtabmap]: Setting RTAB-Map parameter "Icp/MaxTranslation"="3" (rosparam)
[INFO] [1772813443.776190981] [rtabmap]: Setting RTAB-Map parameter "Icp/OutlierRatio"="0.7" (rosparam)
[INFO] [1772813443.777296910] [rtabmap]: Setting RTAB-Map parameter "Icp/PointToPlane"="true" (rosparam)
[INFO] [1772813443.777428019] [rtabmap]: Setting RTAB-Map parameter "Icp/PointToPlaneK"="20" (rosparam)
[INFO] [1772813443.777557240] [rtabmap]: Setting RTAB-Map parameter "Icp/PointToPlaneRadius"="0" (rosparam)
[INFO] [1772813443.777664124] [rtabmap]: Setting RTAB-Map parameter "Icp/RangeMin"="0.3" (rosparam)
[INFO] [1772813443.777745343] [rtabmap]: Setting RTAB-Map parameter "Icp/Strategy"="1" (rosparam)
[INFO] [1772813443.777818145] [rtabmap]: Setting RTAB-Map parameter "Icp/VoxelSize"="0.1" (rosparam)
[INFO] [1772813443.781777523] [rtabmap]: Setting RTAB-Map parameter "Mem/LaserScanNormalK"="20" (rosparam)
[INFO] [1772813443.782324391] [rtabmap]: Setting RTAB-Map parameter "Mem/LaserScanVoxelSize"="0.03" (rosparam)
[INFO] [1772813443.782478701] [rtabmap]: Setting RTAB-Map parameter "Mem/NotLinkedNodesKept"="false" (rosparam)
[INFO] [1772813443.782714070] [rtabmap]: Setting RTAB-Map parameter "Mem/STMSize"="30" (rosparam)
[INFO] [1772813443.785955501] [rtabmap]: Setting RTAB-Map parameter "RGBD/AngularUpdate"="0.05" (rosparam)
[INFO] [1772813443.786057553] [rtabmap]: Setting RTAB-Map parameter "RGBD/CreateOccupancyGrid"="true" (rosparam)
[INFO] [1772813443.786381181] [rtabmap]: Setting RTAB-Map parameter "RGBD/LinearUpdate"="0.05" (rosparam)
[INFO] [1772813443.787013076] [rtabmap]: Setting RTAB-Map parameter "RGBD/ProximityMaxGraphDepth"="0" (rosparam)
[INFO] [1772813443.787464613] [rtabmap]: Setting RTAB-Map parameter "RGBD/ProximityPathMaxNeighbors"="1" (rosparam)
[INFO] [1772813443.787642347] [rtabmap]: Setting RTAB-Map parameter "Reg/Strategy"="1" (rosparam)
[INFO] [1772813443.791454872] [rtabmap]: RTAB-Map detection rate = 1.000000 Hz
[INFO] [1772813443.793962676] [rtabmap]: rtabmap: Deleted database "/root/.ros/rtabmap.db" (--delete_db_on_start or -d are set).
[INFO] [1772813443.794121946] [rtabmap]: rtabmap: Using database from "/root/.ros/rtabmap.db" (0 MB).
[INFO] [1772813443.866508710] [rtabmap]: rtabmap: Database version = "0.22.1".
[INFO] [1772813443.866627402] [rtabmap]: rtabmap: SLAM mode (Mem/IncrementalMemory=true)
[INFO] [1772813443.886242813] [rtabmap]: Setup callbacks
[INFO] [1772813443.886647180] [rtabmap]: rtabmap: subscribe_depth = false
[INFO] [1772813443.886721231] [rtabmap]: rtabmap: subscribe_rgb = false
[INFO] [1772813443.886754928] [rtabmap]: rtabmap: subscribe_stereo = false
[INFO] [1772813443.886782417] [rtabmap]: rtabmap: subscribe_rgbd = false (rgbd_cameras=1)
[INFO] [1772813443.886833427] [rtabmap]: rtabmap: subscribe_sensor_data = false
[INFO] [1772813443.886863444] [rtabmap]: rtabmap: subscribe_odom_info = false
[INFO] [1772813443.886892469] [rtabmap]: rtabmap: subscribe_user_data = false
[INFO] [1772813443.886918998] [rtabmap]: rtabmap: subscribe_scan = false
[INFO] [1772813443.886946007] [rtabmap]: rtabmap: subscribe_scan_cloud = true
[INFO] [1772813443.886972152] [rtabmap]: rtabmap: subscribe_scan_descriptor = false
[INFO] [1772813443.886997785] [rtabmap]: rtabmap: topic_queue_size = 10
[INFO] [1772813443.887023386] [rtabmap]: rtabmap: sync_queue_size  = 200
[INFO] [1772813443.887049755] [rtabmap]: rtabmap: qos_image       = 0
[INFO] [1772813443.887075932] [rtabmap]: rtabmap: qos_camera_info = 0
[INFO] [1772813443.887101533] [rtabmap]: rtabmap: qos_scan        = 0
[INFO] [1772813443.887131998] [rtabmap]: rtabmap: qos_odom        = 0
[INFO] [1772813443.887158911] [rtabmap]: rtabmap: qos_user_data   = 0
[INFO] [1772813443.887185472] [rtabmap]: rtabmap: approx_sync     = true
[INFO] [1772813443.887233153] [rtabmap]: Setup scan callback
[INFO] [1772813443.893568427] [rtabmap]: 
rtabmap subscribed to (approx sync):
   /odom \
   /leo04/livox/lidar
[WARN] [1772813443.900943931] [rtabmap]: There is no image subscription, bag-of-words loop closure detection will be disabled...
[WARN] [1772813443.901214501] [rtabmap]: Setting Kp/MaxFeatures=-1 (bag-of-words disabled)
[INFO] [1772813444.067378416] [rtabmap]: rtabmap (1): Rate=1.00s, Limit=0.000s, Conversion=0.0007s, RTAB-Map=0.0806s, Maps update=0.0018s pub=0.0015s delay=0.2742s (local map=1, WM=1)
[INFO] [1772813445.017425749] [rtabmap]: rtabmap (2): Rate=1.00s, Limit=0.000s, Conversion=0.0005s, RTAB-Map=0.0637s, Maps update=0.0005s pub=0.0008s delay=0.2241s (local map=1, WM=1)
[INFO] [1772813446.126931501] [rtabmap]: rtabmap (3): Rate=1.00s, Limit=0.000s, Conversion=0.0004s, RTAB-Map=0.0634s, Maps update=0.0003s pub=0.0004s delay=0.2336s (local map=1, WM=1)
[INFO] [1772813447.226800195] [rtabmap]: rtabmap (4): Rate=1.00s, Limit=0.000s, Conversion=0.0004s, RTAB-Map=0.0735s, Maps update=0.0002s pub=0.0003s delay=0.2336s (local map=1, WM=1)
[INFO] [1772813448.223301559] [rtabmap]: rtabmap (5): Rate=1.00s, Limit=0.000s, Conversion=0.0003s, RTAB-Map=0.0647s, Maps update=0.0002s pub=0.0004s delay=0.2300s (local map=1, WM=1)
[INFO] [1772813449.322256043] [rtabmap]: rtabmap (6): Rate=1.00s, Limit=0.000s, Conversion=0.0005s, RTAB-Map=0.0644s, Maps update=0.0003s pub=0.0003s delay=0.2290s (local map=1, WM=1)
[INFO] [1772813450.324007136] [rtabmap]: rtabmap (7): Rate=1.00s, Limit=0.000s, Conversion=0.0004s, RTAB-Map=0.0681s, Maps update=0.0002s pub=0.0003s delay=0.2306s (local map=1, WM=1)
[INFO] [1772813451.318026969] [rtabmap]: rtabmap (8): Rate=1.00s, Limit=0.000s, Conversion=0.0004s, RTAB-Map=0.0676s, Maps update=0.0002s pub=0.0004s delay=0.2246s (local map=1, WM=1)
[INFO] [1772813452.426705683] [rtabmap]: rtabmap (9): Rate=1.00s, Limit=0.000s, Conversion=0.0004s, RTAB-Map=0.0649s, Maps update=0.0002s pub=0.0005s delay=0.2333s (local map=1, WM=1)
[INFO] [1772813453.517272722] [rtabmap]: rtabmap (10): Rate=1.00s, Limit=0.000s, Conversion=0.0003s, RTAB-Map=0.0601s, Maps update=0.0003s pub=0.0003s delay=0.2239s (local map=1, WM=1)
[INFO] [1772813454.642048029] [rtabmap]: rtabmap (11): Rate=1.00s, Limit=0.000s, Conversion=0.0004s, RTAB-Map=0.0782s, Maps update=0.0003s pub=0.0003s delay=0.2487s (local map=1, WM=1)
[INFO] [1772813455.606762494] [rtabmap]: rtabmap (12): Rate=1.00s, Limit=0.000s, Conversion=0.0004s, RTAB-Map=0.0575s, Maps update=0.0002s pub=0.0003s delay=0.2135s (local map=1, WM=1)
[INFO] [1772813456.626225696] [rtabmap]: rtabmap (13): Rate=1.00s, Limit=0.000s, Conversion=0.0003s, RTAB-Map=0.0756s, Maps update=0.0002s pub=0.0003s delay=0.2328s (local map=1, WM=1)
[INFO] [1772813457.749474899] [rtabmap]: rtabmap (14): Rate=1.00s, Limit=0.000s, Conversion=0.0105s, RTAB-Map=0.0806s, Maps update=0.0003s pub=0.0003s delay=0.2562s (local map=1, WM=1)
[INFO] [1772813458.735325823] [rtabmap]: rtabmap (15): Rate=1.00s, Limit=0.000s, Conversion=0.0004s, RTAB-Map=0.0744s, Maps update=0.0002s pub=0.0003s delay=0.2420s (local map=1, WM=1)
[INFO] [1772813459.834355285] [rtabmap]: rtabmap (16): Rate=1.00s, Limit=0.000s, Conversion=0.0005s, RTAB-Map=0.0736s, Maps update=0.0003s pub=0.0004s delay=0.2410s (local map=1, WM=1)
[INFO] [1772813460.934264748] [rtabmap]: rtabmap (17): Rate=1.00s, Limit=0.000s, Conversion=0.0015s, RTAB-Map=0.0686s, Maps update=0.0002s pub=0.0003s delay=0.2409s (local map=1, WM=1)
[INFO] [1772813462.040669107] [rtabmap]: rtabmap (18): Rate=1.00s, Limit=0.000s, Conversion=0.0106s, RTAB-Map=0.0758s, Maps update=0.0003s pub=0.0004s delay=0.2472s (local map=1, WM=1)
[INFO] [1772813463.038114954] [rtabmap]: rtabmap (19): Rate=1.00s, Limit=0.000s, Conversion=0.0004s, RTAB-Map=0.0800s, Maps update=0.0010s pub=0.0006s delay=0.2446s (local map=1, WM=1)
[INFO] [1772813464.124679637] [rtabmap]: rtabmap (20): Rate=1.00s, Limit=0.000s, Conversion=0.0003s, RTAB-Map=0.0666s, Maps update=0.0005s pub=0.0004s delay=0.2313s (local map=1, WM=1)
[INFO] [1772813465.227907014] [rtabmap]: rtabmap (21): Rate=1.00s, Limit=0.000s, Conversion=0.0003s, RTAB-Map=0.0644s, Maps update=0.0003s pub=0.0003s delay=0.2345s (local map=1, WM=1)
[INFO] [1772813466.235677722] [rtabmap]: rtabmap (22): Rate=1.00s, Limit=0.000s, Conversion=0.0105s, RTAB-Map=0.0626s, Maps update=0.0002s pub=0.0003s delay=0.2422s (local map=1, WM=1)
[INFO] [1772813467.339022767] [rtabmap]: rtabmap (23): Rate=1.00s, Limit=0.000s, Conversion=0.0003s, RTAB-Map=0.0750s, Maps update=0.0002s pub=0.0003s delay=0.2455s (local map=1, WM=1)
[INFO] [1772813468.330160094] [rtabmap]: rtabmap (24): Rate=1.00s, Limit=0.000s, Conversion=0.0004s, RTAB-Map=0.0649s, Maps update=0.0002s pub=0.0003s delay=0.2366s (local map=1, WM=1)
[INFO] [1772813469.416385564] [rtabmap]: rtabmap (25): Rate=1.00s, Limit=0.000s, Conversion=0.0003s, RTAB-Map=0.0660s, Maps update=0.0002s pub=0.0003s delay=0.2228s (local map=1, WM=1)
[INFO] [1772813470.519652527] [rtabmap]: rtabmap (26): Rate=1.00s, Limit=0.000s, Conversion=0.0004s, RTAB-Map=0.0584s, Maps update=0.0002s pub=0.0009s delay=0.2260s (local map=1, WM=1)
[INFO] [1772813471.627072027] [rtabmap]: rtabmap (27): Rate=1.00s, Limit=0.000s, Conversion=0.0006s, RTAB-Map=0.0706s, Maps update=0.0002s pub=0.0003s delay=0.2337s (local map=1, WM=1)
[INFO] [1772813472.638530966] [rtabmap]: rtabmap (28): Rate=1.00s, Limit=0.000s, Conversion=0.0107s, RTAB-Map=0.0667s, Maps update=0.0003s pub=0.0003s delay=0.2450s (local map=1, WM=1)
[INFO] [1772813473.628210639] [rtabmap]: rtabmap (29): Rate=1.00s, Limit=0.000s, Conversion=0.0005s, RTAB-Map=0.0709s, Maps update=0.0003s pub=0.0004s delay=0.2347s (local map=1, WM=1)
[INFO] [1772813474.721480785] [rtabmap]: rtabmap (30): Rate=1.00s, Limit=0.000s, Conversion=0.0003s, RTAB-Map=0.0615s, Maps update=0.0003s pub=0.0003s delay=0.2279s (local map=1, WM=1)
[INFO] [1772813475.825964753] [rtabmap]: rtabmap (31): Rate=1.00s, Limit=0.000s, Conversion=0.0003s, RTAB-Map=0.0715s, Maps update=0.0002s pub=0.0003s delay=0.2324s (local map=1, WM=1)
[INFO] [1772813476.931882725] [rtabmap]: rtabmap (32): Rate=1.00s, Limit=0.000s, Conversion=0.0003s, RTAB-Map=0.0729s, Maps update=0.0002s pub=0.0003s delay=0.2380s (local map=1, WM=1)
[INFO] [1772813478.043708756] [rtabmap]: rtabmap (33): Rate=1.00s, Limit=0.000s, Conversion=0.0006s, RTAB-Map=0.0863s, Maps update=0.0006s pub=0.0007s delay=0.2502s (local map=1, WM=1)
[INFO] [1772813479.028194733] [rtabmap]: rtabmap (34): Rate=1.00s, Limit=0.000s, Conversion=0.0003s, RTAB-Map=0.0710s, Maps update=0.0002s pub=0.0003s delay=0.2345s (local map=1, WM=1)
[INFO] [1772813480.041278692] [rtabmap]: rtabmap (35): Rate=1.00s, Limit=0.000s, Conversion=0.0107s, RTAB-Map=0.0770s, Maps update=0.0003s pub=0.0003s delay=0.2476s (local map=1, WM=1)
[INFO] [1772813481.127425120] [rtabmap]: rtabmap (36): Rate=1.00s, Limit=0.000s, Conversion=0.0003s, RTAB-Map=0.0602s, Maps update=0.0002s pub=0.0004s delay=0.2339s (local map=1, WM=1)
[INFO] [1772813482.221553794] [rtabmap]: rtabmap (37): Rate=1.00s, Limit=0.000s, Conversion=0.0007s, RTAB-Map=0.0644s, Maps update=0.0003s pub=0.0003s delay=0.2279s (local map=1, WM=1)
[INFO] [1772813483.335286582] [rtabmap]: rtabmap (38): Rate=1.00s, Limit=0.000s, Conversion=0.0010s, RTAB-Map=0.0773s, Maps update=0.0003s pub=0.0003s delay=0.2417s (local map=1, WM=1)
[INFO] [1772813484.320264034] [rtabmap]: rtabmap (39): Rate=1.00s, Limit=0.000s, Conversion=0.0005s, RTAB-Map=0.0692s, Maps update=0.0002s pub=0.0003s delay=0.2265s (local map=1, WM=1)
[INFO] [1772813485.314153910] [rtabmap]: rtabmap (40): Rate=1.00s, Limit=0.000s, Conversion=0.0003s, RTAB-Map=0.0615s, Maps update=0.0005s pub=0.0003s delay=0.2203s (local map=1, WM=1)
[INFO] [1772813486.434550784] [rtabmap]: rtabmap (41): Rate=1.00s, Limit=0.000s, Conversion=0.0005s, RTAB-Map=0.0780s, Maps update=0.0003s pub=0.0003s delay=0.2409s (local map=1, WM=1)
[INFO] [1772813487.540958758] [rtabmap]: rtabmap (42): Rate=1.00s, Limit=0.000s, Conversion=0.0106s, RTAB-Map=0.0823s, Maps update=0.0003s pub=0.0006s delay=0.2474s (local map=1, WM=1)
[INFO] [1772813488.647749595] [rtabmap]: rtabmap (43): Rate=1.00s, Limit=0.000s, Conversion=0.0105s, RTAB-Map=0.0765s, Maps update=0.0003s pub=0.0004s delay=0.2540s (local map=1, WM=1)
[INFO] [1772813489.715607093] [rtabmap]: rtabmap (44): Rate=1.00s, Limit=0.000s, Conversion=0.0004s, RTAB-Map=0.0600s, Maps update=0.0002s pub=0.0004s delay=0.2228s (local map=1, WM=1)
[INFO] [1772813490.729804181] [rtabmap]: rtabmap (45): Rate=1.00s, Limit=0.000s, Conversion=0.0005s, RTAB-Map=0.0760s, Maps update=0.0002s pub=0.0004s delay=0.2361s (local map=1, WM=1)
[INFO] [1772813491.824188736] [rtabmap]: rtabmap (46): Rate=1.00s, Limit=0.000s, Conversion=0.0005s, RTAB-Map=0.0671s, Maps update=0.0007s pub=0.0005s delay=0.2306s (local map=1, WM=1)
[INFO] [1772813492.818914003] [rtabmap]: rtabmap (47): Rate=1.00s, Limit=0.000s, Conversion=0.0007s, RTAB-Map=0.0642s, Maps update=0.0002s pub=0.0004s delay=0.2253s (local map=1, WM=1)
[INFO] [1772813493.821486055] [rtabmap]: rtabmap (48): Rate=1.00s, Limit=0.000s, Conversion=0.0006s, RTAB-Map=0.0632s, Maps update=0.0003s pub=0.0004s delay=0.2278s (local map=1, WM=1)
[INFO] [1772813494.918122693] [rtabmap]: rtabmap (49): Rate=1.00s, Limit=0.000s, Conversion=0.0004s, RTAB-Map=0.0649s, Maps update=0.0003s pub=0.0004s delay=0.2245s (local map=1, WM=1)
[INFO] [1772813495.920866815] [rtabmap]: rtabmap (50): Rate=1.00s, Limit=0.000s, Conversion=0.0004s, RTAB-Map=0.0683s, Maps update=0.0003s pub=0.0004s delay=0.2271s (local map=1, WM=1)
[INFO] [1772813497.035677435] [rtabmap]: rtabmap (51): Rate=1.00s, Limit=0.000s, Conversion=0.0107s, RTAB-Map=0.0652s, Maps update=0.0002s pub=0.0004s delay=0.2419s (local map=1, WM=1)
[INFO] [1772813498.116571446] [rtabmap]: rtabmap (52): Rate=1.00s, Limit=0.000s, Conversion=0.0003s, RTAB-Map=0.0643s, Maps update=0.0005s pub=0.0004s delay=0.2227s (local map=1, WM=1)
[INFO] [1772813499.230074370] [rtabmap]: rtabmap (53): Rate=1.00s, Limit=0.000s, Conversion=0.0005s, RTAB-Map=0.0660s, Maps update=0.0002s pub=0.0004s delay=0.2364s (local map=1, WM=1)
[INFO] [1772813500.218720980] [rtabmap]: rtabmap (54): Rate=1.00s, Limit=0.000s, Conversion=0.0003s, RTAB-Map=0.0623s, Maps update=0.0003s pub=0.0004s delay=0.2249s (local map=1, WM=1)
[INFO] [1772813501.318425444] [rtabmap]: rtabmap (55): Rate=1.00s, Limit=0.000s, Conversion=0.0005s, RTAB-Map=0.0593s, Maps update=0.0003s pub=0.0004s delay=0.2255s (local map=1, WM=1)
[INFO] [1772813502.327920567] [rtabmap]: rtabmap (56): Rate=1.00s, Limit=0.000s, Conversion=0.0007s, RTAB-Map=0.0736s, Maps update=0.0002s pub=0.0004s delay=0.2341s (local map=1, WM=1)
[INFO] [1772813503.428531175] [rtabmap]: rtabmap (57): Rate=1.00s, Limit=0.000s, Conversion=0.0005s, RTAB-Map=0.0719s, Maps update=0.0003s pub=0.0010s delay=0.2348s (local map=1, WM=1)
[INFO] [1772813504.532528949] [rtabmap]: rtabmap (58): Rate=1.00s, Limit=0.000s, Conversion=0.0003s, RTAB-Map=0.0809s, Maps update=0.0003s pub=0.0004s delay=0.2393s (local map=1, WM=1)
[INFO] [1772813505.522271824] [rtabmap]: rtabmap (59): Rate=1.00s, Limit=0.000s, Conversion=0.0004s, RTAB-Map=0.0634s, Maps update=0.0003s pub=0.0004s delay=0.2287s (local map=1, WM=1)
[INFO] [1772813506.513520739] [rtabmap]: rtabmap (60): Rate=1.00s, Limit=0.000s, Conversion=0.0004s, RTAB-Map=0.0636s, Maps update=0.0002s pub=0.0004s delay=0.2199s (local map=1, WM=1)
[INFO] [1772813507.626029418] [rtabmap]: rtabmap (61): Rate=1.00s, Limit=0.000s, Conversion=0.0003s, RTAB-Map=0.0636s, Maps update=0.0002s pub=0.0004s delay=0.2323s (local map=1, WM=1)
[INFO] [1772813508.729988246] [rtabmap]: rtabmap (62): Rate=1.00s, Limit=0.000s, Conversion=0.0015s, RTAB-Map=0.0663s, Maps update=0.0003s pub=0.0004s delay=0.2364s (local map=1, WM=1)
[INFO] [1772813509.721768092] [rtabmap]: rtabmap (63): Rate=1.00s, Limit=0.000s, Conversion=0.0003s, RTAB-Map=0.0735s, Maps update=0.0003s pub=0.0004s delay=0.2282s (local map=1, WM=1)
[INFO] [1772813510.731731041] [rtabmap]: rtabmap (64): Rate=1.00s, Limit=0.000s, Conversion=0.0106s, RTAB-Map=0.0647s, Maps update=0.0003s pub=0.0004s delay=0.2379s (local map=1, WM=1)
[INFO] [1772813511.813118285] [rtabmap]: rtabmap (65): Rate=1.00s, Limit=0.000s, Conversion=0.0004s, RTAB-Map=0.0645s, Maps update=0.0002s pub=0.0004s delay=0.2195s (local map=1, WM=1)
[INFO] [1772813512.829755751] [rtabmap]: rtabmap (66): Rate=1.00s, Limit=0.000s, Conversion=0.0004s, RTAB-Map=0.0675s, Maps update=0.0002s pub=0.0004s delay=0.2361s (local map=1, WM=1)
[INFO] [1772813513.819960435] [rtabmap]: rtabmap (67): Rate=1.00s, Limit=0.000s, Conversion=0.0004s, RTAB-Map=0.0655s, Maps update=0.0003s pub=0.0007s delay=0.2263s (local map=1, WM=1)
[INFO] [1772813514.933954929] [rtabmap]: rtabmap (68): Rate=1.00s, Limit=0.000s, Conversion=0.0105s, RTAB-Map=0.0748s, Maps update=0.0005s pub=0.0004s delay=0.2412s (local map=1, WM=1)
[INFO] [1772813515.922536514] [rtabmap]: rtabmap (69): Rate=1.00s, Limit=0.000s, Conversion=0.0005s, RTAB-Map=0.0664s, Maps update=0.0003s pub=0.0004s delay=0.2287s (local map=1, WM=1)
[INFO] [1772813517.058661007] [rtabmap]: rtabmap (70): Rate=1.00s, Limit=0.000s, Conversion=0.0005s, RTAB-Map=0.0854s, Maps update=0.0002s pub=0.0004s delay=0.2648s (local map=1, WM=1)
[INFO] [1772813518.132868371] [rtabmap]: rtabmap (71): Rate=1.00s, Limit=0.000s, Conversion=0.0010s, RTAB-Map=0.0738s, Maps update=0.0008s pub=0.0005s delay=0.2390s (local map=1, WM=1)
[INFO] [1772813519.235373674] [rtabmap]: rtabmap (72): Rate=1.00s, Limit=0.000s, Conversion=0.0004s, RTAB-Map=0.0747s, Maps update=0.0003s pub=0.0007s delay=0.2417s (local map=1, WM=1)
[INFO] [1772813520.213970218] [rtabmap]: rtabmap (73): Rate=1.00s, Limit=0.000s, Conversion=0.0005s, RTAB-Map=0.0621s, Maps update=0.0003s pub=0.0004s delay=0.2201s (local map=1, WM=1)
[INFO] [1772813521.371821560] [rtabmap]: rtabmap (74): Rate=1.00s, Limit=0.000s, Conversion=0.0003s, RTAB-Map=0.0873s, Maps update=0.0003s pub=0.0007s delay=0.2781s (local map=1, WM=1)
[INFO] [1772813522.483620165] [rtabmap]: rtabmap (75): Rate=1.00s, Limit=0.000s, Conversion=0.0105s, RTAB-Map=0.0961s, Maps update=0.0002s pub=0.0004s delay=0.2897s (local map=1, WM=1)
[INFO] [1772813523.501372041] [rtabmap]: rtabmap (76): Rate=1.00s, Limit=0.000s, Conversion=0.0003s, RTAB-Map=0.1314s, Maps update=0.0003s pub=0.0007s delay=0.3058s (local map=1, WM=1)
[INFO] [1772813524.579725253] [rtabmap]: rtabmap (77): Rate=1.00s, Limit=0.000s, Conversion=0.0003s, RTAB-Map=0.1021s, Maps update=0.0003s pub=0.0004s delay=0.2868s (local map=1, WM=1)
[INFO] [1772813525.636674413] [rtabmap]: rtabmap (78): Rate=1.00s, Limit=0.000s, Conversion=0.0004s, RTAB-Map=0.1575s, Maps update=0.0005s pub=0.0005s delay=0.3428s (local map=1, WM=1)
[INFO] [1772813526.696162002] [rtabmap]: rtabmap (79): Rate=1.00s, Limit=0.000s, Conversion=0.0003s, RTAB-Map=0.0811s, Maps update=0.0003s pub=0.0005s delay=0.3022s (local map=1, WM=1)
[INFO] [1772813527.767599216] [rtabmap]: rtabmap (80): Rate=1.00s, Limit=0.000s, Conversion=0.0003s, RTAB-Map=0.0782s, Maps update=0.0002s pub=0.0004s delay=0.2748s (local map=1, WM=1)
[INFO] [1772813528.784486420] [rtabmap]: rtabmap (81): Rate=1.00s, Limit=0.000s, Conversion=0.0003s, RTAB-Map=0.1128s, Maps update=0.0002s pub=0.0007s delay=0.2916s (local map=1, WM=1)
[INFO] [1772813529.847021449] [rtabmap]: rtabmap (82): Rate=1.00s, Limit=0.000s, Conversion=0.0007s, RTAB-Map=0.1272s, Maps update=0.0002s pub=0.0005s delay=0.3532s (local map=1, WM=1)
[INFO] [1772813530.731159472] [rtabmap]: rtabmap (83): Rate=1.00s, Limit=0.000s, Conversion=0.0003s, RTAB-Map=0.0775s, Maps update=0.0003s pub=0.0004s delay=0.2373s (local map=1, WM=1)
[INFO] [1772813531.823942977] [rtabmap]: rtabmap (84): Rate=1.00s, Limit=0.000s, Conversion=0.0107s, RTAB-Map=0.0630s, Maps update=0.0003s pub=0.0004s delay=0.2301s (local map=1, WM=1)
[INFO] [1772813532.925927268] [rtabmap]: rtabmap (85): Rate=1.00s, Limit=0.000s, Conversion=0.0008s, RTAB-Map=0.0708s, Maps update=0.0007s pub=0.0005s delay=0.2322s (local map=1, WM=1)
[INFO] [1772813534.048508287] [rtabmap]: rtabmap (86): Rate=1.00s, Limit=0.000s, Conversion=0.0003s, RTAB-Map=0.0851s, Maps update=0.0002s pub=0.0004s delay=0.2544s (local map=1, WM=1)
[INFO] [1772813535.135098315] [rtabmap]: rtabmap (87): Rate=1.00s, Limit=0.000s, Conversion=0.0003s, RTAB-Map=0.0789s, Maps update=0.0004s pub=0.0005s delay=0.2417s (local map=1, WM=1)
[INFO] [1772813536.236383733] [rtabmap]: rtabmap (88): Rate=1.00s, Limit=0.000s, Conversion=0.0003s, RTAB-Map=0.0838s, Maps update=0.0002s pub=0.0004s delay=0.2425s (local map=1, WM=1)
[INFO] [1772813537.317126633] [rtabmap]: rtabmap (89): Rate=1.00s, Limit=0.000s, Conversion=0.0003s, RTAB-Map=0.0613s, Maps update=0.0002s pub=0.0004s delay=0.2232s (local map=1, WM=1)
[INFO] [1772813538.315882417] [rtabmap]: rtabmap (90): Rate=1.00s, Limit=0.000s, Conversion=0.0005s, RTAB-Map=0.0634s, Maps update=0.0002s pub=0.0007s delay=0.2219s (local map=1, WM=1)
[INFO] [1772813539.417386818] [rtabmap]: rtabmap (91): Rate=1.00s, Limit=0.000s, Conversion=0.0004s, RTAB-Map=0.0648s, Maps update=0.0004s pub=0.0003s delay=0.2243s (local map=1, WM=1)
[INFO] [1772813540.417627456] [rtabmap]: rtabmap (92): Rate=1.00s, Limit=0.000s, Conversion=0.0003s, RTAB-Map=0.0683s, Maps update=0.0003s pub=0.0003s delay=0.2246s (local map=1, WM=1)
[INFO] [1772813541.411937860] [rtabmap]: rtabmap (93): Rate=1.00s, Limit=0.000s, Conversion=0.0003s, RTAB-Map=0.0612s, Maps update=0.0002s pub=0.0003s delay=0.2179s (local map=1, WM=1)
[INFO] [1772813542.526251501] [rtabmap]: rtabmap (94): Rate=1.00s, Limit=0.000s, Conversion=0.0005s, RTAB-Map=0.0731s, Maps update=0.0002s pub=0.0003s delay=0.2321s (local map=1, WM=1)
[INFO] [1772813543.629404188] [rtabmap]: rtabmap (95): Rate=1.00s, Limit=0.000s, Conversion=0.0005s, RTAB-Map=0.0754s, Maps update=0.0003s pub=0.0006s delay=0.2355s (local map=1, WM=1)
[INFO] [1772813544.728153672] [rtabmap]: rtabmap (96): Rate=1.00s, Limit=0.000s, Conversion=0.0003s, RTAB-Map=0.0651s, Maps update=0.0002s pub=0.0003s delay=0.2350s (local map=1, WM=1)
[INFO] [1772813545.724698686] [rtabmap]: rtabmap (97): Rate=1.00s, Limit=0.000s, Conversion=0.0005s, RTAB-Map=0.0653s, Maps update=0.0002s pub=0.0003s delay=0.2306s (local map=1, WM=1)
[INFO] [1772813546.831252490] [rtabmap]: rtabmap (98): Rate=1.00s, Limit=0.000s, Conversion=0.0003s, RTAB-Map=0.0746s, Maps update=0.0003s pub=0.0003s delay=0.2373s (local map=1, WM=1)
[INFO] [1772813547.827196617] [rtabmap]: rtabmap (99): Rate=1.00s, Limit=0.000s, Conversion=0.0004s, RTAB-Map=0.0738s, Maps update=0.0003s pub=0.0003s delay=0.2332s (local map=1, WM=1)
[INFO] [1772813548.931844751] [rtabmap]: rtabmap (100): Rate=1.00s, Limit=0.000s, Conversion=0.0003s, RTAB-Map=0.0699s, Maps update=0.0008s pub=0.0003s delay=0.2389s (local map=1, WM=1)
[INFO] [1772813549.931451414] [rtabmap]: rtabmap (101): Rate=1.00s, Limit=0.000s, Conversion=0.0003s, RTAB-Map=0.0740s, Maps update=0.0002s pub=0.0003s delay=0.2375s (local map=1, WM=1)
[INFO] [1772813551.020784327] [rtabmap]: rtabmap (102): Rate=1.00s, Limit=0.000s, Conversion=0.0004s, RTAB-Map=0.0627s, Maps update=0.0003s pub=0.0003s delay=0.2268s (local map=1, WM=1)
[INFO] [1772813552.130822675] [rtabmap]: rtabmap (103): Rate=1.00s, Limit=0.000s, Conversion=0.0006s, RTAB-Map=0.0708s, Maps update=0.0003s pub=0.0003s delay=0.2367s (local map=1, WM=1)
[INFO] [1772813553.229285845] [rtabmap]: rtabmap (104): Rate=1.00s, Limit=0.000s, Conversion=0.0008s, RTAB-Map=0.0621s, Maps update=0.0004s pub=0.0004s delay=0.2365s (local map=1, WM=1)
[INFO] [1772813554.246976886] [rtabmap]: rtabmap (105): Rate=1.00s, Limit=0.000s, Conversion=0.0004s, RTAB-Map=0.0777s, Maps update=0.0002s pub=0.0003s delay=0.2530s (local map=1, WM=1)
[INFO] [1772813555.322190559] [rtabmap]: rtabmap (106): Rate=1.00s, Limit=0.000s, Conversion=0.0006s, RTAB-Map=0.0709s, Maps update=0.0002s pub=0.0003s delay=0.2292s (local map=1, WM=1)
[INFO] [1772813556.320447251] [rtabmap]: rtabmap (107): Rate=1.00s, Limit=0.000s, Conversion=0.0003s, RTAB-Map=0.0643s, Maps update=0.0002s pub=0.0009s delay=0.2273s (local map=1, WM=1)
[INFO] [1772813557.317311925] [rtabmap]: rtabmap (108): Rate=1.00s, Limit=0.000s, Conversion=0.0003s, RTAB-Map=0.0666s, Maps update=0.0020s pub=0.0003s delay=0.2240s (local map=1, WM=1)
[INFO] [1772813558.334199800] [rtabmap]: rtabmap (109): Rate=1.00s, Limit=0.000s, Conversion=0.0003s, RTAB-Map=0.0702s, Maps update=0.0003s pub=0.0003s delay=0.2401s (local map=1, WM=1)
[INFO] [1772813559.423481480] [rtabmap]: rtabmap (110): Rate=1.00s, Limit=0.000s, Conversion=0.0003s, RTAB-Map=0.0667s, Maps update=0.0003s pub=0.0003s delay=0.2294s (local map=1, WM=1)
[INFO] [1772813560.516822701] [rtabmap]: rtabmap (111): Rate=1.00s, Limit=0.000s, Conversion=0.0005s, RTAB-Map=0.0651s, Maps update=0.0002s pub=0.0003s delay=0.2237s (local map=1, WM=1)
[INFO] [1772813561.535030689] [rtabmap]: rtabmap (112): Rate=1.00s, Limit=0.000s, Conversion=0.0005s, RTAB-Map=0.0728s, Maps update=0.0002s pub=0.0003s delay=0.2409s (local map=1, WM=1)
[INFO] [1772813562.630651866] [rtabmap]: rtabmap (113): Rate=1.00s, Limit=0.000s, Conversion=0.0006s, RTAB-Map=0.0728s, Maps update=0.0002s pub=0.0003s delay=0.2374s (local map=1, WM=1)
[INFO] [1772813563.728214394] [rtabmap]: rtabmap (114): Rate=1.00s, Limit=0.000s, Conversion=0.0004s, RTAB-Map=0.0775s, Maps update=0.0002s pub=0.0003s delay=0.2355s (local map=1, WM=1)
[INFO] [1772813564.727377456] [rtabmap]: rtabmap (115): Rate=1.00s, Limit=0.000s, Conversion=0.0004s, RTAB-Map=0.0691s, Maps update=0.0002s pub=0.0003s delay=0.2333s (local map=1, WM=1)
[INFO] [1772813565.710682430] [rtabmap]: rtabmap (116): Rate=1.00s, Limit=0.000s, Conversion=0.0003s, RTAB-Map=0.0595s, Maps update=0.0003s pub=0.0004s delay=0.2166s (local map=1, WM=1)
[INFO] [1772813566.818120139] [rtabmap]: rtabmap (117): Rate=1.00s, Limit=0.000s, Conversion=0.0006s, RTAB-Map=0.0620s, Maps update=0.0002s pub=0.0003s delay=0.2251s (local map=1, WM=1)
[INFO] [1772813567.825600787] [rtabmap]: rtabmap (118): Rate=1.00s, Limit=0.000s, Conversion=0.0004s, RTAB-Map=0.0698s, Maps update=0.0003s pub=0.0004s delay=0.2325s (local map=1, WM=1)
[INFO] [1772813568.930700426] [rtabmap]: rtabmap (119): Rate=1.00s, Limit=0.000s, Conversion=0.0003s, RTAB-Map=0.0781s, Maps update=0.0003s pub=0.0003s delay=0.2375s (local map=1, WM=1)
[INFO] [1772813569.925964048] [rtabmap]: rtabmap (120): Rate=1.00s, Limit=0.000s, Conversion=0.0005s, RTAB-Map=0.0745s, Maps update=0.0003s pub=0.0003s delay=0.2319s (local map=1, WM=1)
[INFO] [1772813571.033166676] [rtabmap]: rtabmap (121): Rate=1.00s, Limit=0.000s, Conversion=0.0004s, RTAB-Map=0.0711s, Maps update=0.0003s pub=0.0004s delay=0.2399s (local map=1, WM=1)
[INFO] [1772813572.035144114] [rtabmap]: rtabmap (122): Rate=1.00s, Limit=0.000s, Conversion=0.0005s, RTAB-Map=0.0699s, Maps update=0.0002s pub=0.0003s delay=0.2418s (local map=1, WM=1)
[INFO] [1772813573.120472688] [rtabmap]: rtabmap (123): Rate=1.00s, Limit=0.000s, Conversion=0.0003s, RTAB-Map=0.0659s, Maps update=0.0002s pub=0.0003s delay=0.2272s (local map=1, WM=1)
[INFO] [1772813574.225642376] [rtabmap]: rtabmap (124): Rate=1.00s, Limit=0.000s, Conversion=0.0005s, RTAB-Map=0.0722s, Maps update=0.0003s pub=0.0004s delay=0.2328s (local map=1, WM=1)
[INFO] [1772813575.213551392] [rtabmap]: rtabmap (125): Rate=1.00s, Limit=0.000s, Conversion=0.0004s, RTAB-Map=0.0592s, Maps update=0.0003s pub=0.0003s delay=0.2205s (local map=1, WM=1)
[INFO] [1772813576.212722326] [rtabmap]: rtabmap (126): Rate=1.00s, Limit=0.000s, Conversion=0.0003s, RTAB-Map=0.0581s, Maps update=0.0002s pub=0.0003s delay=0.2194s (local map=1, WM=1)
[INFO] [1772813577.318016212] [rtabmap]: rtabmap (127): Rate=1.00s, Limit=0.000s, Conversion=0.0003s, RTAB-Map=0.0634s, Maps update=0.0004s pub=0.0003s delay=0.2249s (local map=1, WM=1)
[INFO] [1772813578.332384634] [rtabmap]: rtabmap (128): Rate=1.00s, Limit=0.000s, Conversion=0.0005s, RTAB-Map=0.0759s, Maps update=0.0002s pub=0.0008s delay=0.2393s (local map=1, WM=1)
[INFO] [1772813579.426563422] [rtabmap]: rtabmap (129): Rate=1.00s, Limit=0.000s, Conversion=0.0006s, RTAB-Map=0.0659s, Maps update=0.0003s pub=0.0003s delay=0.2336s (local map=1, WM=1)
[INFO] [1772813580.527738532] [rtabmap]: rtabmap (130): Rate=1.00s, Limit=0.000s, Conversion=0.0010s, RTAB-Map=0.0719s, Maps update=0.0003s pub=0.0003s delay=0.2348s (local map=1, WM=1)
[INFO] [1772813581.633258026] [rtabmap]: rtabmap (131): Rate=1.00s, Limit=0.000s, Conversion=0.0003s, RTAB-Map=0.0732s, Maps update=0.0002s pub=0.0003s delay=0.2403s (local map=1, WM=1)
[INFO] [1772813582.745826803] [rtabmap]: rtabmap (132): Rate=1.00s, Limit=0.000s, Conversion=0.0105s, RTAB-Map=0.0694s, Maps update=0.0002s pub=0.0003s delay=0.2525s (local map=1, WM=1)
[INFO] [1772813583.834530477] [rtabmap]: rtabmap (133): Rate=1.00s, Limit=0.000s, Conversion=0.0003s, RTAB-Map=0.0653s, Maps update=0.0003s pub=0.0003s delay=0.2412s (local map=1, WM=1)
[INFO] [1772813584.816930874] [rtabmap]: rtabmap (134): Rate=1.00s, Limit=0.000s, Conversion=0.0003s, RTAB-Map=0.0629s, Maps update=0.0002s pub=0.0003s delay=0.2235s (local map=1, WM=1)
[INFO] [1772813585.926717213] [rtabmap]: rtabmap (135): Rate=1.00s, Limit=0.000s, Conversion=0.0106s, RTAB-Map=0.0633s, Maps update=0.0010s pub=0.0003s delay=0.2338s (local map=1, WM=1)
[INFO] [1772813587.029640003] [rtabmap]: rtabmap (136): Rate=1.00s, Limit=0.000s, Conversion=0.0004s, RTAB-Map=0.0652s, Maps update=0.0005s pub=0.0010s delay=0.2365s (local map=1, WM=1)
[INFO] [1772813588.027613677] [rtabmap]: rtabmap (137): Rate=1.00s, Limit=0.000s, Conversion=0.0005s, RTAB-Map=0.0730s, Maps update=0.0002s pub=0.0003s delay=0.2343s (local map=1, WM=1)
[INFO] [1772813589.033580702] [rtabmap]: rtabmap (138): Rate=1.00s, Limit=0.000s, Conversion=0.0003s, RTAB-Map=0.0626s, Maps update=0.0004s pub=0.0003s delay=0.2385s (local map=1, WM=1)
[INFO] [1772813590.112967649] [rtabmap]: rtabmap (139): Rate=1.00s, Limit=0.000s, Conversion=0.0003s, RTAB-Map=0.0647s, Maps update=0.0003s pub=0.0003s delay=0.2201s (local map=1, WM=1)
[INFO] [1772813591.114293191] [rtabmap]: rtabmap (140): Rate=1.00s, Limit=0.000s, Conversion=0.0003s, RTAB-Map=0.0650s, Maps update=0.0002s pub=0.0003s delay=0.2208s (local map=1, WM=1)
[INFO] [1772813592.231699810] [rtabmap]: rtabmap (141): Rate=1.00s, Limit=0.000s, Conversion=0.0004s, RTAB-Map=0.0762s, Maps update=0.0002s pub=0.0003s delay=0.2389s (local map=1, WM=1)
[INFO] [1772813593.233918441] [rtabmap]: rtabmap (142): Rate=1.00s, Limit=0.000s, Conversion=0.0004s, RTAB-Map=0.0705s, Maps update=0.0002s pub=0.0003s delay=0.2405s (local map=1, WM=1)
[INFO] [1772813594.324466887] [rtabmap]: rtabmap (143): Rate=1.00s, Limit=0.000s, Conversion=0.0109s, RTAB-Map=0.0596s, Maps update=0.0002s pub=0.0003s delay=0.2316s (local map=1, WM=1)
[INFO] [1772813595.429880073] [rtabmap]: rtabmap (144): Rate=1.00s, Limit=0.000s, Conversion=0.0004s, RTAB-Map=0.0730s, Maps update=0.0004s pub=0.0003s delay=0.2372s (local map=1, WM=1)
[INFO] [1772813596.428103677] [rtabmap]: rtabmap (145): Rate=1.00s, Limit=0.000s, Conversion=0.0004s, RTAB-Map=0.0635s, Maps update=0.0002s pub=0.0003s delay=0.2348s (local map=1, WM=1)
[INFO] [1772813597.514511074] [rtabmap]: rtabmap (146): Rate=1.00s, Limit=0.000s, Conversion=0.0004s, RTAB-Map=0.0621s, Maps update=0.0002s pub=0.0003s delay=0.2218s (local map=1, WM=1)
[INFO] [1772813598.540382705] [rtabmap]: rtabmap (147): Rate=1.00s, Limit=0.000s, Conversion=0.0114s, RTAB-Map=0.0681s, Maps update=0.0002s pub=0.0003s delay=0.2471s (local map=1, WM=1)
[INFO] [1772813599.628065029] [rtabmap]: rtabmap (148): Rate=1.00s, Limit=0.000s, Conversion=0.0005s, RTAB-Map=0.0723s, Maps update=0.0004s pub=0.0004s delay=0.2354s (local map=1, WM=1)
[INFO] [1772813600.616445454] [rtabmap]: rtabmap (149): Rate=1.00s, Limit=0.000s, Conversion=0.0004s, RTAB-Map=0.0647s, Maps update=0.0003s pub=0.0003s delay=0.2236s (local map=1, WM=1)
[INFO] [1772813601.622264345] [rtabmap]: rtabmap (150): Rate=1.00s, Limit=0.000s, Conversion=0.0003s, RTAB-Map=0.0672s, Maps update=0.0003s pub=0.0003s delay=0.2293s (local map=1, WM=1)
[INFO] [1772813602.745374439] [rtabmap]: rtabmap (151): Rate=1.00s, Limit=0.000s, Conversion=0.0005s, RTAB-Map=0.0804s, Maps update=0.0003s pub=0.0003s delay=0.2521s (local map=1, WM=1)
[INFO] [1772813603.831741515] [rtabmap]: rtabmap (152): Rate=1.00s, Limit=0.000s, Conversion=0.0007s, RTAB-Map=0.0719s, Maps update=0.0004s pub=0.0003s delay=0.2389s (local map=1, WM=1)
[INFO] [1772813604.818970122] [rtabmap]: rtabmap (153): Rate=1.00s, Limit=0.000s, Conversion=0.0004s, RTAB-Map=0.0624s, Maps update=0.0002s pub=0.0003s delay=0.2261s (local map=1, WM=1)
[INFO] [1772813605.829610023] [rtabmap]: rtabmap (154): Rate=1.00s, Limit=0.000s, Conversion=0.0004s, RTAB-Map=0.0636s, Maps update=0.0002s pub=0.0003s delay=0.2367s (local map=1, WM=1)
[INFO] [1772813606.935790789] [rtabmap]: rtabmap (155): Rate=1.00s, Limit=0.000s, Conversion=0.0005s, RTAB-Map=0.0745s, Maps update=0.0003s pub=0.0003s delay=0.2430s (local map=1, WM=1)
[INFO] [1772813607.944137198] [rtabmap]: rtabmap (156): Rate=1.00s, Limit=0.000s, Conversion=0.0005s, RTAB-Map=0.0820s, Maps update=0.0003s pub=0.0003s delay=0.2512s (local map=1, WM=1)
[INFO] [1772813609.012420983] [rtabmap]: rtabmap (157): Rate=1.00s, Limit=0.000s, Conversion=0.0004s, RTAB-Map=0.0641s, Maps update=0.0003s pub=0.0006s delay=0.2191s (local map=1, WM=1)
[INFO] [1772813610.139658045] [rtabmap]: rtabmap (158): Rate=1.00s, Limit=0.000s, Conversion=0.0004s, RTAB-Map=0.0790s, Maps update=0.0002s pub=0.0003s delay=0.2468s (local map=1, WM=1)
[INFO] [1772813611.142781893] [rtabmap]: rtabmap (159): Rate=1.00s, Limit=0.000s, Conversion=0.0003s, RTAB-Map=0.0691s, Maps update=0.0002s pub=0.0003s delay=0.2492s (local map=1, WM=1)
[INFO] [1772813612.226944664] [rtabmap]: rtabmap (160): Rate=1.00s, Limit=0.000s, Conversion=0.0105s, RTAB-Map=0.0632s, Maps update=0.0003s pub=0.0003s delay=0.2340s (local map=1, WM=1)
[INFO] [1772813613.341045914] [rtabmap]: rtabmap (161): Rate=1.00s, Limit=0.000s, Conversion=0.0113s, RTAB-Map=0.0730s, Maps update=0.0003s pub=0.0009s delay=0.2483s (local map=1, WM=1)
[INFO] [1772813614.316338593] [rtabmap]: rtabmap (162): Rate=1.00s, Limit=0.000s, Conversion=0.0004s, RTAB-Map=0.0628s, Maps update=0.0003s pub=0.0003s delay=0.2235s (local map=1, WM=1)
[INFO] [1772813615.322392405] [rtabmap]: rtabmap (163): Rate=1.00s, Limit=0.000s, Conversion=0.0003s, RTAB-Map=0.0650s, Maps update=0.0003s pub=0.0003s delay=0.2295s (local map=1, WM=1)
[INFO] [1772813616.429188329] [rtabmap]: rtabmap (164): Rate=1.00s, Limit=0.000s, Conversion=0.0008s, RTAB-Map=0.0815s, Maps update=0.0005s pub=0.0007s delay=0.2365s (local map=1, WM=1)
[INFO] [1772813617.433741318] [rtabmap]: rtabmap (165): Rate=1.00s, Limit=0.000s, Conversion=0.0004s, RTAB-Map=0.0631s, Maps update=0.0002s pub=0.0003s delay=0.2410s (local map=1, WM=1)
[INFO] [1772813618.418774388] [rtabmap]: rtabmap (166): Rate=1.00s, Limit=0.000s, Conversion=0.0004s, RTAB-Map=0.0634s, Maps update=0.0003s pub=0.0004s delay=0.2258s (local map=1, WM=1)
[INFO] [1772813619.553088575] [rtabmap]: rtabmap (167): Rate=1.00s, Limit=0.000s, Conversion=0.0106s, RTAB-Map=0.0831s, Maps update=0.0004s pub=0.0025s delay=0.2601s (local map=1, WM=1)
[INFO] [1772813620.630253776] [rtabmap]: rtabmap (168): Rate=1.00s, Limit=0.000s, Conversion=0.0003s, RTAB-Map=0.0652s, Maps update=0.0004s pub=0.0003s delay=0.2374s (local map=1, WM=1)
[INFO] [1772813621.625369617] [rtabmap]: rtabmap (169): Rate=1.00s, Limit=0.000s, Conversion=0.0010s, RTAB-Map=0.0689s, Maps update=0.0003s pub=0.0003s delay=0.2324s (local map=1, WM=1)
[INFO] [1772813622.728389530] [rtabmap]: rtabmap (170): Rate=1.00s, Limit=0.000s, Conversion=0.0105s, RTAB-Map=0.0609s, Maps update=0.0002s pub=0.0005s delay=0.2355s (local map=1, WM=1)
[INFO] [1772813623.732465861] [rtabmap]: rtabmap (171): Rate=1.00s, Limit=0.000s, Conversion=0.0003s, RTAB-Map=0.0727s, Maps update=0.0002s pub=0.0003s delay=0.2396s (local map=1, WM=1)
[INFO] [1772813624.732301588] [rtabmap]: rtabmap (172): Rate=1.00s, Limit=0.000s, Conversion=0.0003s, RTAB-Map=0.0623s, Maps update=0.0007s pub=0.0007s delay=0.2394s (local map=1, WM=1)
[INFO] [1772813625.823451817] [rtabmap]: rtabmap (173): Rate=1.00s, Limit=0.000s, Conversion=0.0004s, RTAB-Map=0.0641s, Maps update=0.0003s pub=0.0003s delay=0.2306s (local map=1, WM=1)
[INFO] [1772813626.825593005] [rtabmap]: rtabmap (174): Rate=1.00s, Limit=0.000s, Conversion=0.0004s, RTAB-Map=0.0612s, Maps update=0.0028s pub=0.0004s delay=0.2327s (local map=1, WM=1)
[INFO] [1772813627.829617814] [rtabmap]: rtabmap (175): Rate=1.00s, Limit=0.000s, Conversion=0.0003s, RTAB-Map=0.0833s, Maps update=0.0003s pub=0.0003s delay=0.2367s (local map=1, WM=1)
[INFO] [1772813628.914097428] [rtabmap]: rtabmap (176): Rate=1.00s, Limit=0.000s, Conversion=0.0005s, RTAB-Map=0.0632s, Maps update=0.0003s pub=0.0003s delay=0.2211s (local map=1, WM=1)
[INFO] [1772813630.031198981] [rtabmap]: rtabmap (177): Rate=1.00s, Limit=0.000s, Conversion=0.0004s, RTAB-Map=0.0707s, Maps update=0.0003s pub=0.0003s delay=0.2384s (local map=1, WM=1)
[INFO] [1772813631.121029161] [rtabmap]: rtabmap (178): Rate=1.00s, Limit=0.000s, Conversion=0.0003s, RTAB-Map=0.0661s, Maps update=0.0003s pub=0.0007s delay=0.2281s (local map=1, WM=1)
[INFO] [1772813632.132752110] [rtabmap]: rtabmap (179): Rate=1.00s, Limit=0.000s, Conversion=0.0003s, RTAB-Map=0.0696s, Maps update=0.0002s pub=0.0003s delay=0.2397s (local map=1, WM=1)
[INFO] [1772813633.130190724] [rtabmap]: rtabmap (180): Rate=1.00s, Limit=0.000s, Conversion=0.0003s, RTAB-Map=0.0657s, Maps update=0.0003s pub=0.0003s delay=0.2371s (local map=1, WM=1)
[INFO] [1772813634.226700574] [rtabmap]: rtabmap (181): Rate=1.00s, Limit=0.000s, Conversion=0.0005s, RTAB-Map=0.0665s, Maps update=0.0002s pub=0.0003s delay=0.2339s (local map=1, WM=1)
[INFO] [1772813635.220203076] [rtabmap]: rtabmap (182): Rate=1.00s, Limit=0.000s, Conversion=0.0003s, RTAB-Map=0.0675s, Maps update=0.0004s pub=0.0011s delay=0.2273s (local map=1, WM=1)
[INFO] [1772813636.224387891] [rtabmap]: rtabmap (183): Rate=1.00s, Limit=0.000s, Conversion=0.0004s, RTAB-Map=0.0712s, Maps update=0.0003s pub=0.0003s delay=0.2315s (local map=1, WM=1)
[INFO] [1772813637.213617435] [rtabmap]: rtabmap (184): Rate=1.00s, Limit=0.000s, Conversion=0.0003s, RTAB-Map=0.0646s, Maps update=0.0002s pub=0.0003s delay=0.2206s (local map=1, WM=1)
[INFO] [1772813638.245089432] [rtabmap]: rtabmap (185): Rate=1.00s, Limit=0.000s, Conversion=0.0004s, RTAB-Map=0.0890s, Maps update=0.0003s pub=0.0005s delay=0.2521s (local map=1, WM=1)
[INFO] [1772813639.314630352] [rtabmap]: rtabmap (186): Rate=1.00s, Limit=0.000s, Conversion=0.0008s, RTAB-Map=0.0619s, Maps update=0.0002s pub=0.0003s delay=0.2215s (local map=1, WM=1)
[INFO] [1772813640.328075028] [rtabmap]: rtabmap (187): Rate=1.00s, Limit=0.000s, Conversion=0.0004s, RTAB-Map=0.0713s, Maps update=0.0004s pub=0.0004s delay=0.2350s (local map=1, WM=1)
[INFO] [1772813641.424463625] [rtabmap]: rtabmap (188): Rate=1.00s, Limit=0.000s, Conversion=0.0004s, RTAB-Map=0.0678s, Maps update=0.0006s pub=0.0003s delay=0.2315s (local map=1, WM=1)
[INFO] [1772813642.437172819] [rtabmap]: rtabmap (189): Rate=1.00s, Limit=0.000s, Conversion=0.0106s, RTAB-Map=0.0626s, Maps update=0.0002s pub=0.0004s delay=0.2437s (local map=1, WM=1)
[INFO] [1772813643.535326025] [rtabmap]: rtabmap (190): Rate=1.00s, Limit=0.000s, Conversion=0.0006s, RTAB-Map=0.0795s, Maps update=0.0002s pub=0.0004s delay=0.2422s (local map=1, WM=1)
[INFO] [1772813644.631197867] [rtabmap]: rtabmap (191): Rate=1.00s, Limit=0.000s, Conversion=0.0004s, RTAB-Map=0.0738s, Maps update=0.0003s pub=0.0004s delay=0.2383s (local map=1, WM=1)
[INFO] [1772813645.626678426] [rtabmap]: rtabmap (192): Rate=1.00s, Limit=0.000s, Conversion=0.0005s, RTAB-Map=0.0674s, Maps update=0.0003s pub=0.0003s delay=0.2336s (local map=1, WM=1)
[INFO] [1772813646.720607540] [rtabmap]: rtabmap (193): Rate=1.00s, Limit=0.000s, Conversion=0.0004s, RTAB-Map=0.0655s, Maps update=0.0002s pub=0.0003s delay=0.2276s (local map=1, WM=1)
[INFO] [1772813647.732632613] [rtabmap]: rtabmap (194): Rate=1.00s, Limit=0.000s, Conversion=0.0005s, RTAB-Map=0.0750s, Maps update=0.0002s pub=0.0003s delay=0.2396s (local map=1, WM=1)
[INFO] [1772813648.735173175] [rtabmap]: rtabmap (195): Rate=1.00s, Limit=0.000s, Conversion=0.0005s, RTAB-Map=0.0706s, Maps update=0.0002s pub=0.0003s delay=0.2420s (local map=1, WM=1)
[INFO] [1772813649.823989558] [rtabmap]: rtabmap (196): Rate=1.00s, Limit=0.000s, Conversion=0.0005s, RTAB-Map=0.0741s, Maps update=0.0002s pub=0.0003s delay=0.2310s (local map=1, WM=1)
[INFO] [1772813650.827922331] [rtabmap]: rtabmap (197): Rate=1.00s, Limit=0.000s, Conversion=0.0003s, RTAB-Map=0.0729s, Maps update=0.0002s pub=0.0003s delay=0.2348s (local map=1, WM=1)
[INFO] [1772813651.921665871] [rtabmap]: rtabmap (198): Rate=1.00s, Limit=0.000s, Conversion=0.0003s, RTAB-Map=0.0696s, Maps update=0.0004s pub=0.0003s delay=0.2285s (local map=1, WM=1)
[INFO] [1772813653.025823107] [rtabmap]: rtabmap (199): Rate=1.00s, Limit=0.000s, Conversion=0.0003s, RTAB-Map=0.0725s, Maps update=0.0002s pub=0.0003s delay=0.2326s (local map=1, WM=1)
[INFO] [1772813654.030376000] [rtabmap]: rtabmap (200): Rate=1.00s, Limit=0.000s, Conversion=0.0005s, RTAB-Map=0.0689s, Maps update=0.0003s pub=0.0003s delay=0.2371s (local map=1, WM=1)
[INFO] [1772813655.133710421] [rtabmap]: rtabmap (201): Rate=1.00s, Limit=0.000s, Conversion=0.0003s, RTAB-Map=0.0654s, Maps update=0.0002s pub=0.0003s delay=0.2406s (local map=1, WM=1)
[INFO] [1772813656.226978999] [rtabmap]: rtabmap (202): Rate=1.00s, Limit=0.000s, Conversion=0.0007s, RTAB-Map=0.0727s, Maps update=0.0003s pub=0.0003s delay=0.2338s (local map=1, WM=1)
[INFO] [1772813657.323363404] [rtabmap]: rtabmap (203): Rate=1.00s, Limit=0.000s, Conversion=0.0003s, RTAB-Map=0.0631s, Maps update=0.0002s pub=0.0003s delay=0.2302s (local map=1, WM=1)
[INFO] [1772813658.430684852] [rtabmap]: rtabmap (204): Rate=1.00s, Limit=0.000s, Conversion=0.0004s, RTAB-Map=0.0766s, Maps update=0.0003s pub=0.0003s delay=0.2374s (local map=1, WM=1)
[INFO] [1772813659.535294713] [rtabmap]: rtabmap (205): Rate=1.00s, Limit=0.000s, Conversion=0.0004s, RTAB-Map=0.0680s, Maps update=0.0003s pub=0.0003s delay=0.2422s (local map=1, WM=1)
[INFO] [1772813660.525684364] [rtabmap]: rtabmap (206): Rate=1.00s, Limit=0.000s, Conversion=0.0003s, RTAB-Map=0.0686s, Maps update=0.0005s pub=0.0003s delay=0.2325s (local map=1, WM=1)
[INFO] [1772813661.630114697] [rtabmap]: rtabmap (207): Rate=1.00s, Limit=0.000s, Conversion=0.0004s, RTAB-Map=0.0656s, Maps update=0.0003s pub=0.0003s delay=0.2369s (local map=1, WM=1)
[INFO] [1772813662.629085272] [rtabmap]: rtabmap (208): Rate=1.00s, Limit=0.000s, Conversion=0.0105s, RTAB-Map=0.0624s, Maps update=0.0003s pub=0.0004s delay=0.2358s (local map=1, WM=1)
[INFO] [1772813663.730983353] [rtabmap]: rtabmap (209): Rate=1.00s, Limit=0.000s, Conversion=0.0003s, RTAB-Map=0.0746s, Maps update=0.0003s pub=0.0003s delay=0.2377s (local map=1, WM=1)
[INFO] [1772813664.722498165] [rtabmap]: rtabmap (210): Rate=1.00s, Limit=0.000s, Conversion=0.0004s, RTAB-Map=0.0720s, Maps update=0.0002s pub=0.0003s delay=0.2292s (local map=1, WM=1)
[INFO] [1772813665.838172593] [rtabmap]: rtabmap (211): Rate=1.00s, Limit=0.000s, Conversion=0.0005s, RTAB-Map=0.0732s, Maps update=0.0003s pub=0.0003s delay=0.2450s (local map=1, WM=1)
[INFO] [1772813666.910916447] [rtabmap]: rtabmap (212): Rate=1.00s, Limit=0.000s, Conversion=0.0003s, RTAB-Map=0.0615s, Maps update=0.0002s pub=0.0003s delay=0.2177s (local map=1, WM=1)
[INFO] [1772813667.938105630] [rtabmap]: rtabmap (213): Rate=1.00s, Limit=0.000s, Conversion=0.0008s, RTAB-Map=0.0794s, Maps update=0.0003s pub=0.0003s delay=0.2449s (local map=1, WM=1)
[INFO] [1772813668.919672716] [rtabmap]: rtabmap (214): Rate=1.00s, Limit=0.000s, Conversion=0.0003s, RTAB-Map=0.0688s, Maps update=0.0004s pub=0.0004s delay=0.2263s (local map=1, WM=1)
[INFO] [1772813670.029686071] [rtabmap]: rtabmap (215): Rate=1.00s, Limit=0.000s, Conversion=0.0004s, RTAB-Map=0.0744s, Maps update=0.0003s pub=0.0003s delay=0.2364s (local map=1, WM=1)
[INFO] [1772813671.033736161] [rtabmap]: rtabmap (216): Rate=1.00s, Limit=0.000s, Conversion=0.0005s, RTAB-Map=0.0693s, Maps update=0.0003s pub=0.0011s delay=0.2405s (local map=1, WM=1)
[INFO] [1772813672.111787795] [rtabmap]: rtabmap (217): Rate=1.00s, Limit=0.000s, Conversion=0.0003s, RTAB-Map=0.0621s, Maps update=0.0002s pub=0.0003s delay=0.2186s (local map=1, WM=1)
[INFO] [1772813673.131163442] [rtabmap]: rtabmap (218): Rate=1.00s, Limit=0.000s, Conversion=0.0004s, RTAB-Map=0.0799s, Maps update=0.0003s pub=0.0003s delay=0.2378s (local map=1, WM=1)
[INFO] [1772813674.224026885] [rtabmap]: rtabmap (219): Rate=1.00s, Limit=0.000s, Conversion=0.0009s, RTAB-Map=0.0705s, Maps update=0.0003s pub=0.0003s delay=0.2298s (local map=1, WM=1)
[INFO] [1772813675.331419376] [rtabmap]: rtabmap (220): Rate=1.00s, Limit=0.000s, Conversion=0.0005s, RTAB-Map=0.0811s, Maps update=0.0004s pub=0.0003s delay=0.2380s (local map=1, WM=1)
[INFO] [1772813676.426940357] [rtabmap]: rtabmap (221): Rate=1.00s, Limit=0.000s, Conversion=0.0004s, RTAB-Map=0.0666s, Maps update=0.0003s pub=0.0003s delay=0.2335s (local map=1, WM=1)
[INFO] [1772813677.536689415] [rtabmap]: rtabmap (222): Rate=1.00s, Limit=0.000s, Conversion=0.0003s, RTAB-Map=0.0796s, Maps update=0.0003s pub=0.0004s delay=0.2434s (local map=1, WM=1)
[INFO] [1772813678.530248654] [rtabmap]: rtabmap (223): Rate=1.00s, Limit=0.000s, Conversion=0.0005s, RTAB-Map=0.0781s, Maps update=0.0005s pub=0.0004s delay=0.2368s (local map=1, WM=1)
[INFO] [1772813679.624855202] [rtabmap]: rtabmap (224): Rate=1.00s, Limit=0.000s, Conversion=0.0006s, RTAB-Map=0.0693s, Maps update=0.0002s pub=0.0003s delay=0.2316s (local map=1, WM=1)
[INFO] [1772813680.745061061] [rtabmap]: rtabmap (225): Rate=1.00s, Limit=0.000s, Conversion=0.0108s, RTAB-Map=0.0755s, Maps update=0.0002s pub=0.0003s delay=0.2516s (local map=1, WM=1)
[INFO] [1772813681.849645864] [rtabmap]: rtabmap (226): Rate=1.00s, Limit=0.000s, Conversion=0.0005s, RTAB-Map=0.0783s, Maps update=0.0003s pub=0.0003s delay=0.2564s (local map=1, WM=1)
[INFO] [1772813682.830130382] [rtabmap]: rtabmap (227): Rate=1.00s, Limit=0.000s, Conversion=0.0004s, RTAB-Map=0.0740s, Maps update=0.0003s pub=0.0003s delay=0.2368s (local map=1, WM=1)
[INFO] [1772813683.939130932] [rtabmap]: rtabmap (228): Rate=1.00s, Limit=0.000s, Conversion=0.0003s, RTAB-Map=0.0737s, Maps update=0.0003s pub=0.0009s delay=0.2456s (local map=1, WM=1)
[INFO] [1772813685.023267142] [rtabmap]: rtabmap (229): Rate=1.00s, Limit=0.000s, Conversion=0.0003s, RTAB-Map=0.0622s, Maps update=0.0003s pub=0.0004s delay=0.2300s (local map=1, WM=1)
[INFO] [1772813686.027637756] [rtabmap]: rtabmap (230): Rate=1.00s, Limit=0.000s, Conversion=0.0003s, RTAB-Map=0.0643s, Maps update=0.0002s pub=0.0003s delay=0.2342s (local map=1, WM=1)
[INFO] [1772813687.132942074] [rtabmap]: rtabmap (231): Rate=1.00s, Limit=0.000s, Conversion=0.0003s, RTAB-Map=0.0731s, Maps update=0.0003s pub=0.0003s delay=0.2396s (local map=1, WM=1)
[INFO] [1772813688.155219556] [rtabmap]: rtabmap (232): Rate=1.00s, Limit=0.000s, Conversion=0.0106s, RTAB-Map=0.0845s, Maps update=0.0002s pub=0.0003s delay=0.2618s (local map=1, WM=1)
[INFO] [1772813689.231129095] [rtabmap]: rtabmap (233): Rate=1.00s, Limit=0.000s, Conversion=0.0005s, RTAB-Map=0.0702s, Maps update=0.0002s pub=0.0007s delay=0.2379s (local map=1, WM=1)
[INFO] [1772813690.227388658] [rtabmap]: rtabmap (234): Rate=1.00s, Limit=0.000s, Conversion=0.0005s, RTAB-Map=0.0678s, Maps update=0.0003s pub=0.0004s delay=0.2339s (local map=1, WM=1)
[INFO] [1772813691.347387085] [rtabmap]: rtabmap (235): Rate=1.00s, Limit=0.000s, Conversion=0.0005s, RTAB-Map=0.0828s, Maps update=0.0002s pub=0.0003s delay=0.2538s (local map=1, WM=1)
[INFO] [1772813692.431323991] [rtabmap]: rtabmap (236): Rate=1.00s, Limit=0.000s, Conversion=0.0003s, RTAB-Map=0.0647s, Maps update=0.0003s pub=0.0003s delay=0.2378s (local map=1, WM=1)
[INFO] [1772813693.531830084] [rtabmap]: rtabmap (237): Rate=1.00s, Limit=0.000s, Conversion=0.0005s, RTAB-Map=0.0753s, Maps update=0.0002s pub=0.0003s delay=0.2383s (local map=1, WM=1)
[INFO] [1772813694.537662032] [rtabmap]: rtabmap (238): Rate=1.00s, Limit=0.000s, Conversion=0.0003s, RTAB-Map=0.0695s, Maps update=0.0007s pub=0.0003s delay=0.2442s (local map=1, WM=1)
[INFO] [1772813695.535868387] [rtabmap]: rtabmap (239): Rate=1.00s, Limit=0.000s, Conversion=0.0003s, RTAB-Map=0.0672s, Maps update=0.0002s pub=0.0004s delay=0.2424s (local map=1, WM=1)
[INFO] [1772813696.626228154] [rtabmap]: rtabmap (240): Rate=1.00s, Limit=0.000s, Conversion=0.0004s, RTAB-Map=0.0646s, Maps update=0.0002s pub=0.0003s delay=0.2329s (local map=1, WM=1)
[INFO] [1772813697.622626251] [rtabmap]: rtabmap (241): Rate=1.00s, Limit=0.000s, Conversion=0.0003s, RTAB-Map=0.0706s, Maps update=0.0003s pub=0.0003s delay=0.2292s (local map=1, WM=1)
[INFO] [1772813698.626913790] [rtabmap]: rtabmap (242): Rate=1.00s, Limit=0.000s, Conversion=0.0003s, RTAB-Map=0.0664s, Maps update=0.0002s pub=0.0003s delay=0.2333s (local map=1, WM=1)
[INFO] [1772813699.728431920] [rtabmap]: rtabmap (243): Rate=1.00s, Limit=0.000s, Conversion=0.0005s, RTAB-Map=0.0656s, Maps update=0.0004s pub=0.0004s delay=0.2348s (local map=1, WM=1)
[INFO] [1772813700.816884929] [rtabmap]: rtabmap (244): Rate=1.00s, Limit=0.000s, Conversion=0.0004s, RTAB-Map=0.0651s, Maps update=0.0003s pub=0.0003s delay=0.2234s (local map=1, WM=1)
[INFO] [1772813701.929843097] [rtabmap]: rtabmap (245): Rate=1.00s, Limit=0.000s, Conversion=0.0004s, RTAB-Map=0.0698s, Maps update=0.0002s pub=0.0003s delay=0.2363s (local map=1, WM=1)
[INFO] [1772813702.926265898] [rtabmap]: rtabmap (246): Rate=1.00s, Limit=0.000s, Conversion=0.0005s, RTAB-Map=0.0704s, Maps update=0.0002s pub=0.0003s delay=0.2326s (local map=1, WM=1)
[INFO] [1772813703.929765856] [rtabmap]: rtabmap (247): Rate=1.00s, Limit=0.000s, Conversion=0.0004s, RTAB-Map=0.0728s, Maps update=0.0003s pub=0.0003s delay=0.2361s (local map=1, WM=1)
[INFO] [1772813705.025386105] [rtabmap]: rtabmap (248): Rate=1.00s, Limit=0.000s, Conversion=0.0003s, RTAB-Map=0.0650s, Maps update=0.0003s pub=0.0003s delay=0.2318s (local map=1, WM=1)
[INFO] [1772813706.025136837] [rtabmap]: rtabmap (249): Rate=1.00s, Limit=0.000s, Conversion=0.0004s, RTAB-Map=0.0681s, Maps update=0.0003s pub=0.0003s delay=0.2314s (local map=1, WM=1)
[INFO] [1772813707.115850729] [rtabmap]: rtabmap (250): Rate=1.00s, Limit=0.000s, Conversion=0.0008s, RTAB-Map=0.0615s, Maps update=0.0003s pub=0.0003s delay=0.2222s (local map=1, WM=1)
[INFO] [1772813708.223035436] [rtabmap]: rtabmap (251): Rate=1.00s, Limit=0.000s, Conversion=0.0003s, RTAB-Map=0.0702s, Maps update=0.0003s pub=0.0003s delay=0.2294s (local map=1, WM=1)
[INFO] [1772813709.333810739] [rtabmap]: rtabmap (252): Rate=1.00s, Limit=0.000s, Conversion=0.0004s, RTAB-Map=0.0779s, Maps update=0.0004s pub=0.0007s delay=0.2404s (local map=1, WM=1)
[INFO] [1772813710.336503628] [rtabmap]: rtabmap (253): Rate=1.00s, Limit=0.000s, Conversion=0.0005s, RTAB-Map=0.0687s, Maps update=0.0002s pub=0.0003s delay=0.2428s (local map=1, WM=1)
[INFO] [1772813711.312612208] [rtabmap]: rtabmap (254): Rate=1.00s, Limit=0.000s, Conversion=0.0003s, RTAB-Map=0.0606s, Maps update=0.0002s pub=0.0003s delay=0.2173s (local map=1, WM=1)
[INFO] [1772813712.431293147] [rtabmap]: rtabmap (255): Rate=1.00s, Limit=0.000s, Conversion=0.0008s, RTAB-Map=0.0719s, Maps update=0.0003s pub=0.0003s delay=0.2377s (local map=1, WM=1)
[INFO] [1772813713.442518094] [rtabmap]: rtabmap (256): Rate=1.00s, Limit=0.000s, Conversion=0.0108s, RTAB-Map=0.0786s, Maps update=0.0002s pub=0.0004s delay=0.2488s (local map=1, WM=1)
[INFO] [1772813714.540411867] [rtabmap]: rtabmap (257): Rate=1.00s, Limit=0.000s, Conversion=0.0007s, RTAB-Map=0.0812s, Maps update=0.0002s pub=0.0003s delay=0.2470s (local map=1, WM=1)
[INFO] [1772813715.558816726] [rtabmap]: rtabmap (258): Rate=1.00s, Limit=0.000s, Conversion=0.0005s, RTAB-Map=0.0794s, Maps update=0.0004s pub=0.0005s delay=0.2651s (local map=1, WM=1)
[INFO] [1772813716.530023270] [rtabmap]: rtabmap (259): Rate=1.00s, Limit=0.000s, Conversion=0.0004s, RTAB-Map=0.0672s, Maps update=0.0004s pub=0.0004s delay=0.2362s (local map=1, WM=1)
[INFO] [1772813717.626466589] [rtabmap]: rtabmap (260): Rate=1.00s, Limit=0.000s, Conversion=0.0003s, RTAB-Map=0.0635s, Maps update=0.0003s pub=0.0003s delay=0.2329s (local map=1, WM=1)
[INFO] [1772813718.617860533] [rtabmap]: rtabmap (261): Rate=1.00s, Limit=0.000s, Conversion=0.0003s, RTAB-Map=0.0645s, Maps update=0.0003s pub=0.0003s delay=0.2242s (local map=1, WM=1)
[INFO] [1772813719.631070097] [rtabmap]: rtabmap (262): Rate=1.00s, Limit=0.000s, Conversion=0.0006s, RTAB-Map=0.0681s, Maps update=0.0003s pub=0.0003s delay=0.2372s (local map=1, WM=1)
[INFO] [1772813720.719053776] [rtabmap]: rtabmap (263): Rate=1.00s, Limit=0.000s, Conversion=0.0009s, RTAB-Map=0.0636s, Maps update=0.0011s pub=0.0003s delay=0.2254s (local map=1, WM=1)
[INFO] [1772813721.826047180] [rtabmap]: rtabmap (264): Rate=1.00s, Limit=0.000s, Conversion=0.0005s, RTAB-Map=0.0651s, Maps update=0.0003s pub=0.0003s delay=0.2324s (local map=1, WM=1)
[INFO] [1772813722.846131238] [rtabmap]: rtabmap (265): Rate=1.00s, Limit=0.000s, Conversion=0.0106s, RTAB-Map=0.0814s, Maps update=0.0002s pub=0.0003s delay=0.2524s (local map=1, WM=1)
[INFO] [1772813723.922191374] [rtabmap]: rtabmap (266): Rate=1.00s, Limit=0.000s, Conversion=0.0003s, RTAB-Map=0.0628s, Maps update=0.0002s pub=0.0003s delay=0.2283s (local map=1, WM=1)
[INFO] [1772813724.939194389] [rtabmap]: rtabmap (267): Rate=1.00s, Limit=0.000s, Conversion=0.0003s, RTAB-Map=0.0714s, Maps update=0.0003s pub=0.0003s delay=0.2450s (local map=1, WM=1)
[INFO] [1772813726.025204204] [rtabmap]: rtabmap (268): Rate=1.00s, Limit=0.000s, Conversion=0.0005s, RTAB-Map=0.0687s, Maps update=0.0002s pub=0.0004s delay=0.2324s (local map=1, WM=1)
[INFO] [1772813727.028316692] [rtabmap]: rtabmap (269): Rate=1.00s, Limit=0.000s, Conversion=0.0006s, RTAB-Map=0.0776s, Maps update=0.0003s pub=0.0003s delay=0.2346s (local map=1, WM=1)
[INFO] [1772813728.145992986] [rtabmap]: rtabmap (270): Rate=1.00s, Limit=0.000s, Conversion=0.0003s, RTAB-Map=0.0754s, Maps update=0.0002s pub=0.0003s delay=0.2521s (local map=1, WM=1)
[INFO] [1772813729.230196974] [rtabmap]: rtabmap (271): Rate=1.00s, Limit=0.000s, Conversion=0.0003s, RTAB-Map=0.0660s, Maps update=0.0004s pub=0.0008s delay=0.2364s (local map=1, WM=1)
[INFO] [1772813730.331075689] [rtabmap]: rtabmap (272): Rate=1.00s, Limit=0.000s, Conversion=0.0004s, RTAB-Map=0.0705s, Maps update=0.0002s pub=0.0003s delay=0.2375s (local map=1, WM=1)
[INFO] [1772813731.323011060] [rtabmap]: rtabmap (273): Rate=1.00s, Limit=0.000s, Conversion=0.0105s, RTAB-Map=0.0639s, Maps update=0.0002s pub=0.0003s delay=0.2293s (local map=1, WM=1)
[INFO] [1772813732.337906094] [rtabmap]: rtabmap (274): Rate=1.00s, Limit=0.000s, Conversion=0.0007s, RTAB-Map=0.0819s, Maps update=0.0003s pub=0.0003s delay=0.2441s (local map=1, WM=1)
[INFO] [1772813733.444620768] [rtabmap]: rtabmap (275): Rate=1.00s, Limit=0.000s, Conversion=0.0003s, RTAB-Map=0.0860s, Maps update=0.0006s pub=0.0004s delay=0.2510s (local map=1, WM=1)
[INFO] [1772813734.423846424] [rtabmap]: rtabmap (276): Rate=1.00s, Limit=0.000s, Conversion=0.0003s, RTAB-Map=0.0632s, Maps update=0.0003s pub=0.0005s delay=0.2302s (local map=1, WM=1)
[INFO] [1772813735.429250356] [rtabmap]: rtabmap (277): Rate=1.00s, Limit=0.000s, Conversion=0.0005s, RTAB-Map=0.0722s, Maps update=0.0002s pub=0.0003s delay=0.2355s (local map=1, WM=1)
[INFO] [1772813736.434384582] [rtabmap]: rtabmap (278): Rate=1.00s, Limit=0.000s, Conversion=0.0004s, RTAB-Map=0.0778s, Maps update=0.0003s pub=0.0003s delay=0.2406s (local map=1, WM=1)
[INFO] [1772813737.529119006] [rtabmap]: rtabmap (279): Rate=1.00s, Limit=0.000s, Conversion=0.0003s, RTAB-Map=0.0705s, Maps update=0.0003s pub=0.0006s delay=0.2353s (local map=1, WM=1)
[INFO] [1772813738.614518815] [rtabmap]: rtabmap (280): Rate=1.00s, Limit=0.000s, Conversion=0.0003s, RTAB-Map=0.0627s, Maps update=0.0003s pub=0.0003s delay=0.2208s (local map=1, WM=1)
[INFO] [1772813739.635860038] [rtabmap]: rtabmap (281): Rate=1.00s, Limit=0.000s, Conversion=0.0005s, RTAB-Map=0.0760s, Maps update=0.0002s pub=0.0003s delay=0.2421s (local map=1, WM=1)
[INFO] [1772813740.622101280] [rtabmap]: rtabmap (282): Rate=1.00s, Limit=0.000s, Conversion=0.0004s, RTAB-Map=0.0704s, Maps update=0.0003s pub=0.0005s delay=0.2283s (local map=1, WM=1)
[INFO] [1772813741.614547327] [rtabmap]: rtabmap (283): Rate=1.00s, Limit=0.000s, Conversion=0.0005s, RTAB-Map=0.0635s, Maps update=0.0002s pub=0.0003s delay=0.2207s (local map=1, WM=1)
[INFO] [1772813742.623549888] [rtabmap]: rtabmap (284): Rate=1.00s, Limit=0.000s, Conversion=0.0004s, RTAB-Map=0.0662s, Maps update=0.0002s pub=0.0003s delay=0.2297s (local map=1, WM=1)
[INFO] [1772813743.742968742] [rtabmap]: rtabmap (285): Rate=1.00s, Limit=0.000s, Conversion=0.0004s, RTAB-Map=0.0845s, Maps update=0.0002s pub=0.0003s delay=0.2492s (local map=1, WM=1)
[INFO] [1772813744.721327165] [rtabmap]: rtabmap (286): Rate=1.00s, Limit=0.000s, Conversion=0.0003s, RTAB-Map=0.0656s, Maps update=0.0005s pub=0.0004s delay=0.2274s (local map=1, WM=1)
[INFO] [1772813745.821676260] [rtabmap]: rtabmap (287): Rate=1.00s, Limit=0.000s, Conversion=0.0006s, RTAB-Map=0.0674s, Maps update=0.0003s pub=0.0003s delay=0.2280s (local map=1, WM=1)
[INFO] [1772813746.826332101] [rtabmap]: rtabmap (288): Rate=1.00s, Limit=0.000s, Conversion=0.0003s, RTAB-Map=0.0696s, Maps update=0.0005s pub=0.0003s delay=0.2326s (local map=1, WM=1)
[INFO] [1772813747.816738168] [rtabmap]: rtabmap (289): Rate=1.00s, Limit=0.000s, Conversion=0.0003s, RTAB-Map=0.0641s, Maps update=0.0002s pub=0.0003s delay=0.2230s (local map=1, WM=1)
[INFO] [1772813748.844448619] [rtabmap]: rtabmap (290): Rate=1.00s, Limit=0.000s, Conversion=0.0006s, RTAB-Map=0.0781s, Maps update=0.0004s pub=0.0005s delay=0.2506s (local map=1, WM=1)
[INFO] [1772813749.819733265] [rtabmap]: rtabmap (291): Rate=1.00s, Limit=0.000s, Conversion=0.0004s, RTAB-Map=0.0598s, Maps update=0.0003s pub=0.0003s delay=0.2241s (local map=1, WM=1)
[INFO] [1772813750.933408131] [rtabmap]: rtabmap (292): Rate=1.00s, Limit=0.000s, Conversion=0.0003s, RTAB-Map=0.0795s, Maps update=0.0004s pub=0.0004s delay=0.2405s (local map=1, WM=1)
[INFO] [1772813751.932184811] [rtabmap]: rtabmap (293): Rate=1.00s, Limit=0.000s, Conversion=0.0003s, RTAB-Map=0.0677s, Maps update=0.0003s pub=0.0004s delay=0.2384s (local map=1, WM=1)
[INFO] [1772813752.922396343] [rtabmap]: rtabmap (294): Rate=1.00s, Limit=0.000s, Conversion=0.0004s, RTAB-Map=0.0684s, Maps update=0.0004s pub=0.0005s delay=0.2286s (local map=1, WM=1)
[INFO] [1772813753.933561416] [rtabmap]: rtabmap (295): Rate=1.00s, Limit=0.000s, Conversion=0.0003s, RTAB-Map=0.0816s, Maps update=0.0003s pub=0.0004s delay=0.2397s (local map=1, WM=1)
[INFO] [1772813755.030938274] [rtabmap]: rtabmap (296): Rate=1.00s, Limit=0.000s, Conversion=0.0004s, RTAB-Map=0.0682s, Maps update=0.0003s pub=0.0003s delay=0.2371s (local map=1, WM=1)
[INFO] [1772813756.125133414] [rtabmap]: rtabmap (297): Rate=1.00s, Limit=0.000s, Conversion=0.0007s, RTAB-Map=0.0674s, Maps update=0.0007s pub=0.0005s delay=0.2313s (local map=1, WM=1)
[INFO] [1772813757.228464027] [rtabmap]: rtabmap (298): Rate=1.00s, Limit=0.000s, Conversion=0.0005s, RTAB-Map=0.0668s, Maps update=0.0002s pub=0.0003s delay=0.2345s (local map=1, WM=1)
[INFO] [1772813758.324240570] [rtabmap]: rtabmap (299): Rate=1.00s, Limit=0.000s, Conversion=0.0004s, RTAB-Map=0.0703s, Maps update=0.0003s pub=0.0003s delay=0.2304s (local map=1, WM=1)
[INFO] [1772813759.334923161] [rtabmap]: rtabmap (300): Rate=1.00s, Limit=0.000s, Conversion=0.0007s, RTAB-Map=0.0677s, Maps update=0.0002s pub=0.0003s delay=0.2410s (local map=1, WM=1)
[INFO] [1772813760.417096002] [rtabmap]: rtabmap (301): Rate=1.00s, Limit=0.000s, Conversion=0.0005s, RTAB-Map=0.0614s, Maps update=0.0002s pub=0.0003s delay=0.2230s (local map=1, WM=1)
[INFO] [1772813761.517602447] [rtabmap]: rtabmap (302): Rate=1.00s, Limit=0.000s, Conversion=0.0003s, RTAB-Map=0.0648s, Maps update=0.0003s pub=0.0012s delay=0.2236s (local map=1, WM=1)
[INFO] [1772813762.643498372] [rtabmap]: rtabmap (303): Rate=1.00s, Limit=0.000s, Conversion=0.0005s, RTAB-Map=0.0762s, Maps update=0.0008s pub=0.0005s delay=0.2495s (local map=1, WM=1)
[INFO] [1772813763.727239271] [rtabmap]: rtabmap (304): Rate=1.00s, Limit=0.000s, Conversion=0.0005s, RTAB-Map=0.0704s, Maps update=0.0003s pub=0.0003s delay=0.2343s (local map=1, WM=1)
[INFO] [1772813764.819614536] [rtabmap]: rtabmap (305): Rate=1.00s, Limit=0.000s, Conversion=0.0009s, RTAB-Map=0.0639s, Maps update=0.0003s pub=0.0003s delay=0.2255s (local map=1, WM=1)
[INFO] [1772813765.922140960] [rtabmap]: rtabmap (306): Rate=1.00s, Limit=0.000s, Conversion=0.0004s, RTAB-Map=0.0674s, Maps update=0.0003s pub=0.0003s delay=0.2291s (local map=1, WM=1)
[INFO] [1772813766.922853327] [rtabmap]: rtabmap (307): Rate=1.00s, Limit=0.000s, Conversion=0.0005s, RTAB-Map=0.0696s, Maps update=0.0004s pub=0.0004s delay=0.2290s (local map=1, WM=1)
[INFO] [1772813768.029551776] [rtabmap]: rtabmap (308): Rate=1.00s, Limit=0.000s, Conversion=0.0105s, RTAB-Map=0.0677s, Maps update=0.0004s pub=0.0003s delay=0.2366s (local map=1, WM=1)
[INFO] [1772813769.032584133] [rtabmap]: rtabmap (309): Rate=1.00s, Limit=0.000s, Conversion=0.0007s, RTAB-Map=0.0745s, Maps update=0.0003s pub=0.0003s delay=0.2385s (local map=1, WM=1)
[INFO] [1772813770.131699167] [rtabmap]: rtabmap (310): Rate=1.00s, Limit=0.000s, Conversion=0.0005s, RTAB-Map=0.0731s, Maps update=0.0002s pub=0.0003s delay=0.2377s (local map=1, WM=1)
[INFO] [1772813771.236192703] [rtabmap]: rtabmap (311): Rate=1.00s, Limit=0.000s, Conversion=0.0003s, RTAB-Map=0.0655s, Maps update=0.0003s pub=0.0004s delay=0.2421s (local map=1, WM=1)
[INFO] [1772813772.317688335] [rtabmap]: rtabmap (312): Rate=1.00s, Limit=0.000s, Conversion=0.0003s, RTAB-Map=0.0624s, Maps update=0.0002s pub=0.0003s delay=0.2237s (local map=1, WM=1)
[INFO] [1772813773.342819234] [rtabmap]: rtabmap (313): Rate=1.00s, Limit=0.000s, Conversion=0.0004s, RTAB-Map=0.0856s, Maps update=0.0003s pub=0.0003s delay=0.2487s (local map=1, WM=1)
[INFO] [1772813774.430515031] [rtabmap]: rtabmap (314): Rate=1.00s, Limit=0.000s, Conversion=0.0008s, RTAB-Map=0.0695s, Maps update=0.0003s pub=0.0003s delay=0.2364s (local map=1, WM=1)
[INFO] [1772813775.431115746] [rtabmap]: rtabmap (315): Rate=1.00s, Limit=0.000s, Conversion=0.0006s, RTAB-Map=0.0682s, Maps update=0.0002s pub=0.0003s delay=0.2370s (local map=1, WM=1)
[INFO] [1772813776.534021544] [rtabmap]: rtabmap (316): Rate=1.00s, Limit=0.000s, Conversion=0.0004s, RTAB-Map=0.0715s, Maps update=0.0003s pub=0.0003s delay=0.2401s (local map=1, WM=1)
[INFO] [1772813777.628057894] [rtabmap]: rtabmap (317): Rate=1.00s, Limit=0.000s, Conversion=0.0004s, RTAB-Map=0.0755s, Maps update=0.0002s pub=0.0003s delay=0.2351s (local map=1, WM=1)
[INFO] [1772813778.714518990] [rtabmap]: rtabmap (318): Rate=1.00s, Limit=0.000s, Conversion=0.0003s, RTAB-Map=0.0639s, Maps update=0.0003s pub=0.0003s delay=0.2215s (local map=1, WM=1)
[INFO] [1772813779.732646719] [rtabmap]: rtabmap (319): Rate=1.00s, Limit=0.000s, Conversion=0.0005s, RTAB-Map=0.0767s, Maps update=0.0002s pub=0.0003s delay=0.2396s (local map=1, WM=1)
[INFO] [1772813780.824068861] [rtabmap]: rtabmap (320): Rate=1.00s, Limit=0.000s, Conversion=0.0009s, RTAB-Map=0.0768s, Maps update=0.0004s pub=0.0004s delay=0.2312s (local map=1, WM=1)
[INFO] [1772813781.920943236] [rtabmap]: rtabmap (321): Rate=1.00s, Limit=0.000s, Conversion=0.0003s, RTAB-Map=0.0650s, Maps update=0.0004s pub=0.0003s delay=0.2281s (local map=1, WM=1)
[INFO] [1772813782.931649348] [rtabmap]: rtabmap (322): Rate=1.00s, Limit=0.000s, Conversion=0.0003s, RTAB-Map=0.0665s, Maps update=0.0002s pub=0.0003s delay=0.2387s (local map=1, WM=1)
[INFO] [1772813784.018214831] [rtabmap]: rtabmap (323): Rate=1.00s, Limit=0.000s, Conversion=0.0004s, RTAB-Map=0.0609s, Maps update=0.0009s pub=0.0003s delay=0.2254s (local map=1, WM=1)
[INFO] [1772813785.036887220] [rtabmap]: rtabmap (324): Rate=1.00s, Limit=0.000s, Conversion=0.0004s, RTAB-Map=0.0763s, Maps update=0.0003s pub=0.0003s delay=0.2438s (local map=1, WM=1)
[INFO] [1772813786.122329014] [rtabmap]: rtabmap (325): Rate=1.00s, Limit=0.000s, Conversion=0.0005s, RTAB-Map=0.0670s, Maps update=0.0002s pub=0.0003s delay=0.2295s (local map=1, WM=1)
[INFO] [1772813787.230560448] [rtabmap]: rtabmap (326): Rate=1.00s, Limit=0.000s, Conversion=0.0003s, RTAB-Map=0.0675s, Maps update=0.0002s pub=0.0003s delay=0.2374s (local map=1, WM=1)
[INFO] [1772813788.334115677] [rtabmap]: rtabmap (327): Rate=1.00s, Limit=0.000s, Conversion=0.0008s, RTAB-Map=0.0761s, Maps update=0.0009s pub=0.0013s delay=0.2410s (local map=1, WM=1)
[INFO] [1772813789.426048110] [rtabmap]: rtabmap (328): Rate=1.00s, Limit=0.000s, Conversion=0.0035s, RTAB-Map=0.0698s, Maps update=0.0005s pub=0.0003s delay=0.2320s (local map=1, WM=1)
[INFO] [1772813790.542209788] [rtabmap]: rtabmap (329): Rate=1.00s, Limit=0.000s, Conversion=0.0004s, RTAB-Map=0.0741s, Maps update=0.0002s pub=0.0003s delay=0.2491s (local map=1, WM=1)
[INFO] [1772813791.518776562] [rtabmap]: rtabmap (330): Rate=1.00s, Limit=0.000s, Conversion=0.0004s, RTAB-Map=0.0616s, Maps update=0.0003s pub=0.0003s delay=0.2256s (local map=1, WM=1)
[INFO] [1772813792.628276074] [rtabmap]: rtabmap (331): Rate=1.00s, Limit=0.000s, Conversion=0.0004s, RTAB-Map=0.0776s, Maps update=0.0003s pub=0.0003s delay=0.2352s (local map=1, WM=1)
[INFO] [1772813793.635012631] [rtabmap]: rtabmap (332): Rate=1.00s, Limit=0.000s, Conversion=0.0105s, RTAB-Map=0.0660s, Maps update=0.0003s pub=0.0003s delay=0.2409s (local map=1, WM=1)
[INFO] [1772813794.730577582] [rtabmap]: rtabmap (333): Rate=1.00s, Limit=0.000s, Conversion=0.0005s, RTAB-Map=0.0653s, Maps update=0.0002s pub=0.0003s delay=0.2374s (local map=1, WM=1)
[INFO] [1772813795.821860039] [rtabmap]: rtabmap (334): Rate=1.00s, Limit=0.000s, Conversion=0.0003s, RTAB-Map=0.0712s, Maps update=0.0004s pub=0.0004s delay=0.2289s (local map=1, WM=1)
[INFO] [1772813796.837483644] [rtabmap]: rtabmap (335): Rate=1.00s, Limit=0.000s, Conversion=0.0006s, RTAB-Map=0.0787s, Maps update=0.0003s pub=0.0003s delay=0.2444s (local map=1, WM=1)
[INFO] [1772813797.925689892] [rtabmap]: rtabmap (336): Rate=1.00s, Limit=0.000s, Conversion=0.0004s, RTAB-Map=0.0694s, Maps update=0.0002s pub=0.0003s delay=0.2330s (local map=1, WM=1)
[INFO] [1772813798.951415021] [rtabmap]: rtabmap (337): Rate=1.00s, Limit=0.000s, Conversion=0.0005s, RTAB-Map=0.0862s, Maps update=0.0002s pub=0.0003s delay=0.2586s (local map=1, WM=1)
[INFO] [1772813799.922937928] [rtabmap]: rtabmap (338): Rate=1.00s, Limit=0.000s, Conversion=0.0004s, RTAB-Map=0.0650s, Maps update=0.0002s pub=0.0003s delay=0.2300s (local map=1, WM=1)
[INFO] [1772813800.927659083] [rtabmap]: rtabmap (339): Rate=1.00s, Limit=0.000s, Conversion=0.0003s, RTAB-Map=0.0648s, Maps update=0.0002s pub=0.0003s delay=0.2346s (local map=1, WM=1)
[INFO] [1772813802.037674871] [rtabmap]: rtabmap (340): Rate=1.00s, Limit=0.000s, Conversion=0.0004s, RTAB-Map=0.0804s, Maps update=0.0003s pub=0.0003s delay=0.2448s (local map=1, WM=1)
[INFO] [1772813803.129032851] [rtabmap]: rtabmap (341): Rate=1.00s, Limit=0.000s, Conversion=0.0007s, RTAB-Map=0.0729s, Maps update=0.0003s pub=0.0004s delay=0.2362s (local map=1, WM=1)
[INFO] [1772813804.118208953] [rtabmap]: rtabmap (342): Rate=1.00s, Limit=0.000s, Conversion=0.0004s, RTAB-Map=0.0642s, Maps update=0.0002s pub=0.0004s delay=0.2252s (local map=1, WM=1)
[INFO] [1772813805.235158308] [rtabmap]: rtabmap (343): Rate=1.00s, Limit=0.000s, Conversion=0.0004s, RTAB-Map=0.0692s, Maps update=0.0005s pub=0.0006s delay=0.2423s (local map=1, WM=1)
[INFO] [1772813806.226219888] [rtabmap]: rtabmap (344): Rate=1.00s, Limit=0.000s, Conversion=0.0003s, RTAB-Map=0.0724s, Maps update=0.0003s pub=0.0003s delay=0.2334s (local map=1, WM=1)
[INFO] [1772813807.340025767] [rtabmap]: rtabmap (345): Rate=1.00s, Limit=0.000s, Conversion=0.0007s, RTAB-Map=0.0788s, Maps update=0.0002s pub=0.0003s delay=0.2471s (local map=1, WM=1)
[INFO] [1772813808.425769268] [rtabmap]: rtabmap (346): Rate=1.00s, Limit=0.000s, Conversion=0.0004s, RTAB-Map=0.0699s, Maps update=0.0003s pub=0.0003s delay=0.2329s (local map=1, WM=1)
[INFO] [1772813809.428559151] [rtabmap]: rtabmap (347): Rate=1.00s, Limit=0.000s, Conversion=0.0005s, RTAB-Map=0.0713s, Maps update=0.0002s pub=0.0003s delay=0.2354s (local map=1, WM=1)
[INFO] [1772813810.518027270] [rtabmap]: rtabmap (348): Rate=1.00s, Limit=0.000s, Conversion=0.0004s, RTAB-Map=0.0677s, Maps update=0.0002s pub=0.0004s delay=0.2251s (local map=1, WM=1)
[INFO] [1772813811.631663959] [rtabmap]: rtabmap (349): Rate=1.00s, Limit=0.000s, Conversion=0.0005s, RTAB-Map=0.0699s, Maps update=0.0002s pub=0.0003s delay=0.2389s (local map=1, WM=1)
[INFO] [1772813812.623988081] [rtabmap]: rtabmap (350): Rate=1.00s, Limit=0.000s, Conversion=0.0003s, RTAB-Map=0.0674s, Maps update=0.0002s pub=0.0003s delay=0.2311s (local map=1, WM=1)
[INFO] [1772813813.713778483] [rtabmap]: rtabmap (351): Rate=1.00s, Limit=0.000s, Conversion=0.0006s, RTAB-Map=0.0669s, Maps update=0.0003s pub=0.0004s delay=0.2208s (local map=1, WM=1)
[INFO] [1772813814.819505280] [rtabmap]: rtabmap (352): Rate=1.00s, Limit=0.000s, Conversion=0.0004s, RTAB-Map=0.0667s, Maps update=0.0003s pub=0.0003s delay=0.2267s (local map=1, WM=1)
[INFO] [1772813815.938803234] [rtabmap]: rtabmap (353): Rate=1.00s, Limit=0.000s, Conversion=0.0003s, RTAB-Map=0.0714s, Maps update=0.0002s pub=0.0003s delay=0.2458s (local map=1, WM=1)
[INFO] [1772813817.031911774] [rtabmap]: rtabmap (354): Rate=1.00s, Limit=0.000s, Conversion=0.0003s, RTAB-Map=0.0678s, Maps update=0.0003s pub=0.0003s delay=0.2390s (local map=1, WM=1)
[INFO] [1772813818.127686333] [rtabmap]: rtabmap (355): Rate=1.00s, Limit=0.000s, Conversion=0.0004s, RTAB-Map=0.0634s, Maps update=0.0003s pub=0.0003s delay=0.2350s (local map=1, WM=1)
[INFO] [1772813819.134002683] [rtabmap]: rtabmap (356): Rate=1.00s, Limit=0.000s, Conversion=0.0005s, RTAB-Map=0.0686s, Maps update=0.0003s pub=0.0003s delay=0.2411s (local map=1, WM=1)
[INFO] [1772813820.223791101] [rtabmap]: rtabmap (357): Rate=1.00s, Limit=0.000s, Conversion=0.0003s, RTAB-Map=0.0657s, Maps update=0.0002s pub=0.0006s delay=0.2309s (local map=1, WM=1)
[INFO] [1772813821.241909453] [rtabmap]: rtabmap (358): Rate=1.00s, Limit=0.000s, Conversion=0.0005s, RTAB-Map=0.0790s, Maps update=0.0003s pub=0.0003s delay=0.2490s (local map=1, WM=1)
[INFO] [1772813822.316115249] [rtabmap]: rtabmap (359): Rate=1.00s, Limit=0.000s, Conversion=0.0007s, RTAB-Map=0.0648s, Maps update=0.0002s pub=0.0008s delay=0.2232s (local map=1, WM=1)
[INFO] [1772813823.448526966] [rtabmap]: rtabmap (360): Rate=1.00s, Limit=0.000s, Conversion=0.0108s, RTAB-Map=0.0823s, Maps update=0.0003s pub=0.0004s delay=0.2556s (local map=1, WM=1)
[INFO] [1772813824.430531796] [rtabmap]: rtabmap (361): Rate=1.00s, Limit=0.000s, Conversion=0.0006s, RTAB-Map=0.0734s, Maps update=0.0002s pub=0.0004s delay=0.2376s (local map=1, WM=1)
[INFO] [1772813825.513202256] [rtabmap]: rtabmap (362): Rate=1.00s, Limit=0.000s, Conversion=0.0003s, RTAB-Map=0.0691s, Maps update=0.0002s pub=0.0004s delay=0.2203s (local map=1, WM=1)
[INFO] [1772813826.527120005] [rtabmap]: rtabmap (363): Rate=1.00s, Limit=0.000s, Conversion=0.0003s, RTAB-Map=0.0711s, Maps update=0.0003s pub=0.0003s delay=0.2342s (local map=1, WM=1)
[INFO] [1772813827.637600258] [rtabmap]: rtabmap (364): Rate=1.00s, Limit=0.000s, Conversion=0.0010s, RTAB-Map=0.0732s, Maps update=0.0004s pub=0.0003s delay=0.2447s (local map=1, WM=1)
[INFO] [1772813828.736061764] [rtabmap]: rtabmap (365): Rate=1.00s, Limit=0.000s, Conversion=0.0107s, RTAB-Map=0.0695s, Maps update=0.0002s pub=0.0004s delay=0.2431s (local map=1, WM=1)
[INFO] [1772813829.823156258] [rtabmap]: rtabmap (366): Rate=1.00s, Limit=0.000s, Conversion=0.0005s, RTAB-Map=0.0716s, Maps update=0.0002s pub=0.0003s delay=0.2303s (local map=1, WM=1)
[INFO] [1772813830.825300166] [rtabmap]: rtabmap (367): Rate=1.00s, Limit=0.000s, Conversion=0.0004s, RTAB-Map=0.0694s, Maps update=0.0003s pub=0.0003s delay=0.2324s (local map=1, WM=1)
[INFO] [1772813831.844855980] [rtabmap]: rtabmap (368): Rate=1.00s, Limit=0.000s, Conversion=0.0009s, RTAB-Map=0.0811s, Maps update=0.0002s pub=0.0003s delay=0.2519s (local map=1, WM=1)
[INFO] [1772813832.929215622] [rtabmap]: rtabmap (369): Rate=1.00s, Limit=0.000s, Conversion=0.0004s, RTAB-Map=0.0731s, Maps update=0.0003s pub=0.0004s delay=0.2364s (local map=1, WM=1)
[INFO] [1772813833.925072579] [rtabmap]: rtabmap (370): Rate=1.00s, Limit=0.000s, Conversion=0.0006s, RTAB-Map=0.0648s, Maps update=0.0003s pub=0.0003s delay=0.2322s (local map=1, WM=1)
[INFO] [1772813834.095138526] [rclcpp]: signal_handler(signum=2)
