[INFO] [1771071047.963101809] [rtabmap]: rtabmap(maps): latch                      = false
[INFO] [1771071047.963685029] [rtabmap]: rtabmap(maps): map_filter_radius          = 0.000000
[INFO] [1771071047.963735463] [rtabmap]: rtabmap(maps): map_filter_angle           = 30.000000
[INFO] [1771071047.963759783] [rtabmap]: rtabmap(maps): map_cleanup                = true
[INFO] [1771071047.963775304] [rtabmap]: rtabmap(maps): map_always_update          = false
[INFO] [1771071047.963794985] [rtabmap]: rtabmap(maps): map_empty_ray_tracing      = true
[INFO] [1771071047.963811465] [rtabmap]: rtabmap(maps): cloud_output_voxelized     = true
[INFO] [1771071047.963826026] [rtabmap]: rtabmap(maps): cloud_subtract_filtering   = false
[INFO] [1771071047.963840426] [rtabmap]: rtabmap(maps): cloud_subtract_filtering_min_neighbors = 2
[INFO] [1771071047.963935117] [rtabmap]: rtabmap(maps): octomap_tree_depth         = 16
[INFO] [1771071047.978537366] [rtabmap]: rtabmap: frame_id      = leo04/base_footprint
[INFO] [1771071047.978645146] [rtabmap]: rtabmap: map_frame_id  = map
[INFO] [1771071047.978670426] [rtabmap]: rtabmap: log_to_rosout_level  = 4
[INFO] [1771071047.978689403] [rtabmap]: rtabmap: initial_pose  = 
[INFO] [1771071047.978707324] [rtabmap]: rtabmap: use_action_for_goal  = false
[INFO] [1771071047.978725276] [rtabmap]: rtabmap: tf_delay      = 0.050000
[INFO] [1771071047.978751325] [rtabmap]: rtabmap: tf_tolerance  = 0.100000
[INFO] [1771071047.978779262] [rtabmap]: rtabmap: odom_sensor_sync   = false
[INFO] [1771071047.978796639] [rtabmap]: rtabmap: pub_loc_pose_only_when_localizing = false
[INFO] [1771071047.978811871] [rtabmap]: rtabmap: wait_for_transform = 0.500000
[INFO] [1771071047.978828320] [rtabmap]: rtabmap: gen_scan  = false
[INFO] [1771071047.978842976] [rtabmap]: rtabmap: gen_depth  = false
[INFO] [1771071047.978858017] [rtabmap]: rtabmap: scan_cloud_max_points = 0
[INFO] [1771071047.978872929] [rtabmap]: rtabmap: scan_cloud_is_2d = false
[INFO] [1771071047.991336322] [rtabmap]: Setting RTAB-Map parameter "Grid/CellSize"="0.03" (rosparam)
[INFO] [1771071047.991757360] [rtabmap]: Setting RTAB-Map parameter "Grid/MaxGroundAngle"="45" (rosparam)
[INFO] [1771071047.991848467] [rtabmap]: Setting RTAB-Map parameter "Grid/MaxGroundHeight"="0.1" (rosparam)
[INFO] [1771071047.991921526] [rtabmap]: Setting RTAB-Map parameter "Grid/MaxObstacleHeight"="0.7" (rosparam)
[INFO] [1771071047.992033050] [rtabmap]: Setting RTAB-Map parameter "Grid/MinGroundHeight"="-0.1" (rosparam)
[INFO] [1771071047.992213696] [rtabmap]: Setting RTAB-Map parameter "Grid/RangeMax"="3.0" (rosparam)
[INFO] [1771071047.992288514] [rtabmap]: Setting RTAB-Map parameter "Grid/RangeMin"="0.7" (rosparam)
[INFO] [1771071047.992364101] [rtabmap]: Setting RTAB-Map parameter "Grid/RayTracing"="false" (rosparam)
[INFO] [1771071047.992509930] [rtabmap]: Setting RTAB-Map parameter "Grid/Sensor"="0" (rosparam)
[INFO] [1771071047.994324326] [rtabmap]: Setting RTAB-Map parameter "Icp/CorrespondenceRatio"="0.2" (rosparam)
[INFO] [1771071047.994446218] [rtabmap]: Setting RTAB-Map parameter "Icp/Epsilon"="0.001" (rosparam)
[INFO] [1771071047.994552270] [rtabmap]: Setting RTAB-Map parameter "Icp/Iterations"="10" (rosparam)
[INFO] [1771071047.994599343] [rtabmap]: Setting RTAB-Map parameter "Icp/MaxCorrespondenceDistance"="1" (rosparam)
[INFO] [1771071047.994674738] [rtabmap]: Setting RTAB-Map parameter "Icp/MaxTranslation"="3" (rosparam)
[INFO] [1771071047.994719635] [rtabmap]: Setting RTAB-Map parameter "Icp/OutlierRatio"="0.7" (rosparam)
[INFO] [1771071047.994847032] [rtabmap]: Setting RTAB-Map parameter "Icp/PointToPlane"="true" (rosparam)
[INFO] [1771071047.994914906] [rtabmap]: Setting RTAB-Map parameter "Icp/PointToPlaneK"="20" (rosparam)
[INFO] [1771071047.995004669] [rtabmap]: Setting RTAB-Map parameter "Icp/PointToPlaneRadius"="0" (rosparam)
[INFO] [1771071047.995083552] [rtabmap]: Setting RTAB-Map parameter "Icp/RangeMin"="0.3" (rosparam)
[INFO] [1771071047.995150306] [rtabmap]: Setting RTAB-Map parameter "Icp/Strategy"="1" (rosparam)
[INFO] [1771071047.995193187] [rtabmap]: Setting RTAB-Map parameter "Icp/VoxelSize"="0.1" (rosparam)
[INFO] [1771071047.996527920] [rtabmap]: Setting RTAB-Map parameter "Mem/LaserScanNormalK"="20" (rosparam)
[INFO] [1771071047.996623635] [rtabmap]: Setting RTAB-Map parameter "Mem/LaserScanVoxelSize"="0.03" (rosparam)
[INFO] [1771071047.996717942] [rtabmap]: Setting RTAB-Map parameter "Mem/NotLinkedNodesKept"="false" (rosparam)
[INFO] [1771071047.996903613] [rtabmap]: Setting RTAB-Map parameter "Mem/STMSize"="30" (rosparam)
[INFO] [1771071047.997553938] [rtabmap]: Setting RTAB-Map parameter "RGBD/AngularUpdate"="0.05" (rosparam)
[INFO] [1771071047.997619573] [rtabmap]: Setting RTAB-Map parameter "RGBD/CreateOccupancyGrid"="true" (rosparam)
[INFO] [1771071047.997828572] [rtabmap]: Setting RTAB-Map parameter "RGBD/LinearUpdate"="0.05" (rosparam)
[INFO] [1771071048.000283630] [rtabmap]: Setting RTAB-Map parameter "RGBD/ProximityMaxGraphDepth"="0" (rosparam)
[INFO] [1771071048.000443603] [rtabmap]: Setting RTAB-Map parameter "RGBD/ProximityPathMaxNeighbors"="1" (rosparam)
[INFO] [1771071048.000603512] [rtabmap]: Setting RTAB-Map parameter "Reg/Strategy"="1" (rosparam)
[INFO] [1771071048.003695200] [rtabmap]: RTAB-Map detection rate = 1.000000 Hz
[INFO] [1771071048.003880422] [rtabmap]: rtabmap: Using database from "/root/.ros/rtabmap.db" (0 MB).
[INFO] [1771071048.080001241] [rtabmap]: rtabmap: Database version = "0.22.1".
[INFO] [1771071048.080130046] [rtabmap]: rtabmap: SLAM mode (Mem/IncrementalMemory=true)
[INFO] [1771071048.093113520] [rtabmap]: Setup callbacks
[INFO] [1771071048.093297078] [rtabmap]: rtabmap: subscribe_depth = false
[INFO] [1771071048.093333560] [rtabmap]: rtabmap: subscribe_rgb = false
[INFO] [1771071048.093357304] [rtabmap]: rtabmap: subscribe_stereo = false
[INFO] [1771071048.093378329] [rtabmap]: rtabmap: subscribe_rgbd = false (rgbd_cameras=1)
[INFO] [1771071048.093399226] [rtabmap]: rtabmap: subscribe_sensor_data = false
[INFO] [1771071048.093446043] [rtabmap]: rtabmap: subscribe_odom_info = false
[INFO] [1771071048.093468988] [rtabmap]: rtabmap: subscribe_user_data = false
[INFO] [1771071048.093490781] [rtabmap]: rtabmap: subscribe_scan = false
[INFO] [1771071048.093512670] [rtabmap]: rtabmap: subscribe_scan_cloud = true
[INFO] [1771071048.093533662] [rtabmap]: rtabmap: subscribe_scan_descriptor = false
[INFO] [1771071048.093553695] [rtabmap]: rtabmap: topic_queue_size = 10
[INFO] [1771071048.093574144] [rtabmap]: rtabmap: sync_queue_size  = 200
[INFO] [1771071048.093594976] [rtabmap]: rtabmap: qos_image       = 0
[INFO] [1771071048.093621665] [rtabmap]: rtabmap: qos_camera_info = 0
[INFO] [1771071048.093643938] [rtabmap]: rtabmap: qos_scan        = 0
[INFO] [1771071048.093665059] [rtabmap]: rtabmap: qos_odom        = 0
[INFO] [1771071048.093685475] [rtabmap]: rtabmap: qos_user_data   = 0
[INFO] [1771071048.093705636] [rtabmap]: rtabmap: approx_sync     = true
[INFO] [1771071048.093744997] [rtabmap]: Setup scan callback
[INFO] [1771071048.094893900] [rtabmap]: 
rtabmap subscribed to (approx sync):
   /odom \
   /leo04/livox/lidar
[WARN] [1771071048.097099158] [rtabmap]: There is no image subscription, bag-of-words loop closure detection will be disabled...
[WARN] [1771071048.097190745] [rtabmap]: Setting Kp/MaxFeatures=-1 (bag-of-words disabled)
[INFO] [1771071048.194305931] [rtabmap]: rtabmap (1): Rate=1.00s, Limit=0.000s, Conversion=0.0008s, RTAB-Map=0.0399s, Maps update=0.0001s pub=0.0001s delay=0.1820s (local map=1, WM=1)
[INFO] [1771071048.658795427] [rclcpp]: signal_handler(signum=2)
