[INFO] [1772805679.725196585] [rtabmap]: rtabmap(maps): latch                      = false
[INFO] [1772805679.725904771] [rtabmap]: rtabmap(maps): map_filter_radius          = 0.000000
[INFO] [1772805679.725960805] [rtabmap]: rtabmap(maps): map_filter_angle           = 30.000000
[INFO] [1772805679.725986886] [rtabmap]: rtabmap(maps): map_cleanup                = true
[INFO] [1772805679.726004582] [rtabmap]: rtabmap(maps): map_always_update          = false
[INFO] [1772805679.726027079] [rtabmap]: rtabmap(maps): map_empty_ray_tracing      = true
[INFO] [1772805679.726044808] [rtabmap]: rtabmap(maps): cloud_output_voxelized     = true
[INFO] [1772805679.726061064] [rtabmap]: rtabmap(maps): cloud_subtract_filtering   = false
[INFO] [1772805679.726076809] [rtabmap]: rtabmap(maps): cloud_subtract_filtering_min_neighbors = 2
[INFO] [1772805679.726191309] [rtabmap]: rtabmap(maps): octomap_tree_depth         = 16
[INFO] [1772805679.766430957] [rtabmap]: rtabmap: frame_id      = leo04/base_footprint
[INFO] [1772805679.766521136] [rtabmap]: rtabmap: map_frame_id  = map
[INFO] [1772805679.766540305] [rtabmap]: rtabmap: log_to_rosout_level  = 4
[INFO] [1772805679.766991937] [rtabmap]: rtabmap: initial_pose  = 
[INFO] [1772805679.767022498] [rtabmap]: rtabmap: use_action_for_goal  = false
[INFO] [1772805679.767048195] [rtabmap]: rtabmap: tf_delay      = 0.050000
[INFO] [1772805679.767080388] [rtabmap]: rtabmap: tf_tolerance  = 0.100000
[INFO] [1772805679.767118085] [rtabmap]: rtabmap: odom_sensor_sync   = false
[INFO] [1772805679.767141958] [rtabmap]: rtabmap: pub_loc_pose_only_when_localizing = false
[INFO] [1772805679.767163463] [rtabmap]: rtabmap: wait_for_transform = 0.500000
[INFO] [1772805679.767186216] [rtabmap]: rtabmap: gen_scan  = false
[INFO] [1772805679.767206120] [rtabmap]: rtabmap: gen_depth  = false
[INFO] [1772805679.767225609] [rtabmap]: rtabmap: scan_cloud_max_points = 0
[INFO] [1772805679.767244458] [rtabmap]: rtabmap: scan_cloud_is_2d = false
[INFO] [1772805679.797463139] [rtabmap]: Setting RTAB-Map parameter "Grid/CellSize"="0.03" (rosparam)
[INFO] [1772805679.797870449] [rtabmap]: Setting RTAB-Map parameter "Grid/MaxGroundAngle"="45" (rosparam)
[INFO] [1772805679.797955028] [rtabmap]: Setting RTAB-Map parameter "Grid/MaxGroundHeight"="0.1" (rosparam)
[INFO] [1772805679.798018007] [rtabmap]: Setting RTAB-Map parameter "Grid/MaxObstacleHeight"="0.7" (rosparam)
[INFO] [1772805679.799556046] [rtabmap]: Setting RTAB-Map parameter "Grid/MinGroundHeight"="-0.1" (rosparam)
[INFO] [1772805679.800749624] [rtabmap]: Setting RTAB-Map parameter "Grid/RangeMax"="3.0" (rosparam)
[INFO] [1772805679.801280395] [rtabmap]: Setting RTAB-Map parameter "Grid/RangeMin"="0.7" (rosparam)
[INFO] [1772805679.801413104] [rtabmap]: Setting RTAB-Map parameter "Grid/RayTracing"="false" (rosparam)
[INFO] [1772805679.802175467] [rtabmap]: Setting RTAB-Map parameter "Grid/Sensor"="0" (rosparam)
[INFO] [1772805679.803888969] [rtabmap]: Setting RTAB-Map parameter "Icp/CorrespondenceRatio"="0.2" (rosparam)
[INFO] [1772805679.804123697] [rtabmap]: Setting RTAB-Map parameter "Icp/Epsilon"="0.001" (rosparam)
[INFO] [1772805679.804251030] [rtabmap]: Setting RTAB-Map parameter "Icp/Iterations"="10" (rosparam)
[INFO] [1772805679.804316984] [rtabmap]: Setting RTAB-Map parameter "Icp/MaxCorrespondenceDistance"="1" (rosparam)
[INFO] [1772805679.804450973] [rtabmap]: Setting RTAB-Map parameter "Icp/MaxTranslation"="3" (rosparam)
[INFO] [1772805679.804519391] [rtabmap]: Setting RTAB-Map parameter "Icp/OutlierRatio"="0.7" (rosparam)
[INFO] [1772805679.804690725] [rtabmap]: Setting RTAB-Map parameter "Icp/PointToPlane"="true" (rosparam)
[INFO] [1772805679.804782825] [rtabmap]: Setting RTAB-Map parameter "Icp/PointToPlaneK"="20" (rosparam)
[INFO] [1772805679.804883532] [rtabmap]: Setting RTAB-Map parameter "Icp/PointToPlaneRadius"="0" (rosparam)
[INFO] [1772805679.804971663] [rtabmap]: Setting RTAB-Map parameter "Icp/RangeMin"="0.3" (rosparam)
[INFO] [1772805679.805089204] [rtabmap]: Setting RTAB-Map parameter "Icp/Strategy"="1" (rosparam)
[INFO] [1772805679.805144150] [rtabmap]: Setting RTAB-Map parameter "Icp/VoxelSize"="0.1" (rosparam)
[INFO] [1772805679.806753807] [rtabmap]: Setting RTAB-Map parameter "Mem/LaserScanNormalK"="20" (rosparam)
[INFO] [1772805679.806852563] [rtabmap]: Setting RTAB-Map parameter "Mem/LaserScanVoxelSize"="0.03" (rosparam)
[INFO] [1772805679.806963895] [rtabmap]: Setting RTAB-Map parameter "Mem/NotLinkedNodesKept"="false" (rosparam)
[INFO] [1772805679.807189919] [rtabmap]: Setting RTAB-Map parameter "Mem/STMSize"="30" (rosparam)
[INFO] [1772805679.807978043] [rtabmap]: Setting RTAB-Map parameter "RGBD/AngularUpdate"="0.05" (rosparam)
[INFO] [1772805679.808038589] [rtabmap]: Setting RTAB-Map parameter "RGBD/CreateOccupancyGrid"="true" (rosparam)
[INFO] [1772805679.808248069] [rtabmap]: Setting RTAB-Map parameter "RGBD/LinearUpdate"="0.05" (rosparam)
[INFO] [1772805679.808827161] [rtabmap]: Setting RTAB-Map parameter "RGBD/ProximityMaxGraphDepth"="0" (rosparam)
[INFO] [1772805679.812830185] [rtabmap]: Setting RTAB-Map parameter "RGBD/ProximityPathMaxNeighbors"="1" (rosparam)
[INFO] [1772805679.813175573] [rtabmap]: Setting RTAB-Map parameter "Reg/Strategy"="1" (rosparam)
[INFO] [1772805679.828893415] [rtabmap]: RTAB-Map detection rate = 1.000000 Hz
[INFO] [1772805679.831396353] [rtabmap]: rtabmap: Deleted database "/root/.ros/rtabmap.db" (--delete_db_on_start or -d are set).
[INFO] [1772805679.831508549] [rtabmap]: rtabmap: Using database from "/root/.ros/rtabmap.db" (0 MB).
[INFO] [1772805679.895122664] [rtabmap]: rtabmap: Database version = "0.22.1".
[INFO] [1772805679.895262061] [rtabmap]: rtabmap: SLAM mode (Mem/IncrementalMemory=true)
[INFO] [1772805679.920774718] [rtabmap]: Setup callbacks
[INFO] [1772805679.925298208] [rtabmap]: rtabmap: subscribe_depth = false
[INFO] [1772805679.925431205] [rtabmap]: rtabmap: subscribe_rgb = false
[INFO] [1772805679.925469382] [rtabmap]: rtabmap: subscribe_stereo = false
[INFO] [1772805679.925515336] [rtabmap]: rtabmap: subscribe_rgbd = false (rgbd_cameras=1)
[INFO] [1772805679.925600875] [rtabmap]: rtabmap: subscribe_sensor_data = false
[INFO] [1772805679.925632908] [rtabmap]: rtabmap: subscribe_odom_info = false
[INFO] [1772805679.925658445] [rtabmap]: rtabmap: subscribe_user_data = false
[INFO] [1772805679.926035834] [rtabmap]: rtabmap: subscribe_scan = false
[INFO] [1772805679.926074108] [rtabmap]: rtabmap: subscribe_scan_cloud = true
[INFO] [1772805679.926100029] [rtabmap]: rtabmap: subscribe_scan_descriptor = false
[INFO] [1772805679.926129374] [rtabmap]: rtabmap: topic_queue_size = 10
[INFO] [1772805679.926153439] [rtabmap]: rtabmap: sync_queue_size  = 200
[INFO] [1772805679.926175807] [rtabmap]: rtabmap: qos_image       = 0
[INFO] [1772805679.926197760] [rtabmap]: rtabmap: qos_camera_info = 0
[INFO] [1772805679.926219521] [rtabmap]: rtabmap: qos_scan        = 0
[INFO] [1772805679.926241154] [rtabmap]: rtabmap: qos_odom        = 0
[INFO] [1772805679.926262947] [rtabmap]: rtabmap: qos_user_data   = 0
[INFO] [1772805679.926284451] [rtabmap]: rtabmap: approx_sync     = true
[INFO] [1772805679.926331909] [rtabmap]: Setup scan callback
[INFO] [1772805679.935961789] [rtabmap]: 
rtabmap subscribed to (approx sync):
   /odom \
   /leo04/livox/lidar
[WARN] [1772805679.940343578] [rtabmap]: There is no image subscription, bag-of-words loop closure detection will be disabled...
[WARN] [1772805679.940486271] [rtabmap]: Setting Kp/MaxFeatures=-1 (bag-of-words disabled)
[INFO] [1772805680.125081579] [rtabmap]: rtabmap (1): Rate=1.00s, Limit=0.000s, Conversion=0.0010s, RTAB-Map=0.0708s, Maps update=0.0032s pub=0.0019s delay=0.2311s (local map=1, WM=1)
[INFO] [1772805681.234716380] [rtabmap]: rtabmap (2): Rate=1.00s, Limit=0.000s, Conversion=0.0004s, RTAB-Map=0.0803s, Maps update=0.0003s pub=0.0006s delay=0.2414s (local map=1, WM=1)
[INFO] [1772805682.234277291] [rtabmap]: rtabmap (3): Rate=1.00s, Limit=0.000s, Conversion=0.0003s, RTAB-Map=0.0788s, Maps update=0.0003s pub=0.0008s delay=0.2410s (local map=1, WM=1)
[INFO] [1772805683.247479298] [rtabmap]: rtabmap (4): Rate=1.00s, Limit=0.000s, Conversion=0.0003s, RTAB-Map=0.0850s, Maps update=0.0002s pub=0.0005s delay=0.2541s (local map=1, WM=1)
[INFO] [1772805684.335483533] [rtabmap]: rtabmap (5): Rate=1.00s, Limit=0.000s, Conversion=0.0003s, RTAB-Map=0.0711s, Maps update=0.0002s pub=0.0007s delay=0.2421s (local map=1, WM=1)
[INFO] [1772805685.412482030] [rclcpp]: signal_handler(signum=2)
