[INFO] [1772804018.827514765] [rtabmap]: rtabmap(maps): latch                      = false
[INFO] [1772804018.828101473] [rtabmap]: rtabmap(maps): map_filter_radius          = 0.000000
[INFO] [1772804018.828147747] [rtabmap]: rtabmap(maps): map_filter_angle           = 30.000000
[INFO] [1772804018.828169092] [rtabmap]: rtabmap(maps): map_cleanup                = true
[INFO] [1772804018.828182084] [rtabmap]: rtabmap(maps): map_always_update          = false
[INFO] [1772804018.828194213] [rtabmap]: rtabmap(maps): map_empty_ray_tracing      = true
[INFO] [1772804018.828205893] [rtabmap]: rtabmap(maps): cloud_output_voxelized     = true
[INFO] [1772804018.828218053] [rtabmap]: rtabmap(maps): cloud_subtract_filtering   = false
[INFO] [1772804018.828230502] [rtabmap]: rtabmap(maps): cloud_subtract_filtering_min_neighbors = 2
[INFO] [1772804018.829059395] [rtabmap]: rtabmap(maps): octomap_tree_depth         = 16
[INFO] [1772804018.905936335] [rtabmap]: rtabmap: frame_id      = leo04/base_footprint
[INFO] [1772804018.907343584] [rtabmap]: rtabmap: map_frame_id  = map
[INFO] [1772804018.908113851] [rtabmap]: rtabmap: log_to_rosout_level  = 4
[INFO] [1772804018.908152028] [rtabmap]: rtabmap: initial_pose  = 
[INFO] [1772804018.908168861] [rtabmap]: rtabmap: use_action_for_goal  = false
[INFO] [1772804018.908183197] [rtabmap]: rtabmap: tf_delay      = 0.050000
[INFO] [1772804018.908205854] [rtabmap]: rtabmap: tf_tolerance  = 0.100000
[INFO] [1772804018.908219294] [rtabmap]: rtabmap: odom_sensor_sync   = false
[INFO] [1772804018.908230559] [rtabmap]: rtabmap: pub_loc_pose_only_when_localizing = false
[INFO] [1772804018.908241695] [rtabmap]: rtabmap: wait_for_transform = 0.500000
[INFO] [1772804018.908252224] [rtabmap]: rtabmap: gen_scan  = false
[INFO] [1772804018.908262336] [rtabmap]: rtabmap: gen_depth  = false
[INFO] [1772804018.908272960] [rtabmap]: rtabmap: scan_cloud_max_points = 0
[INFO] [1772804018.908283265] [rtabmap]: rtabmap: scan_cloud_is_2d = false
[INFO] [1772804018.985792035] [rtabmap]: Setting RTAB-Map parameter "Grid/CellSize"="0.03" (rosparam)
[INFO] [1772804018.990536264] [rtabmap]: Setting RTAB-Map parameter "Grid/MaxGroundAngle"="45" (rosparam)
[INFO] [1772804018.990694221] [rtabmap]: Setting RTAB-Map parameter "Grid/MaxGroundHeight"="0.1" (rosparam)
[INFO] [1772804018.993698101] [rtabmap]: Setting RTAB-Map parameter "Grid/MaxObstacleHeight"="0.7" (rosparam)
[INFO] [1772804018.997805668] [rtabmap]: Setting RTAB-Map parameter "Grid/MinGroundHeight"="-0.1" (rosparam)
[INFO] [1772804018.998719876] [rtabmap]: Setting RTAB-Map parameter "Grid/RangeMax"="3.0" (rosparam)
[INFO] [1772804018.999282231] [rtabmap]: Setting RTAB-Map parameter "Grid/RangeMin"="0.7" (rosparam)
[INFO] [1772804018.999361626] [rtabmap]: Setting RTAB-Map parameter "Grid/RayTracing"="false" (rosparam)
[INFO] [1772804018.999583938] [rtabmap]: Setting RTAB-Map parameter "Grid/Sensor"="0" (rosparam)
[INFO] [1772804019.000204375] [rtabmap]: Setting RTAB-Map parameter "Icp/CorrespondenceRatio"="0.2" (rosparam)
[INFO] [1772804019.000838445] [rtabmap]: Setting RTAB-Map parameter "Icp/Epsilon"="0.001" (rosparam)
[INFO] [1772804019.004644721] [rtabmap]: Setting RTAB-Map parameter "Icp/Iterations"="10" (rosparam)
[INFO] [1772804019.005027551] [rtabmap]: Setting RTAB-Map parameter "Icp/MaxCorrespondenceDistance"="1" (rosparam)
[INFO] [1772804019.005217893] [rtabmap]: Setting RTAB-Map parameter "Icp/MaxTranslation"="3" (rosparam)
[INFO] [1772804019.005290152] [rtabmap]: Setting RTAB-Map parameter "Icp/OutlierRatio"="0.7" (rosparam)
[INFO] [1772804019.005507471] [rtabmap]: Setting RTAB-Map parameter "Icp/PointToPlane"="true" (rosparam)
[INFO] [1772804019.005698582] [rtabmap]: Setting RTAB-Map parameter "Icp/PointToPlaneK"="20" (rosparam)
[INFO] [1772804019.005835995] [rtabmap]: Setting RTAB-Map parameter "Icp/PointToPlaneRadius"="0" (rosparam)
[INFO] [1772804019.005942078] [rtabmap]: Setting RTAB-Map parameter "Icp/RangeMin"="0.3" (rosparam)
[INFO] [1772804019.006048482] [rtabmap]: Setting RTAB-Map parameter "Icp/Strategy"="1" (rosparam)
[INFO] [1772804019.006113764] [rtabmap]: Setting RTAB-Map parameter "Icp/VoxelSize"="0.1" (rosparam)
[INFO] [1772804019.017435245] [rtabmap]: Setting RTAB-Map parameter "Mem/LaserScanNormalK"="20" (rosparam)
[INFO] [1772804019.021626303] [rtabmap]: Setting RTAB-Map parameter "Mem/LaserScanVoxelSize"="0.03" (rosparam)
[INFO] [1772804019.027477738] [rtabmap]: Setting RTAB-Map parameter "Mem/NotLinkedNodesKept"="false" (rosparam)
[INFO] [1772804019.032771746] [rtabmap]: Setting RTAB-Map parameter "Mem/STMSize"="30" (rosparam)
[INFO] [1772804019.037288030] [rtabmap]: Setting RTAB-Map parameter "RGBD/AngularUpdate"="0.05" (rosparam)
[INFO] [1772804019.037491814] [rtabmap]: Setting RTAB-Map parameter "RGBD/CreateOccupancyGrid"="true" (rosparam)
[INFO] [1772804019.038300162] [rtabmap]: Setting RTAB-Map parameter "RGBD/LinearUpdate"="0.05" (rosparam)
[INFO] [1772804019.047539970] [rtabmap]: Setting RTAB-Map parameter "RGBD/ProximityMaxGraphDepth"="0" (rosparam)
[INFO] [1772804019.048156920] [rtabmap]: Setting RTAB-Map parameter "RGBD/ProximityPathMaxNeighbors"="1" (rosparam)
[INFO] [1772804019.049702221] [rtabmap]: Setting RTAB-Map parameter "Reg/Strategy"="1" (rosparam)
[INFO] [1772804019.129696966] [rtabmap]: RTAB-Map detection rate = 1.000000 Hz
[INFO] [1772804019.130220184] [rtabmap]: rtabmap: Deleted database "/root/.ros/rtabmap.db" (--delete_db_on_start or -d are set).
[INFO] [1772804019.130286843] [rtabmap]: rtabmap: Using database from "/root/.ros/rtabmap.db" (0 MB).
[INFO] [1772804019.221296850] [rtabmap]: rtabmap: Database version = "0.22.1".
[INFO] [1772804019.221421686] [rtabmap]: rtabmap: SLAM mode (Mem/IncrementalMemory=true)
[INFO] [1772804019.376782695] [rtabmap]: Setup callbacks
[INFO] [1772804019.377427485] [rtabmap]: rtabmap: subscribe_depth = false
[INFO] [1772804019.377489599] [rtabmap]: rtabmap: subscribe_rgb = false
[INFO] [1772804019.377510272] [rtabmap]: rtabmap: subscribe_stereo = false
[INFO] [1772804019.377526912] [rtabmap]: rtabmap: subscribe_rgbd = false (rgbd_cameras=1)
[INFO] [1772804019.377542241] [rtabmap]: rtabmap: subscribe_sensor_data = false
[INFO] [1772804019.377555905] [rtabmap]: rtabmap: subscribe_odom_info = false
[INFO] [1772804019.377569858] [rtabmap]: rtabmap: subscribe_user_data = false
[INFO] [1772804019.377583394] [rtabmap]: rtabmap: subscribe_scan = false
[INFO] [1772804019.377597123] [rtabmap]: rtabmap: subscribe_scan_cloud = true
[INFO] [1772804019.377609699] [rtabmap]: rtabmap: subscribe_scan_descriptor = false
[INFO] [1772804019.377623140] [rtabmap]: rtabmap: topic_queue_size = 10
[INFO] [1772804019.377636260] [rtabmap]: rtabmap: sync_queue_size  = 200
[INFO] [1772804019.377648773] [rtabmap]: rtabmap: qos_image       = 0
[INFO] [1772804019.377662917] [rtabmap]: rtabmap: qos_camera_info = 0
[INFO] [1772804019.377676262] [rtabmap]: rtabmap: qos_scan        = 0
[INFO] [1772804019.377689734] [rtabmap]: rtabmap: qos_odom        = 0
[INFO] [1772804019.377702023] [rtabmap]: rtabmap: qos_user_data   = 0
[INFO] [1772804019.377713831] [rtabmap]: rtabmap: approx_sync     = true
[INFO] [1772804019.377745864] [rtabmap]: Setup scan callback
[INFO] [1772804019.384287723] [rtabmap]: 
rtabmap subscribed to (approx sync):
   /odom \
   /leo04/livox/lidar
[WARN] [1772804019.393457705] [rtabmap]: There is no image subscription, bag-of-words loop closure detection will be disabled...
[WARN] [1772804019.393569965] [rtabmap]: Setting Kp/MaxFeatures=-1 (bag-of-words disabled)
[WARN] [1772804024.394145427] [rtabmap]: rtabmap: Did not receive data since 5 seconds! Make sure the input topics are published ("$ ros2 topic hz my_topic") and the timestamps in their header are set. If topics are coming from different computers, make sure the clocks of the computers are synchronized ("ntpdate"). Ajusting topic_queue_size (10) and sync_queue_size (200) can also help for better synchronization if framerates and/or delays are different. If topics are not published at the same rate, you could increase "sync_queue_size" and/or "topic_queue_size" parameters (current=200 and 10 respectively).
rtabmap subscribed to (approx sync):
   /odom \
   /leo04/livox/lidar
[WARN] [1772804029.394189863] [rtabmap]: rtabmap: Did not receive data since 5 seconds! Make sure the input topics are published ("$ ros2 topic hz my_topic") and the timestamps in their header are set. If topics are coming from different computers, make sure the clocks of the computers are synchronized ("ntpdate"). Ajusting topic_queue_size (10) and sync_queue_size (200) can also help for better synchronization if framerates and/or delays are different. If topics are not published at the same rate, you could increase "sync_queue_size" and/or "topic_queue_size" parameters (current=200 and 10 respectively).
rtabmap subscribed to (approx sync):
   /odom \
   /leo04/livox/lidar
[INFO] [1772804033.053326730] [rclcpp]: signal_handler(signum=2)
