[INFO] [1771083371.904509781] [rtabmap]: rtabmap(maps): latch                      = false
[INFO] [1771083371.906288465] [rtabmap]: rtabmap(maps): map_filter_radius          = 0.000000
[INFO] [1771083371.906387989] [rtabmap]: rtabmap(maps): map_filter_angle           = 30.000000
[INFO] [1771083371.906423350] [rtabmap]: rtabmap(maps): map_cleanup                = true
[INFO] [1771083371.906444822] [rtabmap]: rtabmap(maps): map_always_update          = false
[INFO] [1771083371.906480216] [rtabmap]: rtabmap(maps): map_empty_ray_tracing      = true
[INFO] [1771083371.906502872] [rtabmap]: rtabmap(maps): cloud_output_voxelized     = true
[INFO] [1771083371.906522457] [rtabmap]: rtabmap(maps): cloud_subtract_filtering   = false
[INFO] [1771083371.906541178] [rtabmap]: rtabmap(maps): cloud_subtract_filtering_min_neighbors = 2
[INFO] [1771083371.906736736] [rtabmap]: rtabmap(maps): octomap_tree_depth         = 16
[INFO] [1771083371.961983626] [rtabmap]: rtabmap: frame_id      = leo04/base_footprint
[INFO] [1771083371.962118926] [rtabmap]: rtabmap: map_frame_id  = map
[INFO] [1771083371.962142127] [rtabmap]: rtabmap: log_to_rosout_level  = 4
[INFO] [1771083371.962157871] [rtabmap]: rtabmap: initial_pose  = 
[INFO] [1771083371.962172176] [rtabmap]: rtabmap: use_action_for_goal  = false
[INFO] [1771083371.962186736] [rtabmap]: rtabmap: tf_delay      = 0.050000
[INFO] [1771083371.962211633] [rtabmap]: rtabmap: tf_tolerance  = 0.100000
[INFO] [1771083371.962242418] [rtabmap]: rtabmap: odom_sensor_sync   = false
[INFO] [1771083371.962261587] [rtabmap]: rtabmap: pub_loc_pose_only_when_localizing = false
[INFO] [1771083371.962277684] [rtabmap]: rtabmap: wait_for_transform = 0.500000
[INFO] [1771083371.962296628] [rtabmap]: rtabmap: gen_scan  = false
[INFO] [1771083371.962312021] [rtabmap]: rtabmap: gen_depth  = false
[INFO] [1771083371.962327381] [rtabmap]: rtabmap: scan_cloud_max_points = 0
[INFO] [1771083371.962342390] [rtabmap]: rtabmap: scan_cloud_is_2d = false
[INFO] [1771083372.015057738] [rtabmap]: Setting RTAB-Map parameter "Grid/CellSize"="0.03" (rosparam)
[INFO] [1771083372.018982894] [rtabmap]: Setting RTAB-Map parameter "Grid/MaxGroundAngle"="45" (rosparam)
[INFO] [1771083372.019122451] [rtabmap]: Setting RTAB-Map parameter "Grid/MaxGroundHeight"="0.1" (rosparam)
[INFO] [1771083372.021027507] [rtabmap]: Setting RTAB-Map parameter "Grid/MaxObstacleHeight"="0.7" (rosparam)
[INFO] [1771083372.021174200] [rtabmap]: Setting RTAB-Map parameter "Grid/MinGroundHeight"="-0.1" (rosparam)
[INFO] [1771083372.022968757] [rtabmap]: Setting RTAB-Map parameter "Grid/RangeMax"="3.0" (rosparam)
[INFO] [1771083372.024199902] [rtabmap]: Setting RTAB-Map parameter "Grid/RangeMin"="0.7" (rosparam)
[INFO] [1771083372.025285027] [rtabmap]: Setting RTAB-Map parameter "Grid/RayTracing"="false" (rosparam)
[INFO] [1771083372.025969242] [rtabmap]: Setting RTAB-Map parameter "Grid/Sensor"="0" (rosparam)
[INFO] [1771083372.029550483] [rtabmap]: Setting RTAB-Map parameter "Icp/CorrespondenceRatio"="0.2" (rosparam)
[INFO] [1771083372.030256267] [rtabmap]: Setting RTAB-Map parameter "Icp/Epsilon"="0.001" (rosparam)
[INFO] [1771083372.031161033] [rtabmap]: Setting RTAB-Map parameter "Icp/Iterations"="10" (rosparam)
[INFO] [1771083372.031258797] [rtabmap]: Setting RTAB-Map parameter "Icp/MaxCorrespondenceDistance"="1" (rosparam)
[INFO] [1771083372.031449939] [rtabmap]: Setting RTAB-Map parameter "Icp/MaxTranslation"="3" (rosparam)
[INFO] [1771083372.031531158] [rtabmap]: Setting RTAB-Map parameter "Icp/OutlierRatio"="0.7" (rosparam)
[INFO] [1771083372.032500214] [rtabmap]: Setting RTAB-Map parameter "Icp/PointToPlane"="true" (rosparam)
[INFO] [1771083372.032635739] [rtabmap]: Setting RTAB-Map parameter "Icp/PointToPlaneK"="20" (rosparam)
[INFO] [1771083372.032761855] [rtabmap]: Setting RTAB-Map parameter "Icp/PointToPlaneRadius"="0" (rosparam)
[INFO] [1771083372.032904420] [rtabmap]: Setting RTAB-Map parameter "Icp/RangeMin"="0.3" (rosparam)
[INFO] [1771083372.033000871] [rtabmap]: Setting RTAB-Map parameter "Icp/Strategy"="1" (rosparam)
[INFO] [1771083372.033062793] [rtabmap]: Setting RTAB-Map parameter "Icp/VoxelSize"="0.1" (rosparam)
[INFO] [1771083372.036909131] [rtabmap]: Setting RTAB-Map parameter "Mem/BinDataKept"="false" (rosparam)
[INFO] [1771083372.037429629] [rtabmap]: Setting RTAB-Map parameter "Mem/LaserScanNormalK"="20" (rosparam)
[INFO] [1771083372.037528288] [rtabmap]: Setting RTAB-Map parameter "Mem/LaserScanVoxelSize"="0.03" (rosparam)
[INFO] [1771083372.037671237] [rtabmap]: Setting RTAB-Map parameter "Mem/NotLinkedNodesKept"="false" (rosparam)
[INFO] [1771083372.037965711] [rtabmap]: Setting RTAB-Map parameter "Mem/STMSize"="30" (rosparam)
[INFO] [1771083372.038911567] [rtabmap]: Setting RTAB-Map parameter "RGBD/AngularUpdate"="0.05" (rosparam)
[INFO] [1771083372.038976209] [rtabmap]: Setting RTAB-Map parameter "RGBD/CreateOccupancyGrid"="true" (rosparam)
[INFO] [1771083372.039229914] [rtabmap]: Setting RTAB-Map parameter "RGBD/LinearUpdate"="0.05" (rosparam)
[INFO] [1771083372.040063126] [rtabmap]: Setting RTAB-Map parameter "RGBD/ProximityMaxGraphDepth"="0" (rosparam)
[INFO] [1771083372.040241916] [rtabmap]: Setting RTAB-Map parameter "RGBD/ProximityPathMaxNeighbors"="1" (rosparam)
[INFO] [1771083372.040456803] [rtabmap]: Setting RTAB-Map parameter "Reg/Strategy"="1" (rosparam)
[INFO] [1771083372.047149221] [rtabmap]: Setting RTAB-Map parameter "Rtabmap/MemoryThr"="150" (rosparam)
[INFO] [1771083372.052448792] [rtabmap]: RTAB-Map detection rate = 1.000000 Hz
[INFO] [1771083372.058549414] [rtabmap]: rtabmap: Deleted database "/root/.ros/rtabmap.db" (--delete_db_on_start or -d are set).
[INFO] [1771083372.059969782] [rtabmap]: rtabmap: Using database from "/root/.ros/rtabmap.db" (0 MB).
[INFO] [1771083372.178015687] [rtabmap]: rtabmap: Database version = "0.22.1".
[INFO] [1771083372.178157388] [rtabmap]: rtabmap: SLAM mode (Mem/IncrementalMemory=true)
[INFO] [1771083372.238104276] [rtabmap]: Setup callbacks
[INFO] [1771083372.238349436] [rtabmap]: rtabmap: subscribe_depth = false
[INFO] [1771083372.238383230] [rtabmap]: rtabmap: subscribe_rgb = false
[INFO] [1771083372.238440415] [rtabmap]: rtabmap: subscribe_stereo = false
[INFO] [1771083372.238465280] [rtabmap]: rtabmap: subscribe_rgbd = false (rgbd_cameras=1)
[INFO] [1771083372.238484833] [rtabmap]: rtabmap: subscribe_sensor_data = false
[INFO] [1771083372.238507458] [rtabmap]: rtabmap: subscribe_odom_info = false
[INFO] [1771083372.238527650] [rtabmap]: rtabmap: subscribe_user_data = false
[INFO] [1771083372.238545731] [rtabmap]: rtabmap: subscribe_scan = false
[INFO] [1771083372.238563876] [rtabmap]: rtabmap: subscribe_scan_cloud = true
[INFO] [1771083372.238581284] [rtabmap]: rtabmap: subscribe_scan_descriptor = false
[INFO] [1771083372.238599909] [rtabmap]: rtabmap: topic_queue_size = 10
[INFO] [1771083372.238618437] [rtabmap]: rtabmap: sync_queue_size  = 200
[INFO] [1771083372.238636294] [rtabmap]: rtabmap: qos_image       = 0
[INFO] [1771083372.238654567] [rtabmap]: rtabmap: qos_camera_info = 0
[INFO] [1771083372.238672167] [rtabmap]: rtabmap: qos_scan        = 0
[INFO] [1771083372.238689800] [rtabmap]: rtabmap: qos_odom        = 0
[INFO] [1771083372.238706824] [rtabmap]: rtabmap: qos_user_data   = 0
[INFO] [1771083372.238724137] [rtabmap]: rtabmap: approx_sync     = true
[INFO] [1771083372.240104888] [rtabmap]: Setup scan callback
[INFO] [1771083372.251772706] [rtabmap]: 
rtabmap subscribed to (approx sync):
   /odom \
   /leo04/livox/lidar
[WARN] [1771083372.256057522] [rtabmap]: There is no image subscription, bag-of-words loop closure detection will be disabled...
[WARN] [1771083372.256196151] [rtabmap]: Setting Kp/MaxFeatures=-1 (bag-of-words disabled)
[INFO] [1771083372.407128831] [rtabmap]: rtabmap (1): Rate=1.00s, Limit=0.000s, Conversion=0.0009s, RTAB-Map=0.0806s, Maps update=0.0025s pub=0.0040s delay=0.2337s (local map=1, WM=1)
[INFO] [1771083373.409830012] [rtabmap]: rtabmap (2): Rate=1.00s, Limit=0.000s, Conversion=0.0003s, RTAB-Map=0.0690s, Maps update=0.0002s pub=0.0008s delay=0.2364s (local map=1, WM=1)
[INFO] [1771083374.507800747] [rtabmap]: rtabmap (3): Rate=1.00s, Limit=0.000s, Conversion=0.0004s, RTAB-Map=0.0704s, Maps update=0.0002s pub=0.0008s delay=0.2345s (local map=1, WM=1)
[INFO] [1771083375.510365796] [rtabmap]: rtabmap (4): Rate=1.00s, Limit=0.000s, Conversion=0.0003s, RTAB-Map=0.0693s, Maps update=0.0002s pub=0.0010s delay=0.2370s (local map=1, WM=1)
[INFO] [1771083376.609530362] [rtabmap]: rtabmap (5): Rate=1.00s, Limit=0.000s, Conversion=0.0003s, RTAB-Map=0.0739s, Maps update=0.0002s pub=0.0008s delay=0.2361s (local map=1, WM=1)
[INFO] [1771083377.703064883] [rtabmap]: rtabmap (6): Rate=1.00s, Limit=0.000s, Conversion=0.0007s, RTAB-Map=0.0678s, Maps update=0.0003s pub=0.0011s delay=0.2297s (local map=1, WM=1)
[INFO] [1771083378.803745372] [rtabmap]: rtabmap (7): Rate=1.00s, Limit=0.000s, Conversion=0.0008s, RTAB-Map=0.0691s, Maps update=0.0003s pub=0.0020s delay=0.2302s (local map=1, WM=1)
[INFO] [1771083379.909010945] [rtabmap]: rtabmap (8): Rate=1.00s, Limit=0.000s, Conversion=0.0003s, RTAB-Map=0.0731s, Maps update=0.0002s pub=0.0010s delay=0.2356s (local map=1, WM=1)
[INFO] [1771083381.011435333] [rtabmap]: rtabmap (9): Rate=1.00s, Limit=0.000s, Conversion=0.0005s, RTAB-Map=0.0673s, Maps update=0.0002s pub=0.0010s delay=0.2379s (local map=1, WM=1)
[INFO] [1771083382.013014013] [rtabmap]: rtabmap (10): Rate=1.00s, Limit=0.000s, Conversion=0.0005s, RTAB-Map=0.0760s, Maps update=0.0002s pub=0.0008s delay=0.2395s (local map=1, WM=1)
[INFO] [1771083383.112078832] [rtabmap]: rtabmap (11): Rate=1.00s, Limit=0.000s, Conversion=0.0004s, RTAB-Map=0.0792s, Maps update=0.0002s pub=0.0009s delay=0.2386s (local map=1, WM=1)
[INFO] [1771083384.117091068] [rtabmap]: rtabmap (12): Rate=1.00s, Limit=0.000s, Conversion=0.0004s, RTAB-Map=0.0754s, Maps update=0.0002s pub=0.0008s delay=0.2436s (local map=1, WM=1)
[INFO] [1771083385.212102822] [rtabmap]: rtabmap (13): Rate=1.00s, Limit=0.000s, Conversion=0.0005s, RTAB-Map=0.0775s, Maps update=0.0002s pub=0.0009s delay=0.2386s (local map=1, WM=1)
[INFO] [1771083386.303807937] [rtabmap]: rtabmap (14): Rate=1.00s, Limit=0.000s, Conversion=0.0003s, RTAB-Map=0.0687s, Maps update=0.0002s pub=0.0009s delay=0.2296s (local map=1, WM=1)
[INFO] [1771083387.409284460] [rtabmap]: rtabmap (15): Rate=1.00s, Limit=0.000s, Conversion=0.0003s, RTAB-Map=0.0713s, Maps update=0.0002s pub=0.0008s delay=0.2358s (local map=1, WM=1)
[INFO] [1771083388.422424779] [rtabmap]: rtabmap (16): Rate=1.00s, Limit=0.000s, Conversion=0.0003s, RTAB-Map=0.0827s, Maps update=0.0002s pub=0.0010s delay=0.2489s (local map=1, WM=1)
[INFO] [1771083389.509109628] [rtabmap]: rtabmap (17): Rate=1.00s, Limit=0.000s, Conversion=0.0005s, RTAB-Map=0.0708s, Maps update=0.0003s pub=0.0009s delay=0.2355s (local map=1, WM=1)
[INFO] [1771083390.614540614] [rtabmap]: rtabmap (18): Rate=1.00s, Limit=0.000s, Conversion=0.0003s, RTAB-Map=0.0811s, Maps update=0.0002s pub=0.0012s delay=0.2410s (local map=1, WM=1)
[INFO] [1771083391.720192695] [rtabmap]: rtabmap (19): Rate=1.00s, Limit=0.000s, Conversion=0.0005s, RTAB-Map=0.0729s, Maps update=0.0002s pub=0.0009s delay=0.2468s (local map=1, WM=1)
[INFO] [1771083392.818728633] [rtabmap]: rtabmap (20): Rate=1.00s, Limit=0.000s, Conversion=0.0003s, RTAB-Map=0.0789s, Maps update=0.0002s pub=0.0008s delay=0.2452s (local map=1, WM=1)
[INFO] [1771083393.916257016] [rtabmap]: rtabmap (21): Rate=1.00s, Limit=0.000s, Conversion=0.0003s, RTAB-Map=0.0804s, Maps update=0.0002s pub=0.0008s delay=0.2427s (local map=1, WM=1)
[INFO] [1771083394.896482079] [rtabmap]: rtabmap (22): Rate=1.00s, Limit=0.000s, Conversion=0.0003s, RTAB-Map=0.0694s, Maps update=0.0003s pub=0.0011s delay=0.2201s (local map=1, WM=1)
[INFO] [1771083396.014259017] [rtabmap]: rtabmap (23): Rate=1.00s, Limit=0.000s, Conversion=0.0003s, RTAB-Map=0.0740s, Maps update=0.0002s pub=0.0008s delay=0.2407s (local map=1, WM=1)
[INFO] [1771083397.116208030] [rtabmap]: rtabmap (24): Rate=1.00s, Limit=0.000s, Conversion=0.0004s, RTAB-Map=0.0754s, Maps update=0.0002s pub=0.0007s delay=0.2427s (local map=1, WM=1)
[INFO] [1771083398.200979183] [rtabmap]: rtabmap (25): Rate=1.00s, Limit=0.000s, Conversion=0.0003s, RTAB-Map=0.0735s, Maps update=0.0002s pub=0.0011s delay=0.2273s (local map=1, WM=1)
[INFO] [1771083399.313091352] [rtabmap]: rtabmap (26): Rate=1.00s, Limit=0.000s, Conversion=0.0003s, RTAB-Map=0.0747s, Maps update=0.0002s pub=0.0008s delay=0.2396s (local map=1, WM=1)
[INFO] [1771083400.312463072] [rtabmap]: rtabmap (27): Rate=1.00s, Limit=0.000s, Conversion=0.0004s, RTAB-Map=0.0728s, Maps update=0.0004s pub=0.0008s delay=0.2388s (local map=1, WM=1)
[INFO] [1771083401.308423762] [rtabmap]: rtabmap (28): Rate=1.00s, Limit=0.000s, Conversion=0.0004s, RTAB-Map=0.0749s, Maps update=0.0003s pub=0.0014s delay=0.2348s (local map=1, WM=1)
[INFO] [1771083402.412305069] [rtabmap]: rtabmap (29): Rate=1.00s, Limit=0.000s, Conversion=0.0006s, RTAB-Map=0.0795s, Maps update=0.0003s pub=0.0008s delay=0.2387s (local map=1, WM=1)
[INFO] [1771083403.523641644] [rtabmap]: rtabmap (30): Rate=1.00s, Limit=0.000s, Conversion=0.0004s, RTAB-Map=0.0774s, Maps update=0.0002s pub=0.0008s delay=0.2500s (local map=1, WM=1)
[INFO] [1771083404.600807270] [rtabmap]: rtabmap (31): Rate=1.00s, Limit=0.000s, Conversion=0.0004s, RTAB-Map=0.0700s, Maps update=0.0002s pub=0.0010s delay=0.2273s (local map=1, WM=1)
[INFO] [1771083405.605041303] [rtabmap]: rtabmap (32): Rate=1.00s, Limit=0.000s, Conversion=0.0005s, RTAB-Map=0.0689s, Maps update=0.0004s pub=0.0009s delay=0.2315s (local map=1, WM=1)
[INFO] [1771083406.725173704] [rtabmap]: rtabmap (33): Rate=1.00s, Limit=0.000s, Conversion=0.0003s, RTAB-Map=0.0839s, Maps update=0.0003s pub=0.0014s delay=0.2516s (local map=1, WM=1)
[INFO] [1771083407.713663509] [rtabmap]: rtabmap (34): Rate=1.00s, Limit=0.000s, Conversion=0.0004s, RTAB-Map=0.0808s, Maps update=0.0003s pub=0.0008s delay=0.2400s (local map=1, WM=1)
[INFO] [1771083408.710948917] [rtabmap]: rtabmap (35): Rate=1.00s, Limit=0.000s, Conversion=0.0004s, RTAB-Map=0.0750s, Maps update=0.0003s pub=0.0010s delay=0.2372s (local map=1, WM=1)
[INFO] [1771083409.814188730] [rtabmap]: rtabmap (36): Rate=1.00s, Limit=0.000s, Conversion=0.0003s, RTAB-Map=0.0725s, Maps update=0.0002s pub=0.0012s delay=0.2405s (local map=1, WM=1)
[INFO] [1771083410.820492371] [rtabmap]: rtabmap (37): Rate=1.00s, Limit=0.000s, Conversion=0.0003s, RTAB-Map=0.0804s, Maps update=0.0004s pub=0.0010s delay=0.2468s (local map=1, WM=1)
[INFO] [1771083411.814480384] [rtabmap]: rtabmap (38): Rate=1.00s, Limit=0.000s, Conversion=0.0009s, RTAB-Map=0.0841s, Maps update=0.0002s pub=0.0015s delay=0.2407s (local map=1, WM=1)
[INFO] [1771083412.930039442] [rtabmap]: rtabmap (39): Rate=1.00s, Limit=0.000s, Conversion=0.0107s, RTAB-Map=0.0801s, Maps update=0.0002s pub=0.0010s delay=0.2564s (local map=1, WM=1)
[INFO] [1771083413.912133505] [rtabmap]: rtabmap (40): Rate=1.00s, Limit=0.000s, Conversion=0.0005s, RTAB-Map=0.0715s, Maps update=0.0002s pub=0.0008s delay=0.2385s (local map=1, WM=1)
[INFO] [1771083414.924040445] [rtabmap]: rtabmap (41): Rate=1.00s, Limit=0.000s, Conversion=0.0105s, RTAB-Map=0.0730s, Maps update=0.0002s pub=0.0013s delay=0.2502s (local map=1, WM=1)
[INFO] [1771083416.016489355] [rtabmap]: rtabmap (42): Rate=1.00s, Limit=0.000s, Conversion=0.0005s, RTAB-Map=0.0702s, Maps update=0.0003s pub=0.0010s delay=0.2427s (local map=1, WM=1)
[INFO] [1771083417.122342250] [rtabmap]: rtabmap (43): Rate=1.00s, Limit=0.000s, Conversion=0.0006s, RTAB-Map=0.0826s, Maps update=0.0002s pub=0.0008s delay=0.2486s (local map=1, WM=1)
[INFO] [1771083418.205754068] [rtabmap]: rtabmap (44): Rate=1.00s, Limit=0.000s, Conversion=0.0003s, RTAB-Map=0.0763s, Maps update=0.0003s pub=0.0010s delay=0.2322s (local map=1, WM=1)
[INFO] [1771083419.211097410] [rtabmap]: rtabmap (45): Rate=1.00s, Limit=0.000s, Conversion=0.0005s, RTAB-Map=0.0725s, Maps update=0.0002s pub=0.0016s delay=0.2374s (local map=1, WM=1)
[INFO] [1771083420.311109192] [rtabmap]: rtabmap (46): Rate=1.00s, Limit=0.000s, Conversion=0.0004s, RTAB-Map=0.0768s, Maps update=0.0002s pub=0.0010s delay=0.2374s (local map=1, WM=1)
[INFO] [1771083421.417258016] [rtabmap]: rtabmap (47): Rate=1.00s, Limit=0.000s, Conversion=0.0003s, RTAB-Map=0.0826s, Maps update=0.0003s pub=0.0008s delay=0.2434s (local map=1, WM=1)
[INFO] [1771083422.513091318] [rtabmap]: rtabmap (48): Rate=1.00s, Limit=0.000s, Conversion=0.0005s, RTAB-Map=0.0714s, Maps update=0.0002s pub=0.0008s delay=0.2394s (local map=1, WM=1)
[INFO] [1771083423.601083391] [rtabmap]: rtabmap (49): Rate=1.00s, Limit=0.000s, Conversion=0.0004s, RTAB-Map=0.0698s, Maps update=0.0003s pub=0.0009s delay=0.2273s (local map=1, WM=1)
[INFO] [1771083424.711399943] [rtabmap]: rtabmap (50): Rate=1.00s, Limit=0.000s, Conversion=0.0003s, RTAB-Map=0.0759s, Maps update=0.0002s pub=0.0011s delay=0.2375s (local map=1, WM=1)
[INFO] [1771083425.813127879] [rtabmap]: rtabmap (51): Rate=1.00s, Limit=0.000s, Conversion=0.0004s, RTAB-Map=0.0783s, Maps update=0.0003s pub=0.0009s delay=0.2393s (local map=1, WM=1)
[INFO] [1771083426.913166990] [rtabmap]: rtabmap (52): Rate=1.00s, Limit=0.000s, Conversion=0.0003s, RTAB-Map=0.0727s, Maps update=0.0002s pub=0.0008s delay=0.2393s (local map=1, WM=1)
[INFO] [1771083428.011488633] [rtabmap]: rtabmap (53): Rate=1.00s, Limit=0.000s, Conversion=0.0004s, RTAB-Map=0.0768s, Maps update=0.0003s pub=0.0013s delay=0.2375s (local map=1, WM=1)
[INFO] [1771083429.122096747] [rtabmap]: rtabmap (54): Rate=1.00s, Limit=0.000s, Conversion=0.0105s, RTAB-Map=0.0718s, Maps update=0.0002s pub=0.0008s delay=0.2484s (local map=1, WM=1)
[INFO] [1771083430.107180992] [rtabmap]: rtabmap (55): Rate=1.00s, Limit=0.000s, Conversion=0.0003s, RTAB-Map=0.0768s, Maps update=0.0002s pub=0.0010s delay=0.2335s (local map=1, WM=1)
[INFO] [1771083431.229079639] [rtabmap]: rtabmap (56): Rate=1.00s, Limit=0.000s, Conversion=0.0107s, RTAB-Map=0.0764s, Maps update=0.0004s pub=0.0009s delay=0.2553s (local map=1, WM=1)
[INFO] [1771083432.301525480] [rtabmap]: rtabmap (57): Rate=1.00s, Limit=0.000s, Conversion=0.0004s, RTAB-Map=0.0648s, Maps update=0.0002s pub=0.0008s delay=0.2277s (local map=1, WM=1)
[INFO] [1771083433.425150714] [rtabmap]: rtabmap (58): Rate=1.00s, Limit=0.000s, Conversion=0.0105s, RTAB-Map=0.0757s, Maps update=0.0003s pub=0.0008s delay=0.2514s (local map=1, WM=1)
[INFO] [1771083434.415925459] [rtabmap]: rtabmap (59): Rate=1.00s, Limit=0.000s, Conversion=0.0004s, RTAB-Map=0.0846s, Maps update=0.0002s pub=0.0009s delay=0.2420s (local map=1, WM=1)
[INFO] [1771083435.503291141] [rtabmap]: rtabmap (60): Rate=1.00s, Limit=0.000s, Conversion=0.0003s, RTAB-Map=0.0711s, Maps update=0.0003s pub=0.0008s delay=0.2295s (local map=1, WM=1)
[INFO] [1771083436.517259484] [rtabmap]: rtabmap (61): Rate=1.00s, Limit=0.000s, Conversion=0.0004s, RTAB-Map=0.0770s, Maps update=0.0002s pub=0.0009s delay=0.2433s (local map=1, WM=1)
[INFO] [1771083437.594954146] [rtabmap]: rtabmap (62): Rate=1.00s, Limit=0.000s, Conversion=0.0003s, RTAB-Map=0.0676s, Maps update=0.0003s pub=0.0009s delay=0.2210s (local map=1, WM=1)
[INFO] [1771083438.708746626] [rtabmap]: rtabmap (63): Rate=1.00s, Limit=0.000s, Conversion=0.0004s, RTAB-Map=0.0730s, Maps update=0.0003s pub=0.0008s delay=0.2351s (local map=1, WM=1)
[INFO] [1771083439.713558141] [rtabmap]: rtabmap (64): Rate=1.00s, Limit=0.000s, Conversion=0.0005s, RTAB-Map=0.0765s, Maps update=0.0002s pub=0.0008s delay=0.2399s (local map=1, WM=1)
[INFO] [1771083440.713657847] [rtabmap]: rtabmap (65): Rate=1.00s, Limit=0.000s, Conversion=0.0003s, RTAB-Map=0.0744s, Maps update=0.0002s pub=0.0008s delay=0.2398s (local map=1, WM=1)
[INFO] [1771083441.816808904] [rtabmap]: rtabmap (66): Rate=1.00s, Limit=0.000s, Conversion=0.0005s, RTAB-Map=0.0734s, Maps update=0.0003s pub=0.0014s delay=0.2428s (local map=1, WM=1)
[INFO] [1771083442.909223465] [rtabmap]: rtabmap (67): Rate=1.00s, Limit=0.000s, Conversion=0.0003s, RTAB-Map=0.0707s, Maps update=0.0003s pub=0.0009s delay=0.2355s (local map=1, WM=1)
[INFO] [1771083443.926068450] [rtabmap]: rtabmap (68): Rate=1.00s, Limit=0.000s, Conversion=0.0107s, RTAB-Map=0.0718s, Maps update=0.0002s pub=0.0009s delay=0.2523s (local map=1, WM=1)
[INFO] [1771083444.912593513] [rtabmap]: rtabmap (69): Rate=1.00s, Limit=0.000s, Conversion=0.0004s, RTAB-Map=0.0801s, Maps update=0.0002s pub=0.0015s delay=0.2386s (local map=1, WM=1)
[INFO] [1771083446.012212097] [rtabmap]: rtabmap (70): Rate=1.00s, Limit=0.000s, Conversion=0.0006s, RTAB-Map=0.0785s, Maps update=0.0002s pub=0.0009s delay=0.2386s (local map=1, WM=1)
[INFO] [1771083447.018507024] [rtabmap]: rtabmap (71): Rate=1.00s, Limit=0.000s, Conversion=0.0005s, RTAB-Map=0.0869s, Maps update=0.0004s pub=0.0010s delay=0.2446s (local map=1, WM=1)
[INFO] [1771083448.116993921] [rtabmap]: rtabmap (72): Rate=1.00s, Limit=0.000s, Conversion=0.0004s, RTAB-Map=0.0714s, Maps update=0.0003s pub=0.0016s delay=0.2434s (local map=1, WM=1)
[INFO] [1771083449.123451541] [rtabmap]: rtabmap (73): Rate=1.00s, Limit=0.000s, Conversion=0.0105s, RTAB-Map=0.0717s, Maps update=0.0002s pub=0.0008s delay=0.2496s (local map=1, WM=1)
[INFO] [1771083450.103372793] [rtabmap]: rtabmap (74): Rate=1.00s, Limit=0.000s, Conversion=0.0003s, RTAB-Map=0.0686s, Maps update=0.0003s pub=0.0008s delay=0.2294s (local map=1, WM=1)
[INFO] [1771083451.219853460] [rtabmap]: rtabmap (75): Rate=1.00s, Limit=0.000s, Conversion=0.0005s, RTAB-Map=0.0880s, Maps update=0.0002s pub=0.0008s delay=0.2468s (local map=1, WM=1)
[INFO] [1771083452.315358431] [rtabmap]: rtabmap (76): Rate=1.00s, Limit=0.000s, Conversion=0.0003s, RTAB-Map=0.0789s, Maps update=0.0002s pub=0.0008s delay=0.2413s (local map=1, WM=1)
[INFO] [1771083453.417275398] [rtabmap]: rtabmap (77): Rate=1.00s, Limit=0.000s, Conversion=0.0003s, RTAB-Map=0.0796s, Maps update=0.0002s pub=0.0010s delay=0.2436s (local map=1, WM=1)
[INFO] [1771083454.515565617] [rtabmap]: rtabmap (78): Rate=1.00s, Limit=0.000s, Conversion=0.0006s, RTAB-Map=0.0872s, Maps update=0.0002s pub=0.0008s delay=0.2418s (local map=1, WM=1)
[INFO] [1771083455.513891981] [rtabmap]: rtabmap (79): Rate=1.00s, Limit=0.000s, Conversion=0.0003s, RTAB-Map=0.0785s, Maps update=0.0002s pub=0.0007s delay=0.2401s (local map=1, WM=1)
[INFO] [1771083456.613379617] [rtabmap]: rtabmap (80): Rate=1.00s, Limit=0.000s, Conversion=0.0014s, RTAB-Map=0.0745s, Maps update=0.0002s pub=0.0008s delay=0.2394s (local map=1, WM=1)
[INFO] [1771083457.706487993] [rtabmap]: rtabmap (81): Rate=1.00s, Limit=0.000s, Conversion=0.0007s, RTAB-Map=0.0677s, Maps update=0.0002s pub=0.0007s delay=0.2324s (local map=1, WM=1)
[INFO] [1771083458.813205797] [rtabmap]: rtabmap (82): Rate=1.00s, Limit=0.000s, Conversion=0.0003s, RTAB-Map=0.0767s, Maps update=0.0002s pub=0.0009s delay=0.2393s (local map=1, WM=1)
[INFO] [1771083459.920025045] [rtabmap]: rtabmap (83): Rate=1.00s, Limit=0.000s, Conversion=0.0005s, RTAB-Map=0.0785s, Maps update=0.0020s pub=0.0021s delay=0.2459s (local map=2, WM=2)
[INFO] [1771083461.014693699] [rtabmap]: rtabmap (84): Rate=1.00s, Limit=0.000s, Conversion=0.0008s, RTAB-Map=0.0768s, Maps update=0.0002s pub=0.0011s delay=0.2409s (local map=2, WM=2)
[INFO] [1771083462.014466321] [rtabmap]: rtabmap (85): Rate=1.00s, Limit=0.000s, Conversion=0.0014s, RTAB-Map=0.0725s, Maps update=0.0021s pub=0.0022s delay=0.2405s (local map=3, WM=3)
[INFO] [1771083463.114274480] [rtabmap]: rtabmap (86): Rate=1.00s, Limit=0.000s, Conversion=0.0003s, RTAB-Map=0.0773s, Maps update=0.0028s pub=0.0037s delay=0.2405s (local map=4, WM=4)
[INFO] [1771083464.128077504] [rtabmap]: rtabmap (87): Rate=1.00s, Limit=0.000s, Conversion=0.0107s, RTAB-Map=0.0731s, Maps update=0.0026s pub=0.0027s delay=0.2541s (local map=5, WM=5)
[INFO] [1771083465.097278803] [rtabmap]: rtabmap (88): Rate=1.00s, Limit=0.000s, Conversion=0.0005s, RTAB-Map=0.0636s, Maps update=0.0003s pub=0.0014s delay=0.2232s (local map=5, WM=5)
[INFO] [1771083466.207411637] [rtabmap]: rtabmap (89): Rate=1.00s, Limit=0.000s, Conversion=0.0003s, RTAB-Map=0.0681s, Maps update=0.0007s pub=0.0044s delay=0.2343s (local map=6, WM=6)
[INFO] [1771083467.212558716] [rtabmap]: rtabmap (90): Rate=1.00s, Limit=0.000s, Conversion=0.0004s, RTAB-Map=0.0662s, Maps update=0.0021s pub=0.0045s delay=0.2386s (local map=7, WM=7)
[INFO] [1771083468.314262524] [rtabmap]: rtabmap (91): Rate=1.00s, Limit=0.000s, Conversion=0.0006s, RTAB-Map=0.0681s, Maps update=0.0032s pub=0.0030s delay=0.2410s (local map=8, WM=8)
[INFO] [1771083469.310013408] [rtabmap]: rtabmap (92): Rate=1.00s, Limit=0.000s, Conversion=0.0003s, RTAB-Map=0.0682s, Maps update=0.0004s pub=0.0028s delay=0.2359s (local map=8, WM=8)
[INFO] [1771083470.402815726] [rtabmap]: rtabmap (93): Rate=1.00s, Limit=0.000s, Conversion=0.0005s, RTAB-Map=0.0590s, Maps update=0.0003s pub=0.0015s delay=0.2288s (local map=8, WM=8)
[INFO] [1771083471.510431801] [rtabmap]: rtabmap (94): Rate=1.00s, Limit=0.000s, Conversion=0.0005s, RTAB-Map=0.0652s, Maps update=0.0003s pub=0.0020s delay=0.2365s (local map=8, WM=8)
[INFO] [1771083472.624861806] [rtabmap]: rtabmap (95): Rate=1.00s, Limit=0.000s, Conversion=0.0107s, RTAB-Map=0.0659s, Maps update=0.0021s pub=0.0044s delay=0.2508s (local map=9, WM=9)
[INFO] [1771083473.714539376] [rtabmap]: rtabmap (96): Rate=1.00s, Limit=0.000s, Conversion=0.0003s, RTAB-Map=0.0676s, Maps update=0.0031s pub=0.0038s delay=0.2415s (local map=10, WM=10)
[INFO] [1771083474.702565707] [rtabmap]: rtabmap (97): Rate=1.00s, Limit=0.000s, Conversion=0.0013s, RTAB-Map=0.0651s, Maps update=0.0024s pub=0.0039s delay=0.2286s (local map=11, WM=11)
[INFO] [1771083475.806662461] [rtabmap]: rtabmap (98): Rate=1.00s, Limit=0.000s, Conversion=0.0003s, RTAB-Map=0.0697s, Maps update=0.0035s pub=0.0050s delay=0.2326s (local map=12, WM=12)
[INFO] [1771083476.923992246] [rtabmap]: rtabmap (99): Rate=1.00s, Limit=0.000s, Conversion=0.0005s, RTAB-Map=0.0761s, Maps update=0.0029s pub=0.0050s delay=0.2500s (local map=13, WM=13)
[INFO] [1771083478.026667735] [rtabmap]: rtabmap (100): Rate=1.00s, Limit=0.000s, Conversion=0.0105s, RTAB-Map=0.0740s, Maps update=0.0023s pub=0.0044s delay=0.2536s (local map=14, WM=14)
[INFO] [1771083479.109481517] [rtabmap]: rtabmap (101): Rate=1.00s, Limit=0.000s, Conversion=0.0004s, RTAB-Map=0.0694s, Maps update=0.0011s pub=0.0049s delay=0.2355s (local map=15, WM=15)
[INFO] [1771083480.109900626] [rtabmap]: rtabmap (102): Rate=1.00s, Limit=0.000s, Conversion=0.0006s, RTAB-Map=0.0750s, Maps update=0.0004s pub=0.0030s delay=0.2357s (local map=15, WM=15)
[INFO] [1771083481.212942478] [rtabmap]: rtabmap (103): Rate=1.00s, Limit=0.000s, Conversion=0.0003s, RTAB-Map=0.0733s, Maps update=0.0003s pub=0.0027s delay=0.2388s (local map=15, WM=15)
[INFO] [1771083482.312815657] [rtabmap]: rtabmap (104): Rate=1.00s, Limit=0.000s, Conversion=0.0005s, RTAB-Map=0.0706s, Maps update=0.0004s pub=0.0021s delay=0.2396s (local map=15, WM=15)
[INFO] [1771083483.398692766] [rtabmap]: rtabmap (105): Rate=1.00s, Limit=0.000s, Conversion=0.0007s, RTAB-Map=0.0680s, Maps update=0.0005s pub=0.0027s delay=0.2255s (local map=15, WM=15)
[INFO] [1771083484.416020076] [rtabmap]: rtabmap (106): Rate=1.00s, Limit=0.000s, Conversion=0.0109s, RTAB-Map=0.0731s, Maps update=0.0004s pub=0.0024s delay=0.2419s (local map=15, WM=15)
[INFO] [1771083485.512729785] [rtabmap]: rtabmap (107): Rate=1.00s, Limit=0.000s, Conversion=0.0003s, RTAB-Map=0.0777s, Maps update=0.0004s pub=0.0051s delay=0.2387s (local map=15, WM=15)
[INFO] [1771083486.604713922] [rtabmap]: rtabmap (108): Rate=1.00s, Limit=0.000s, Conversion=0.0003s, RTAB-Map=0.0729s, Maps update=0.0003s pub=0.0021s delay=0.2316s (local map=15, WM=15)
[INFO] [1771083487.609596641] [rtabmap]: rtabmap (109): Rate=1.00s, Limit=0.000s, Conversion=0.0003s, RTAB-Map=0.0754s, Maps update=0.0007s pub=0.0027s delay=0.2355s (local map=15, WM=15)
[INFO] [1771083488.622193100] [rtabmap]: rtabmap (110): Rate=1.00s, Limit=0.000s, Conversion=0.0017s, RTAB-Map=0.0800s, Maps update=0.0003s pub=0.0019s delay=0.2480s (local map=15, WM=15)
[INFO] [1771083489.712885864] [rtabmap]: rtabmap (111): Rate=1.00s, Limit=0.000s, Conversion=0.0004s, RTAB-Map=0.0729s, Maps update=0.0003s pub=0.0041s delay=0.2398s (local map=15, WM=15)
[INFO] [1771083490.706679239] [rtabmap]: rtabmap (112): Rate=1.00s, Limit=0.000s, Conversion=0.0005s, RTAB-Map=0.0709s, Maps update=0.0004s pub=0.0026s delay=0.2334s (local map=15, WM=15)
[INFO] [1771083491.710456448] [rtabmap]: rtabmap (113): Rate=1.00s, Limit=0.000s, Conversion=0.0005s, RTAB-Map=0.0725s, Maps update=0.0003s pub=0.0024s delay=0.2362s (local map=15, WM=15)
[INFO] [1771083492.809253397] [rtabmap]: rtabmap (114): Rate=1.00s, Limit=0.000s, Conversion=0.0003s, RTAB-Map=0.0837s, Maps update=0.0004s pub=0.0025s delay=0.2350s (local map=15, WM=15)
[INFO] [1771083493.928994912] [rtabmap]: rtabmap (115): Rate=1.00s, Limit=0.000s, Conversion=0.0003s, RTAB-Map=0.0828s, Maps update=0.0003s pub=0.0046s delay=0.2548s (local map=15, WM=15)
[INFO] [1771083495.016671219] [rtabmap]: rtabmap (116): Rate=1.00s, Limit=0.000s, Conversion=0.0003s, RTAB-Map=0.0748s, Maps update=0.0003s pub=0.0018s delay=0.2435s (local map=15, WM=15)
[INFO] [1771083496.106875903] [rtabmap]: rtabmap (117): Rate=1.00s, Limit=0.000s, Conversion=0.0012s, RTAB-Map=0.0685s, Maps update=0.0006s pub=0.0023s delay=0.2336s (local map=15, WM=15)
[INFO] [1771083497.112497336] [rtabmap]: rtabmap (118): Rate=1.00s, Limit=0.000s, Conversion=0.0004s, RTAB-Map=0.0764s, Maps update=0.0003s pub=0.0036s delay=0.2382s (local map=15, WM=15)
[INFO] [1771083498.219858581] [rtabmap]: rtabmap (119): Rate=1.00s, Limit=0.000s, Conversion=0.0107s, RTAB-Map=0.0748s, Maps update=0.0021s pub=0.0060s delay=0.2466s (local map=16, WM=16)
[INFO] [1771083499.317362270] [rtabmap]: rtabmap (120): Rate=1.00s, Limit=0.000s, Conversion=0.0004s, RTAB-Map=0.0764s, Maps update=0.0026s pub=0.0059s delay=0.2442s (local map=17, WM=17)
[INFO] [1771083500.418819439] [rtabmap]: rtabmap (121): Rate=1.00s, Limit=0.000s, Conversion=0.0004s, RTAB-Map=0.0798s, Maps update=0.0026s pub=0.0073s delay=0.2459s (local map=18, WM=18)
[INFO] [1771083501.417529976] [rtabmap]: rtabmap (122): Rate=1.00s, Limit=0.000s, Conversion=0.0004s, RTAB-Map=0.0758s, Maps update=0.0023s pub=0.0081s delay=0.2444s (local map=19, WM=19)
[INFO] [1771083502.409625340] [rtabmap]: rtabmap (123): Rate=1.00s, Limit=0.000s, Conversion=0.0003s, RTAB-Map=0.0720s, Maps update=0.0026s pub=0.0078s delay=0.2364s (local map=20, WM=20)
[INFO] [1771083503.515742479] [rtabmap]: rtabmap (124): Rate=1.00s, Limit=0.000s, Conversion=0.0004s, RTAB-Map=0.0714s, Maps update=0.0021s pub=0.0087s delay=0.2426s (local map=21, WM=21)
[INFO] [1771083504.529718889] [rtabmap]: rtabmap (125): Rate=1.00s, Limit=0.000s, Conversion=0.0003s, RTAB-Map=0.0768s, Maps update=0.0020s pub=0.0071s delay=0.2565s (local map=22, WM=22)
[INFO] [1771083505.622947965] [rtabmap]: rtabmap (126): Rate=1.00s, Limit=0.000s, Conversion=0.0011s, RTAB-Map=0.0763s, Maps update=0.0023s pub=0.0066s delay=0.2499s (local map=23, WM=23)
[INFO] [1771083506.735832250] [rtabmap]: rtabmap (127): Rate=1.00s, Limit=0.000s, Conversion=0.0004s, RTAB-Map=0.0844s, Maps update=0.0025s pub=0.0078s delay=0.2629s (local map=24, WM=24)
[INFO] [1771083507.720676163] [rtabmap]: rtabmap (128): Rate=1.00s, Limit=0.000s, Conversion=0.0003s, RTAB-Map=0.0709s, Maps update=0.0029s pub=0.0069s delay=0.2477s (local map=25, WM=25)
[INFO] [1771083508.722802371] [rtabmap]: rtabmap (129): Rate=1.00s, Limit=0.000s, Conversion=0.0004s, RTAB-Map=0.0683s, Maps update=0.0026s pub=0.0073s delay=0.2485s (local map=26, WM=26)
[INFO] [1771083509.820645335] [rtabmap]: rtabmap (130): Rate=1.00s, Limit=0.000s, Conversion=0.0004s, RTAB-Map=0.0691s, Maps update=0.0027s pub=0.0096s delay=0.2475s (local map=27, WM=27)
[INFO] [1771083510.934722237] [rtabmap]: rtabmap (131): Rate=1.00s, Limit=0.000s, Conversion=0.0105s, RTAB-Map=0.0689s, Maps update=0.0024s pub=0.0081s delay=0.2604s (local map=28, WM=28)
[INFO] [1771083512.012890632] [rtabmap]: rtabmap (132): Rate=1.00s, Limit=0.000s, Conversion=0.0004s, RTAB-Map=0.0662s, Maps update=0.0007s pub=0.0088s delay=0.2396s (local map=29, WM=29)
[INFO] [1771083513.118116476] [rtabmap]: rtabmap (133): Rate=1.00s, Limit=0.000s, Conversion=0.0003s, RTAB-Map=0.0644s, Maps update=0.0028s pub=0.0089s delay=0.2452s (local map=30, WM=30)
[INFO] [1771083514.175193227] [rtabmap]: rtabmap (134): Rate=1.00s, Limit=0.000s, Conversion=0.0004s, RTAB-Map=0.1226s, Maps update=0.0023s pub=0.0071s delay=0.3020s (local map=31, WM=31)
[INFO] [1771083515.265872743] [rtabmap]: rtabmap (135): Rate=1.00s, Limit=0.000s, Conversion=0.0004s, RTAB-Map=0.1241s, Maps update=0.0026s pub=0.0075s delay=0.2927s (local map=32, WM=32)
[INFO] [1771083516.295135219] [rtabmap]: rtabmap (136): Rate=1.00s, Limit=0.000s, Conversion=0.0003s, RTAB-Map=0.1400s, Maps update=0.0021s pub=0.0089s delay=0.3219s (local map=33, WM=33)
[INFO] [1771083517.380463861] [rtabmap]: rtabmap (137): Rate=1.00s, Limit=0.000s, Conversion=0.0004s, RTAB-Map=0.1240s, Maps update=0.0021s pub=0.0096s delay=0.3061s (local map=34, WM=34)
[INFO] [1771083518.492140680] [rtabmap]: rtabmap (138): Rate=1.00s, Limit=0.000s, Conversion=0.0004s, RTAB-Map=0.1292s, Maps update=0.0023s pub=0.0110s delay=0.3192s (local map=35, WM=35)
[INFO] [1771083519.489291548] [rtabmap]: rtabmap (139): Rate=1.00s, Limit=0.000s, Conversion=0.0004s, RTAB-Map=0.1258s, Maps update=0.0021s pub=0.0097s delay=0.3163s (local map=36, WM=36)
[INFO] [1771083520.496942107] [rtabmap]: rtabmap (140): Rate=1.00s, Limit=0.000s, Conversion=0.0003s, RTAB-Map=0.1323s, Maps update=0.0026s pub=0.0113s delay=0.3238s (local map=37, WM=37)
[INFO] [1771083521.607228158] [rtabmap]: rtabmap (141): Rate=1.00s, Limit=0.000s, Conversion=0.0107s, RTAB-Map=0.1315s, Maps update=0.0029s pub=0.0121s delay=0.3341s (local map=38, WM=38)
[INFO] [1771083522.607751078] [rtabmap]: rtabmap (142): Rate=1.00s, Limit=0.000s, Conversion=0.0105s, RTAB-Map=0.1350s, Maps update=0.0026s pub=0.0125s delay=0.3346s (local map=39, WM=39)
[INFO] [1771083523.682218992] [rtabmap]: rtabmap (143): Rate=1.00s, Limit=0.000s, Conversion=0.0005s, RTAB-Map=0.1205s, Maps update=0.0030s pub=0.0081s delay=0.3091s (local map=40, WM=40)
[INFO] [1771083524.771158320] [rtabmap]: rtabmap (144): Rate=1.00s, Limit=0.000s, Conversion=0.0003s, RTAB-Map=0.1230s, Maps update=0.0018s pub=0.0083s delay=0.2983s (local map=41, WM=41)
[INFO] [1771083525.789043505] [rtabmap]: rtabmap (145): Rate=1.00s, Limit=0.000s, Conversion=0.0005s, RTAB-Map=0.1295s, Maps update=0.0027s pub=0.0107s delay=0.3161s (local map=42, WM=42)
[INFO] [1771083526.779113071] [rtabmap]: rtabmap (146): Rate=1.00s, Limit=0.000s, Conversion=0.0003s, RTAB-Map=0.1166s, Maps update=0.0024s pub=0.0101s delay=0.3061s (local map=43, WM=43)
[INFO] [1771083527.775393445] [rtabmap]: rtabmap (147): Rate=1.00s, Limit=0.000s, Conversion=0.0004s, RTAB-Map=0.1211s, Maps update=0.0022s pub=0.0102s delay=0.3023s (local map=44, WM=44)
[INFO] [1771083528.868430450] [rtabmap]: rtabmap (148): Rate=1.00s, Limit=0.000s, Conversion=0.0003s, RTAB-Map=0.1159s, Maps update=0.0023s pub=0.0079s delay=0.2955s (local map=45, WM=45)
[INFO] [1771083529.892053467] [rtabmap]: rtabmap (149): Rate=1.00s, Limit=0.000s, Conversion=0.0106s, RTAB-Map=0.1278s, Maps update=0.0023s pub=0.0096s delay=0.3191s (local map=46, WM=46)
[INFO] [1771083530.986349780] [rtabmap]: rtabmap (150): Rate=1.00s, Limit=0.000s, Conversion=0.0005s, RTAB-Map=0.1250s, Maps update=0.0020s pub=0.0129s delay=0.3134s (local map=47, WM=47)
[INFO] [1771083531.989188908] [rtabmap]: rtabmap (151): Rate=1.00s, Limit=0.000s, Conversion=0.0003s, RTAB-Map=0.1251s, Maps update=0.0025s pub=0.0117s delay=0.3161s (local map=48, WM=48)
[INFO] [1771083533.089268910] [rtabmap]: rtabmap (152): Rate=1.00s, Limit=0.000s, Conversion=0.0003s, RTAB-Map=0.1216s, Maps update=0.0026s pub=0.0105s delay=0.3164s (local map=49, WM=49)
[INFO] [1771083534.092575382] [rtabmap]: rtabmap (153): Rate=1.00s, Limit=0.000s, Conversion=0.0003s, RTAB-Map=0.1226s, Maps update=0.0021s pub=0.0107s delay=0.3196s (local map=50, WM=50)
[INFO] [1771083535.093411049] [rtabmap]: rtabmap (154): Rate=1.00s, Limit=0.000s, Conversion=0.0003s, RTAB-Map=0.1281s, Maps update=0.0011s pub=0.0087s delay=0.3204s (local map=51, WM=51)
[INFO] [1771083536.081088532] [rtabmap]: rtabmap (155): Rate=1.00s, Limit=0.000s, Conversion=0.0003s, RTAB-Map=0.1226s, Maps update=0.0023s pub=0.0096s delay=0.3079s (local map=52, WM=52)
[INFO] [1771083537.191037580] [rtabmap]: rtabmap (156): Rate=1.00s, Limit=0.000s, Conversion=0.0003s, RTAB-Map=0.1289s, Maps update=0.0024s pub=0.0100s delay=0.3180s (local map=53, WM=53)
[INFO] [1771083538.306236569] [rtabmap]: rtabmap (157): Rate=1.00s, Limit=0.000s, Conversion=0.0003s, RTAB-Map=0.1363s, Maps update=0.0022s pub=0.0142s delay=0.3333s (local map=54, WM=54)
[INFO] [1771083539.304007682] [rtabmap]: rtabmap (158): Rate=1.00s, Limit=0.000s, Conversion=0.0106s, RTAB-Map=0.1289s, Maps update=0.0023s pub=0.0125s delay=0.3310s (local map=55, WM=55)
[INFO] [1771083540.404111044] [rtabmap]: rtabmap (159): Rate=1.00s, Limit=0.000s, Conversion=0.0005s, RTAB-Map=0.1335s, Maps update=0.0023s pub=0.0115s delay=0.3311s (local map=56, WM=56)
[INFO] [1771083541.500151450] [rtabmap]: rtabmap (160): Rate=1.00s, Limit=0.000s, Conversion=0.0106s, RTAB-Map=0.1272s, Maps update=0.0033s pub=0.0112s delay=0.3270s (local map=57, WM=57)
[INFO] [1771083542.500251795] [rtabmap]: rtabmap (161): Rate=1.00s, Limit=0.000s, Conversion=0.0005s, RTAB-Map=0.1382s, Maps update=0.0028s pub=0.0147s delay=0.3271s (local map=58, WM=58)
[INFO] [1771083543.592524934] [rtabmap]: rtabmap (162): Rate=1.00s, Limit=0.000s, Conversion=0.0004s, RTAB-Map=0.1294s, Maps update=0.0026s pub=0.0117s delay=0.3196s (local map=59, WM=59)
[INFO] [1771083544.589210601] [rtabmap]: rtabmap (163): Rate=1.00s, Limit=0.000s, Conversion=0.0003s, RTAB-Map=0.1254s, Maps update=0.0025s pub=0.0158s delay=0.3162s (local map=60, WM=60)
[INFO] [1771083545.689383118] [rtabmap]: rtabmap (164): Rate=1.00s, Limit=0.000s, Conversion=0.0003s, RTAB-Map=0.1248s, Maps update=0.0027s pub=0.0162s delay=0.3163s (local map=61, WM=61)
[INFO] [1771083546.787944774] [rtabmap]: rtabmap (165): Rate=1.00s, Limit=0.000s, Conversion=0.0007s, RTAB-Map=0.1301s, Maps update=0.0021s pub=0.0143s delay=0.3151s (local map=62, WM=62)
[INFO] [1771083547.796332444] [rtabmap]: rtabmap (166): Rate=1.00s, Limit=0.000s, Conversion=0.0105s, RTAB-Map=0.1171s, Maps update=0.0025s pub=0.0128s delay=0.3234s (local map=63, WM=63)
[INFO] [1771083548.776679491] [rtabmap]: rtabmap (167): Rate=1.00s, Limit=0.000s, Conversion=0.0004s, RTAB-Map=0.1213s, Maps update=0.0022s pub=0.0120s delay=0.3037s (local map=64, WM=64)
[INFO] [1771083549.778793151] [rtabmap]: rtabmap (168): Rate=1.00s, Limit=0.000s, Conversion=0.0005s, RTAB-Map=0.1159s, Maps update=0.0020s pub=0.0119s delay=0.3056s (local map=65, WM=65)
[INFO] [1771083550.889843846] [rtabmap]: rtabmap (169): Rate=1.00s, Limit=0.000s, Conversion=0.0003s, RTAB-Map=0.1313s, Maps update=0.0023s pub=0.0142s delay=0.3168s (local map=66, WM=66)
[INFO] [1771083551.888929080] [rtabmap]: rtabmap (170): Rate=1.00s, Limit=0.000s, Conversion=0.0004s, RTAB-Map=0.1251s, Maps update=0.0023s pub=0.0169s delay=0.3159s (local map=67, WM=67)
[INFO] [1771083552.989782461] [rtabmap]: rtabmap (171): Rate=1.00s, Limit=0.000s, Conversion=0.0005s, RTAB-Map=0.1232s, Maps update=0.0029s pub=0.0171s delay=0.3170s (local map=68, WM=68)
[INFO] [1771083553.992192739] [rtabmap]: rtabmap (172): Rate=1.00s, Limit=0.000s, Conversion=0.0004s, RTAB-Map=0.1278s, Maps update=0.0022s pub=0.0175s delay=0.3193s (local map=69, WM=69)
[INFO] [1771083554.979124527] [rtabmap]: rtabmap (173): Rate=1.00s, Limit=0.000s, Conversion=0.0003s, RTAB-Map=0.1196s, Maps update=0.0021s pub=0.0101s delay=0.3060s (local map=70, WM=70)
[INFO] [1771083556.086691357] [rtabmap]: rtabmap (174): Rate=1.00s, Limit=0.000s, Conversion=0.0105s, RTAB-Map=0.1185s, Maps update=0.0006s pub=0.0076s delay=0.3137s (local map=70, WM=70)
[INFO] [1771083557.170666135] [rtabmap]: rtabmap (175): Rate=1.00s, Limit=0.000s, Conversion=0.0004s, RTAB-Map=0.1189s, Maps update=0.0006s pub=0.0048s delay=0.2976s (local map=70, WM=70)
[INFO] [1771083558.280800479] [rtabmap]: rtabmap (176): Rate=1.00s, Limit=0.000s, Conversion=0.0003s, RTAB-Map=0.1216s, Maps update=0.0022s pub=0.0120s delay=0.3078s (local map=71, WM=71)
[INFO] [1771083559.386929979] [rtabmap]: rtabmap (177): Rate=1.00s, Limit=0.000s, Conversion=0.0003s, RTAB-Map=0.1237s, Maps update=0.0021s pub=0.0135s delay=0.3139s (local map=72, WM=72)
[INFO] [1771083560.479261656] [rtabmap]: rtabmap (178): Rate=1.00s, Limit=0.000s, Conversion=0.0007s, RTAB-Map=0.1208s, Maps update=0.0020s pub=0.0119s delay=0.3062s (local map=73, WM=73)
[INFO] [1771083561.482798437] [rtabmap]: rtabmap (179): Rate=1.00s, Limit=0.000s, Conversion=0.0003s, RTAB-Map=0.1194s, Maps update=0.0021s pub=0.0126s delay=0.3098s (local map=74, WM=74)
[INFO] [1771083562.580400185] [rtabmap]: rtabmap (180): Rate=1.00s, Limit=0.000s, Conversion=0.0003s, RTAB-Map=0.1179s, Maps update=0.0021s pub=0.0115s delay=0.3073s (local map=75, WM=75)
[INFO] [1771083563.675652219] [rtabmap]: rtabmap (181): Rate=1.00s, Limit=0.000s, Conversion=0.0003s, RTAB-Map=0.1201s, Maps update=0.0021s pub=0.0122s delay=0.3026s (local map=76, WM=76)
[INFO] [1771083564.681714784] [rtabmap]: rtabmap (182): Rate=1.00s, Limit=0.000s, Conversion=0.0008s, RTAB-Map=0.1223s, Maps update=0.0022s pub=0.0114s delay=0.3086s (local map=77, WM=77)
[INFO] [1771083565.788485938] [rtabmap]: rtabmap (183): Rate=1.00s, Limit=0.000s, Conversion=0.0004s, RTAB-Map=0.1239s, Maps update=0.0022s pub=0.0155s delay=0.3153s (local map=78, WM=78)
[INFO] [1771083566.876463192] [rtabmap]: rtabmap (184): Rate=1.00s, Limit=0.000s, Conversion=0.0005s, RTAB-Map=0.1169s, Maps update=0.0006s pub=0.0051s delay=0.3034s (local map=78, WM=78)
[INFO] [1771083567.970112834] [rtabmap]: rtabmap (185): Rate=1.00s, Limit=0.000s, Conversion=0.0003s, RTAB-Map=0.1194s, Maps update=0.0006s pub=0.0051s delay=0.2969s (local map=78, WM=78)
[INFO] [1771083569.007881557] [rtabmap]: rtabmap (186): Rate=1.00s, Limit=0.000s, Conversion=0.0107s, RTAB-Map=0.1309s, Maps update=0.0026s pub=0.0147s delay=0.3347s (local map=79, WM=79)
[INFO] [1771083570.086616633] [rtabmap]: rtabmap (187): Rate=1.00s, Limit=0.000s, Conversion=0.0003s, RTAB-Map=0.1275s, Maps update=0.0021s pub=0.0154s delay=0.3135s (local map=80, WM=80)
[INFO] [1771083571.085838736] [rtabmap]: rtabmap (188): Rate=1.00s, Limit=0.000s, Conversion=0.0004s, RTAB-Map=0.1245s, Maps update=0.0022s pub=0.0144s delay=0.3127s (local map=81, WM=81)
[INFO] [1771083572.201485815] [rtabmap]: rtabmap (189): Rate=1.00s, Limit=0.000s, Conversion=0.0105s, RTAB-Map=0.1301s, Maps update=0.0021s pub=0.0156s delay=0.3284s (local map=82, WM=82)
[INFO] [1771083573.120693808] [rtabmap]: rtabmap (190): Rate=1.00s, Limit=0.000s, Conversion=0.0105s, RTAB-Map=0.0583s, Maps update=0.0006s pub=0.0061s delay=0.2475s (local map=82, WM=82)
[INFO] [1771083574.201486556] [rtabmap]: rtabmap (191): Rate=1.00s, Limit=0.000s, Conversion=0.0003s, RTAB-Map=0.0541s, Maps update=0.0007s pub=0.0075s delay=0.2280s (local map=82, WM=82)
[INFO] [1771083575.311097969] [rtabmap]: rtabmap (192): Rate=1.00s, Limit=0.000s, Conversion=0.0004s, RTAB-Map=0.0552s, Maps update=0.0006s pub=0.0098s delay=0.2380s (local map=82, WM=82)
[INFO] [1771083576.326291604] [rtabmap]: rtabmap (193): Rate=1.00s, Limit=0.000s, Conversion=0.0003s, RTAB-Map=0.0707s, Maps update=0.0006s pub=0.0064s delay=0.2531s (local map=82, WM=82)
[INFO] [1771083577.416714542] [rtabmap]: rtabmap (194): Rate=1.00s, Limit=0.000s, Conversion=0.0004s, RTAB-Map=0.0563s, Maps update=0.0026s pub=0.0062s delay=0.2436s (local map=82, WM=82)
[INFO] [1771083578.405037482] [rtabmap]: rtabmap (195): Rate=1.00s, Limit=0.000s, Conversion=0.0003s, RTAB-Map=0.0574s, Maps update=0.0008s pub=0.0080s delay=0.2319s (local map=82, WM=82)
[INFO] [1771083579.515040173] [rtabmap]: rtabmap (196): Rate=1.00s, Limit=0.000s, Conversion=0.0107s, RTAB-Map=0.0586s, Maps update=0.0007s pub=0.0068s delay=0.2420s (local map=82, WM=82)
[INFO] [1771083580.514816343] [rtabmap]: rtabmap (197): Rate=1.00s, Limit=0.000s, Conversion=0.0005s, RTAB-Map=0.0605s, Maps update=0.0006s pub=0.0062s delay=0.2416s (local map=82, WM=82)
[INFO] [1771083581.617262388] [rtabmap]: rtabmap (198): Rate=1.00s, Limit=0.000s, Conversion=0.0004s, RTAB-Map=0.0583s, Maps update=0.0007s pub=0.0083s delay=0.2442s (local map=82, WM=82)
[INFO] [1771083582.618524658] [rtabmap]: rtabmap (199): Rate=1.00s, Limit=0.000s, Conversion=0.0006s, RTAB-Map=0.0634s, Maps update=0.0006s pub=0.0065s delay=0.2454s (local map=82, WM=82)
[INFO] [1771083583.610156129] [rtabmap]: rtabmap (200): Rate=1.00s, Limit=0.000s, Conversion=0.0003s, RTAB-Map=0.0539s, Maps update=0.0007s pub=0.0064s delay=0.2370s (local map=82, WM=82)
[INFO] [1771083584.614718994] [rtabmap]: rtabmap (201): Rate=1.00s, Limit=0.000s, Conversion=0.0005s, RTAB-Map=0.0612s, Maps update=0.0008s pub=0.0067s delay=0.2415s (local map=82, WM=82)
[INFO] [1771083585.623567031] [rtabmap]: rtabmap (202): Rate=1.00s, Limit=0.000s, Conversion=0.0106s, RTAB-Map=0.0621s, Maps update=0.0006s pub=0.0067s delay=0.2503s (local map=82, WM=82)
[INFO] [1771083586.714016627] [rtabmap]: rtabmap (203): Rate=1.00s, Limit=0.000s, Conversion=0.0003s, RTAB-Map=0.0608s, Maps update=0.0007s pub=0.0061s delay=0.2408s (local map=82, WM=82)
[INFO] [1771083587.719161112] [rtabmap]: rtabmap (204): Rate=1.00s, Limit=0.000s, Conversion=0.0004s, RTAB-Map=0.0629s, Maps update=0.0018s pub=0.0068s delay=0.2459s (local map=82, WM=82)
[INFO] [1771083588.824683039] [rtabmap]: rtabmap (205): Rate=1.00s, Limit=0.000s, Conversion=0.0006s, RTAB-Map=0.0615s, Maps update=0.0008s pub=0.0058s delay=0.2514s (local map=82, WM=82)
[INFO] [1771083589.802502254] [rtabmap]: rtabmap (206): Rate=1.00s, Limit=0.000s, Conversion=0.0004s, RTAB-Map=0.0544s, Maps update=0.0006s pub=0.0051s delay=0.2292s (local map=82, WM=82)
[INFO] [1771083590.927096108] [rtabmap]: rtabmap (207): Rate=1.00s, Limit=0.000s, Conversion=0.0105s, RTAB-Map=0.0584s, Maps update=0.0006s pub=0.0061s delay=0.2538s (local map=82, WM=82)
[INFO] [1771083591.904961437] [rtabmap]: rtabmap (208): Rate=1.00s, Limit=0.000s, Conversion=0.0003s, RTAB-Map=0.0522s, Maps update=0.0007s pub=0.0071s delay=0.2317s (local map=82, WM=82)
[INFO] [1771083593.019084687] [rtabmap]: rtabmap (209): Rate=1.00s, Limit=0.000s, Conversion=0.0005s, RTAB-Map=0.0709s, Maps update=0.0007s pub=0.0061s delay=0.2452s (local map=82, WM=82)
[INFO] [1771083594.114287151] [rtabmap]: rtabmap (210): Rate=1.00s, Limit=0.000s, Conversion=0.0003s, RTAB-Map=0.0603s, Maps update=0.0010s pub=0.0066s delay=0.2409s (local map=82, WM=82)
[INFO] [1771083595.218285281] [rtabmap]: rtabmap (211): Rate=1.00s, Limit=0.000s, Conversion=0.0003s, RTAB-Map=0.0620s, Maps update=0.0008s pub=0.0067s delay=0.2450s (local map=82, WM=82)
[INFO] [1771083596.312494527] [rtabmap]: rtabmap (212): Rate=1.00s, Limit=0.000s, Conversion=0.0003s, RTAB-Map=0.0563s, Maps update=0.0010s pub=0.0087s delay=0.2392s (local map=82, WM=82)
[INFO] [1771083597.317751784] [rtabmap]: rtabmap (213): Rate=1.00s, Limit=0.000s, Conversion=0.0106s, RTAB-Map=0.0582s, Maps update=0.0006s pub=0.0060s delay=0.2443s (local map=82, WM=82)
[INFO] [1771083598.418923160] [rtabmap]: rtabmap (214): Rate=1.00s, Limit=0.000s, Conversion=0.0004s, RTAB-Map=0.0557s, Maps update=0.0008s pub=0.0074s delay=0.2457s (local map=82, WM=82)
[INFO] [1771083599.409305692] [rtabmap]: rtabmap (215): Rate=1.00s, Limit=0.000s, Conversion=0.0004s, RTAB-Map=0.0522s, Maps update=0.0009s pub=0.0078s delay=0.2359s (local map=82, WM=82)
[INFO] [1771083600.519449604] [rtabmap]: rtabmap (216): Rate=1.00s, Limit=0.000s, Conversion=0.0003s, RTAB-Map=0.0604s, Maps update=0.0011s pub=0.0086s delay=0.2462s (local map=82, WM=82)
[INFO] [1771083601.522363899] [rtabmap]: rtabmap (217): Rate=1.00s, Limit=0.000s, Conversion=0.0005s, RTAB-Map=0.0671s, Maps update=0.0008s pub=0.0062s delay=0.2491s (local map=82, WM=82)
[INFO] [1771083602.526118832] [rtabmap]: rtabmap (218): Rate=1.00s, Limit=0.000s, Conversion=0.0005s, RTAB-Map=0.0599s, Maps update=0.0007s pub=0.0062s delay=0.2528s (local map=82, WM=82)
[INFO] [1771083603.591797262] [rtabmap]: rtabmap (219): Rate=1.00s, Limit=0.000s, Conversion=0.0004s, RTAB-Map=0.1325s, Maps update=0.0022s pub=0.0130s delay=0.3184s (local map=83, WM=83)
[INFO] [1771083604.689428611] [rtabmap]: rtabmap (220): Rate=1.00s, Limit=0.000s, Conversion=0.0004s, RTAB-Map=0.1273s, Maps update=0.0019s pub=0.0136s delay=0.3161s (local map=84, WM=84)
[INFO] [1771083605.783921674] [rtabmap]: rtabmap (221): Rate=1.00s, Limit=0.000s, Conversion=0.0003s, RTAB-Map=0.1261s, Maps update=0.0025s pub=0.0129s delay=0.3106s (local map=85, WM=85)
[INFO] [1771083606.897457864] [rtabmap]: rtabmap (222): Rate=1.00s, Limit=0.000s, Conversion=0.0004s, RTAB-Map=0.1269s, Maps update=0.0027s pub=0.0188s delay=0.3242s (local map=86, WM=86)
[INFO] [1771083607.804413207] [rtabmap]: rtabmap (223): Rate=1.00s, Limit=0.000s, Conversion=0.0004s, RTAB-Map=0.0541s, Maps update=0.0006s pub=0.0076s delay=0.2310s (local map=86, WM=86)
[INFO] [1771083608.929485574] [rtabmap]: rtabmap (224): Rate=1.00s, Limit=0.000s, Conversion=0.0106s, RTAB-Map=0.0623s, Maps update=0.0007s pub=0.0062s delay=0.2562s (local map=86, WM=86)
[INFO] [1771083609.915765019] [rtabmap]: rtabmap (225): Rate=1.00s, Limit=0.000s, Conversion=0.0005s, RTAB-Map=0.0602s, Maps update=0.0006s pub=0.0086s delay=0.2423s (local map=86, WM=86)
[INFO] [1771083611.015438903] [rtabmap]: rtabmap (226): Rate=1.00s, Limit=0.000s, Conversion=0.0004s, RTAB-Map=0.0557s, Maps update=0.0007s pub=0.0094s delay=0.2420s (local map=86, WM=86)
[INFO] [1771083612.111062214] [rtabmap]: rtabmap (227): Rate=1.00s, Limit=0.000s, Conversion=0.0003s, RTAB-Map=0.0566s, Maps update=0.0007s pub=0.0085s delay=0.2376s (local map=86, WM=86)
[INFO] [1771083613.287836187] [rtabmap]: rtabmap (228): Rate=1.00s, Limit=0.000s, Conversion=0.0004s, RTAB-Map=0.1286s, Maps update=0.0021s pub=0.0121s delay=0.3143s (local map=87, WM=87)
[INFO] [1771083614.291475851] [rtabmap]: rtabmap (229): Rate=1.00s, Limit=0.000s, Conversion=0.0004s, RTAB-Map=0.1306s, Maps update=0.0026s pub=0.0131s delay=0.3180s (local map=88, WM=88)
[INFO] [1771083615.390518577] [rtabmap]: rtabmap (230): Rate=1.00s, Limit=0.000s, Conversion=0.0004s, RTAB-Map=0.1318s, Maps update=0.0020s pub=0.0139s delay=0.3170s (local map=89, WM=89)
[INFO] [1771083616.491482234] [rtabmap]: rtabmap (231): Rate=1.00s, Limit=0.000s, Conversion=0.0003s, RTAB-Map=0.1317s, Maps update=0.0021s pub=0.0161s delay=0.3181s (local map=90, WM=90)
[INFO] [1771083617.486195732] [rtabmap]: rtabmap (232): Rate=1.00s, Limit=0.000s, Conversion=0.0003s, RTAB-Map=0.1294s, Maps update=0.0020s pub=0.0137s delay=0.3127s (local map=91, WM=91)
[INFO] [1771083618.592213165] [rtabmap]: rtabmap (233): Rate=1.00s, Limit=0.000s, Conversion=0.0009s, RTAB-Map=0.1267s, Maps update=0.0021s pub=0.0178s delay=0.3188s (local map=92, WM=92)
[INFO] [1771083619.579451811] [rtabmap]: rtabmap (234): Rate=1.00s, Limit=0.000s, Conversion=0.0106s, RTAB-Map=0.1151s, Maps update=0.0023s pub=0.0128s delay=0.3059s (local map=93, WM=93)
[INFO] [1771083620.588560306] [rtabmap]: rtabmap (235): Rate=1.00s, Limit=0.000s, Conversion=0.0004s, RTAB-Map=0.1221s, Maps update=0.0023s pub=0.0191s delay=0.3150s (local map=94, WM=94)
[INFO] [1771083621.577058836] [rtabmap]: rtabmap (236): Rate=1.00s, Limit=0.000s, Conversion=0.0003s, RTAB-Map=0.1193s, Maps update=0.0020s pub=0.0122s delay=0.3034s (local map=95, WM=95)
[INFO] [1771083622.677211361] [rtabmap]: rtabmap (237): Rate=1.00s, Limit=0.000s, Conversion=0.0003s, RTAB-Map=0.1158s, Maps update=0.0022s pub=0.0148s delay=0.3037s (local map=96, WM=96)
[INFO] [1771083623.768815844] [rtabmap]: rtabmap (238): Rate=1.00s, Limit=0.000s, Conversion=0.0003s, RTAB-Map=0.1136s, Maps update=0.0020s pub=0.0126s delay=0.2953s (local map=97, WM=97)
[INFO] [1771083624.861382345] [rtabmap]: rtabmap (239): Rate=1.00s, Limit=0.000s, Conversion=0.0005s, RTAB-Map=0.1097s, Maps update=0.0018s pub=0.0057s delay=0.2878s (local map=97, WM=97)
[INFO] [1771083625.969765588] [rtabmap]: rtabmap (240): Rate=1.00s, Limit=0.000s, Conversion=0.0007s, RTAB-Map=0.1209s, Maps update=0.0007s pub=0.0051s delay=0.2962s (local map=97, WM=97)
[INFO] [1771083627.080305385] [rtabmap]: rtabmap (241): Rate=1.00s, Limit=0.000s, Conversion=0.0106s, RTAB-Map=0.1100s, Maps update=0.0022s pub=0.0128s delay=0.3068s (local map=98, WM=98)
[INFO] [1771083628.079634596] [rtabmap]: rtabmap (242): Rate=1.00s, Limit=0.000s, Conversion=0.0003s, RTAB-Map=0.1172s, Maps update=0.0020s pub=0.0137s delay=0.3061s (local map=99, WM=99)
[INFO] [1771083629.075164923] [rtabmap]: rtabmap (243): Rate=1.00s, Limit=0.000s, Conversion=0.0003s, RTAB-Map=0.1157s, Maps update=0.0023s pub=0.0140s delay=0.3016s (local map=100, WM=100)
[INFO] [1771083630.190310129] [rtabmap]: rtabmap (244): Rate=1.00s, Limit=0.000s, Conversion=0.0105s, RTAB-Map=0.1198s, Maps update=0.0022s pub=0.0149s delay=0.3168s (local map=101, WM=101)
[INFO] [1771083631.287762015] [rtabmap]: rtabmap (245): Rate=1.00s, Limit=0.000s, Conversion=0.0004s, RTAB-Map=0.1244s, Maps update=0.0021s pub=0.0144s delay=0.3141s (local map=102, WM=102)
[INFO] [1771083632.293189486] [rtabmap]: rtabmap (246): Rate=1.00s, Limit=0.000s, Conversion=0.0003s, RTAB-Map=0.1315s, Maps update=0.0024s pub=0.0140s delay=0.3196s (local map=103, WM=103)
[INFO] [1771083633.294511278] [rtabmap]: rtabmap (247): Rate=1.00s, Limit=0.000s, Conversion=0.0007s, RTAB-Map=0.1321s, Maps update=0.0034s pub=0.0139s delay=0.3208s (local map=104, WM=104)
[INFO] [1771083634.307258620] [rtabmap]: rtabmap (248): Rate=1.00s, Limit=0.000s, Conversion=0.0106s, RTAB-Map=0.1268s, Maps update=0.0023s pub=0.0175s delay=0.3335s (local map=105, WM=105)
[INFO] [1771083635.415646758] [rtabmap]: rtabmap (249): Rate=1.00s, Limit=0.000s, Conversion=0.0108s, RTAB-Map=0.1292s, Maps update=0.0042s pub=0.0140s delay=0.3421s (local map=106, WM=106)
[INFO] [1771083636.390504558] [rtabmap]: rtabmap (250): Rate=1.00s, Limit=0.000s, Conversion=0.0105s, RTAB-Map=0.1188s, Maps update=0.0021s pub=0.0169s delay=0.3168s (local map=107, WM=107)
[INFO] [1771083637.501235275] [rtabmap]: rtabmap (251): Rate=1.00s, Limit=0.000s, Conversion=0.0004s, RTAB-Map=0.1346s, Maps update=0.0025s pub=0.0175s delay=0.3275s (local map=108, WM=108)
[INFO] [1771083638.594458950] [rtabmap]: rtabmap (252): Rate=1.00s, Limit=0.000s, Conversion=0.0105s, RTAB-Map=0.1170s, Maps update=0.0023s pub=0.0126s delay=0.3208s (local map=109, WM=109)
[INFO] [1771083639.701485890] [rtabmap]: rtabmap (253): Rate=1.00s, Limit=0.000s, Conversion=0.0106s, RTAB-Map=0.1184s, Maps update=0.0025s pub=0.0155s delay=0.3279s (local map=110, WM=110)
[INFO] [1771083640.800798897] [rtabmap]: rtabmap (254): Rate=1.00s, Limit=0.000s, Conversion=0.0003s, RTAB-Map=0.1385s, Maps update=0.0027s pub=0.0133s delay=0.3271s (local map=111, WM=111)
[INFO] [1771083641.919896112] [rtabmap]: rtabmap (255): Rate=1.00s, Limit=0.000s, Conversion=0.0005s, RTAB-Map=0.1457s, Maps update=0.0031s pub=0.0172s delay=0.3463s (local map=112, WM=112)
[INFO] [1771083642.888518463] [rtabmap]: rtabmap (256): Rate=1.00s, Limit=0.000s, Conversion=0.0013s, RTAB-Map=0.1214s, Maps update=0.0023s pub=0.0169s delay=0.3149s (local map=113, WM=113)
[INFO] [1771083643.888173638] [rtabmap]: rtabmap (257): Rate=1.00s, Limit=0.000s, Conversion=0.0003s, RTAB-Map=0.1198s, Maps update=0.0024s pub=0.0149s delay=0.3144s (local map=114, WM=114)
[INFO] [1771083645.010860610] [rtabmap]: rtabmap (258): Rate=1.00s, Limit=0.000s, Conversion=0.0003s, RTAB-Map=0.1392s, Maps update=0.0013s pub=0.0157s delay=0.3371s (local map=115, WM=115)
[INFO] [1771083646.092686545] [rtabmap]: rtabmap (259): Rate=1.00s, Limit=0.000s, Conversion=0.0005s, RTAB-Map=0.1256s, Maps update=0.0027s pub=0.0162s delay=0.3190s (local map=116, WM=116)
[INFO] [1771083647.200544361] [rtabmap]: rtabmap (260): Rate=1.00s, Limit=0.000s, Conversion=0.0004s, RTAB-Map=0.1272s, Maps update=0.0028s pub=0.0172s delay=0.3267s (local map=117, WM=117)
[INFO] [1771083648.310048923] [rtabmap]: rtabmap (261): Rate=1.00s, Limit=0.000s, Conversion=0.0003s, RTAB-Map=0.1301s, Maps update=0.0041s pub=0.0150s delay=0.3362s (local map=118, WM=118)
[INFO] [1771083649.313534950] [rtabmap]: rtabmap (262): Rate=1.00s, Limit=0.000s, Conversion=0.0005s, RTAB-Map=0.1350s, Maps update=0.0022s pub=0.0196s delay=0.3397s (local map=119, WM=119)
[INFO] [1771083650.410421921] [rtabmap]: rtabmap (263): Rate=1.00s, Limit=0.000s, Conversion=0.0006s, RTAB-Map=0.1288s, Maps update=0.0034s pub=0.0176s delay=0.3367s (local map=120, WM=120)
[INFO] [1771083651.497048760] [rtabmap]: rtabmap (264): Rate=1.00s, Limit=0.000s, Conversion=0.0004s, RTAB-Map=0.1287s, Maps update=0.0032s pub=0.0155s delay=0.3232s (local map=121, WM=121)
[INFO] [1771083652.621946208] [rtabmap]: rtabmap (265): Rate=1.00s, Limit=0.000s, Conversion=0.0004s, RTAB-Map=0.1481s, Maps update=0.0028s pub=0.0138s delay=0.3483s (local map=122, WM=122)
[INFO] [1771083653.598816782] [rtabmap]: rtabmap (266): Rate=1.00s, Limit=0.000s, Conversion=0.0004s, RTAB-Map=0.1254s, Maps update=0.0028s pub=0.0167s delay=0.3251s (local map=123, WM=123)
[INFO] [1771083654.714322929] [rtabmap]: rtabmap (267): Rate=1.00s, Limit=0.000s, Conversion=0.0003s, RTAB-Map=0.1369s, Maps update=0.0030s pub=0.0180s delay=0.3406s (local map=124, WM=124)
[INFO] [1771083655.696185644] [rtabmap]: rtabmap (268): Rate=1.00s, Limit=0.000s, Conversion=0.0009s, RTAB-Map=0.1321s, Maps update=0.0024s pub=0.0148s delay=0.3225s (local map=125, WM=125)
[INFO] [1771083656.804627449] [rtabmap]: rtabmap (269): Rate=1.00s, Limit=0.000s, Conversion=0.0004s, RTAB-Map=0.1387s, Maps update=0.0024s pub=0.0154s delay=0.3309s (local map=126, WM=126)
[INFO] [1771083657.804454885] [rtabmap]: rtabmap (270): Rate=1.00s, Limit=0.000s, Conversion=0.0003s, RTAB-Map=0.1324s, Maps update=0.0027s pub=0.0174s delay=0.3307s (local map=127, WM=127)
[INFO] [1771083658.896141195] [rtabmap]: rtabmap (271): Rate=1.00s, Limit=0.000s, Conversion=0.0003s, RTAB-Map=0.1317s, Maps update=0.0030s pub=0.0152s delay=0.3224s (local map=128, WM=128)
[INFO] [1771083659.905124758] [rtabmap]: rtabmap (272): Rate=1.00s, Limit=0.000s, Conversion=0.0005s, RTAB-Map=0.1351s, Maps update=0.0028s pub=0.0166s delay=0.3314s (local map=129, WM=129)
[INFO] [1771083660.912361636] [rtabmap]: rtabmap (273): Rate=1.00s, Limit=0.000s, Conversion=0.0003s, RTAB-Map=0.1293s, Maps update=0.0029s pub=0.0168s delay=0.3384s (local map=130, WM=130)
[INFO] [1771083662.012226374] [rtabmap]: rtabmap (274): Rate=1.00s, Limit=0.000s, Conversion=0.0006s, RTAB-Map=0.1311s, Maps update=0.0031s pub=0.0150s delay=0.3384s (local map=131, WM=131)
[INFO] [1771083663.002300159] [rtabmap]: rtabmap (275): Rate=1.00s, Limit=0.000s, Conversion=0.0004s, RTAB-Map=0.1273s, Maps update=0.0026s pub=0.0171s delay=0.3284s (local map=132, WM=132)
[INFO] [1771083664.006736907] [rtabmap]: rtabmap (276): Rate=1.00s, Limit=0.000s, Conversion=0.0003s, RTAB-Map=0.1268s, Maps update=0.0060s pub=0.0172s delay=0.3327s (local map=133, WM=133)
[INFO] [1771083665.107175362] [rtabmap]: rtabmap (277): Rate=1.00s, Limit=0.000s, Conversion=0.0105s, RTAB-Map=0.1286s, Maps update=0.0026s pub=0.0172s delay=0.3333s (local map=134, WM=134)
[INFO] [1771083666.206381389] [rtabmap]: rtabmap (278): Rate=1.00s, Limit=0.000s, Conversion=0.0003s, RTAB-Map=0.1338s, Maps update=0.0027s pub=0.0162s delay=0.3325s (local map=135, WM=135)
[INFO] [1771083667.299226556] [rtabmap]: rtabmap (279): Rate=1.00s, Limit=0.000s, Conversion=0.0005s, RTAB-Map=0.1336s, Maps update=0.0027s pub=0.0175s delay=0.3253s (local map=136, WM=136)
[INFO] [1771083668.391048455] [rtabmap]: rtabmap (280): Rate=1.00s, Limit=0.000s, Conversion=0.0003s, RTAB-Map=0.1257s, Maps update=0.0025s pub=0.0148s delay=0.3173s (local map=137, WM=137)
[INFO] [1771083669.420535130] [rtabmap]: rtabmap (281): Rate=1.00s, Limit=0.000s, Conversion=0.0105s, RTAB-Map=0.1350s, Maps update=0.0029s pub=0.0153s delay=0.3466s (local map=138, WM=138)
[INFO] [1771083670.512751219] [rtabmap]: rtabmap (282): Rate=1.00s, Limit=0.000s, Conversion=0.0003s, RTAB-Map=0.1313s, Maps update=0.0027s pub=0.0178s delay=0.3389s (local map=139, WM=139)
[INFO] [1771083671.606271385] [rtabmap]: rtabmap (283): Rate=1.00s, Limit=0.000s, Conversion=0.0005s, RTAB-Map=0.1289s, Maps update=0.0028s pub=0.0173s delay=0.3325s (local map=140, WM=140)
[INFO] [1771083672.616511119] [rtabmap]: rtabmap (284): Rate=1.00s, Limit=0.000s, Conversion=0.0004s, RTAB-Map=0.1394s, Maps update=0.0045s pub=0.0226s delay=0.3426s (local map=141, WM=141)
[INFO] [1771083673.614825382] [rtabmap]: rtabmap (285): Rate=1.00s, Limit=0.000s, Conversion=0.0004s, RTAB-Map=0.1343s, Maps update=0.0034s pub=0.0171s delay=0.3408s (local map=142, WM=142)
[INFO] [1771083674.732285389] [rtabmap]: rtabmap (286): Rate=1.00s, Limit=0.000s, Conversion=0.0105s, RTAB-Map=0.1446s, Maps update=0.0034s pub=0.0165s delay=0.3583s (local map=143, WM=143)
[INFO] [1771083675.805323530] [rtabmap]: rtabmap (287): Rate=1.00s, Limit=0.000s, Conversion=0.0004s, RTAB-Map=0.1322s, Maps update=0.0034s pub=0.0154s delay=0.3316s (local map=144, WM=144)
[INFO] [1771083676.809231480] [rtabmap]: rtabmap (288): Rate=1.00s, Limit=0.000s, Conversion=0.0004s, RTAB-Map=0.1304s, Maps update=0.0031s pub=0.0169s delay=0.3354s (local map=145, WM=145)
[INFO] [1771083677.811926004] [rtabmap]: rtabmap (289): Rate=1.00s, Limit=0.000s, Conversion=0.0003s, RTAB-Map=0.1354s, Maps update=0.0031s pub=0.0157s delay=0.3379s (local map=146, WM=146)
[INFO] [1771083678.909242174] [rtabmap]: rtabmap (290): Rate=1.00s, Limit=0.000s, Conversion=0.0003s, RTAB-Map=0.1364s, Maps update=0.0033s pub=0.0198s delay=0.3353s (local map=147, WM=147)
[INFO] [1771083679.909909875] [rtabmap]: rtabmap (291): Rate=1.00s, Limit=0.000s, Conversion=0.0005s, RTAB-Map=0.1346s, Maps update=0.0026s pub=0.0196s delay=0.3359s (local map=148, WM=148)
[INFO] [1771083681.020854137] [rtabmap]: rtabmap (292): Rate=1.00s, Limit=0.000s, Conversion=0.0006s, RTAB-Map=0.1401s, Maps update=0.0040s pub=0.0171s delay=0.3469s (local map=149, WM=149)
[INFO] [1771083682.039149078] [rtabmap]: rtabmap (293): Rate=1.00s, Limit=0.000s, Conversion=0.0004s, RTAB-Map=0.1425s, Maps update=0.0039s pub=0.0301s delay=0.3651s (local map=150, WM=150)
[INFO] [1771083683.123698849] [rtabmap]: rtabmap (294): Rate=1.00s, Limit=0.000s, Conversion=0.0105s, RTAB-Map=0.1363s, Maps update=0.0035s pub=0.0189s delay=0.3497s (local map=151, WM=151)
[INFO] [1771083684.211996975] [rtabmap]: rtabmap (295): Rate=1.00s, Limit=0.000s, Conversion=0.0003s, RTAB-Map=0.1286s, Maps update=0.0032s pub=0.0235s delay=0.3380s (local map=152, WM=152)
[INFO] [1771083685.220201324] [rtabmap]: rtabmap (296): Rate=1.00s, Limit=0.000s, Conversion=0.0003s, RTAB-Map=0.1346s, Maps update=0.0042s pub=0.0204s delay=0.3462s (local map=153, WM=153)
[INFO] [1771083686.208445358] [rtabmap]: rtabmap (297): Rate=1.00s, Limit=0.000s, Conversion=0.0003s, RTAB-Map=0.1299s, Maps update=0.0035s pub=0.0191s delay=0.3344s (local map=154, WM=154)
[INFO] [1771083687.313711982] [rtabmap]: rtabmap (298): Rate=1.00s, Limit=0.000s, Conversion=0.0003s, RTAB-Map=0.1354s, Maps update=0.0030s pub=0.0204s delay=0.3396s (local map=155, WM=155)
[INFO] [1771083688.415053572] [rtabmap]: rtabmap (299): Rate=1.00s, Limit=0.000s, Conversion=0.0003s, RTAB-Map=0.1426s, Maps update=0.0035s pub=0.0185s delay=0.3409s (local map=156, WM=156)
[INFO] [1771083689.508703629] [rtabmap]: rtabmap (300): Rate=1.00s, Limit=0.000s, Conversion=0.0003s, RTAB-Map=0.1412s, Maps update=0.0034s pub=0.0203s delay=0.3348s (local map=157, WM=157)
[INFO] [1771083690.517011117] [rtabmap]: rtabmap (301): Rate=1.00s, Limit=0.000s, Conversion=0.0106s, RTAB-Map=0.1367s, Maps update=0.0019s pub=0.0201s delay=0.3431s (local map=158, WM=158)
[INFO] [1771083691.647155826] [rtabmap]: rtabmap (302): Rate=1.00s, Limit=0.000s, Conversion=0.0105s, RTAB-Map=0.1577s, Maps update=0.0031s pub=0.0167s delay=0.3730s (local map=159, WM=159)
[INFO] [1771083692.715163963] [rtabmap]: rtabmap (303): Rate=1.00s, Limit=0.000s, Conversion=0.0003s, RTAB-Map=0.1406s, Maps update=0.0030s pub=0.0181s delay=0.3410s (local map=160, WM=160)
[INFO] [1771083693.812060821] [rtabmap]: rtabmap (304): Rate=1.00s, Limit=0.000s, Conversion=0.0004s, RTAB-Map=0.1364s, Maps update=0.0029s pub=0.0209s delay=0.3380s (local map=161, WM=161)
[INFO] [1771083694.824366337] [rtabmap]: rtabmap (305): Rate=1.00s, Limit=0.000s, Conversion=0.0107s, RTAB-Map=0.1414s, Maps update=0.0041s pub=0.0207s delay=0.3503s (local map=162, WM=162)
[INFO] [1771083695.911688909] [rtabmap]: rtabmap (306): Rate=1.00s, Limit=0.000s, Conversion=0.0005s, RTAB-Map=0.1407s, Maps update=0.0031s pub=0.0176s delay=0.3378s (local map=163, WM=163)
[INFO] [1771083696.918486553] [rtabmap]: rtabmap (307): Rate=1.00s, Limit=0.000s, Conversion=0.0003s, RTAB-Map=0.1364s, Maps update=0.0028s pub=0.0192s delay=0.3445s (local map=164, WM=164)
[INFO] [1771083697.907733630] [rtabmap]: rtabmap (308): Rate=1.00s, Limit=0.000s, Conversion=0.0004s, RTAB-Map=0.1364s, Maps update=0.0031s pub=0.0192s delay=0.3336s (local map=165, WM=165)
[INFO] [1771083699.015211979] [rtabmap]: rtabmap (309): Rate=1.00s, Limit=0.000s, Conversion=0.0108s, RTAB-Map=0.1316s, Maps update=0.0032s pub=0.0204s delay=0.3410s (local map=166, WM=166)
[INFO] [1771083700.109727890] [rtabmap]: rtabmap (310): Rate=1.00s, Limit=0.000s, Conversion=0.0004s, RTAB-Map=0.1302s, Maps update=0.0030s pub=0.0192s delay=0.3356s (local map=167, WM=167)
[INFO] [1771083701.117651205] [rtabmap]: rtabmap (311): Rate=1.00s, Limit=0.000s, Conversion=0.0003s, RTAB-Map=0.1417s, Maps update=0.0019s pub=0.0170s delay=0.3435s (local map=168, WM=168)
[INFO] [1771083702.215402174] [rtabmap]: rtabmap (312): Rate=1.00s, Limit=0.000s, Conversion=0.0004s, RTAB-Map=0.1354s, Maps update=0.0037s pub=0.0222s delay=0.3425s (local map=169, WM=169)
[INFO] [1771083703.205709257] [rtabmap]: rtabmap (313): Rate=1.00s, Limit=0.000s, Conversion=0.0004s, RTAB-Map=0.1296s, Maps update=0.0027s pub=0.0217s delay=0.3315s (local map=170, WM=170)
[INFO] [1771083704.301021228] [rtabmap]: rtabmap (314): Rate=1.00s, Limit=0.000s, Conversion=0.0004s, RTAB-Map=0.1248s, Maps update=0.0030s pub=0.0195s delay=0.3270s (local map=171, WM=171)
[INFO] [1771083705.401540165] [rtabmap]: rtabmap (315): Rate=1.00s, Limit=0.000s, Conversion=0.0005s, RTAB-Map=0.1272s, Maps update=0.0028s pub=0.0211s delay=0.3274s (local map=172, WM=172)
[INFO] [1771083706.512724083] [rtabmap]: rtabmap (316): Rate=1.00s, Limit=0.000s, Conversion=0.0006s, RTAB-Map=0.1359s, Maps update=0.0033s pub=0.0219s delay=0.3398s (local map=173, WM=173)
[INFO] [1771083707.522956855] [rtabmap]: rtabmap (317): Rate=1.00s, Limit=0.000s, Conversion=0.0005s, RTAB-Map=0.1398s, Maps update=0.0031s pub=0.0176s delay=0.3499s (local map=174, WM=174)
[INFO] [1771083708.516231914] [rtabmap]: rtabmap (318): Rate=1.00s, Limit=0.000s, Conversion=0.0106s, RTAB-Map=0.1264s, Maps update=0.0029s pub=0.0237s delay=0.3422s (local map=175, WM=175)
[INFO] [1771083709.517735580] [rtabmap]: rtabmap (319): Rate=1.00s, Limit=0.000s, Conversion=0.0004s, RTAB-Map=0.1385s, Maps update=0.0049s pub=0.0193s delay=0.3436s (local map=176, WM=176)
[INFO] [1771083710.616549498] [rtabmap]: rtabmap (320): Rate=1.00s, Limit=0.000s, Conversion=0.0004s, RTAB-Map=0.1317s, Maps update=0.0031s pub=0.0234s delay=0.3425s (local map=177, WM=177)
[INFO] [1771083711.620981970] [rtabmap]: rtabmap (321): Rate=1.00s, Limit=0.000s, Conversion=0.0107s, RTAB-Map=0.1313s, Maps update=0.0019s pub=0.0230s delay=0.3467s (local map=178, WM=178)
[INFO] [1771083712.713112454] [rtabmap]: rtabmap (322): Rate=1.00s, Limit=0.000s, Conversion=0.0003s, RTAB-Map=0.1291s, Maps update=0.0029s pub=0.0238s delay=0.3390s (local map=179, WM=179)
[INFO] [1771083713.816244699] [rtabmap]: rtabmap (323): Rate=1.00s, Limit=0.000s, Conversion=0.0003s, RTAB-Map=0.1360s, Maps update=0.0038s pub=0.0220s delay=0.3421s (local map=173, WM=178)
[INFO] [1771083714.838381663] [rtabmap]: rtabmap (324): Rate=1.00s, Limit=0.000s, Conversion=0.0005s, RTAB-Map=0.1520s, Maps update=0.0035s pub=0.0259s delay=0.3642s (local map=177, WM=177)
[INFO] [1771083715.920802879] [rtabmap]: rtabmap (325): Rate=1.00s, Limit=0.000s, Conversion=0.0004s, RTAB-Map=0.1475s, Maps update=0.0019s pub=0.0219s delay=0.3466s (local map=171, WM=176)
[INFO] [1771083717.033451233] [rtabmap]: rtabmap (326): Rate=1.00s, Limit=0.000s, Conversion=0.0003s, RTAB-Map=0.1575s, Maps update=0.0036s pub=0.0208s delay=0.3592s (local map=174, WM=179)
[INFO] [1771083718.128965419] [rtabmap]: rtabmap (327): Rate=1.00s, Limit=0.000s, Conversion=0.0003s, RTAB-Map=0.1586s, Maps update=0.0036s pub=0.0202s delay=0.3548s (local map=178, WM=178)
[INFO] [1771083719.123237121] [rtabmap]: rtabmap (328): Rate=1.00s, Limit=0.000s, Conversion=0.0005s, RTAB-Map=0.1496s, Maps update=0.0038s pub=0.0230s delay=0.3490s (local map=174, WM=177)
[INFO] [1771083720.241837266] [rtabmap]: rtabmap (329): Rate=1.00s, Limit=0.000s, Conversion=0.0008s, RTAB-Map=0.1559s, Maps update=0.0042s pub=0.0217s delay=0.3676s (local map=174, WM=176)
[INFO] [1771083721.236871522] [rtabmap]: rtabmap (330): Rate=1.00s, Limit=0.000s, Conversion=0.0004s, RTAB-Map=0.1480s, Maps update=0.0041s pub=0.0246s delay=0.3626s (local map=178, WM=178)
[INFO] [1771083722.350126329] [rtabmap]: rtabmap (331): Rate=1.00s, Limit=0.000s, Conversion=0.0105s, RTAB-Map=0.1561s, Maps update=0.0034s pub=0.0201s delay=0.3759s (local map=175, WM=177)
[INFO] [1771083723.353346119] [rtabmap]: rtabmap (332): Rate=1.00s, Limit=0.000s, Conversion=0.0003s, RTAB-Map=0.1721s, Maps update=0.0039s pub=0.0195s delay=0.3790s (local map=174, WM=176)
[INFO] [1771083724.425124275] [rtabmap]: rtabmap (333): Rate=1.00s, Limit=0.000s, Conversion=0.0003s, RTAB-Map=0.1509s, Maps update=0.0033s pub=0.0209s delay=0.3509s (local map=179, WM=179)
[INFO] [1771083725.450908759] [rtabmap]: rtabmap (334): Rate=1.00s, Limit=0.000s, Conversion=0.0004s, RTAB-Map=0.1637s, Maps update=0.0037s pub=0.0220s delay=0.3767s (local map=176, WM=178)
[INFO] [1771083726.554477211] [rtabmap]: rtabmap (335): Rate=1.00s, Limit=0.000s, Conversion=0.0005s, RTAB-Map=0.1689s, Maps update=0.0052s pub=0.0241s delay=0.3802s (local map=175, WM=177)
[INFO] [1771083727.625506317] [rtabmap]: rtabmap (336): Rate=1.00s, Limit=0.000s, Conversion=0.0003s, RTAB-Map=0.1494s, Maps update=0.0043s pub=0.0225s delay=0.3512s (local map=174, WM=176)
[INFO] [1771083728.748561722] [rtabmap]: rtabmap (337): Rate=1.00s, Limit=0.000s, Conversion=0.0107s, RTAB-Map=0.1615s, Maps update=0.0034s pub=0.0234s delay=0.3743s (local map=179, WM=179)
[INFO] [1771083729.827183926] [rtabmap]: rtabmap (338): Rate=1.00s, Limit=0.000s, Conversion=0.0005s, RTAB-Map=0.1538s, Maps update=0.0037s pub=0.0213s delay=0.3530s (local map=176, WM=178)
[INFO] [1771083730.838003694] [rtabmap]: rtabmap (339): Rate=1.00s, Limit=0.000s, Conversion=0.0003s, RTAB-Map=0.1531s, Maps update=0.0055s pub=0.0250s delay=0.3636s (local map=175, WM=177)
[INFO] [1771083731.932316526] [rtabmap]: rtabmap (340): Rate=1.00s, Limit=0.000s, Conversion=0.0004s, RTAB-Map=0.1565s, Maps update=0.0044s pub=0.0263s delay=0.3581s (local map=174, WM=176)
[INFO] [1771083733.042628542] [rtabmap]: rtabmap (341): Rate=1.00s, Limit=0.000s, Conversion=0.0003s, RTAB-Map=0.1598s, Maps update=0.0037s pub=0.0254s delay=0.3682s (local map=179, WM=179)
[INFO] [1771083734.140348822] [rtabmap]: rtabmap (342): Rate=1.00s, Limit=0.000s, Conversion=0.0105s, RTAB-Map=0.1494s, Maps update=0.0048s pub=0.0239s delay=0.3660s (local map=176, WM=178)
[INFO] [1771083735.244329896] [rtabmap]: rtabmap (343): Rate=1.00s, Limit=0.000s, Conversion=0.0105s, RTAB-Map=0.1629s, Maps update=0.0054s pub=0.0216s delay=0.3700s (local map=175, WM=177)
[INFO] [1771083736.228210098] [rtabmap]: rtabmap (344): Rate=1.00s, Limit=0.000s, Conversion=0.0004s, RTAB-Map=0.1498s, Maps update=0.0041s pub=0.0237s delay=0.3538s (local map=174, WM=176)
[INFO] [1771083737.345427827] [rtabmap]: rtabmap (345): Rate=1.00s, Limit=0.000s, Conversion=0.0003s, RTAB-Map=0.1614s, Maps update=0.0031s pub=0.0227s delay=0.3712s (local map=179, WM=179)
[INFO] [1771083738.338323032] [rtabmap]: rtabmap (346): Rate=1.00s, Limit=0.000s, Conversion=0.0004s, RTAB-Map=0.1540s, Maps update=0.0041s pub=0.0258s delay=0.3640s (local map=176, WM=178)
[INFO] [1771083739.472560301] [rtabmap]: rtabmap (347): Rate=1.00s, Limit=0.000s, Conversion=0.0107s, RTAB-Map=0.1814s, Maps update=0.0035s pub=0.0220s delay=0.3982s (local map=175, WM=177)
[INFO] [1771083740.435616991] [rtabmap]: rtabmap (348): Rate=1.00s, Limit=0.000s, Conversion=0.0003s, RTAB-Map=0.1575s, Maps update=0.0032s pub=0.0277s delay=0.3612s (local map=174, WM=176)
[INFO] [1771083741.540709903] [rtabmap]: rtabmap (349): Rate=1.00s, Limit=0.000s, Conversion=0.0005s, RTAB-Map=0.1559s, Maps update=0.0024s pub=0.0280s delay=0.3664s (local map=179, WM=179)
[INFO] [1771083742.643845805] [rtabmap]: rtabmap (350): Rate=1.00s, Limit=0.000s, Conversion=0.0005s, RTAB-Map=0.1573s, Maps update=0.0018s pub=0.0230s delay=0.3695s (local map=176, WM=178)
[INFO] [1771083743.615461628] [rtabmap]: rtabmap (351): Rate=1.00s, Limit=0.000s, Conversion=0.0006s, RTAB-Map=0.1372s, Maps update=0.0042s pub=0.0257s delay=0.3410s (local map=175, WM=177)
[INFO] [1771083744.750280105] [rtabmap]: rtabmap (352): Rate=1.00s, Limit=0.000s, Conversion=0.0107s, RTAB-Map=0.1663s, Maps update=0.0035s pub=0.0247s delay=0.3770s (local map=174, WM=176)
[INFO] [1771083745.734889187] [rtabmap]: rtabmap (353): Rate=1.00s, Limit=0.000s, Conversion=0.0003s, RTAB-Map=0.1548s, Maps update=0.0038s pub=0.0241s delay=0.3606s (local map=179, WM=179)
[INFO] [1771083746.824968403] [rtabmap]: rtabmap (354): Rate=1.00s, Limit=0.000s, Conversion=0.0005s, RTAB-Map=0.1433s, Maps update=0.0021s pub=0.0225s delay=0.3506s (local map=176, WM=178)
[INFO] [1771083747.945829519] [rtabmap]: rtabmap (355): Rate=1.00s, Limit=0.000s, Conversion=0.0105s, RTAB-Map=0.1527s, Maps update=0.0041s pub=0.0317s delay=0.3725s (local map=175, WM=177)
[INFO] [1771083748.935466536] [rtabmap]: rtabmap (356): Rate=1.00s, Limit=0.000s, Conversion=0.0107s, RTAB-Map=0.1509s, Maps update=0.0038s pub=0.0230s delay=0.3611s (local map=174, WM=176)
[INFO] [1771083750.032047758] [rtabmap]: rtabmap (357): Rate=1.00s, Limit=0.000s, Conversion=0.0005s, RTAB-Map=0.1547s, Maps update=0.0028s pub=0.0238s delay=0.3576s (local map=179, WM=179)
[INFO] [1771083751.129838722] [rtabmap]: rtabmap (358): Rate=1.00s, Limit=0.000s, Conversion=0.0005s, RTAB-Map=0.1484s, Maps update=0.0037s pub=0.0262s delay=0.3569s (local map=176, WM=178)
[INFO] [1771083752.140941575] [rtabmap]: rtabmap (359): Rate=1.00s, Limit=0.000s, Conversion=0.0004s, RTAB-Map=0.1505s, Maps update=0.0041s pub=0.0296s delay=0.3666s (local map=175, WM=177)
[INFO] [1771083753.222844961] [rtabmap]: rtabmap (360): Rate=1.00s, Limit=0.000s, Conversion=0.0003s, RTAB-Map=0.1485s, Maps update=0.0029s pub=0.0283s delay=0.3496s (local map=174, WM=176)
[INFO] [1771083754.321020420] [rtabmap]: rtabmap (361): Rate=1.00s, Limit=0.000s, Conversion=0.0003s, RTAB-Map=0.1451s, Maps update=0.0063s pub=0.0243s delay=0.3467s (local map=179, WM=179)
[INFO] [1771083755.449322073] [rtabmap]: rtabmap (362): Rate=1.00s, Limit=0.000s, Conversion=0.0107s, RTAB-Map=0.1564s, Maps update=0.0039s pub=0.0279s delay=0.3750s (local map=176, WM=178)
[INFO] [1771083756.526420862] [rtabmap]: rtabmap (363): Rate=1.00s, Limit=0.000s, Conversion=0.0106s, RTAB-Map=0.1420s, Maps update=0.0017s pub=0.0240s delay=0.3530s (local map=175, WM=177)
[INFO] [1771083757.512292905] [rtabmap]: rtabmap (364): Rate=1.00s, Limit=0.000s, Conversion=0.0004s, RTAB-Map=0.1415s, Maps update=0.0031s pub=0.0255s delay=0.3379s (local map=174, WM=176)
[INFO] [1771083758.642768721] [rtabmap]: rtabmap (365): Rate=1.00s, Limit=0.000s, Conversion=0.0106s, RTAB-Map=0.1449s, Maps update=0.0037s pub=0.0308s delay=0.3683s (local map=179, WM=179)
[INFO] [1771083759.728021322] [rtabmap]: rtabmap (366): Rate=1.00s, Limit=0.000s, Conversion=0.0004s, RTAB-Map=0.1435s, Maps update=0.0032s pub=0.0251s delay=0.3551s (local map=176, WM=178)
[INFO] [1771083760.726842782] [rtabmap]: rtabmap (367): Rate=1.00s, Limit=0.000s, Conversion=0.0005s, RTAB-Map=0.1496s, Maps update=0.0038s pub=0.0251s delay=0.3534s (local map=175, WM=177)
[INFO] [1771083761.842672604] [rtabmap]: rtabmap (368): Rate=1.00s, Limit=0.000s, Conversion=0.0105s, RTAB-Map=0.1390s, Maps update=0.0035s pub=0.0311s delay=0.3693s (local map=177, WM=179)
[INFO] [1771083762.919788322] [rtabmap]: rtabmap (369): Rate=1.00s, Limit=0.000s, Conversion=0.0003s, RTAB-Map=0.1408s, Maps update=0.0033s pub=0.0269s delay=0.3466s (local map=177, WM=178)
[INFO] [1771083763.926297081] [rtabmap]: rtabmap (370): Rate=1.00s, Limit=0.000s, Conversion=0.0003s, RTAB-Map=0.1381s, Maps update=0.0036s pub=0.0236s delay=0.3529s (local map=177, WM=177)
[INFO] [1771083765.100630268] [rtabmap]: rtabmap (371): Rate=1.00s, Limit=0.000s, Conversion=0.0107s, RTAB-Map=0.2081s, Maps update=0.0031s pub=0.0248s delay=0.4273s (local map=174, WM=176)
[INFO] [1771083766.167239348] [rtabmap]: rtabmap (372): Rate=1.00s, Limit=0.000s, Conversion=0.0005s, RTAB-Map=0.1487s, Maps update=0.0544s pub=0.1148s delay=0.4939s (local map=179, WM=179)
[INFO] [1771083767.182654812] [rtabmap]: rtabmap (373): Rate=1.00s, Limit=0.000s, Conversion=0.0004s, RTAB-Map=0.2159s, Maps update=0.0034s pub=0.0170s delay=0.4097s (local map=178, WM=178)
[INFO] [1771083768.193963849] [rtabmap]: rtabmap (374): Rate=1.00s, Limit=0.000s, Conversion=0.0004s, RTAB-Map=0.2164s, Maps update=0.0032s pub=0.0183s delay=0.4205s (local map=177, WM=177)
[INFO] [1771083769.351976738] [rtabmap]: rtabmap (375): Rate=1.00s, Limit=0.000s, Conversion=0.0004s, RTAB-Map=0.2738s, Maps update=0.0034s pub=0.0160s delay=0.4790s (local map=176, WM=176)
[INFO] [1771083770.424208399] [rtabmap]: rtabmap (376): Rate=1.00s, Limit=0.000s, Conversion=0.0004s, RTAB-Map=0.2095s, Maps update=0.0468s pub=0.0993s delay=0.5510s (local map=179, WM=179)
[INFO] [1771083771.471734805] [rtabmap]: rtabmap (377): Rate=1.00s, Limit=0.000s, Conversion=0.0007s, RTAB-Map=0.2903s, Maps update=0.0031s pub=0.0214s delay=0.4988s (local map=178, WM=178)
[INFO] [1771083772.324483220] [rtabmap]: rtabmap (378): Rate=1.00s, Limit=0.000s, Conversion=0.0006s, RTAB-Map=0.1501s, Maps update=0.0052s pub=0.0169s delay=0.3512s (local map=177, WM=177)
[INFO] [1771083773.461235850] [rtabmap]: rtabmap (379): Rate=1.00s, Limit=0.000s, Conversion=0.0004s, RTAB-Map=0.2857s, Maps update=0.0015s pub=0.0066s delay=0.4878s (local map=175, WM=176)
[INFO] [1771083774.511755010] [rtabmap]: rtabmap (380): Rate=1.00s, Limit=0.000s, Conversion=0.0005s, RTAB-Map=0.2279s, Maps update=0.0027s pub=0.0207s delay=0.4387s (local map=179, WM=179)
[INFO] [1771083775.649211698] [rtabmap]: rtabmap (381): Rate=1.00s, Limit=0.000s, Conversion=0.0004s, RTAB-Map=0.2810s, Maps update=0.0013s pub=0.0058s delay=0.4758s (local map=176, WM=178)
[INFO] [1771083776.548185957] [rtabmap]: rtabmap (382): Rate=1.00s, Limit=0.000s, Conversion=0.0004s, RTAB-Map=0.1681s, Maps update=0.0032s pub=0.0162s delay=0.3747s (local map=176, WM=177)
[INFO] [1771083777.589722153] [rtabmap]: rtabmap (383): Rate=1.00s, Limit=0.000s, Conversion=0.0004s, RTAB-Map=0.2136s, Maps update=0.0019s pub=0.0238s delay=0.4162s (local map=175, WM=176)
[INFO] [1771083778.695409735] [rtabmap]: rtabmap (384): Rate=1.00s, Limit=0.000s, Conversion=0.0005s, RTAB-Map=0.2165s, Maps update=0.0027s pub=0.0143s delay=0.4225s (local map=179, WM=179)
[INFO] [1771083779.757529779] [rtabmap]: rtabmap (385): Rate=1.00s, Limit=0.000s, Conversion=0.0004s, RTAB-Map=0.2822s, Maps update=0.0014s pub=0.0158s delay=0.4846s (local map=177, WM=178)
[INFO] [1771083780.710477779] [rtabmap]: rtabmap (386): Rate=1.00s, Limit=0.000s, Conversion=0.0004s, RTAB-Map=0.2237s, Maps update=0.0037s pub=0.0175s delay=0.4369s (local map=176, WM=177)
[INFO] [1771083781.795560181] [rtabmap]: rtabmap (387): Rate=1.00s, Limit=0.000s, Conversion=0.0004s, RTAB-Map=0.2216s, Maps update=0.0013s pub=0.0059s delay=0.4222s (local map=175, WM=176)
[INFO] [1771083782.885272089] [rtabmap]: rtabmap (388): Rate=1.00s, Limit=0.000s, Conversion=0.0005s, RTAB-Map=0.2043s, Maps update=0.0031s pub=0.0158s delay=0.4123s (local map=179, WM=179)
[INFO] [1771083783.955380528] [rtabmap]: rtabmap (389): Rate=1.00s, Limit=0.000s, Conversion=0.0004s, RTAB-Map=0.2856s, Maps update=0.0013s pub=0.0063s delay=0.4824s (local map=177, WM=178)
[INFO] [1771083784.887837061] [rtabmap]: rtabmap (390): Rate=1.00s, Limit=0.000s, Conversion=0.0005s, RTAB-Map=0.2135s, Maps update=0.0022s pub=0.0111s delay=0.4148s (local map=176, WM=177)
[INFO] [1771083785.870558356] [rtabmap]: rtabmap (391): Rate=1.00s, Limit=0.000s, Conversion=0.0003s, RTAB-Map=0.2093s, Maps update=0.0014s pub=0.0061s delay=0.3970s (local map=175, WM=176)
[INFO] [1771083786.992892810] [rtabmap]: rtabmap (392): Rate=1.00s, Limit=0.000s, Conversion=0.0005s, RTAB-Map=0.2172s, Maps update=0.0011s pub=0.0077s delay=0.4194s (local map=178, WM=178)
[INFO] [1771083788.176184078] [rtabmap]: rtabmap (393): Rate=1.00s, Limit=0.000s, Conversion=0.0004s, RTAB-Map=0.2965s, Maps update=0.0012s pub=0.0054s delay=0.5031s (local map=176, WM=177)
[INFO] [1771083789.168607087] [rtabmap]: rtabmap (394): Rate=1.00s, Limit=0.000s, Conversion=0.0003s, RTAB-Map=0.2000s, Maps update=0.0013s pub=0.0060s delay=0.3957s (local map=175, WM=176)
[INFO] [1771083790.208718928] [rtabmap]: rtabmap (395): Rate=1.00s, Limit=0.000s, Conversion=0.0005s, RTAB-Map=0.2280s, Maps update=0.0011s pub=0.0100s delay=0.4356s (local map=178, WM=178)
[INFO] [1771083791.353719741] [rtabmap]: rtabmap (396): Rate=1.00s, Limit=0.000s, Conversion=0.0004s, RTAB-Map=0.2772s, Maps update=0.0033s pub=0.0154s delay=0.4807s (local map=176, WM=177)
[INFO] [1771083792.289586633] [rtabmap]: rtabmap (397): Rate=1.00s, Limit=0.000s, Conversion=0.0003s, RTAB-Map=0.2063s, Maps update=0.0032s pub=0.0174s delay=0.4160s (local map=175, WM=176)
[INFO] [1771083793.391206732] [rtabmap]: rtabmap (398): Rate=1.00s, Limit=0.000s, Conversion=0.0004s, RTAB-Map=0.2089s, Maps update=0.0025s pub=0.0169s delay=0.4182s (local map=178, WM=179)
[INFO] [1771083794.467962860] [rtabmap]: rtabmap (399): Rate=1.00s, Limit=0.000s, Conversion=0.0004s, RTAB-Map=0.2905s, Maps update=0.0027s pub=0.0151s delay=0.4948s (local map=177, WM=178)
[INFO] [1771083795.507064906] [rtabmap]: rtabmap (400): Rate=1.00s, Limit=0.000s, Conversion=0.0005s, RTAB-Map=0.2170s, Maps update=0.0029s pub=0.0170s delay=0.4343s (local map=176, WM=177)
[INFO] [1771083796.507178679] [rtabmap]: rtabmap (401): Rate=1.00s, Limit=0.000s, Conversion=0.0005s, RTAB-Map=0.2170s, Maps update=0.0043s pub=0.0165s delay=0.4343s (local map=175, WM=176)
[INFO] [1771083797.618220067] [rtabmap]: rtabmap (402): Rate=1.00s, Limit=0.000s, Conversion=0.0004s, RTAB-Map=0.2342s, Maps update=0.0028s pub=0.0156s delay=0.4453s (local map=178, WM=179)
[INFO] [1771083798.685405492] [rtabmap]: rtabmap (403): Rate=1.00s, Limit=0.000s, Conversion=0.0004s, RTAB-Map=0.3008s, Maps update=0.0026s pub=0.0188s delay=0.5124s (local map=177, WM=178)
[INFO] [1771083799.625844224] [rtabmap]: rtabmap (404): Rate=1.00s, Limit=0.000s, Conversion=0.0005s, RTAB-Map=0.2367s, Maps update=0.0033s pub=0.0155s delay=0.4528s (local map=176, WM=177)
[INFO] [1771083800.692369083] [rtabmap]: rtabmap (405): Rate=1.00s, Limit=0.000s, Conversion=0.0010s, RTAB-Map=0.2167s, Maps update=0.0050s pub=0.0170s delay=0.4194s (local map=175, WM=176)
[INFO] [1771083801.809063852] [rtabmap]: rtabmap (406): Rate=1.00s, Limit=0.000s, Conversion=0.0005s, RTAB-Map=0.2210s, Maps update=0.0028s pub=0.0214s delay=0.4361s (local map=178, WM=179)
[INFO] [1771083802.888576139] [rtabmap]: rtabmap (407): Rate=1.00s, Limit=0.000s, Conversion=0.0005s, RTAB-Map=0.2981s, Maps update=0.0028s pub=0.0225s delay=0.5156s (local map=177, WM=178)
[INFO] [1771083803.801873380] [rtabmap]: rtabmap (408): Rate=1.00s, Limit=0.000s, Conversion=0.0106s, RTAB-Map=0.2163s, Maps update=0.0025s pub=0.0091s delay=0.4288s (local map=176, WM=177)
[INFO] [1771083804.911327768] [rtabmap]: rtabmap (409): Rate=1.00s, Limit=0.000s, Conversion=0.0003s, RTAB-Map=0.2313s, Maps update=0.0014s pub=0.0100s delay=0.4384s (local map=175, WM=176)
[INFO] [1771083805.895587965] [rtabmap]: rtabmap (410): Rate=1.00s, Limit=0.000s, Conversion=0.0004s, RTAB-Map=0.2266s, Maps update=0.0013s pub=0.0068s delay=0.4225s (local map=178, WM=178)
[INFO] [1771083807.062332928] [rtabmap]: rtabmap (411): Rate=1.00s, Limit=0.000s, Conversion=0.0005s, RTAB-Map=0.2858s, Maps update=0.0015s pub=0.0077s delay=0.4893s (local map=176, WM=177)
[INFO] [1771083808.109885989] [rtabmap]: rtabmap (412): Rate=1.00s, Limit=0.000s, Conversion=0.0106s, RTAB-Map=0.2281s, Maps update=0.0016s pub=0.0112s delay=0.4370s (local map=175, WM=176)
[INFO] [1771083809.072323184] [rtabmap]: rtabmap (413): Rate=1.00s, Limit=0.000s, Conversion=0.0004s, RTAB-Map=0.2087s, Maps update=0.0010s pub=0.0061s delay=0.3993s (local map=178, WM=178)
[INFO] [1771083810.274422532] [rtabmap]: rtabmap (414): Rate=1.00s, Limit=0.000s, Conversion=0.0004s, RTAB-Map=0.2931s, Maps update=0.0013s pub=0.0065s delay=0.5015s (local map=176, WM=177)
[INFO] [1771083811.213360604] [rtabmap]: rtabmap (415): Rate=1.00s, Limit=0.000s, Conversion=0.0005s, RTAB-Map=0.2379s, Maps update=0.0015s pub=0.0086s delay=0.4396s (local map=175, WM=176)
[INFO] [1771083812.287335770] [rtabmap]: rtabmap (416): Rate=1.00s, Limit=0.000s, Conversion=0.0005s, RTAB-Map=0.2192s, Maps update=0.0020s pub=0.0105s delay=0.4143s (local map=178, WM=178)
[INFO] [1771083813.450013551] [rtabmap]: rtabmap (417): Rate=1.00s, Limit=0.000s, Conversion=0.0004s, RTAB-Map=0.2804s, Maps update=0.0018s pub=0.0068s delay=0.4770s (local map=176, WM=177)
[INFO] [1771083814.410619675] [rtabmap]: rtabmap (418): Rate=1.00s, Limit=0.000s, Conversion=0.0106s, RTAB-Map=0.2259s, Maps update=0.0016s pub=0.0072s delay=0.4375s (local map=175, WM=176)
[INFO] [1771083815.492477196] [rtabmap]: rtabmap (419): Rate=1.00s, Limit=0.000s, Conversion=0.0005s, RTAB-Map=0.2230s, Maps update=0.0013s pub=0.0064s delay=0.4194s (local map=178, WM=178)
[INFO] [1771083816.553236670] [rtabmap]: rtabmap (420): Rate=1.00s, Limit=0.000s, Conversion=0.0004s, RTAB-Map=0.2830s, Maps update=0.0015s pub=0.0083s delay=0.4802s (local map=176, WM=177)
[INFO] [1771083817.593358239] [rtabmap]: rtabmap (421): Rate=1.00s, Limit=0.000s, Conversion=0.0004s, RTAB-Map=0.2199s, Maps update=0.0018s pub=0.0073s delay=0.4203s (local map=175, WM=176)
[INFO] [1771083818.593244165] [rtabmap]: rtabmap (422): Rate=1.00s, Limit=0.000s, Conversion=0.0006s, RTAB-Map=0.2160s, Maps update=0.0011s pub=0.0080s delay=0.4201s (local map=178, WM=178)
[INFO] [1771083819.798838963] [rtabmap]: rtabmap (423): Rate=1.00s, Limit=0.000s, Conversion=0.0004s, RTAB-Map=0.3197s, Maps update=0.0016s pub=0.0083s delay=0.5259s (local map=176, WM=177)
[INFO] [1771083820.682637895] [rtabmap]: rtabmap (424): Rate=1.00s, Limit=0.000s, Conversion=0.0003s, RTAB-Map=0.2092s, Maps update=0.0012s pub=0.0095s delay=0.4095s (local map=175, WM=176)
[INFO] [1771083821.773139814] [rtabmap]: rtabmap (425): Rate=1.00s, Limit=0.000s, Conversion=0.0105s, RTAB-Map=0.2049s, Maps update=0.0013s pub=0.0067s delay=0.4001s (local map=178, WM=178)
[INFO] [1771083822.617795459] [rclcpp]: signal_handler(signum=2)
