[INFO] [1772803951.408036038] [rtabmap]: rtabmap(maps): latch                      = false
[INFO] [1772803951.411884464] [rtabmap]: rtabmap(maps): map_filter_radius          = 0.000000
[INFO] [1772803951.411947699] [rtabmap]: rtabmap(maps): map_filter_angle           = 30.000000
[INFO] [1772803951.411970869] [rtabmap]: rtabmap(maps): map_cleanup                = true
[INFO] [1772803951.411984917] [rtabmap]: rtabmap(maps): map_always_update          = false
[INFO] [1772803951.411997910] [rtabmap]: rtabmap(maps): map_empty_ray_tracing      = true
[INFO] [1772803951.412010007] [rtabmap]: rtabmap(maps): cloud_output_voxelized     = true
[INFO] [1772803951.412022775] [rtabmap]: rtabmap(maps): cloud_subtract_filtering   = false
[INFO] [1772803951.412035544] [rtabmap]: rtabmap(maps): cloud_subtract_filtering_min_neighbors = 2
[INFO] [1772803951.412597686] [rtabmap]: rtabmap(maps): octomap_tree_depth         = 16
[INFO] [1772803951.482365130] [rtabmap]: rtabmap: frame_id      = leo04/base_footprint
[INFO] [1772803951.482474127] [rtabmap]: rtabmap: map_frame_id  = map
[INFO] [1772803951.482496049] [rtabmap]: rtabmap: log_to_rosout_level  = 4
[INFO] [1772803951.482524818] [rtabmap]: rtabmap: initial_pose  = 
[INFO] [1772803951.482540243] [rtabmap]: rtabmap: use_action_for_goal  = false
[INFO] [1772803951.482554484] [rtabmap]: rtabmap: tf_delay      = 0.050000
[INFO] [1772803951.482580117] [rtabmap]: rtabmap: tf_tolerance  = 0.100000
[INFO] [1772803951.482596758] [rtabmap]: rtabmap: odom_sensor_sync   = false
[INFO] [1772803951.482610647] [rtabmap]: rtabmap: pub_loc_pose_only_when_localizing = false
[INFO] [1772803951.482624055] [rtabmap]: rtabmap: wait_for_transform = 0.500000
[INFO] [1772803951.482640248] [rtabmap]: rtabmap: gen_scan  = false
[INFO] [1772803951.482654681] [rtabmap]: rtabmap: gen_depth  = false
[INFO] [1772803951.482668922] [rtabmap]: rtabmap: scan_cloud_max_points = 0
[INFO] [1772803951.482682778] [rtabmap]: rtabmap: scan_cloud_is_2d = false
[INFO] [1772803951.544406472] [rtabmap]: Setting RTAB-Map parameter "Grid/CellSize"="0.03" (rosparam)
[INFO] [1772803951.545323960] [rtabmap]: Setting RTAB-Map parameter "Grid/MaxGroundAngle"="45" (rosparam)
[INFO] [1772803951.545475648] [rtabmap]: Setting RTAB-Map parameter "Grid/MaxGroundHeight"="0.1" (rosparam)
[INFO] [1772803951.545618951] [rtabmap]: Setting RTAB-Map parameter "Grid/MaxObstacleHeight"="0.7" (rosparam)
[INFO] [1772803951.545793072] [rtabmap]: Setting RTAB-Map parameter "Grid/MinGroundHeight"="-0.1" (rosparam)
[INFO] [1772803951.546253065] [rtabmap]: Setting RTAB-Map parameter "Grid/RangeMax"="3.0" (rosparam)
[INFO] [1772803951.546380847] [rtabmap]: Setting RTAB-Map parameter "Grid/RangeMin"="0.7" (rosparam)
[INFO] [1772803951.546502166] [rtabmap]: Setting RTAB-Map parameter "Grid/RayTracing"="false" (rosparam)
[INFO] [1772803951.546789797] [rtabmap]: Setting RTAB-Map parameter "Grid/Sensor"="0" (rosparam)
[INFO] [1772803951.549151137] [rtabmap]: Setting RTAB-Map parameter "Icp/CorrespondenceRatio"="0.2" (rosparam)
[INFO] [1772803951.550524809] [rtabmap]: Setting RTAB-Map parameter "Icp/Epsilon"="0.001" (rosparam)
[INFO] [1772803951.551440025] [rtabmap]: Setting RTAB-Map parameter "Icp/Iterations"="10" (rosparam)
[INFO] [1772803951.551687014] [rtabmap]: Setting RTAB-Map parameter "Icp/MaxCorrespondenceDistance"="1" (rosparam)
[INFO] [1772803951.552338729] [rtabmap]: Setting RTAB-Map parameter "Icp/MaxTranslation"="3" (rosparam)
[INFO] [1772803951.552575573] [rtabmap]: Setting RTAB-Map parameter "Icp/OutlierRatio"="0.7" (rosparam)
[INFO] [1772803951.553789205] [rtabmap]: Setting RTAB-Map parameter "Icp/PointToPlane"="true" (rosparam)
[INFO] [1772803951.554702373] [rtabmap]: Setting RTAB-Map parameter "Icp/PointToPlaneK"="20" (rosparam)
[INFO] [1772803951.555683672] [rtabmap]: Setting RTAB-Map parameter "Icp/PointToPlaneRadius"="0" (rosparam)
[INFO] [1772803951.556137712] [rtabmap]: Setting RTAB-Map parameter "Icp/RangeMin"="0.3" (rosparam)
[INFO] [1772803951.556632938] [rtabmap]: Setting RTAB-Map parameter "Icp/Strategy"="1" (rosparam)
[INFO] [1772803951.557559067] [rtabmap]: Setting RTAB-Map parameter "Icp/VoxelSize"="0.1" (rosparam)
[INFO] [1772803951.568019937] [rtabmap]: Setting RTAB-Map parameter "Mem/LaserScanNormalK"="20" (rosparam)
[INFO] [1772803951.568433527] [rtabmap]: Setting RTAB-Map parameter "Mem/LaserScanVoxelSize"="0.03" (rosparam)
[INFO] [1772803951.568912976] [rtabmap]: Setting RTAB-Map parameter "Mem/NotLinkedNodesKept"="false" (rosparam)
[INFO] [1772803951.570047724] [rtabmap]: Setting RTAB-Map parameter "Mem/STMSize"="30" (rosparam)
[INFO] [1772803951.575099989] [rtabmap]: Setting RTAB-Map parameter "RGBD/AngularUpdate"="0.05" (rosparam)
[INFO] [1772803951.575370564] [rtabmap]: Setting RTAB-Map parameter "RGBD/CreateOccupancyGrid"="true" (rosparam)
[INFO] [1772803951.576820880] [rtabmap]: Setting RTAB-Map parameter "RGBD/LinearUpdate"="0.05" (rosparam)
[INFO] [1772803951.581703536] [rtabmap]: Setting RTAB-Map parameter "RGBD/ProximityMaxGraphDepth"="0" (rosparam)
[INFO] [1772803951.582566718] [rtabmap]: Setting RTAB-Map parameter "RGBD/ProximityPathMaxNeighbors"="1" (rosparam)
[INFO] [1772803951.583539409] [rtabmap]: Setting RTAB-Map parameter "Reg/Strategy"="1" (rosparam)
[INFO] [1772803951.612699086] [rtabmap]: RTAB-Map detection rate = 1.000000 Hz
[INFO] [1772803951.613235530] [rtabmap]: rtabmap: Deleted database "/root/.ros/rtabmap.db" (--delete_db_on_start or -d are set).
[INFO] [1772803951.613319695] [rtabmap]: rtabmap: Using database from "/root/.ros/rtabmap.db" (0 MB).
[INFO] [1772803951.695032759] [rtabmap]: rtabmap: Database version = "0.22.1".
[INFO] [1772803951.696554663] [rtabmap]: rtabmap: SLAM mode (Mem/IncrementalMemory=true)
[INFO] [1772803951.789348822] [rtabmap]: Setup callbacks
[INFO] [1772803951.790214979] [rtabmap]: rtabmap: subscribe_depth = false
[INFO] [1772803951.790285799] [rtabmap]: rtabmap: subscribe_rgb = false
[INFO] [1772803951.790305896] [rtabmap]: rtabmap: subscribe_stereo = false
[INFO] [1772803951.790320905] [rtabmap]: rtabmap: subscribe_rgbd = false (rgbd_cameras=1)
[INFO] [1772803951.790336137] [rtabmap]: rtabmap: subscribe_sensor_data = false
[INFO] [1772803951.790350538] [rtabmap]: rtabmap: subscribe_odom_info = false
[INFO] [1772803951.790363755] [rtabmap]: rtabmap: subscribe_user_data = false
[INFO] [1772803951.790377676] [rtabmap]: rtabmap: subscribe_scan = false
[INFO] [1772803951.790391916] [rtabmap]: rtabmap: subscribe_scan_cloud = true
[INFO] [1772803951.790405581] [rtabmap]: rtabmap: subscribe_scan_descriptor = false
[INFO] [1772803951.790418958] [rtabmap]: rtabmap: topic_queue_size = 10
[INFO] [1772803951.790432079] [rtabmap]: rtabmap: sync_queue_size  = 200
[INFO] [1772803951.790445647] [rtabmap]: rtabmap: qos_image       = 0
[INFO] [1772803951.790459280] [rtabmap]: rtabmap: qos_camera_info = 0
[INFO] [1772803951.790472657] [rtabmap]: rtabmap: qos_scan        = 0
[INFO] [1772803951.790486513] [rtabmap]: rtabmap: qos_odom        = 0
[INFO] [1772803951.790499954] [rtabmap]: rtabmap: qos_user_data   = 0
[INFO] [1772803951.790514003] [rtabmap]: rtabmap: approx_sync     = true
[INFO] [1772803951.790548309] [rtabmap]: Setup scan callback
[INFO] [1772803951.796225343] [rtabmap]: 
rtabmap subscribed to (approx sync):
   /odom \
   /leo04/livox/lidar
[WARN] [1772803951.803181261] [rtabmap]: There is no image subscription, bag-of-words loop closure detection will be disabled...
[WARN] [1772803951.803307187] [rtabmap]: Setting Kp/MaxFeatures=-1 (bag-of-words disabled)
[WARN] [1772803956.803825133] [rtabmap]: rtabmap: Did not receive data since 5 seconds! Make sure the input topics are published ("$ ros2 topic hz my_topic") and the timestamps in their header are set. If topics are coming from different computers, make sure the clocks of the computers are synchronized ("ntpdate"). Ajusting topic_queue_size (10) and sync_queue_size (200) can also help for better synchronization if framerates and/or delays are different. If topics are not published at the same rate, you could increase "sync_queue_size" and/or "topic_queue_size" parameters (current=200 and 10 respectively).
rtabmap subscribed to (approx sync):
   /odom \
   /leo04/livox/lidar
[WARN] [1772803961.803875078] [rtabmap]: rtabmap: Did not receive data since 5 seconds! Make sure the input topics are published ("$ ros2 topic hz my_topic") and the timestamps in their header are set. If topics are coming from different computers, make sure the clocks of the computers are synchronized ("ntpdate"). Ajusting topic_queue_size (10) and sync_queue_size (200) can also help for better synchronization if framerates and/or delays are different. If topics are not published at the same rate, you could increase "sync_queue_size" and/or "topic_queue_size" parameters (current=200 and 10 respectively).
rtabmap subscribed to (approx sync):
   /odom \
   /leo04/livox/lidar
[INFO] [1772803964.715045183] [rclcpp]: signal_handler(signum=2)
