[INFO] [1774356118.673635476] [rtabmap]: rtabmap(maps): latch                      = false
[INFO] [1774356118.674334316] [rtabmap]: rtabmap(maps): map_filter_radius          = 0.000000
[INFO] [1774356118.674388717] [rtabmap]: rtabmap(maps): map_filter_angle           = 30.000000
[INFO] [1774356118.674413102] [rtabmap]: rtabmap(maps): map_cleanup                = true
[INFO] [1774356118.674430415] [rtabmap]: rtabmap(maps): map_always_update          = false
[INFO] [1774356118.674446863] [rtabmap]: rtabmap(maps): map_empty_ray_tracing      = true
[INFO] [1774356118.674462032] [rtabmap]: rtabmap(maps): cloud_output_voxelized     = true
[INFO] [1774356118.674476880] [rtabmap]: rtabmap(maps): cloud_subtract_filtering   = false
[INFO] [1774356118.674496401] [rtabmap]: rtabmap(maps): cloud_subtract_filtering_min_neighbors = 2
[INFO] [1774356118.680244148] [rtabmap]: rtabmap(maps): octomap_tree_depth         = 16
[INFO] [1774356118.828774632] [rtabmap]: rtabmap: frame_id      = leo04/base_footprint
[INFO] [1774356118.829054418] [rtabmap]: rtabmap: map_frame_id  = map
[INFO] [1774356118.829095315] [rtabmap]: rtabmap: log_to_rosout_level  = 4
[INFO] [1774356118.829152789] [rtabmap]: rtabmap: initial_pose  = 
[INFO] [1774356118.829175158] [rtabmap]: rtabmap: use_action_for_goal  = false
[INFO] [1774356118.829209943] [rtabmap]: rtabmap: tf_delay      = 0.050000
[INFO] [1774356118.829239480] [rtabmap]: rtabmap: tf_tolerance  = 0.100000
[INFO] [1774356118.829273177] [rtabmap]: rtabmap: odom_sensor_sync   = false
[INFO] [1774356118.829291674] [rtabmap]: rtabmap: pub_loc_pose_only_when_localizing = false
[INFO] [1774356118.829307386] [rtabmap]: rtabmap: wait_for_transform = 0.500000
[INFO] [1774356118.829324795] [rtabmap]: rtabmap: gen_scan  = false
[INFO] [1774356118.829339995] [rtabmap]: rtabmap: gen_depth  = false
[INFO] [1774356118.829354812] [rtabmap]: rtabmap: scan_cloud_max_points = 0
[INFO] [1774356118.829369788] [rtabmap]: rtabmap: scan_cloud_is_2d = false
[INFO] [1774356118.925822600] [rtabmap]: Setting RTAB-Map parameter "Grid/CellSize"="0.03" (rosparam)
[INFO] [1774356118.932817493] [rtabmap]: Setting RTAB-Map parameter "Grid/MaxGroundAngle"="45" (rosparam)
[INFO] [1774356118.933589391] [rtabmap]: Setting RTAB-Map parameter "Grid/MaxGroundHeight"="0.1" (rosparam)
[INFO] [1774356118.934303176] [rtabmap]: Setting RTAB-Map parameter "Grid/MaxObstacleHeight"="0.7" (rosparam)
[INFO] [1774356118.935801050] [rtabmap]: Setting RTAB-Map parameter "Grid/MinGroundHeight"="-0.1" (rosparam)
[INFO] [1774356118.940050635] [rtabmap]: Setting RTAB-Map parameter "Grid/RangeMax"="3.0" (rosparam)
[INFO] [1774356118.941670658] [rtabmap]: Setting RTAB-Map parameter "Grid/RangeMin"="0.7" (rosparam)
[INFO] [1774356118.942472349] [rtabmap]: Setting RTAB-Map parameter "Grid/RayTracing"="false" (rosparam)
[INFO] [1774356118.945307197] [rtabmap]: Setting RTAB-Map parameter "Grid/Sensor"="0" (rosparam)
[INFO] [1774356118.959689254] [rtabmap]: Setting RTAB-Map parameter "Icp/CorrespondenceRatio"="0.2" (rosparam)
[INFO] [1774356118.963405860] [rtabmap]: Setting RTAB-Map parameter "Icp/Epsilon"="0.001" (rosparam)
[INFO] [1774356118.966026461] [rtabmap]: Setting RTAB-Map parameter "Icp/Iterations"="10" (rosparam)
[INFO] [1774356118.968095619] [rtabmap]: Setting RTAB-Map parameter "Icp/MaxCorrespondenceDistance"="1" (rosparam)
[INFO] [1774356118.969495571] [rtabmap]: Setting RTAB-Map parameter "Icp/MaxTranslation"="3" (rosparam)
[INFO] [1774356118.970248300] [rtabmap]: Setting RTAB-Map parameter "Icp/OutlierRatio"="0.7" (rosparam)
[INFO] [1774356118.974720132] [rtabmap]: Setting RTAB-Map parameter "Icp/PointToPlane"="true" (rosparam)
[INFO] [1774356118.974941228] [rtabmap]: Setting RTAB-Map parameter "Icp/PointToPlaneK"="20" (rosparam)
[INFO] [1774356118.975086800] [rtabmap]: Setting RTAB-Map parameter "Icp/PointToPlaneRadius"="0" (rosparam)
[INFO] [1774356118.975172115] [rtabmap]: Setting RTAB-Map parameter "Icp/RangeMin"="0.3" (rosparam)
[INFO] [1774356118.975273623] [rtabmap]: Setting RTAB-Map parameter "Icp/Strategy"="1" (rosparam)
[INFO] [1774356118.975332889] [rtabmap]: Setting RTAB-Map parameter "Icp/VoxelSize"="0.1" (rosparam)
[INFO] [1774356118.976864397] [rtabmap]: Setting RTAB-Map parameter "Mem/LaserScanNormalK"="20" (rosparam)
[INFO] [1774356118.976993777] [rtabmap]: Setting RTAB-Map parameter "Mem/LaserScanVoxelSize"="0.03" (rosparam)
[INFO] [1774356118.977115893] [rtabmap]: Setting RTAB-Map parameter "Mem/NotLinkedNodesKept"="false" (rosparam)
[INFO] [1774356118.977355006] [rtabmap]: Setting RTAB-Map parameter "Mem/STMSize"="30" (rosparam)
[INFO] [1774356118.978144248] [rtabmap]: Setting RTAB-Map parameter "RGBD/AngularUpdate"="0.05" (rosparam)
[INFO] [1774356118.978219323] [rtabmap]: Setting RTAB-Map parameter "RGBD/CreateOccupancyGrid"="true" (rosparam)
[INFO] [1774356118.978425538] [rtabmap]: Setting RTAB-Map parameter "RGBD/LinearUpdate"="0.05" (rosparam)
[INFO] [1774356118.996250815] [rtabmap]: Setting RTAB-Map parameter "RGBD/ProximityMaxGraphDepth"="0" (rosparam)
[INFO] [1774356119.000964703] [rtabmap]: Setting RTAB-Map parameter "RGBD/ProximityPathMaxNeighbors"="1" (rosparam)
[INFO] [1774356119.006361527] [rtabmap]: Setting RTAB-Map parameter "Reg/Strategy"="1" (rosparam)
[INFO] [1774356119.025341563] [rtabmap]: RTAB-Map detection rate = 1.000000 Hz
[INFO] [1774356119.030087324] [rtabmap]: rtabmap: Deleted database "/root/.ros/rtabmap.db" (--delete_db_on_start or -d are set).
[INFO] [1774356119.031397129] [rtabmap]: rtabmap: Using database from "/root/.ros/rtabmap.db" (0 MB).
[INFO] [1774356119.124858606] [rtabmap]: rtabmap: Database version = "0.22.1".
[INFO] [1774356119.125028212] [rtabmap]: rtabmap: SLAM mode (Mem/IncrementalMemory=true)
[INFO] [1774356119.139346586] [rtabmap]: Setup callbacks
[INFO] [1774356119.139554817] [rtabmap]: rtabmap: subscribe_depth = false
[INFO] [1774356119.139598691] [rtabmap]: rtabmap: subscribe_rgb = false
[INFO] [1774356119.139623556] [rtabmap]: rtabmap: subscribe_stereo = false
[INFO] [1774356119.139644389] [rtabmap]: rtabmap: subscribe_rgbd = false (rgbd_cameras=1)
[INFO] [1774356119.139701062] [rtabmap]: rtabmap: subscribe_sensor_data = false
[INFO] [1774356119.139727079] [rtabmap]: rtabmap: subscribe_odom_info = false
[INFO] [1774356119.139747624] [rtabmap]: rtabmap: subscribe_user_data = false
[INFO] [1774356119.139767721] [rtabmap]: rtabmap: subscribe_scan = false
[INFO] [1774356119.139788425] [rtabmap]: rtabmap: subscribe_scan_cloud = true
[INFO] [1774356119.139809450] [rtabmap]: rtabmap: subscribe_scan_descriptor = false
[INFO] [1774356119.139830091] [rtabmap]: rtabmap: topic_queue_size = 10
[INFO] [1774356119.139850700] [rtabmap]: rtabmap: sync_queue_size  = 200
[INFO] [1774356119.139870508] [rtabmap]: rtabmap: qos_image       = 0
[INFO] [1774356119.139896269] [rtabmap]: rtabmap: qos_camera_info = 0
[INFO] [1774356119.139919246] [rtabmap]: rtabmap: qos_scan        = 0
[INFO] [1774356119.139939951] [rtabmap]: rtabmap: qos_odom        = 0
[INFO] [1774356119.139960207] [rtabmap]: rtabmap: qos_user_data   = 0
[INFO] [1774356119.139980144] [rtabmap]: rtabmap: approx_sync     = true
[INFO] [1774356119.140021489] [rtabmap]: Setup scan callback
[INFO] [1774356119.141466850] [rtabmap]: 
rtabmap subscribed to (approx sync):
   /odom \
   /leo04/livox/lidar
[WARN] [1774356119.143899925] [rtabmap]: There is no image subscription, bag-of-words loop closure detection will be disabled...
[WARN] [1774356119.143981208] [rtabmap]: Setting Kp/MaxFeatures=-1 (bag-of-words disabled)
[WARN] [1774356124.144271455] [rtabmap]: rtabmap: Did not receive data since 5 seconds! Make sure the input topics are published ("$ ros2 topic hz my_topic") and the timestamps in their header are set. If topics are coming from different computers, make sure the clocks of the computers are synchronized ("ntpdate"). Ajusting topic_queue_size (10) and sync_queue_size (200) can also help for better synchronization if framerates and/or delays are different. If topics are not published at the same rate, you could increase "sync_queue_size" and/or "topic_queue_size" parameters (current=200 and 10 respectively).
rtabmap subscribed to (approx sync):
   /odom \
   /leo04/livox/lidar
[INFO] [1774356125.768391631] [rclcpp]: signal_handler(signum=2)
