[INFO] [1774356109.682795509] [rtabmap]: rtabmap(maps): latch                      = false
[INFO] [1774356109.683487053] [rtabmap]: rtabmap(maps): map_filter_radius          = 0.000000
[INFO] [1774356109.683534767] [rtabmap]: rtabmap(maps): map_filter_angle           = 30.000000
[INFO] [1774356109.683560975] [rtabmap]: rtabmap(maps): map_cleanup                = true
[INFO] [1774356109.683578512] [rtabmap]: rtabmap(maps): map_always_update          = false
[INFO] [1774356109.683596113] [rtabmap]: rtabmap(maps): map_empty_ray_tracing      = true
[INFO] [1774356109.683777303] [rtabmap]: rtabmap(maps): cloud_output_voxelized     = true
[INFO] [1774356109.683808088] [rtabmap]: rtabmap(maps): cloud_subtract_filtering   = false
[INFO] [1774356109.683831097] [rtabmap]: rtabmap(maps): cloud_subtract_filtering_min_neighbors = 2
[INFO] [1774356109.683951421] [rtabmap]: rtabmap(maps): octomap_tree_depth         = 16
[INFO] [1774356109.764999005] [rtabmap]: rtabmap: frame_id      = leo04/base_footprint
[INFO] [1774356109.765115681] [rtabmap]: rtabmap: map_frame_id  = map
[INFO] [1774356109.765141314] [rtabmap]: rtabmap: log_to_rosout_level  = 4
[INFO] [1774356109.765160258] [rtabmap]: rtabmap: initial_pose  = 
[INFO] [1774356109.765177827] [rtabmap]: rtabmap: use_action_for_goal  = false
[INFO] [1774356109.765194276] [rtabmap]: rtabmap: tf_delay      = 0.050000
[INFO] [1774356109.765223653] [rtabmap]: rtabmap: tf_tolerance  = 0.100000
[INFO] [1774356109.765258662] [rtabmap]: rtabmap: odom_sensor_sync   = false
[INFO] [1774356109.765279654] [rtabmap]: rtabmap: pub_loc_pose_only_when_localizing = false
[INFO] [1774356109.765298823] [rtabmap]: rtabmap: wait_for_transform = 0.500000
[INFO] [1774356109.765321256] [rtabmap]: rtabmap: gen_scan  = false
[INFO] [1774356109.765339944] [rtabmap]: rtabmap: gen_depth  = false
[INFO] [1774356109.765357737] [rtabmap]: rtabmap: scan_cloud_max_points = 0
[INFO] [1774356109.765375338] [rtabmap]: rtabmap: scan_cloud_is_2d = false
[INFO] [1774356109.799095043] [rtabmap]: Setting RTAB-Map parameter "Grid/CellSize"="0.03" (rosparam)
[INFO] [1774356109.801922115] [rtabmap]: Setting RTAB-Map parameter "Grid/MaxGroundAngle"="45" (rosparam)
[INFO] [1774356109.802859939] [rtabmap]: Setting RTAB-Map parameter "Grid/MaxGroundHeight"="0.1" (rosparam)
[INFO] [1774356109.803941703] [rtabmap]: Setting RTAB-Map parameter "Grid/MaxObstacleHeight"="0.7" (rosparam)
[INFO] [1774356109.804059595] [rtabmap]: Setting RTAB-Map parameter "Grid/MinGroundHeight"="-0.1" (rosparam)
[INFO] [1774356109.804260690] [rtabmap]: Setting RTAB-Map parameter "Grid/RangeMax"="3.0" (rosparam)
[INFO] [1774356109.804322772] [rtabmap]: Setting RTAB-Map parameter "Grid/RangeMin"="0.7" (rosparam)
[INFO] [1774356109.804379350] [rtabmap]: Setting RTAB-Map parameter "Grid/RayTracing"="false" (rosparam)
[INFO] [1774356109.804492986] [rtabmap]: Setting RTAB-Map parameter "Grid/Sensor"="0" (rosparam)
[INFO] [1774356109.805267252] [rtabmap]: Setting RTAB-Map parameter "Icp/CorrespondenceRatio"="0.2" (rosparam)
[INFO] [1774356109.805625184] [rtabmap]: Setting RTAB-Map parameter "Icp/Epsilon"="0.001" (rosparam)
[INFO] [1774356109.805749285] [rtabmap]: Setting RTAB-Map parameter "Icp/Iterations"="10" (rosparam)
[INFO] [1774356109.805809447] [rtabmap]: Setting RTAB-Map parameter "Icp/MaxCorrespondenceDistance"="1" (rosparam)
[INFO] [1774356109.805898218] [rtabmap]: Setting RTAB-Map parameter "Icp/MaxTranslation"="3" (rosparam)
[INFO] [1774356109.805958028] [rtabmap]: Setting RTAB-Map parameter "Icp/OutlierRatio"="0.7" (rosparam)
[INFO] [1774356109.806087568] [rtabmap]: Setting RTAB-Map parameter "Icp/PointToPlane"="true" (rosparam)
[INFO] [1774356109.806167955] [rtabmap]: Setting RTAB-Map parameter "Icp/PointToPlaneK"="20" (rosparam)
[INFO] [1774356109.806267606] [rtabmap]: Setting RTAB-Map parameter "Icp/PointToPlaneRadius"="0" (rosparam)
[INFO] [1774356109.806344793] [rtabmap]: Setting RTAB-Map parameter "Icp/RangeMin"="0.3" (rosparam)
[INFO] [1774356109.806427356] [rtabmap]: Setting RTAB-Map parameter "Icp/Strategy"="1" (rosparam)
[INFO] [1774356109.806481022] [rtabmap]: Setting RTAB-Map parameter "Icp/VoxelSize"="0.1" (rosparam)
[INFO] [1774356109.808445120] [rtabmap]: Setting RTAB-Map parameter "Mem/LaserScanNormalK"="20" (rosparam)
[INFO] [1774356109.808619302] [rtabmap]: Setting RTAB-Map parameter "Mem/LaserScanVoxelSize"="0.03" (rosparam)
[INFO] [1774356109.808729674] [rtabmap]: Setting RTAB-Map parameter "Mem/NotLinkedNodesKept"="false" (rosparam)
[INFO] [1774356109.808941873] [rtabmap]: Setting RTAB-Map parameter "Mem/STMSize"="30" (rosparam)
[INFO] [1774356109.809675850] [rtabmap]: Setting RTAB-Map parameter "RGBD/AngularUpdate"="0.05" (rosparam)
[INFO] [1774356109.810157786] [rtabmap]: Setting RTAB-Map parameter "RGBD/CreateOccupancyGrid"="true" (rosparam)
[INFO] [1774356109.810580201] [rtabmap]: Setting RTAB-Map parameter "RGBD/LinearUpdate"="0.05" (rosparam)
[INFO] [1774356109.811174109] [rtabmap]: Setting RTAB-Map parameter "RGBD/ProximityMaxGraphDepth"="0" (rosparam)
[INFO] [1774356109.811329698] [rtabmap]: Setting RTAB-Map parameter "RGBD/ProximityPathMaxNeighbors"="1" (rosparam)
[INFO] [1774356109.811512264] [rtabmap]: Setting RTAB-Map parameter "Reg/Strategy"="1" (rosparam)
[INFO] [1774356109.814778071] [rtabmap]: RTAB-Map detection rate = 1.000000 Hz
[INFO] [1774356109.816049890] [rtabmap]: rtabmap: Deleted database "/root/.ros/rtabmap.db" (--delete_db_on_start or -d are set).
[INFO] [1774356109.816149446] [rtabmap]: rtabmap: Using database from "/root/.ros/rtabmap.db" (0 MB).
[INFO] [1774356109.933656540] [rtabmap]: rtabmap: Database version = "0.22.1".
[INFO] [1774356109.940052437] [rtabmap]: rtabmap: SLAM mode (Mem/IncrementalMemory=true)
[INFO] [1774356109.989545990] [rtabmap]: Setup callbacks
[INFO] [1774356109.992290915] [rtabmap]: rtabmap: subscribe_depth = false
[INFO] [1774356109.994085216] [rtabmap]: rtabmap: subscribe_rgb = false
[INFO] [1774356109.995212070] [rtabmap]: rtabmap: subscribe_stereo = false
[INFO] [1774356109.996070596] [rtabmap]: rtabmap: subscribe_rgbd = false (rgbd_cameras=1)
[INFO] [1774356109.996889471] [rtabmap]: rtabmap: subscribe_sensor_data = false
[INFO] [1774356109.997638105] [rtabmap]: rtabmap: subscribe_odom_info = false
[INFO] [1774356109.998369522] [rtabmap]: rtabmap: subscribe_user_data = false
[INFO] [1774356109.999006055] [rtabmap]: rtabmap: subscribe_scan = false
[INFO] [1774356109.999827555] [rtabmap]: rtabmap: subscribe_scan_cloud = true
[INFO] [1774356110.000456889] [rtabmap]: rtabmap: subscribe_scan_descriptor = false
[INFO] [1774356110.000996971] [rtabmap]: rtabmap: topic_queue_size = 10
[INFO] [1774356110.001031660] [rtabmap]: rtabmap: sync_queue_size  = 200
[INFO] [1774356110.001053389] [rtabmap]: rtabmap: qos_image       = 0
[INFO] [1774356110.001073197] [rtabmap]: rtabmap: qos_camera_info = 0
[INFO] [1774356110.001093006] [rtabmap]: rtabmap: qos_scan        = 0
[INFO] [1774356110.001111887] [rtabmap]: rtabmap: qos_odom        = 0
[INFO] [1774356110.001129903] [rtabmap]: rtabmap: qos_user_data   = 0
[INFO] [1774356110.001148048] [rtabmap]: rtabmap: approx_sync     = true
[INFO] [1774356110.001205842] [rtabmap]: Setup scan callback
[INFO] [1774356110.005404033] [rtabmap]: 
rtabmap subscribed to (approx sync):
   /odom \
   /leo04/livox/lidar
[WARN] [1774356110.009833687] [rtabmap]: There is no image subscription, bag-of-words loop closure detection will be disabled...
[WARN] [1774356110.010952605] [rtabmap]: Setting Kp/MaxFeatures=-1 (bag-of-words disabled)
[WARN] [1774356115.010233666] [rtabmap]: rtabmap: Did not receive data since 5 seconds! Make sure the input topics are published ("$ ros2 topic hz my_topic") and the timestamps in their header are set. If topics are coming from different computers, make sure the clocks of the computers are synchronized ("ntpdate"). Ajusting topic_queue_size (10) and sync_queue_size (200) can also help for better synchronization if framerates and/or delays are different. If topics are not published at the same rate, you could increase "sync_queue_size" and/or "topic_queue_size" parameters (current=200 and 10 respectively).
rtabmap subscribed to (approx sync):
   /odom \
   /leo04/livox/lidar
[INFO] [1774356116.152367619] [rclcpp]: signal_handler(signum=2)
