[INFO] [1771004209.413737390] [rtabmap]: rtabmap(maps): latch                      = true
[INFO] [1771004209.415622544] [rtabmap]: rtabmap(maps): map_filter_radius          = 0.000000
[INFO] [1771004209.415674802] [rtabmap]: rtabmap(maps): map_filter_angle           = 30.000000
[INFO] [1771004209.415703123] [rtabmap]: rtabmap(maps): map_cleanup                = true
[INFO] [1771004209.415721907] [rtabmap]: rtabmap(maps): map_always_update          = false
[INFO] [1771004209.415756340] [rtabmap]: rtabmap(maps): map_empty_ray_tracing      = true
[INFO] [1771004209.415776501] [rtabmap]: rtabmap(maps): cloud_output_voxelized     = true
[INFO] [1771004209.415793814] [rtabmap]: rtabmap(maps): cloud_subtract_filtering   = false
[INFO] [1771004209.415810966] [rtabmap]: rtabmap(maps): cloud_subtract_filtering_min_neighbors = 2
[INFO] [1771004209.415956603] [rtabmap]: rtabmap(maps): octomap_tree_depth         = 16
[INFO] [1771004209.434216181] [rtabmap]: rtabmap: frame_id      = leo04/base_footprint
[INFO] [1771004209.435286746] [rtabmap]: rtabmap: map_frame_id  = map
[INFO] [1771004209.435320699] [rtabmap]: rtabmap: log_to_rosout_level  = 4
[INFO] [1771004209.435340988] [rtabmap]: rtabmap: initial_pose  = 
[INFO] [1771004209.435359196] [rtabmap]: rtabmap: use_action_for_goal  = false
[INFO] [1771004209.435377533] [rtabmap]: rtabmap: tf_delay      = 0.050000
[INFO] [1771004209.435406078] [rtabmap]: rtabmap: tf_tolerance  = 0.100000
[INFO] [1771004209.435444127] [rtabmap]: rtabmap: odom_sensor_sync   = false
[INFO] [1771004209.435466560] [rtabmap]: rtabmap: pub_loc_pose_only_when_localizing = false
[INFO] [1771004209.435485281] [rtabmap]: rtabmap: wait_for_transform = 0.500000
[INFO] [1771004209.435505953] [rtabmap]: rtabmap: gen_scan  = false
[INFO] [1771004209.435524354] [rtabmap]: rtabmap: gen_depth  = false
[INFO] [1771004209.435631462] [rtabmap]: rtabmap: scan_cloud_max_points = 0
[INFO] [1771004209.435660839] [rtabmap]: rtabmap: scan_cloud_is_2d = false
[INFO] [1771004209.448129975] [rtabmap]: Setting RTAB-Map parameter "Grid/CellSize"="0.03" (rosparam)
[INFO] [1771004209.448572199] [rtabmap]: Setting RTAB-Map parameter "Grid/MaxGroundAngle"="45" (rosparam)
[INFO] [1771004209.448645161] [rtabmap]: Setting RTAB-Map parameter "Grid/MaxGroundHeight"="0.1" (rosparam)
[INFO] [1771004209.448713515] [rtabmap]: Setting RTAB-Map parameter "Grid/MaxObstacleHeight"="0.7" (rosparam)
[INFO] [1771004209.448807023] [rtabmap]: Setting RTAB-Map parameter "Grid/MinGroundHeight"="-0.1" (rosparam)
[INFO] [1771004209.448985173] [rtabmap]: Setting RTAB-Map parameter "Grid/RangeMax"="3.0" (rosparam)
[INFO] [1771004209.449045047] [rtabmap]: Setting RTAB-Map parameter "Grid/RangeMin"="0.5" (rosparam)
[INFO] [1771004209.449109145] [rtabmap]: Setting RTAB-Map parameter "Grid/RayTracing"="false" (rosparam)
[INFO] [1771004209.449215741] [rtabmap]: Setting RTAB-Map parameter "Grid/Sensor"="0" (rosparam)
[INFO] [1771004209.449644716] [rtabmap]: Setting RTAB-Map parameter "Icp/CorrespondenceRatio"="0.2" (rosparam)
[INFO] [1771004209.449753839] [rtabmap]: Setting RTAB-Map parameter "Icp/Epsilon"="0.001" (rosparam)
[INFO] [1771004209.449854899] [rtabmap]: Setting RTAB-Map parameter "Icp/Iterations"="10" (rosparam)
[INFO] [1771004209.449929494] [rtabmap]: Setting RTAB-Map parameter "Icp/MaxCorrespondenceDistance"="1" (rosparam)
[INFO] [1771004209.450015033] [rtabmap]: Setting RTAB-Map parameter "Icp/MaxTranslation"="3" (rosparam)
[INFO] [1771004209.450080283] [rtabmap]: Setting RTAB-Map parameter "Icp/OutlierRatio"="0.7" (rosparam)
[INFO] [1771004209.450240544] [rtabmap]: Setting RTAB-Map parameter "Icp/PointToPlane"="true" (rosparam)
[INFO] [1771004209.450347524] [rtabmap]: Setting RTAB-Map parameter "Icp/PointToPlaneK"="20" (rosparam)
[INFO] [1771004209.450468360] [rtabmap]: Setting RTAB-Map parameter "Icp/PointToPlaneRadius"="0" (rosparam)
[INFO] [1771004209.450559147] [rtabmap]: Setting RTAB-Map parameter "Icp/RangeMin"="0.3" (rosparam)
[INFO] [1771004209.450643054] [rtabmap]: Setting RTAB-Map parameter "Icp/Strategy"="1" (rosparam)
[INFO] [1771004209.450720433] [rtabmap]: Setting RTAB-Map parameter "Icp/VoxelSize"="0.1" (rosparam)
[INFO] [1771004209.452409900] [rtabmap]: Setting RTAB-Map parameter "Mem/LaserScanNormalK"="20" (rosparam)
[INFO] [1771004209.452647604] [rtabmap]: Setting RTAB-Map parameter "Mem/NotLinkedNodesKept"="false" (rosparam)
[INFO] [1771004209.452867803] [rtabmap]: Setting RTAB-Map parameter "Mem/STMSize"="30" (rosparam)
[INFO] [1771004209.453656983] [rtabmap]: Setting RTAB-Map parameter "RGBD/AngularUpdate"="0.05" (rosparam)
[INFO] [1771004209.453730169] [rtabmap]: Setting RTAB-Map parameter "RGBD/CreateOccupancyGrid"="true" (rosparam)
[INFO] [1771004209.453948961] [rtabmap]: Setting RTAB-Map parameter "RGBD/LinearUpdate"="0.05" (rosparam)
[INFO] [1771004209.454557686] [rtabmap]: Setting RTAB-Map parameter "RGBD/ProximityMaxGraphDepth"="0" (rosparam)
[INFO] [1771004209.454742492] [rtabmap]: Setting RTAB-Map parameter "RGBD/ProximityPathMaxNeighbors"="1" (rosparam)
[INFO] [1771004209.454925635] [rtabmap]: Setting RTAB-Map parameter "Reg/Strategy"="1" (rosparam)
[INFO] [1771004209.458547520] [rtabmap]: RTAB-Map detection rate = 1.000000 Hz
[INFO] [1771004209.459069907] [rtabmap]: rtabmap: Deleted database "/root/.ros/rtabmap.db" (--delete_db_on_start or -d are set).
[INFO] [1771004209.459146549] [rtabmap]: rtabmap: Using database from "/root/.ros/rtabmap.db" (0 MB).
[INFO] [1771004209.537676601] [rtabmap]: rtabmap: Database version = "0.22.1".
[INFO] [1771004209.537844542] [rtabmap]: rtabmap: SLAM mode (Mem/IncrementalMemory=true)
[INFO] [1771004209.552944810] [rtabmap]: Setup callbacks
[INFO] [1771004209.553299414] [rtabmap]: rtabmap: subscribe_depth = false
[INFO] [1771004209.553344888] [rtabmap]: rtabmap: subscribe_rgb = false
[INFO] [1771004209.553372249] [rtabmap]: rtabmap: subscribe_stereo = false
[INFO] [1771004209.553397114] [rtabmap]: rtabmap: subscribe_rgbd = false (rgbd_cameras=1)
[INFO] [1771004209.553421947] [rtabmap]: rtabmap: subscribe_sensor_data = false
[INFO] [1771004209.553475421] [rtabmap]: rtabmap: subscribe_odom_info = false
[INFO] [1771004209.553642210] [rtabmap]: rtabmap: subscribe_user_data = false
[INFO] [1771004209.553672131] [rtabmap]: rtabmap: subscribe_scan = false
[INFO] [1771004209.553698180] [rtabmap]: rtabmap: subscribe_scan_cloud = true
[INFO] [1771004209.553721541] [rtabmap]: rtabmap: subscribe_scan_descriptor = false
[INFO] [1771004209.553744102] [rtabmap]: rtabmap: topic_queue_size = 10
[INFO] [1771004209.553774343] [rtabmap]: rtabmap: sync_queue_size  = 200
[INFO] [1771004209.553800200] [rtabmap]: rtabmap: qos_image       = 0
[INFO] [1771004209.553824681] [rtabmap]: rtabmap: qos_camera_info = 0
[INFO] [1771004209.553849001] [rtabmap]: rtabmap: qos_scan        = 0
[INFO] [1771004209.553872842] [rtabmap]: rtabmap: qos_odom        = 0
[INFO] [1771004209.553896043] [rtabmap]: rtabmap: qos_user_data   = 0
[INFO] [1771004209.553920012] [rtabmap]: rtabmap: approx_sync     = true
[INFO] [1771004209.553969998] [rtabmap]: Setup scan callback
[INFO] [1771004209.555648840] [rtabmap]: 
rtabmap subscribed to (approx sync):
   /odom \
   /leo04/livox/lidar
[WARN] [1771004209.557969112] [rtabmap]: There is no image subscription, bag-of-words loop closure detection will be disabled...
[WARN] [1771004209.558039003] [rtabmap]: Setting Kp/MaxFeatures=-1 (bag-of-words disabled)
[INFO] [1771004209.848133863] [rtabmap]: rtabmap (1): Rate=1.00s, Limit=0.000s, Conversion=0.0007s, RTAB-Map=0.1795s, Maps update=0.0020s pub=0.0021s delay=0.3076s (local map=1, WM=1)
[INFO] [1771004210.986039437] [rtabmap]: rtabmap (2): Rate=1.00s, Limit=0.000s, Conversion=0.0005s, RTAB-Map=0.1835s, Maps update=0.0002s pub=0.0001s delay=0.3456s (local map=1, WM=1)
[INFO] [1771004211.954720583] [rtabmap]: rtabmap (3): Rate=1.00s, Limit=0.000s, Conversion=0.0005s, RTAB-Map=0.1526s, Maps update=0.0002s pub=0.0001s delay=0.3132s (local map=1, WM=1)
[INFO] [1771004213.109793760] [rtabmap]: rtabmap (4): Rate=1.00s, Limit=0.000s, Conversion=0.0007s, RTAB-Map=0.2003s, Maps update=0.0002s pub=0.0001s delay=0.3693s (local map=1, WM=1)
[INFO] [1771004214.195296365] [rtabmap]: rtabmap (5): Rate=1.00s, Limit=0.000s, Conversion=0.0003s, RTAB-Map=0.1818s, Maps update=0.0002s pub=0.0001s delay=0.3540s (local map=1, WM=1)
[INFO] [1771004215.273198034] [rtabmap]: rtabmap (6): Rate=1.00s, Limit=0.000s, Conversion=0.0003s, RTAB-Map=0.1723s, Maps update=0.0002s pub=0.0001s delay=0.3327s (local map=1, WM=1)
[INFO] [1771004216.405368562] [rtabmap]: rtabmap (7): Rate=1.00s, Limit=0.000s, Conversion=0.0005s, RTAB-Map=0.1974s, Maps update=0.0002s pub=0.0001s delay=0.3641s (local map=1, WM=1)
[INFO] [1771004217.375110192] [rtabmap]: rtabmap (8): Rate=1.00s, Limit=0.000s, Conversion=0.0005s, RTAB-Map=0.1638s, Maps update=0.0023s pub=0.0021s delay=0.3336s (local map=2, WM=2)
[INFO] [1771004218.483660060] [rtabmap]: rtabmap (9): Rate=1.00s, Limit=0.000s, Conversion=0.0005s, RTAB-Map=0.1696s, Maps update=0.0016s pub=0.0025s delay=0.3431s (local map=3, WM=3)
[INFO] [1771004219.487497849] [rtabmap]: rtabmap (10): Rate=1.00s, Limit=0.000s, Conversion=0.0003s, RTAB-Map=0.1716s, Maps update=0.0018s pub=0.0031s delay=0.3469s (local map=4, WM=4)
[INFO] [1771004220.480509726] [rtabmap]: rtabmap (11): Rate=1.00s, Limit=0.000s, Conversion=0.0003s, RTAB-Map=0.1687s, Maps update=0.0018s pub=0.0039s delay=0.3391s (local map=5, WM=5)
[INFO] [1771004221.491405168] [rtabmap]: rtabmap (12): Rate=1.00s, Limit=0.000s, Conversion=0.0005s, RTAB-Map=0.1766s, Maps update=0.0018s pub=0.0044s delay=0.3499s (local map=6, WM=6)
[INFO] [1771004222.570929389] [rtabmap]: rtabmap (13): Rate=1.00s, Limit=0.000s, Conversion=0.0003s, RTAB-Map=0.1646s, Maps update=0.0017s pub=0.0047s delay=0.3293s (local map=7, WM=7)
[INFO] [1771004223.678000614] [rtabmap]: rtabmap (14): Rate=1.00s, Limit=0.000s, Conversion=0.0005s, RTAB-Map=0.1588s, Maps update=0.0019s pub=0.0047s delay=0.3364s (local map=8, WM=8)
[INFO] [1771004224.808619247] [rtabmap]: rtabmap (15): Rate=1.00s, Limit=0.000s, Conversion=0.0003s, RTAB-Map=0.1903s, Maps update=0.0017s pub=0.0046s delay=0.3670s (local map=9, WM=9)
[INFO] [1771004225.903489729] [rtabmap]: rtabmap (16): Rate=1.00s, Limit=0.000s, Conversion=0.0007s, RTAB-Map=0.1882s, Maps update=0.0021s pub=0.0050s delay=0.3621s (local map=10, WM=10)
[INFO] [1771004226.867948232] [rtabmap]: rtabmap (17): Rate=1.00s, Limit=0.000s, Conversion=0.0004s, RTAB-Map=0.1644s, Maps update=0.0022s pub=0.0056s delay=0.3265s (local map=11, WM=11)
[INFO] [1771004227.986638900] [rtabmap]: rtabmap (18): Rate=1.00s, Limit=0.000s, Conversion=0.0003s, RTAB-Map=0.1772s, Maps update=0.0016s pub=0.0048s delay=0.3460s (local map=12, WM=12)
[INFO] [1771004228.971414652] [rtabmap]: rtabmap (19): Rate=1.00s, Limit=0.000s, Conversion=0.0005s, RTAB-Map=0.1672s, Maps update=0.0017s pub=0.0061s delay=0.3299s (local map=13, WM=13)
[INFO] [1771004230.005426319] [rtabmap]: rtabmap (20): Rate=1.00s, Limit=0.000s, Conversion=0.0006s, RTAB-Map=0.1839s, Maps update=0.0017s pub=0.0057s delay=0.3639s (local map=14, WM=14)
[INFO] [1771004231.083349909] [rtabmap]: rtabmap (21): Rate=1.00s, Limit=0.000s, Conversion=0.0003s, RTAB-Map=0.1719s, Maps update=0.0018s pub=0.0054s delay=0.3419s (local map=15, WM=15)
[INFO] [1771004232.185275483] [rtabmap]: rtabmap (22): Rate=1.00s, Limit=0.000s, Conversion=0.0005s, RTAB-Map=0.1677s, Maps update=0.0024s pub=0.0060s delay=0.3437s (local map=16, WM=16)
[INFO] [1771004233.215203809] [rtabmap]: rtabmap (23): Rate=1.00s, Limit=0.000s, Conversion=0.0003s, RTAB-Map=0.2006s, Maps update=0.0017s pub=0.0065s delay=0.3732s (local map=17, WM=17)
[INFO] [1771004234.291712662] [rtabmap]: rtabmap (24): Rate=1.00s, Limit=0.000s, Conversion=0.0005s, RTAB-Map=0.1752s, Maps update=0.0018s pub=0.0064s delay=0.3502s (local map=18, WM=18)
[INFO] [1771004235.391663864] [rtabmap]: rtabmap (25): Rate=1.00s, Limit=0.000s, Conversion=0.0006s, RTAB-Map=0.1774s, Maps update=0.0023s pub=0.0074s delay=0.3509s (local map=19, WM=19)
[INFO] [1771004236.412652007] [rtabmap]: rtabmap (26): Rate=1.00s, Limit=0.000s, Conversion=0.0005s, RTAB-Map=0.1927s, Maps update=0.0018s pub=0.0084s delay=0.3711s (local map=20, WM=20)
[INFO] [1771004237.484851303] [rtabmap]: rtabmap (27): Rate=1.00s, Limit=0.000s, Conversion=0.0004s, RTAB-Map=0.1736s, Maps update=0.0022s pub=0.0074s delay=0.3433s (local map=21, WM=21)
[INFO] [1771004238.477020079] [rtabmap]: rtabmap (28): Rate=1.00s, Limit=0.000s, Conversion=0.0003s, RTAB-Map=0.1675s, Maps update=0.0003s pub=0.0072s delay=0.3355s (local map=22, WM=22)
[INFO] [1771004239.609385045] [rtabmap]: rtabmap (29): Rate=1.00s, Limit=0.000s, Conversion=0.0004s, RTAB-Map=0.1950s, Maps update=0.0018s pub=0.0087s delay=0.3678s (local map=23, WM=23)
[INFO] [1771004240.695343473] [rtabmap]: rtabmap (30): Rate=1.00s, Limit=0.000s, Conversion=0.0005s, RTAB-Map=0.1792s, Maps update=0.0018s pub=0.0079s delay=0.3546s (local map=24, WM=24)
[INFO] [1771004241.784905387] [rtabmap]: rtabmap (31): Rate=1.00s, Limit=0.000s, Conversion=0.0005s, RTAB-Map=0.1712s, Maps update=0.0022s pub=0.0078s delay=0.3433s (local map=25, WM=25)
[INFO] [1771004242.891952195] [rtabmap]: rtabmap (32): Rate=1.00s, Limit=0.000s, Conversion=0.0005s, RTAB-Map=0.1717s, Maps update=0.0021s pub=0.0096s delay=0.3512s (local map=26, WM=26)
[INFO] [1771004243.997040919] [rtabmap]: rtabmap (33): Rate=1.00s, Limit=0.000s, Conversion=0.0005s, RTAB-Map=0.1846s, Maps update=0.0019s pub=0.0090s delay=0.3554s (local map=27, WM=27)
[INFO] [1771004245.088037346] [rtabmap]: rtabmap (34): Rate=1.00s, Limit=0.000s, Conversion=0.0003s, RTAB-Map=0.1679s, Maps update=0.0025s pub=0.0091s delay=0.3474s (local map=28, WM=28)
[INFO] [1771004246.079371534] [rtabmap]: rtabmap (35): Rate=1.00s, Limit=0.000s, Conversion=0.0003s, RTAB-Map=0.1619s, Maps update=0.0024s pub=0.0121s delay=0.3386s (local map=29, WM=29)
[INFO] [1771004247.084190412] [rtabmap]: rtabmap (36): Rate=1.00s, Limit=0.000s, Conversion=0.0003s, RTAB-Map=0.1634s, Maps update=0.0027s pub=0.0110s delay=0.3426s (local map=30, WM=30)
[INFO] [1771004248.135935110] [rtabmap]: rtabmap (37): Rate=1.00s, Limit=0.000s, Conversion=0.0003s, RTAB-Map=0.2281s, Maps update=0.0018s pub=0.0107s delay=0.3942s (local map=31, WM=31)
[INFO] [1771004249.268506100] [rtabmap]: rtabmap (38): Rate=1.00s, Limit=0.000s, Conversion=0.0003s, RTAB-Map=0.2454s, Maps update=0.0020s pub=0.0107s delay=0.4268s (local map=32, WM=32)
[INFO] [1771004250.333475640] [rtabmap]: rtabmap (39): Rate=1.00s, Limit=0.000s, Conversion=0.0005s, RTAB-Map=0.2182s, Maps update=0.0019s pub=0.0090s delay=0.3919s (local map=33, WM=33)
[INFO] [1771004251.455979688] [rtabmap]: rtabmap (40): Rate=1.00s, Limit=0.000s, Conversion=0.0006s, RTAB-Map=0.2297s, Maps update=0.0025s pub=0.0130s delay=0.4143s (local map=34, WM=34)
[INFO] [1771004252.566443447] [rtabmap]: rtabmap (41): Rate=1.00s, Limit=0.000s, Conversion=0.0005s, RTAB-Map=0.2399s, Maps update=0.0019s pub=0.0111s delay=0.4248s (local map=35, WM=35)
[INFO] [1771004253.680446112] [rtabmap]: rtabmap (42): Rate=1.00s, Limit=0.000s, Conversion=0.0004s, RTAB-Map=0.2478s, Maps update=0.0019s pub=0.0128s delay=0.4394s (local map=36, WM=36)
[INFO] [1771004254.779856399] [rtabmap]: rtabmap (43): Rate=1.00s, Limit=0.000s, Conversion=0.0005s, RTAB-Map=0.2483s, Maps update=0.0020s pub=0.0109s delay=0.4391s (local map=37, WM=37)
[INFO] [1771004255.878239995] [rtabmap]: rtabmap (44): Rate=1.00s, Limit=0.000s, Conversion=0.0004s, RTAB-Map=0.2329s, Maps update=0.0015s pub=0.0124s delay=0.4379s (local map=38, WM=38)
[INFO] [1771004256.862749145] [rtabmap]: rtabmap (45): Rate=1.00s, Limit=0.000s, Conversion=0.0004s, RTAB-Map=0.2338s, Maps update=0.0023s pub=0.0104s delay=0.4220s (local map=39, WM=39)
[INFO] [1771004257.886918071] [rtabmap]: rtabmap (46): Rate=1.00s, Limit=0.000s, Conversion=0.0005s, RTAB-Map=0.2509s, Maps update=0.0022s pub=0.0134s delay=0.4462s (local map=40, WM=40)
[INFO] [1771004258.972141370] [rtabmap]: rtabmap (47): Rate=1.00s, Limit=0.000s, Conversion=0.0005s, RTAB-Map=0.2357s, Maps update=0.0022s pub=0.0136s delay=0.4314s (local map=41, WM=41)
[INFO] [1771004260.112579672] [rtabmap]: rtabmap (48): Rate=1.00s, Limit=0.000s, Conversion=0.0003s, RTAB-Map=0.2758s, Maps update=0.0020s pub=0.0117s delay=0.4719s (local map=42, WM=42)
[INFO] [1771004261.057952905] [rtabmap]: rtabmap (49): Rate=1.00s, Limit=0.000s, Conversion=0.0005s, RTAB-Map=0.2372s, Maps update=0.0004s pub=0.0001s delay=0.4171s (local map=42, WM=42)
[INFO] [1771004262.156409912] [rtabmap]: rtabmap (50): Rate=1.00s, Limit=0.000s, Conversion=0.0004s, RTAB-Map=0.2389s, Maps update=0.0004s pub=0.0001s delay=0.4161s (local map=42, WM=42)
[INFO] [1771004263.171632415] [rtabmap]: rtabmap (51): Rate=1.00s, Limit=0.000s, Conversion=0.0005s, RTAB-Map=0.2317s, Maps update=0.0019s pub=0.0097s delay=0.4310s (local map=43, WM=43)
[INFO] [1771004264.265279238] [rtabmap]: rtabmap (52): Rate=1.00s, Limit=0.000s, Conversion=0.0005s, RTAB-Map=0.2299s, Maps update=0.0018s pub=0.0114s delay=0.4248s (local map=44, WM=44)
[INFO] [1771004265.268095520] [rtabmap]: rtabmap (53): Rate=1.00s, Limit=0.000s, Conversion=0.0003s, RTAB-Map=0.2294s, Maps update=0.0019s pub=0.0137s delay=0.4272s (local map=45, WM=45)
[INFO] [1771004266.308556979] [rtabmap]: rtabmap (54): Rate=1.00s, Limit=0.000s, Conversion=0.0004s, RTAB-Map=0.2630s, Maps update=0.0018s pub=0.0111s delay=0.4676s (local map=46, WM=46)
[INFO] [1771004267.367390883] [rtabmap]: rtabmap (55): Rate=1.00s, Limit=0.000s, Conversion=0.0005s, RTAB-Map=0.2410s, Maps update=0.0018s pub=0.0109s delay=0.4266s (local map=47, WM=47)
[INFO] [1771004268.374456655] [rtabmap]: rtabmap (56): Rate=1.00s, Limit=0.000s, Conversion=0.0003s, RTAB-Map=0.2396s, Maps update=0.0018s pub=0.0108s delay=0.4335s (local map=48, WM=48)
[INFO] [1771004269.494087548] [rtabmap]: rtabmap (57): Rate=1.00s, Limit=0.000s, Conversion=0.0003s, RTAB-Map=0.2562s, Maps update=0.0021s pub=0.0135s delay=0.4532s (local map=49, WM=49)
[INFO] [1771004270.587102893] [rtabmap]: rtabmap (58): Rate=1.00s, Limit=0.000s, Conversion=0.0003s, RTAB-Map=0.2489s, Maps update=0.0017s pub=0.0128s delay=0.4463s (local map=50, WM=50)
[INFO] [1771004271.577402676] [rtabmap]: rtabmap (59): Rate=1.00s, Limit=0.000s, Conversion=0.0004s, RTAB-Map=0.2453s, Maps update=0.0019s pub=0.0124s delay=0.4366s (local map=51, WM=51)
[INFO] [1771004272.596604070] [rtabmap]: rtabmap (60): Rate=1.00s, Limit=0.000s, Conversion=0.0004s, RTAB-Map=0.2554s, Maps update=0.0026s pub=0.0112s delay=0.4555s (local map=52, WM=52)
[INFO] [1771004273.655439350] [rtabmap]: rtabmap (61): Rate=1.00s, Limit=0.000s, Conversion=0.0008s, RTAB-Map=0.2190s, Maps update=0.0021s pub=0.0152s delay=0.4151s (local map=53, WM=53)
[INFO] [1771004274.657198474] [rtabmap]: rtabmap (62): Rate=1.00s, Limit=0.000s, Conversion=0.0004s, RTAB-Map=0.2205s, Maps update=0.0021s pub=0.0111s delay=0.4167s (local map=54, WM=54)
[INFO] [1771004275.784273369] [rtabmap]: rtabmap (63): Rate=1.00s, Limit=0.000s, Conversion=0.0003s, RTAB-Map=0.2469s, Maps update=0.0040s pub=0.0117s delay=0.4438s (local map=55, WM=55)
[INFO] [1771004276.778750705] [rtabmap]: rtabmap (64): Rate=1.00s, Limit=0.000s, Conversion=0.0003s, RTAB-Map=0.2412s, Maps update=0.0020s pub=0.0141s delay=0.4380s (local map=56, WM=56)
[INFO] [1771004277.765941581] [rtabmap]: rtabmap (65): Rate=1.00s, Limit=0.000s, Conversion=0.0004s, RTAB-Map=0.2365s, Maps update=0.0045s pub=0.0129s delay=0.4250s (local map=57, WM=57)
[INFO] [1771004278.846791288] [rtabmap]: rtabmap (66): Rate=1.00s, Limit=0.000s, Conversion=0.0005s, RTAB-Map=0.2327s, Maps update=0.0006s pub=0.0002s delay=0.4060s (local map=57, WM=57)
[INFO] [1771004279.973672288] [rtabmap]: rtabmap (67): Rate=1.00s, Limit=0.000s, Conversion=0.0006s, RTAB-Map=0.2352s, Maps update=0.0021s pub=0.0155s delay=0.4328s (local map=58, WM=58)
[INFO] [1771004281.101769074] [rtabmap]: rtabmap (68): Rate=1.00s, Limit=0.000s, Conversion=0.0005s, RTAB-Map=0.2662s, Maps update=0.0023s pub=0.0160s delay=0.4612s (local map=59, WM=59)
[INFO] [1771004282.195407481] [rtabmap]: rtabmap (69): Rate=1.00s, Limit=0.000s, Conversion=0.0004s, RTAB-Map=0.2573s, Maps update=0.0023s pub=0.0169s delay=0.4551s (local map=60, WM=60)
[INFO] [1771004283.207600503] [rtabmap]: rtabmap (70): Rate=1.00s, Limit=0.000s, Conversion=0.0006s, RTAB-Map=0.2648s, Maps update=0.0005s pub=0.0141s delay=0.4672s (local map=61, WM=61)
[INFO] [1771004284.273486268] [rtabmap]: rtabmap (71): Rate=1.00s, Limit=0.000s, Conversion=0.0005s, RTAB-Map=0.2323s, Maps update=0.0020s pub=0.0129s delay=0.4325s (local map=62, WM=62)
[INFO] [1771004285.391830396] [rtabmap]: rtabmap (72): Rate=1.00s, Limit=0.000s, Conversion=0.0004s, RTAB-Map=0.2497s, Maps update=0.0006s pub=0.0162s delay=0.4509s (local map=63, WM=63)
[INFO] [1771004286.496026353] [rtabmap]: rtabmap (73): Rate=1.00s, Limit=0.000s, Conversion=0.0004s, RTAB-Map=0.2503s, Maps update=0.0031s pub=0.0152s delay=0.4557s (local map=64, WM=64)
[INFO] [1771004287.487954225] [rtabmap]: rtabmap (74): Rate=1.00s, Limit=0.000s, Conversion=0.0005s, RTAB-Map=0.2488s, Maps update=0.0029s pub=0.0145s delay=0.4475s (local map=65, WM=65)
[INFO] [1771004288.476533308] [rtabmap]: rtabmap (75): Rate=1.00s, Limit=0.000s, Conversion=0.0004s, RTAB-Map=0.2361s, Maps update=0.0019s pub=0.0166s delay=0.4361s (local map=66, WM=66)
[INFO] [1771004289.568456136] [rtabmap]: rtabmap (76): Rate=1.00s, Limit=0.000s, Conversion=0.0005s, RTAB-Map=0.2310s, Maps update=0.0020s pub=0.0143s delay=0.4280s (local map=67, WM=67)
[INFO] [1771004290.603665476] [rtabmap]: rtabmap (77): Rate=1.00s, Limit=0.000s, Conversion=0.0005s, RTAB-Map=0.2728s, Maps update=0.0032s pub=0.0149s delay=0.4632s (local map=68, WM=68)
[INFO] [1771004291.698809151] [rtabmap]: rtabmap (78): Rate=1.00s, Limit=0.000s, Conversion=0.0003s, RTAB-Map=0.2650s, Maps update=0.0020s pub=0.0152s delay=0.4583s (local map=69, WM=69)
[INFO] [1771004292.667609885] [rtabmap]: rtabmap (79): Rate=1.00s, Limit=0.000s, Conversion=0.0005s, RTAB-Map=0.2223s, Maps update=0.0023s pub=0.0179s delay=0.4271s (local map=70, WM=70)
[INFO] [1771004293.773353896] [rtabmap]: rtabmap (80): Rate=1.00s, Limit=0.000s, Conversion=0.0005s, RTAB-Map=0.2316s, Maps update=0.0023s pub=0.0213s delay=0.4330s (local map=71, WM=71)
[INFO] [1771004294.910595031] [rtabmap]: rtabmap (81): Rate=1.00s, Limit=0.000s, Conversion=0.0004s, RTAB-Map=0.2658s, Maps update=0.0022s pub=0.0160s delay=0.4701s (local map=72, WM=72)
[INFO] [1771004295.950735679] [rtabmap]: rtabmap (82): Rate=1.00s, Limit=0.000s, Conversion=0.0003s, RTAB-Map=0.2114s, Maps update=0.0025s pub=0.0165s delay=0.4103s (local map=73, WM=73)
[INFO] [1771004297.083999748] [rtabmap]: rtabmap (83): Rate=1.00s, Limit=0.000s, Conversion=0.0005s, RTAB-Map=0.2363s, Maps update=0.0024s pub=0.0159s delay=0.4435s (local map=74, WM=74)
[INFO] [1771004298.203711859] [rtabmap]: rtabmap (84): Rate=1.00s, Limit=0.000s, Conversion=0.0004s, RTAB-Map=0.2546s, Maps update=0.0033s pub=0.0208s delay=0.4634s (local map=75, WM=75)
[INFO] [1771004299.207936093] [rtabmap]: rtabmap (85): Rate=1.00s, Limit=0.000s, Conversion=0.0004s, RTAB-Map=0.2575s, Maps update=0.0022s pub=0.0201s delay=0.4674s (local map=76, WM=76)
[INFO] [1771004300.304910776] [rtabmap]: rtabmap (86): Rate=1.00s, Limit=0.000s, Conversion=0.0003s, RTAB-Map=0.2630s, Maps update=0.0006s pub=0.0154s delay=0.4646s (local map=77, WM=77)
[INFO] [1771004301.376997332] [rtabmap]: rtabmap (87): Rate=1.00s, Limit=0.000s, Conversion=0.0006s, RTAB-Map=0.2381s, Maps update=0.0026s pub=0.0166s delay=0.4367s (local map=78, WM=78)
[INFO] [1771004302.494090984] [rtabmap]: rtabmap (88): Rate=1.00s, Limit=0.000s, Conversion=0.0004s, RTAB-Map=0.2523s, Maps update=0.0032s pub=0.0208s delay=0.4535s (local map=79, WM=79)
[INFO] [1771004303.576228800] [rtabmap]: rtabmap (89): Rate=1.00s, Limit=0.000s, Conversion=0.0005s, RTAB-Map=0.2401s, Maps update=0.0021s pub=0.0207s delay=0.4358s (local map=80, WM=80)
[INFO] [1771004304.695005519] [rtabmap]: rtabmap (90): Rate=1.00s, Limit=0.000s, Conversion=0.0003s, RTAB-Map=0.2510s, Maps update=0.0006s pub=0.0205s delay=0.4545s (local map=81, WM=81)
[INFO] [1771004305.697486973] [rtabmap]: rtabmap (91): Rate=1.00s, Limit=0.000s, Conversion=0.0005s, RTAB-Map=0.2534s, Maps update=0.0033s pub=0.0183s delay=0.4570s (local map=82, WM=82)
[INFO] [1771004306.782330963] [rtabmap]: rtabmap (92): Rate=1.00s, Limit=0.000s, Conversion=0.0003s, RTAB-Map=0.2366s, Maps update=0.0006s pub=0.0185s delay=0.4418s (local map=83, WM=83)
[INFO] [1771004307.902584341] [rtabmap]: rtabmap (93): Rate=1.00s, Limit=0.000s, Conversion=0.0004s, RTAB-Map=0.2650s, Maps update=0.0006s pub=0.0158s delay=0.4622s (local map=84, WM=84)
[INFO] [1771004308.986282307] [rtabmap]: rtabmap (94): Rate=1.00s, Limit=0.000s, Conversion=0.0003s, RTAB-Map=0.2506s, Maps update=0.0030s pub=0.0183s delay=0.4458s (local map=85, WM=85)
[INFO] [1771004310.055697602] [rtabmap]: rtabmap (95): Rate=1.00s, Limit=0.000s, Conversion=0.0006s, RTAB-Map=0.2289s, Maps update=0.0020s pub=0.0176s delay=0.4152s (local map=86, WM=86)
[INFO] [1771004311.177694816] [rtabmap]: rtabmap (96): Rate=1.00s, Limit=0.000s, Conversion=0.0003s, RTAB-Map=0.2385s, Maps update=0.0028s pub=0.0176s delay=0.4373s (local map=87, WM=87)
[INFO] [1771004312.280491973] [rtabmap]: rtabmap (97): Rate=1.00s, Limit=0.000s, Conversion=0.0004s, RTAB-Map=0.2386s, Maps update=0.0020s pub=0.0196s delay=0.4400s (local map=88, WM=88)
[INFO] [1771004313.364574305] [rtabmap]: rtabmap (98): Rate=1.00s, Limit=0.000s, Conversion=0.0004s, RTAB-Map=0.2221s, Maps update=0.0025s pub=0.0198s delay=0.4243s (local map=89, WM=89)
[INFO] [1771004314.507846593] [rtabmap]: rtabmap (99): Rate=1.00s, Limit=0.000s, Conversion=0.0003s, RTAB-Map=0.2576s, Maps update=0.0024s pub=0.0187s delay=0.4675s (local map=90, WM=90)
[INFO] [1771004315.493508007] [rtabmap]: rtabmap (100): Rate=1.00s, Limit=0.000s, Conversion=0.0003s, RTAB-Map=0.2440s, Maps update=0.0022s pub=0.0177s delay=0.4532s (local map=91, WM=91)
[INFO] [1771004316.490536632] [rtabmap]: rtabmap (101): Rate=1.00s, Limit=0.000s, Conversion=0.0006s, RTAB-Map=0.2456s, Maps update=0.0006s pub=0.0204s delay=0.4502s (local map=92, WM=92)
[INFO] [1771004317.504719675] [rtabmap]: rtabmap (102): Rate=1.00s, Limit=0.000s, Conversion=0.0005s, RTAB-Map=0.2544s, Maps update=0.0023s pub=0.0195s delay=0.4643s (local map=93, WM=93)
[INFO] [1771004318.587859606] [rtabmap]: rtabmap (103): Rate=1.00s, Limit=0.000s, Conversion=0.0003s, RTAB-Map=0.2419s, Maps update=0.0023s pub=0.0189s delay=0.4473s (local map=94, WM=94)
[INFO] [1771004319.578504585] [rtabmap]: rtabmap (104): Rate=1.00s, Limit=0.000s, Conversion=0.0003s, RTAB-Map=0.2408s, Maps update=0.0028s pub=0.0211s delay=0.4380s (local map=95, WM=95)
[INFO] [1771004320.661279096] [rtabmap]: rtabmap (105): Rate=1.00s, Limit=0.000s, Conversion=0.0003s, RTAB-Map=0.2261s, Maps update=0.0025s pub=0.0205s delay=0.4208s (local map=96, WM=96)
[INFO] [1771004321.769784226] [rtabmap]: rtabmap (106): Rate=1.00s, Limit=0.000s, Conversion=0.0004s, RTAB-Map=0.2248s, Maps update=0.0030s pub=0.0235s delay=0.4293s (local map=97, WM=97)
[INFO] [1771004322.883803564] [rtabmap]: rtabmap (107): Rate=1.00s, Limit=0.000s, Conversion=0.0005s, RTAB-Map=0.2474s, Maps update=0.0024s pub=0.0194s delay=0.4435s (local map=98, WM=98)
[INFO] [1771004323.878045628] [rtabmap]: rtabmap (108): Rate=1.00s, Limit=0.000s, Conversion=0.0003s, RTAB-Map=0.2434s, Maps update=0.0023s pub=0.0230s delay=0.4376s (local map=99, WM=99)
[INFO] [1771004325.007106415] [rtabmap]: rtabmap (109): Rate=1.00s, Limit=0.000s, Conversion=0.0006s, RTAB-Map=0.2593s, Maps update=0.0024s pub=0.0248s delay=0.4667s (local map=100, WM=100)
[INFO] [1771004325.980429290] [rtabmap]: rtabmap (110): Rate=1.00s, Limit=0.000s, Conversion=0.0003s, RTAB-Map=0.2437s, Maps update=0.0034s pub=0.0207s delay=0.4398s (local map=101, WM=101)
[INFO] [1771004327.097392186] [rtabmap]: rtabmap (111): Rate=1.00s, Limit=0.000s, Conversion=0.0003s, RTAB-Map=0.2579s, Maps update=0.0024s pub=0.0218s delay=0.4570s (local map=102, WM=102)
[INFO] [1771004328.111998540] [rtabmap]: rtabmap (112): Rate=1.00s, Limit=0.000s, Conversion=0.0007s, RTAB-Map=0.2798s, Maps update=0.0029s pub=0.0213s delay=0.4715s (local map=103, WM=103)
[INFO] [1771004329.126134318] [rtabmap]: rtabmap (113): Rate=1.00s, Limit=0.000s, Conversion=0.0003s, RTAB-Map=0.2735s, Maps update=0.0033s pub=0.0214s delay=0.4855s (local map=104, WM=104)
[INFO] [1771004330.219335142] [rtabmap]: rtabmap (114): Rate=1.00s, Limit=0.000s, Conversion=0.0003s, RTAB-Map=0.2598s, Maps update=0.0022s pub=0.0224s delay=0.4789s (local map=105, WM=105)
[INFO] [1771004331.205817353] [rtabmap]: rtabmap (115): Rate=1.00s, Limit=0.000s, Conversion=0.0005s, RTAB-Map=0.2576s, Maps update=0.0007s pub=0.0207s delay=0.4652s (local map=106, WM=106)
[INFO] [1771004332.329859278] [rtabmap]: rtabmap (116): Rate=1.00s, Limit=0.000s, Conversion=0.0003s, RTAB-Map=0.2847s, Maps update=0.0007s pub=0.0202s delay=0.4893s (local map=107, WM=107)
[INFO] [1771004333.400555193] [rtabmap]: rtabmap (117): Rate=1.00s, Limit=0.000s, Conversion=0.0005s, RTAB-Map=0.2507s, Maps update=0.0033s pub=0.0211s delay=0.4601s (local map=108, WM=108)
[INFO] [1771004334.405476444] [rtabmap]: rtabmap (118): Rate=1.00s, Limit=0.000s, Conversion=0.0004s, RTAB-Map=0.2544s, Maps update=0.0010s pub=0.0252s delay=0.4649s (local map=109, WM=109)
[INFO] [1771004335.507570312] [rtabmap]: rtabmap (119): Rate=1.00s, Limit=0.000s, Conversion=0.0004s, RTAB-Map=0.2584s, Maps update=0.0026s pub=0.0270s delay=0.4670s (local map=110, WM=110)
[INFO] [1771004336.508874573] [rtabmap]: rtabmap (120): Rate=1.00s, Limit=0.000s, Conversion=0.0005s, RTAB-Map=0.2574s, Maps update=0.0029s pub=0.0223s delay=0.4682s (local map=111, WM=111)
[INFO] [1771004337.582832969] [rtabmap]: rtabmap (121): Rate=1.00s, Limit=0.000s, Conversion=0.0006s, RTAB-Map=0.2329s, Maps update=0.0021s pub=0.0197s delay=0.4421s (local map=112, WM=112)
[INFO] [1771004338.694899567] [rtabmap]: rtabmap (122): Rate=1.00s, Limit=0.000s, Conversion=0.0004s, RTAB-Map=0.2409s, Maps update=0.0030s pub=0.0213s delay=0.4542s (local map=113, WM=113)
[INFO] [1771004339.832548365] [rtabmap]: rtabmap (123): Rate=1.00s, Limit=0.000s, Conversion=0.0003s, RTAB-Map=0.2706s, Maps update=0.0021s pub=0.0218s delay=0.4920s (local map=114, WM=114)
[INFO] [1771004340.806193042] [rtabmap]: rtabmap (124): Rate=1.00s, Limit=0.000s, Conversion=0.0004s, RTAB-Map=0.2543s, Maps update=0.0037s pub=0.0198s delay=0.4657s (local map=115, WM=115)
[INFO] [1771004341.777863219] [rtabmap]: rtabmap (125): Rate=1.00s, Limit=0.000s, Conversion=0.0005s, RTAB-Map=0.2241s, Maps update=0.0022s pub=0.0224s delay=0.4373s (local map=116, WM=116)
[INFO] [1771004342.788869033] [rtabmap]: rtabmap (126): Rate=1.00s, Limit=0.000s, Conversion=0.0003s, RTAB-Map=0.2427s, Maps update=0.0022s pub=0.0212s delay=0.4482s (local map=117, WM=117)
[INFO] [1771004343.909919302] [rtabmap]: rtabmap (127): Rate=1.00s, Limit=0.000s, Conversion=0.0003s, RTAB-Map=0.2565s, Maps update=0.0023s pub=0.0239s delay=0.4694s (local map=118, WM=118)
[INFO] [1771004344.918202173] [rtabmap]: rtabmap (128): Rate=1.00s, Limit=0.000s, Conversion=0.0005s, RTAB-Map=0.2656s, Maps update=0.0025s pub=0.0213s delay=0.4775s (local map=119, WM=119)
[INFO] [1771004345.977024493] [rtabmap]: rtabmap (129): Rate=1.00s, Limit=0.000s, Conversion=0.0004s, RTAB-Map=0.2329s, Maps update=0.0022s pub=0.0209s delay=0.4364s (local map=120, WM=120)
[INFO] [1771004347.074347476] [rtabmap]: rtabmap (130): Rate=1.00s, Limit=0.000s, Conversion=0.0003s, RTAB-Map=0.2246s, Maps update=0.0043s pub=0.0224s delay=0.4336s (local map=121, WM=121)
[INFO] [1771004348.209374678] [rtabmap]: rtabmap (131): Rate=1.00s, Limit=0.000s, Conversion=0.0006s, RTAB-Map=0.2727s, Maps update=0.0008s pub=0.0228s delay=0.4688s (local map=122, WM=122)
[INFO] [1771004349.220896925] [rtabmap]: rtabmap (132): Rate=1.00s, Limit=0.000s, Conversion=0.0003s, RTAB-Map=0.2754s, Maps update=0.0033s pub=0.0207s delay=0.4794s (local map=123, WM=123)
[INFO] [1771004350.280526985] [rtabmap]: rtabmap (133): Rate=1.00s, Limit=0.000s, Conversion=0.0005s, RTAB-Map=0.2354s, Maps update=0.0028s pub=0.0250s delay=0.4399s (local map=124, WM=124)
[INFO] [1771004351.277250191] [rtabmap]: rtabmap (134): Rate=1.00s, Limit=0.000s, Conversion=0.0004s, RTAB-Map=0.2326s, Maps update=0.0026s pub=0.0220s delay=0.4365s (local map=125, WM=125)
[INFO] [1771004352.383352678] [rtabmap]: rtabmap (135): Rate=1.00s, Limit=0.000s, Conversion=0.0005s, RTAB-Map=0.2419s, Maps update=0.0030s pub=0.0240s delay=0.4426s (local map=126, WM=126)
[INFO] [1771004353.433963961] [rtabmap]: rtabmap (136): Rate=1.00s, Limit=0.000s, Conversion=0.0003s, RTAB-Map=0.2229s, Maps update=0.0008s pub=0.0002s delay=0.3933s (local map=126, WM=126)
[INFO] [1771004354.487118660] [rtabmap]: rtabmap (137): Rate=1.00s, Limit=0.000s, Conversion=0.0005s, RTAB-Map=0.2418s, Maps update=0.0024s pub=0.0245s delay=0.4463s (local map=127, WM=127)
[INFO] [1771004355.600423253] [rtabmap]: rtabmap (138): Rate=1.00s, Limit=0.000s, Conversion=0.0004s, RTAB-Map=0.2499s, Maps update=0.0037s pub=0.0252s delay=0.4597s (local map=128, WM=128)
[INFO] [1771004356.705107483] [rtabmap]: rtabmap (139): Rate=1.00s, Limit=0.000s, Conversion=0.0005s, RTAB-Map=0.2507s, Maps update=0.0031s pub=0.0281s delay=0.4643s (local map=129, WM=129)
[INFO] [1771004357.766729420] [rtabmap]: rtabmap (140): Rate=1.00s, Limit=0.000s, Conversion=0.0004s, RTAB-Map=0.2279s, Maps update=0.0031s pub=0.0226s delay=0.4260s (local map=130, WM=130)
[INFO] [1771004358.871890658] [rtabmap]: rtabmap (141): Rate=1.00s, Limit=0.000s, Conversion=0.0003s, RTAB-Map=0.2334s, Maps update=0.0024s pub=0.0264s delay=0.4311s (local map=131, WM=131)
[INFO] [1771004359.969217609] [rtabmap]: rtabmap (142): Rate=1.00s, Limit=0.000s, Conversion=0.0003s, RTAB-Map=0.2260s, Maps update=0.0026s pub=0.0262s delay=0.4285s (local map=132, WM=132)
[INFO] [1771004360.978766028] [rtabmap]: rtabmap (143): Rate=1.00s, Limit=0.000s, Conversion=0.0004s, RTAB-Map=0.2386s, Maps update=0.0022s pub=0.0264s delay=0.4380s (local map=133, WM=133)
[INFO] [1771004361.996384838] [rtabmap]: rtabmap (144): Rate=1.00s, Limit=0.000s, Conversion=0.0005s, RTAB-Map=0.2463s, Maps update=0.0025s pub=0.0271s delay=0.4555s (local map=134, WM=134)
[INFO] [1771004363.079064689] [rtabmap]: rtabmap (145): Rate=1.00s, Limit=0.000s, Conversion=0.0003s, RTAB-Map=0.2414s, Maps update=0.0020s pub=0.0234s delay=0.4382s (local map=135, WM=135)
[INFO] [1771004364.202658631] [rtabmap]: rtabmap (146): Rate=1.00s, Limit=0.000s, Conversion=0.0004s, RTAB-Map=0.2493s, Maps update=0.0024s pub=0.0253s delay=0.4612s (local map=136, WM=136)
[INFO] [1771004365.307673849] [rtabmap]: rtabmap (147): Rate=1.00s, Limit=0.000s, Conversion=0.0005s, RTAB-Map=0.2528s, Maps update=0.0021s pub=0.0255s delay=0.4668s (local map=137, WM=137)
[INFO] [1771004366.312308369] [rtabmap]: rtabmap (148): Rate=1.00s, Limit=0.000s, Conversion=0.0006s, RTAB-Map=0.2514s, Maps update=0.0023s pub=0.0232s delay=0.4714s (local map=138, WM=138)
[INFO] [1771004367.380656491] [rtabmap]: rtabmap (149): Rate=1.00s, Limit=0.000s, Conversion=0.0003s, RTAB-Map=0.2283s, Maps update=0.0021s pub=0.0253s delay=0.4399s (local map=139, WM=139)
[INFO] [1771004368.398922876] [rtabmap]: rtabmap (150): Rate=1.00s, Limit=0.000s, Conversion=0.0003s, RTAB-Map=0.2424s, Maps update=0.0024s pub=0.0261s delay=0.4580s (local map=140, WM=140)
[INFO] [1771004369.513823973] [rtabmap]: rtabmap (151): Rate=1.00s, Limit=0.000s, Conversion=0.0004s, RTAB-Map=0.2578s, Maps update=0.0009s pub=0.0248s delay=0.4729s (local map=141, WM=141)
[INFO] [1771004370.610021476] [rtabmap]: rtabmap (152): Rate=1.00s, Limit=0.000s, Conversion=0.0004s, RTAB-Map=0.2533s, Maps update=0.0008s pub=0.0271s delay=0.4691s (local map=142, WM=142)
[INFO] [1771004371.696344367] [rtabmap]: rtabmap (153): Rate=1.00s, Limit=0.000s, Conversion=0.0003s, RTAB-Map=0.2526s, Maps update=0.0020s pub=0.0253s delay=0.4554s (local map=143, WM=143)
[INFO] [1771004372.841699055] [rtabmap]: rtabmap (154): Rate=1.00s, Limit=0.000s, Conversion=0.0003s, RTAB-Map=0.2978s, Maps update=0.0019s pub=0.0248s delay=0.5009s (local map=144, WM=144)
[INFO] [1771004373.833949646] [rtabmap]: rtabmap (155): Rate=1.00s, Limit=0.000s, Conversion=0.0003s, RTAB-Map=0.2948s, Maps update=0.0024s pub=0.0223s delay=0.4929s (local map=145, WM=145)
[INFO] [1771004374.954873982] [rtabmap]: rtabmap (156): Rate=1.00s, Limit=0.000s, Conversion=0.0003s, RTAB-Map=0.2892s, Maps update=0.0023s pub=0.0308s delay=0.5141s (local map=146, WM=146)
[INFO] [1771004375.940230222] [rtabmap]: rtabmap (157): Rate=1.00s, Limit=0.000s, Conversion=0.0004s, RTAB-Map=0.2876s, Maps update=0.0020s pub=0.0241s delay=0.4993s (local map=147, WM=147)
[INFO] [1771004377.024867859] [rtabmap]: rtabmap (158): Rate=1.00s, Limit=0.000s, Conversion=0.0004s, RTAB-Map=0.2648s, Maps update=0.0020s pub=0.1303s delay=0.5839s (local map=148, WM=148)
[INFO] [1771004378.057596910] [rtabmap]: rtabmap (159): Rate=1.00s, Limit=0.000s, Conversion=0.0005s, RTAB-Map=0.2964s, Maps update=0.0025s pub=0.0260s delay=0.5168s (local map=149, WM=149)
[INFO] [1771004379.076186655] [rtabmap]: rtabmap (160): Rate=1.00s, Limit=0.000s, Conversion=0.0003s, RTAB-Map=0.3233s, Maps update=0.0031s pub=0.0278s delay=0.5352s (local map=150, WM=150)
[INFO] [1771004380.123924196] [rtabmap]: rtabmap (161): Rate=1.00s, Limit=0.000s, Conversion=0.0004s, RTAB-Map=0.2697s, Maps update=0.0031s pub=0.0224s delay=0.4830s (local map=151, WM=151)
[INFO] [1771004381.136574886] [rtabmap]: rtabmap (162): Rate=1.00s, Limit=0.000s, Conversion=0.0007s, RTAB-Map=0.2772s, Maps update=0.0040s pub=0.0251s delay=0.4955s (local map=152, WM=152)
[INFO] [1771004382.149009026] [rtabmap]: rtabmap (163): Rate=1.00s, Limit=0.000s, Conversion=0.0006s, RTAB-Map=0.3003s, Maps update=0.0019s pub=0.0260s delay=0.5076s (local map=153, WM=153)
[INFO] [1771004383.248668624] [rtabmap]: rtabmap (164): Rate=1.00s, Limit=0.000s, Conversion=0.0004s, RTAB-Map=0.2931s, Maps update=0.0021s pub=0.0241s delay=0.5077s (local map=154, WM=154)
[INFO] [1771004384.234713112] [rtabmap]: rtabmap (165): Rate=1.00s, Limit=0.000s, Conversion=0.0005s, RTAB-Map=0.2837s, Maps update=0.0021s pub=0.0293s delay=0.4937s (local map=155, WM=155)
[INFO] [1771004385.319253177] [rtabmap]: rtabmap (166): Rate=1.00s, Limit=0.000s, Conversion=0.0005s, RTAB-Map=0.2718s, Maps update=0.0022s pub=0.0244s delay=0.4781s (local map=156, WM=156)
[INFO] [1771004386.426533743] [rtabmap]: rtabmap (167): Rate=1.00s, Limit=0.000s, Conversion=0.0006s, RTAB-Map=0.2765s, Maps update=0.0020s pub=0.0232s delay=0.4855s (local map=157, WM=157)
[INFO] [1771004387.507576408] [rtabmap]: rtabmap (168): Rate=1.00s, Limit=0.000s, Conversion=0.0005s, RTAB-Map=0.2550s, Maps update=0.0023s pub=0.0245s delay=0.4665s (local map=158, WM=158)
[INFO] [1771004388.598698845] [rtabmap]: rtabmap (169): Rate=1.00s, Limit=0.000s, Conversion=0.0005s, RTAB-Map=0.2434s, Maps update=0.0022s pub=0.0291s delay=0.4576s (local map=159, WM=159)
[INFO] [1771004389.742385251] [rtabmap]: rtabmap (170): Rate=1.00s, Limit=0.000s, Conversion=0.0106s, RTAB-Map=0.2658s, Maps update=0.0024s pub=0.0257s delay=0.5014s (local map=160, WM=160)
[INFO] [1771004390.729002271] [rtabmap]: rtabmap (171): Rate=1.00s, Limit=0.000s, Conversion=0.0005s, RTAB-Map=0.2658s, Maps update=0.0020s pub=0.0273s delay=0.4879s (local map=161, WM=161)
[INFO] [1771004391.830909563] [rtabmap]: rtabmap (172): Rate=1.00s, Limit=0.000s, Conversion=0.0003s, RTAB-Map=0.2684s, Maps update=0.0009s pub=0.0257s delay=0.4898s (local map=162, WM=162)
[INFO] [1771004392.921975583] [rtabmap]: rtabmap (173): Rate=1.00s, Limit=0.000s, Conversion=0.0003s, RTAB-Map=0.2540s, Maps update=0.0024s pub=0.0278s delay=0.4810s (local map=163, WM=163)
[INFO] [1771004393.958826217] [rtabmap]: rtabmap (174): Rate=1.00s, Limit=0.000s, Conversion=0.0003s, RTAB-Map=0.2967s, Maps update=0.0021s pub=0.0256s delay=0.5177s (local map=164, WM=164)
[INFO] [1771004395.042390249] [rtabmap]: rtabmap (175): Rate=1.00s, Limit=0.000s, Conversion=0.0005s, RTAB-Map=0.2745s, Maps update=0.0024s pub=0.0275s delay=0.5012s (local map=165, WM=165)
[INFO] [1771004396.137977354] [rtabmap]: rtabmap (176): Rate=1.00s, Limit=0.000s, Conversion=0.0005s, RTAB-Map=0.2671s, Maps update=0.0021s pub=0.0301s delay=0.4969s (local map=166, WM=166)
[INFO] [1771004397.236745785] [rtabmap]: rtabmap (177): Rate=1.00s, Limit=0.000s, Conversion=0.0005s, RTAB-Map=0.2558s, Maps update=0.0047s pub=0.0332s delay=0.4957s (local map=167, WM=167)
[INFO] [1771004398.230334534] [rtabmap]: rtabmap (178): Rate=1.00s, Limit=0.000s, Conversion=0.0004s, RTAB-Map=0.2639s, Maps update=0.0016s pub=0.0264s delay=0.4893s (local map=168, WM=168)
[INFO] [1771004399.258246171] [rtabmap]: rtabmap (179): Rate=1.00s, Limit=0.000s, Conversion=0.0005s, RTAB-Map=0.2763s, Maps update=0.0027s pub=0.0321s delay=0.5172s (local map=169, WM=169)
[INFO] [1771004400.222859227] [rtabmap]: rtabmap (180): Rate=1.00s, Limit=0.000s, Conversion=0.0003s, RTAB-Map=0.2534s, Maps update=0.0027s pub=0.0281s delay=0.4816s (local map=170, WM=170)
[INFO] [1771004401.315581176] [rtabmap]: rtabmap (181): Rate=1.00s, Limit=0.000s, Conversion=0.0006s, RTAB-Map=0.2420s, Maps update=0.0009s pub=0.0288s delay=0.4744s (local map=171, WM=171)
[INFO] [1771004402.325148176] [rtabmap]: rtabmap (182): Rate=1.00s, Limit=0.000s, Conversion=0.0004s, RTAB-Map=0.2615s, Maps update=0.0028s pub=0.0259s delay=0.4840s (local map=172, WM=172)
[INFO] [1771004403.405266488] [rtabmap]: rtabmap (183): Rate=1.00s, Limit=0.000s, Conversion=0.0005s, RTAB-Map=0.2404s, Maps update=0.0026s pub=0.0274s delay=0.4642s (local map=173, WM=173)
[INFO] [1771004404.356599883] [rtabmap]: rtabmap (184): Rate=1.00s, Limit=0.000s, Conversion=0.0005s, RTAB-Map=0.2285s, Maps update=0.0009s pub=0.0003s delay=0.4154s (local map=173, WM=173)
[INFO] [1771004405.488434422] [rtabmap]: rtabmap (185): Rate=1.00s, Limit=0.000s, Conversion=0.0004s, RTAB-Map=0.2562s, Maps update=0.0010s pub=0.0003s delay=0.4473s (local map=173, WM=173)
[INFO] [1771004406.624673305] [rtabmap]: rtabmap (186): Rate=1.00s, Limit=0.000s, Conversion=0.0004s, RTAB-Map=0.2537s, Maps update=0.0023s pub=0.0315s delay=0.4836s (local map=174, WM=174)
[INFO] [1771004407.586932551] [rtabmap]: rtabmap (187): Rate=1.00s, Limit=0.000s, Conversion=0.0006s, RTAB-Map=0.2220s, Maps update=0.0039s pub=0.0318s delay=0.4458s (local map=175, WM=175)
[INFO] [1771004408.578593330] [rtabmap]: rtabmap (188): Rate=1.00s, Limit=0.000s, Conversion=0.0003s, RTAB-Map=0.2512s, Maps update=0.0009s pub=0.0003s delay=0.4374s (local map=175, WM=175)
[INFO] [1771004409.747088789] [rtabmap]: rtabmap (189): Rate=1.00s, Limit=0.000s, Conversion=0.0005s, RTAB-Map=0.2747s, Maps update=0.0023s pub=0.0299s delay=0.5059s (local map=176, WM=176)
[INFO] [1771004410.761633593] [rtabmap]: rtabmap (190): Rate=1.00s, Limit=0.000s, Conversion=0.0005s, RTAB-Map=0.2296s, Maps update=0.0009s pub=0.0003s delay=0.4206s (local map=176, WM=176)
[INFO] [1771004411.760484381] [rtabmap]: rtabmap (191): Rate=1.00s, Limit=0.000s, Conversion=0.0006s, RTAB-Map=0.2356s, Maps update=0.0010s pub=0.0003s delay=0.4193s (local map=176, WM=176)
[INFO] [1771004412.802404440] [rtabmap]: rtabmap (192): Rate=1.00s, Limit=0.000s, Conversion=0.0003s, RTAB-Map=0.2725s, Maps update=0.0010s pub=0.0003s delay=0.4612s (local map=176, WM=176)
[INFO] [1771004413.879880420] [rtabmap]: rtabmap (193): Rate=1.00s, Limit=0.000s, Conversion=0.0003s, RTAB-Map=0.2549s, Maps update=0.0010s pub=0.0003s delay=0.4387s (local map=176, WM=176)
[INFO] [1771004414.883459500] [rtabmap]: rtabmap (194): Rate=1.00s, Limit=0.000s, Conversion=0.0004s, RTAB-Map=0.2531s, Maps update=0.0010s pub=0.0003s delay=0.4423s (local map=176, WM=176)
[INFO] [1771004415.987638167] [rtabmap]: rtabmap (195): Rate=1.00s, Limit=0.000s, Conversion=0.0004s, RTAB-Map=0.2538s, Maps update=0.0010s pub=0.0003s delay=0.4466s (local map=176, WM=176)
[INFO] [1771004416.991344644] [rtabmap]: rtabmap (196): Rate=1.00s, Limit=0.000s, Conversion=0.0005s, RTAB-Map=0.2513s, Maps update=0.0010s pub=0.0003s delay=0.4501s (local map=176, WM=176)
[INFO] [1771004418.066460094] [rtabmap]: rtabmap (197): Rate=1.00s, Limit=0.000s, Conversion=0.0004s, RTAB-Map=0.2477s, Maps update=0.0011s pub=0.0003s delay=0.4252s (local map=176, WM=176)
[INFO] [1771004419.165951686] [rtabmap]: rtabmap (198): Rate=1.00s, Limit=0.000s, Conversion=0.0005s, RTAB-Map=0.2358s, Maps update=0.0010s pub=0.0003s delay=0.4251s (local map=176, WM=176)
[INFO] [1771004420.154356768] [rtabmap]: rtabmap (199): Rate=1.00s, Limit=0.000s, Conversion=0.0005s, RTAB-Map=0.2305s, Maps update=0.0010s pub=0.0003s delay=0.4131s (local map=176, WM=176)
[INFO] [1771004421.289537278] [rtabmap]: rtabmap (200): Rate=1.00s, Limit=0.000s, Conversion=0.0003s, RTAB-Map=0.2575s, Maps update=0.0010s pub=0.0003s delay=0.4484s (local map=176, WM=176)
[INFO] [1771004422.284923594] [rtabmap]: rtabmap (201): Rate=1.00s, Limit=0.000s, Conversion=0.0003s, RTAB-Map=0.2518s, Maps update=0.0010s pub=0.0003s delay=0.4436s (local map=176, WM=176)
[INFO] [1771004423.383918177] [rtabmap]: rtabmap (202): Rate=1.00s, Limit=0.000s, Conversion=0.0005s, RTAB-Map=0.2495s, Maps update=0.0010s pub=0.0003s delay=0.4426s (local map=176, WM=176)
[INFO] [1771004424.499233391] [rtabmap]: rtabmap (203): Rate=1.00s, Limit=0.000s, Conversion=0.0005s, RTAB-Map=0.2684s, Maps update=0.0010s pub=0.0003s delay=0.4579s (local map=176, WM=176)
[INFO] [1771004425.558345214] [rtabmap]: rtabmap (204): Rate=1.00s, Limit=0.000s, Conversion=0.0003s, RTAB-Map=0.2276s, Maps update=0.0010s pub=0.0003s delay=0.4170s (local map=176, WM=176)
[INFO] [1771004426.680750337] [rtabmap]: rtabmap (205): Rate=1.00s, Limit=0.000s, Conversion=0.0003s, RTAB-Map=0.2537s, Maps update=0.0010s pub=0.0003s delay=0.4396s (local map=176, WM=176)
[INFO] [1771004427.682369317] [rtabmap]: rtabmap (206): Rate=1.00s, Limit=0.000s, Conversion=0.0006s, RTAB-Map=0.2502s, Maps update=0.0011s pub=0.0003s delay=0.4412s (local map=176, WM=176)
[INFO] [1771004428.682084455] [rtabmap]: rtabmap (207): Rate=1.00s, Limit=0.000s, Conversion=0.0003s, RTAB-Map=0.2581s, Maps update=0.0010s pub=0.0003s delay=0.4408s (local map=176, WM=176)
[INFO] [1771004429.797538777] [rtabmap]: rtabmap (208): Rate=1.00s, Limit=0.000s, Conversion=0.0005s, RTAB-Map=0.2628s, Maps update=0.0010s pub=0.0003s delay=0.4562s (local map=176, WM=176)
[INFO] [1771004430.894189279] [rtabmap]: rtabmap (209): Rate=1.00s, Limit=0.000s, Conversion=0.0006s, RTAB-Map=0.2676s, Maps update=0.0010s pub=0.0003s delay=0.4531s (local map=176, WM=176)
[INFO] [1771004431.906033414] [rtabmap]: rtabmap (210): Rate=1.00s, Limit=0.000s, Conversion=0.0004s, RTAB-Map=0.2664s, Maps update=0.0012s pub=0.0004s delay=0.4649s (local map=176, WM=176)
[INFO] [1771004432.875701045] [rtabmap]: rtabmap (211): Rate=1.00s, Limit=0.000s, Conversion=0.0004s, RTAB-Map=0.2432s, Maps update=0.0010s pub=0.0003s delay=0.4343s (local map=176, WM=176)
[INFO] [1771004434.008422527] [rtabmap]: rtabmap (212): Rate=1.00s, Limit=0.000s, Conversion=0.0005s, RTAB-Map=0.2796s, Maps update=0.0014s pub=0.0004s delay=0.4673s (local map=176, WM=176)
[INFO] [1771004434.957124598] [rtabmap]: rtabmap (213): Rate=1.00s, Limit=0.000s, Conversion=0.0004s, RTAB-Map=0.2314s, Maps update=0.0010s pub=0.0003s delay=0.4158s (local map=176, WM=176)
[INFO] [1771004436.079302066] [rtabmap]: rtabmap (214): Rate=1.00s, Limit=0.000s, Conversion=0.0003s, RTAB-Map=0.2473s, Maps update=0.0009s pub=0.0003s delay=0.4380s (local map=176, WM=176)
[INFO] [1771004437.075722114] [rtabmap]: rtabmap (215): Rate=1.00s, Limit=0.000s, Conversion=0.0003s, RTAB-Map=0.2477s, Maps update=0.0011s pub=0.0003s delay=0.4343s (local map=176, WM=176)
[INFO] [1771004438.183907832] [rtabmap]: rtabmap (216): Rate=1.00s, Limit=0.000s, Conversion=0.0003s, RTAB-Map=0.2544s, Maps update=0.0015s pub=0.0004s delay=0.4427s (local map=176, WM=176)
[INFO] [1771004439.172513272] [rtabmap]: rtabmap (217): Rate=1.00s, Limit=0.000s, Conversion=0.0003s, RTAB-Map=0.2405s, Maps update=0.0011s pub=0.0003s delay=0.4313s (local map=176, WM=176)
[INFO] [1771004440.174750418] [rtabmap]: rtabmap (218): Rate=1.00s, Limit=0.000s, Conversion=0.0005s, RTAB-Map=0.2424s, Maps update=0.0011s pub=0.0003s delay=0.4334s (local map=176, WM=176)
[INFO] [1771004441.269886147] [rtabmap]: rtabmap (219): Rate=1.00s, Limit=0.000s, Conversion=0.0006s, RTAB-Map=0.2346s, Maps update=0.0010s pub=0.0003s delay=0.4288s (local map=176, WM=176)
[INFO] [1771004442.355186527] [rtabmap]: rtabmap (220): Rate=1.00s, Limit=0.000s, Conversion=0.0004s, RTAB-Map=0.2242s, Maps update=0.0009s pub=0.0003s delay=0.4140s (local map=176, WM=176)
[INFO] [1771004443.483996896] [rtabmap]: rtabmap (221): Rate=1.00s, Limit=0.000s, Conversion=0.0004s, RTAB-Map=0.2554s, Maps update=0.0014s pub=0.0005s delay=0.4428s (local map=176, WM=176)
[INFO] [1771004444.481306095] [rtabmap]: rtabmap (222): Rate=1.00s, Limit=0.000s, Conversion=0.0004s, RTAB-Map=0.2446s, Maps update=0.0010s pub=0.0003s delay=0.4399s (local map=176, WM=176)
[INFO] [1771004445.572533048] [rtabmap]: rtabmap (223): Rate=1.00s, Limit=0.000s, Conversion=0.0007s, RTAB-Map=0.2433s, Maps update=0.0010s pub=0.0003s delay=0.4312s (local map=176, WM=176)
[INFO] [1771004446.691592167] [rtabmap]: rtabmap (224): Rate=1.00s, Limit=0.000s, Conversion=0.0005s, RTAB-Map=0.2470s, Maps update=0.0010s pub=0.0003s delay=0.4504s (local map=176, WM=176)
[INFO] [1771004447.683560605] [rtabmap]: rtabmap (225): Rate=1.00s, Limit=0.000s, Conversion=0.0003s, RTAB-Map=0.2534s, Maps update=0.0010s pub=0.0003s delay=0.4422s (local map=176, WM=176)
[INFO] [1771004448.672129948] [rtabmap]: rtabmap (226): Rate=1.00s, Limit=0.000s, Conversion=0.0005s, RTAB-Map=0.2380s, Maps update=0.0010s pub=0.0003s delay=0.4307s (local map=176, WM=176)
[INFO] [1771004449.754356877] [rtabmap]: rtabmap (227): Rate=1.00s, Limit=0.000s, Conversion=0.0004s, RTAB-Map=0.2257s, Maps update=0.0009s pub=0.0003s delay=0.4131s (local map=176, WM=176)
[INFO] [1771004450.750298060] [rtabmap]: rtabmap (228): Rate=1.00s, Limit=0.000s, Conversion=0.0003s, RTAB-Map=0.2289s, Maps update=0.0009s pub=0.0003s delay=0.4090s (local map=176, WM=176)
[INFO] [1771004451.800608330] [rtabmap]: rtabmap (229): Rate=1.00s, Limit=0.000s, Conversion=0.0003s, RTAB-Map=0.2688s, Maps update=0.0014s pub=0.0003s delay=0.4591s (local map=176, WM=176)
[INFO] [1771004452.896663931] [rtabmap]: rtabmap (230): Rate=1.00s, Limit=0.000s, Conversion=0.0005s, RTAB-Map=0.2747s, Maps update=0.0010s pub=0.0003s delay=0.4553s (local map=176, WM=176)
[INFO] [1771004453.955547202] [rtabmap]: rtabmap (231): Rate=1.00s, Limit=0.000s, Conversion=0.0004s, RTAB-Map=0.2228s, Maps update=0.0010s pub=0.0003s delay=0.4151s (local map=176, WM=176)
[INFO] [1771004454.954304195] [rtabmap]: rtabmap (232): Rate=1.00s, Limit=0.000s, Conversion=0.0007s, RTAB-Map=0.2290s, Maps update=0.0009s pub=0.0003s delay=0.4128s (local map=176, WM=176)
[INFO] [1771004456.070454189] [rtabmap]: rtabmap (233): Rate=1.00s, Limit=0.000s, Conversion=0.0004s, RTAB-Map=0.2414s, Maps update=0.0010s pub=0.0002s delay=0.4290s (local map=176, WM=176)
[INFO] [1771004457.195292165] [rtabmap]: rtabmap (234): Rate=1.00s, Limit=0.000s, Conversion=0.0005s, RTAB-Map=0.2591s, Maps update=0.0010s pub=0.0003s delay=0.4541s (local map=176, WM=176)
[INFO] [1771004458.162594658] [rtabmap]: rtabmap (235): Rate=1.00s, Limit=0.000s, Conversion=0.0005s, RTAB-Map=0.2318s, Maps update=0.0009s pub=0.0003s delay=0.4212s (local map=176, WM=176)
[INFO] [1771004459.305472428] [rtabmap]: rtabmap (236): Rate=1.00s, Limit=0.000s, Conversion=0.0005s, RTAB-Map=0.2711s, Maps update=0.0011s pub=0.0003s delay=0.4641s (local map=176, WM=176)
[INFO] [1771004460.272829643] [rtabmap]: rtabmap (237): Rate=1.00s, Limit=0.000s, Conversion=0.0003s, RTAB-Map=0.2441s, Maps update=0.0024s pub=0.0003s delay=0.4313s (local map=176, WM=176)
[INFO] [1771004461.371533624] [rtabmap]: rtabmap (238): Rate=1.00s, Limit=0.000s, Conversion=0.0008s, RTAB-Map=0.2385s, Maps update=0.0010s pub=0.0003s delay=0.4303s (local map=176, WM=176)
[INFO] [1771004462.471135940] [rtabmap]: rtabmap (239): Rate=1.00s, Limit=0.000s, Conversion=0.0008s, RTAB-Map=0.2426s, Maps update=0.0011s pub=0.0003s delay=0.4306s (local map=176, WM=176)
[INFO] [1771004463.455507570] [rtabmap]: rtabmap (240): Rate=1.00s, Limit=0.000s, Conversion=0.0004s, RTAB-Map=0.2368s, Maps update=0.0010s pub=0.0003s delay=0.4142s (local map=176, WM=176)
[INFO] [1771004464.604448430] [rtabmap]: rtabmap (241): Rate=1.00s, Limit=0.000s, Conversion=0.0003s, RTAB-Map=0.2792s, Maps update=0.0010s pub=0.0003s delay=0.4640s (local map=176, WM=176)
[INFO] [1771004465.549267679] [rtabmap]: rtabmap (242): Rate=1.00s, Limit=0.000s, Conversion=0.0004s, RTAB-Map=0.2228s, Maps update=0.0010s pub=0.0003s delay=0.4087s (local map=176, WM=176)
[INFO] [1771004466.544388994] [rtabmap]: rtabmap (243): Rate=1.00s, Limit=0.000s, Conversion=0.0003s, RTAB-Map=0.2162s, Maps update=0.0010s pub=0.0003s delay=0.4029s (local map=176, WM=176)
[INFO] [1771004467.666585022] [rtabmap]: rtabmap (244): Rate=1.00s, Limit=0.000s, Conversion=0.0003s, RTAB-Map=0.2383s, Maps update=0.0010s pub=0.0003s delay=0.4252s (local map=176, WM=176)
[INFO] [1771004468.818829868] [rtabmap]: rtabmap (245): Rate=1.00s, Limit=0.000s, Conversion=0.0003s, RTAB-Map=0.2870s, Maps update=0.0009s pub=0.0002s delay=0.4772s (local map=176, WM=176)
[INFO] [1771004469.907933836] [rtabmap]: rtabmap (246): Rate=1.00s, Limit=0.000s, Conversion=0.0003s, RTAB-Map=0.2600s, Maps update=0.0010s pub=0.0003s delay=0.4665s (local map=176, WM=176)
[INFO] [1771004470.880158132] [rtabmap]: rtabmap (247): Rate=1.00s, Limit=0.000s, Conversion=0.0003s, RTAB-Map=0.2513s, Maps update=0.0017s pub=0.0004s delay=0.4386s (local map=176, WM=176)
[INFO] [1771004471.991458102] [rtabmap]: rtabmap (248): Rate=1.00s, Limit=0.000s, Conversion=0.0004s, RTAB-Map=0.2643s, Maps update=0.0010s pub=0.0003s delay=0.4499s (local map=176, WM=176)
[INFO] [1771004473.001932846] [rtabmap]: rtabmap (249): Rate=1.00s, Limit=0.000s, Conversion=0.0004s, RTAB-Map=0.2720s, Maps update=0.0010s pub=0.0003s delay=0.4603s (local map=176, WM=176)
[INFO] [1771004474.067808360] [rtabmap]: rtabmap (250): Rate=1.00s, Limit=0.000s, Conversion=0.0005s, RTAB-Map=0.2357s, Maps update=0.0027s pub=0.0003s delay=0.4274s (local map=176, WM=176)
[INFO] [1771004475.088128277] [rtabmap]: rtabmap (251): Rate=1.00s, Limit=0.000s, Conversion=0.0003s, RTAB-Map=0.2551s, Maps update=0.0010s pub=0.0003s delay=0.4465s (local map=176, WM=176)
[INFO] [1771004476.179187224] [rtabmap]: rtabmap (252): Rate=1.00s, Limit=0.000s, Conversion=0.0004s, RTAB-Map=0.2461s, Maps update=0.0029s pub=0.0003s delay=0.4377s (local map=176, WM=176)
[INFO] [1771004477.280912078] [rtabmap]: rtabmap (253): Rate=1.00s, Limit=0.000s, Conversion=0.0003s, RTAB-Map=0.2507s, Maps update=0.0010s pub=0.0003s delay=0.4395s (local map=176, WM=176)
[INFO] [1771004478.267574187] [rtabmap]: rtabmap (254): Rate=1.00s, Limit=0.000s, Conversion=0.0006s, RTAB-Map=0.2389s, Maps update=0.0010s pub=0.0003s delay=0.4261s (local map=176, WM=176)
[INFO] [1771004479.281017737] [rtabmap]: rtabmap (255): Rate=1.00s, Limit=0.000s, Conversion=0.0005s, RTAB-Map=0.2512s, Maps update=0.0010s pub=0.0003s delay=0.4394s (local map=176, WM=176)
[INFO] [1771004480.390902714] [rtabmap]: rtabmap (256): Rate=1.00s, Limit=0.000s, Conversion=0.0005s, RTAB-Map=0.2605s, Maps update=0.0010s pub=0.0003s delay=0.4494s (local map=176, WM=176)
[INFO] [1771004481.460619353] [rtabmap]: rtabmap (257): Rate=1.00s, Limit=0.000s, Conversion=0.0006s, RTAB-Map=0.2357s, Maps update=0.0009s pub=0.0003s delay=0.4200s (local map=176, WM=176)
[INFO] [1771004482.470400409] [rtabmap]: rtabmap (258): Rate=1.00s, Limit=0.000s, Conversion=0.0004s, RTAB-Map=0.2431s, Maps update=0.0010s pub=0.0003s delay=0.4298s (local map=176, WM=176)
[INFO] [1771004483.499545016] [rtabmap]: rtabmap (259): Rate=1.00s, Limit=0.000s, Conversion=0.0005s, RTAB-Map=0.2654s, Maps update=0.0010s pub=0.0003s delay=0.4589s (local map=176, WM=176)
[INFO] [1771004484.467649713] [rtabmap]: rtabmap (260): Rate=1.00s, Limit=0.000s, Conversion=0.0007s, RTAB-Map=0.2450s, Maps update=0.0011s pub=0.0003s delay=0.4260s (local map=176, WM=176)
[INFO] [1771004485.563523868] [rtabmap]: rtabmap (261): Rate=1.00s, Limit=0.000s, Conversion=0.0004s, RTAB-Map=0.2391s, Maps update=0.0010s pub=0.0003s delay=0.4220s (local map=176, WM=176)
[INFO] [1771004486.693934933] [rtabmap]: rtabmap (262): Rate=1.00s, Limit=0.000s, Conversion=0.0004s, RTAB-Map=0.2613s, Maps update=0.0010s pub=0.0003s delay=0.4523s (local map=176, WM=176)
[INFO] [1771004487.794609318] [rtabmap]: rtabmap (263): Rate=1.00s, Limit=0.000s, Conversion=0.0003s, RTAB-Map=0.2582s, Maps update=0.0011s pub=0.0003s delay=0.4531s (local map=176, WM=176)
[INFO] [1771004488.885350335] [rtabmap]: rtabmap (264): Rate=1.00s, Limit=0.000s, Conversion=0.0006s, RTAB-Map=0.2489s, Maps update=0.0011s pub=0.0003s delay=0.4449s (local map=176, WM=176)
[INFO] [1771004489.873300425] [rtabmap]: rtabmap (265): Rate=1.00s, Limit=0.000s, Conversion=0.0006s, RTAB-Map=0.2398s, Maps update=0.0017s pub=0.0003s delay=0.4317s (local map=176, WM=176)
[INFO] [1771004491.018558149] [rtabmap]: rtabmap (266): Rate=1.00s, Limit=0.000s, Conversion=0.0003s, RTAB-Map=0.2547s, Maps update=0.0023s pub=0.0273s delay=0.4770s (local map=177, WM=177)
[INFO] [1771004492.135166527] [rtabmap]: rtabmap (267): Rate=1.00s, Limit=0.000s, Conversion=0.0004s, RTAB-Map=0.2739s, Maps update=0.0025s pub=0.0318s delay=0.4945s (local map=178, WM=178)
[INFO] [1771004493.108032798] [rtabmap]: rtabmap (268): Rate=1.00s, Limit=0.000s, Conversion=0.0004s, RTAB-Map=0.2320s, Maps update=0.0018s pub=0.0390s delay=0.4665s (local map=179, WM=179)
[INFO] [1771004494.236243178] [rtabmap]: rtabmap (269): Rate=1.00s, Limit=0.000s, Conversion=0.0005s, RTAB-Map=0.2622s, Maps update=0.0024s pub=0.0313s delay=0.4958s (local map=180, WM=180)
[INFO] [1771004495.232826784] [rtabmap]: rtabmap (270): Rate=1.00s, Limit=0.000s, Conversion=0.0003s, RTAB-Map=0.2603s, Maps update=0.0032s pub=0.0260s delay=0.4912s (local map=181, WM=181)
[INFO] [1771004496.331623120] [rtabmap]: rtabmap (271): Rate=1.00s, Limit=0.000s, Conversion=0.0004s, RTAB-Map=0.2601s, Maps update=0.0027s pub=0.0278s delay=0.4910s (local map=182, WM=182)
[INFO] [1771004497.292604530] [rtabmap]: rtabmap (272): Rate=1.00s, Limit=0.000s, Conversion=0.0004s, RTAB-Map=0.2500s, Maps update=0.0010s pub=0.0003s delay=0.4519s (local map=182, WM=182)
[INFO] [1771004498.302231052] [rtabmap]: rtabmap (273): Rate=1.00s, Limit=0.000s, Conversion=0.0004s, RTAB-Map=0.2620s, Maps update=0.0010s pub=0.0003s delay=0.4607s (local map=182, WM=182)
[INFO] [1771004499.316462854] [rtabmap]: rtabmap (274): Rate=1.00s, Limit=0.000s, Conversion=0.0004s, RTAB-Map=0.2703s, Maps update=0.0010s pub=0.0003s delay=0.4748s (local map=182, WM=182)
[INFO] [1771004500.404073905] [rtabmap]: rtabmap (275): Rate=1.00s, Limit=0.000s, Conversion=0.0005s, RTAB-Map=0.2634s, Maps update=0.0010s pub=0.0003s delay=0.4626s (local map=182, WM=182)
[INFO] [1771004501.495685112] [rtabmap]: rtabmap (276): Rate=1.00s, Limit=0.000s, Conversion=0.0004s, RTAB-Map=0.2568s, Maps update=0.0012s pub=0.0003s delay=0.4541s (local map=182, WM=182)
[INFO] [1771004502.612002427] [rtabmap]: rtabmap (277): Rate=1.00s, Limit=0.000s, Conversion=0.0004s, RTAB-Map=0.2733s, Maps update=0.0014s pub=0.0004s delay=0.4713s (local map=182, WM=182)
[INFO] [1771004503.715899872] [rtabmap]: rtabmap (278): Rate=1.00s, Limit=0.000s, Conversion=0.0006s, RTAB-Map=0.2814s, Maps update=0.0010s pub=0.0003s delay=0.4755s (local map=182, WM=182)
[INFO] [1771004504.702955474] [rtabmap]: rtabmap (279): Rate=1.00s, Limit=0.000s, Conversion=0.0004s, RTAB-Map=0.2601s, Maps update=0.0010s pub=0.0003s delay=0.4613s (local map=182, WM=182)
[INFO] [1771004505.784261967] [rtabmap]: rtabmap (280): Rate=1.00s, Limit=0.000s, Conversion=0.0007s, RTAB-Map=0.2551s, Maps update=0.0010s pub=0.0003s delay=0.4436s (local map=182, WM=182)
[INFO] [1771004506.792409117] [rtabmap]: rtabmap (281): Rate=1.00s, Limit=0.000s, Conversion=0.0005s, RTAB-Map=0.2546s, Maps update=0.0011s pub=0.0003s delay=0.4516s (local map=182, WM=182)
[INFO] [1771004507.870014043] [rtabmap]: rtabmap (282): Rate=1.00s, Limit=0.000s, Conversion=0.0004s, RTAB-Map=0.2317s, Maps update=0.0020s pub=0.0003s delay=0.4292s (local map=182, WM=182)
[INFO] [1771004509.025386388] [rtabmap]: rtabmap (283): Rate=1.00s, Limit=0.000s, Conversion=0.0003s, RTAB-Map=0.2595s, Maps update=0.0024s pub=0.0284s delay=0.4850s (local map=183, WM=183)
[INFO] [1771004510.115860423] [rtabmap]: rtabmap (284): Rate=1.00s, Limit=0.000s, Conversion=0.0004s, RTAB-Map=0.2586s, Maps update=0.0024s pub=0.0259s delay=0.4751s (local map=184, WM=184)
[INFO] [1771004511.248104284] [rtabmap]: rtabmap (285): Rate=1.00s, Limit=0.000s, Conversion=0.0004s, RTAB-Map=0.2710s, Maps update=0.0033s pub=0.0367s delay=0.5073s (local map=185, WM=185)
[INFO] [1771004512.256644478] [rtabmap]: rtabmap (286): Rate=1.00s, Limit=0.000s, Conversion=0.0004s, RTAB-Map=0.2861s, Maps update=0.0025s pub=0.0319s delay=0.5157s (local map=186, WM=186)
[INFO] [1771004513.206819978] [rtabmap]: rtabmap (287): Rate=1.00s, Limit=0.000s, Conversion=0.0006s, RTAB-Map=0.1700s, Maps update=0.0010s pub=0.0003s delay=0.3665s (local map=186, WM=186)
[INFO] [1771004514.440648770] [rtabmap]: rtabmap (288): Rate=1.00s, Limit=0.000s, Conversion=0.0107s, RTAB-Map=0.2680s, Maps update=0.0024s pub=0.0264s delay=0.5003s (local map=187, WM=187)
[INFO] [1771004515.388877994] [rtabmap]: rtabmap (289): Rate=1.00s, Limit=0.000s, Conversion=0.0004s, RTAB-Map=0.2232s, Maps update=0.0023s pub=0.0277s delay=0.4479s (local map=188, WM=188)
[INFO] [1771004516.531874919] [rtabmap]: rtabmap (290): Rate=1.00s, Limit=0.000s, Conversion=0.0005s, RTAB-Map=0.2613s, Maps update=0.0023s pub=0.0278s delay=0.4914s (local map=189, WM=189)
[INFO] [1771004517.518343516] [rtabmap]: rtabmap (291): Rate=1.00s, Limit=0.000s, Conversion=0.0005s, RTAB-Map=0.2517s, Maps update=0.0025s pub=0.0269s delay=0.4774s (local map=190, WM=190)
[INFO] [1771004518.641612388] [rtabmap]: rtabmap (292): Rate=1.00s, Limit=0.000s, Conversion=0.0004s, RTAB-Map=0.2812s, Maps update=0.0024s pub=0.0336s delay=0.5012s (local map=191, WM=191)
[INFO] [1771004519.708361172] [rtabmap]: rtabmap (293): Rate=1.00s, Limit=0.000s, Conversion=0.0003s, RTAB-Map=0.2504s, Maps update=0.0021s pub=0.0287s delay=0.4679s (local map=192, WM=192)
[INFO] [1771004520.665539592] [rtabmap]: rtabmap (294): Rate=1.00s, Limit=0.000s, Conversion=0.0003s, RTAB-Map=0.2327s, Maps update=0.0011s pub=0.0003s delay=0.4248s (local map=192, WM=192)
[INFO] [1771004521.816084393] [rtabmap]: rtabmap (295): Rate=1.00s, Limit=0.000s, Conversion=0.0007s, RTAB-Map=0.2598s, Maps update=0.0022s pub=0.0275s delay=0.4757s (local map=193, WM=193)
[INFO] [1771004522.820893803] [rtabmap]: rtabmap (296): Rate=1.00s, Limit=0.000s, Conversion=0.0004s, RTAB-Map=0.2548s, Maps update=0.0046s pub=0.0320s delay=0.4803s (local map=194, WM=194)
[INFO] [1771004523.909973399] [rtabmap]: rtabmap (297): Rate=1.00s, Limit=0.000s, Conversion=0.0005s, RTAB-Map=0.2420s, Maps update=0.0021s pub=0.0296s delay=0.4696s (local map=195, WM=195)
[INFO] [1771004524.927664239] [rtabmap]: rtabmap (298): Rate=1.00s, Limit=0.000s, Conversion=0.0005s, RTAB-Map=0.2562s, Maps update=0.0011s pub=0.0269s delay=0.4871s (local map=196, WM=196)
[INFO] [1771004526.069110333] [rtabmap]: rtabmap (299): Rate=1.00s, Limit=0.000s, Conversion=0.0004s, RTAB-Map=0.2898s, Maps update=0.0026s pub=0.0307s delay=0.5287s (local map=197, WM=197)
[INFO] [1771004527.067647677] [rtabmap]: rtabmap (300): Rate=1.00s, Limit=0.000s, Conversion=0.0003s, RTAB-Map=0.2937s, Maps update=0.0023s pub=0.0292s delay=0.5269s (local map=198, WM=198)
[INFO] [1771004528.178509768] [rtabmap]: rtabmap (301): Rate=1.00s, Limit=0.000s, Conversion=0.0006s, RTAB-Map=0.3028s, Maps update=0.0035s pub=0.0324s delay=0.5380s (local map=199, WM=199)
[INFO] [1771004529.165833288] [rtabmap]: rtabmap (302): Rate=1.00s, Limit=0.000s, Conversion=0.0005s, RTAB-Map=0.2926s, Maps update=0.0036s pub=0.0292s delay=0.5252s (local map=200, WM=200)
[INFO] [1771004530.160399013] [rtabmap]: rtabmap (303): Rate=1.00s, Limit=0.000s, Conversion=0.0006s, RTAB-Map=0.2921s, Maps update=0.0026s pub=0.0321s delay=0.5198s (local map=201, WM=201)
[INFO] [1771004531.169212699] [rtabmap]: rtabmap (304): Rate=1.00s, Limit=0.000s, Conversion=0.0003s, RTAB-Map=0.2883s, Maps update=0.0023s pub=0.0323s delay=0.5286s (local map=202, WM=202)
[INFO] [1771004532.131898850] [rtabmap]: rtabmap (305): Rate=1.00s, Limit=0.000s, Conversion=0.0003s, RTAB-Map=0.2642s, Maps update=0.0032s pub=0.0273s delay=0.4913s (local map=203, WM=203)
[INFO] [1771004533.228020744] [rtabmap]: rtabmap (306): Rate=1.00s, Limit=0.000s, Conversion=0.0008s, RTAB-Map=0.2707s, Maps update=0.0025s pub=0.0274s delay=0.4874s (local map=204, WM=204)
[INFO] [1771004534.336133138] [rtabmap]: rtabmap (307): Rate=1.00s, Limit=0.000s, Conversion=0.0004s, RTAB-Map=0.2694s, Maps update=0.0025s pub=0.0283s delay=0.4955s (local map=205, WM=205)
[INFO] [1771004535.418742240] [rtabmap]: rtabmap (308): Rate=1.00s, Limit=0.000s, Conversion=0.0006s, RTAB-Map=0.2539s, Maps update=0.0026s pub=0.0295s delay=0.4781s (local map=206, WM=206)
[INFO] [1771004536.466493001] [rtabmap]: rtabmap (309): Rate=1.00s, Limit=0.000s, Conversion=0.0005s, RTAB-Map=0.2968s, Maps update=0.0023s pub=0.0333s delay=0.5258s (local map=207, WM=207)
[INFO] [1771004537.530857335] [rtabmap]: rtabmap (310): Rate=1.00s, Limit=0.000s, Conversion=0.0003s, RTAB-Map=0.2641s, Maps update=0.0026s pub=0.0322s delay=0.4902s (local map=208, WM=208)
[INFO] [1771004538.621514238] [rtabmap]: rtabmap (311): Rate=1.00s, Limit=0.000s, Conversion=0.0004s, RTAB-Map=0.2579s, Maps update=0.0024s pub=0.0290s delay=0.4808s (local map=209, WM=209)
[INFO] [1771004539.727602722] [rtabmap]: rtabmap (312): Rate=1.00s, Limit=0.000s, Conversion=0.0003s, RTAB-Map=0.2708s, Maps update=0.0011s pub=0.0270s delay=0.4870s (local map=210, WM=210)
[INFO] [1771004540.735593147] [rtabmap]: rtabmap (313): Rate=1.00s, Limit=0.000s, Conversion=0.0005s, RTAB-Map=0.2730s, Maps update=0.0039s pub=0.0287s delay=0.4948s (local map=211, WM=211)
[INFO] [1771004541.825990521] [rtabmap]: rtabmap (314): Rate=1.00s, Limit=0.000s, Conversion=0.0004s, RTAB-Map=0.2736s, Maps update=0.0026s pub=0.0294s delay=0.4852s (local map=212, WM=212)
[INFO] [1771004542.906519805] [rtabmap]: rtabmap (315): Rate=1.00s, Limit=0.000s, Conversion=0.0003s, RTAB-Map=0.2511s, Maps update=0.0031s pub=0.0286s delay=0.4658s (local map=213, WM=213)
[INFO] [1771004543.990496219] [rtabmap]: rtabmap (316): Rate=1.00s, Limit=0.000s, Conversion=0.0005s, RTAB-Map=0.2425s, Maps update=0.0022s pub=0.0309s delay=0.4497s (local map=214, WM=214)
[INFO] [1771004545.128317653] [rtabmap]: rtabmap (317): Rate=1.00s, Limit=0.000s, Conversion=0.0004s, RTAB-Map=0.2860s, Maps update=0.0029s pub=0.0275s delay=0.4877s (local map=215, WM=215)
[INFO] [1771004546.105610971] [rtabmap]: rtabmap (318): Rate=1.00s, Limit=0.000s, Conversion=0.0003s, RTAB-Map=0.2557s, Maps update=0.0028s pub=0.0296s delay=0.4649s (local map=216, WM=216)
[INFO] [1771004547.112702005] [rtabmap]: rtabmap (319): Rate=1.00s, Limit=0.000s, Conversion=0.0007s, RTAB-Map=0.2445s, Maps update=0.0035s pub=0.0514s delay=0.4720s (local map=217, WM=217)
[INFO] [1771004548.231744702] [rtabmap]: rtabmap (320): Rate=1.00s, Limit=0.000s, Conversion=0.0004s, RTAB-Map=0.2673s, Maps update=0.0026s pub=0.0305s delay=0.4910s (local map=218, WM=218)
[INFO] [1771004549.223854315] [rtabmap]: rtabmap (321): Rate=1.00s, Limit=0.000s, Conversion=0.0004s, RTAB-Map=0.2720s, Maps update=0.0023s pub=0.0311s delay=0.4831s (local map=219, WM=219)
[INFO] [1771004550.340192213] [rtabmap]: rtabmap (322): Rate=1.00s, Limit=0.000s, Conversion=0.0004s, RTAB-Map=0.3000s, Maps update=0.0027s pub=0.0286s delay=0.4994s (local map=220, WM=220)
[INFO] [1771004551.398752345] [rtabmap]: rtabmap (323): Rate=1.00s, Limit=0.000s, Conversion=0.0005s, RTAB-Map=0.2628s, Maps update=0.0023s pub=0.0313s delay=0.4580s (local map=221, WM=221)
[INFO] [1771004552.407519725] [rtabmap]: rtabmap (324): Rate=1.00s, Limit=0.000s, Conversion=0.0005s, RTAB-Map=0.2657s, Maps update=0.0024s pub=0.0326s delay=0.4666s (local map=222, WM=222)
[INFO] [1771004553.524418251] [rtabmap]: rtabmap (325): Rate=1.00s, Limit=0.000s, Conversion=0.0004s, RTAB-Map=0.2768s, Maps update=0.0011s pub=0.0295s delay=0.4837s (local map=223, WM=223)
[INFO] [1771004554.518808679] [rtabmap]: rtabmap (326): Rate=1.00s, Limit=0.000s, Conversion=0.0005s, RTAB-Map=0.2684s, Maps update=0.0025s pub=0.0313s delay=0.4779s (local map=224, WM=224)
[INFO] [1771004555.588512241] [rtabmap]: rtabmap (327): Rate=1.00s, Limit=0.000s, Conversion=0.0003s, RTAB-Map=0.2497s, Maps update=0.0023s pub=0.0312s delay=0.4476s (local map=225, WM=225)
[INFO] [1771004556.719760997] [rtabmap]: rtabmap (328): Rate=1.00s, Limit=0.000s, Conversion=0.0003s, RTAB-Map=0.2741s, Maps update=0.0028s pub=0.0291s delay=0.4790s (local map=226, WM=226)
[INFO] [1771004557.722036950] [rtabmap]: rtabmap (329): Rate=1.00s, Limit=0.000s, Conversion=0.0004s, RTAB-Map=0.2669s, Maps update=0.0030s pub=0.0313s delay=0.4812s (local map=227, WM=227)
[INFO] [1771004558.780416947] [rtabmap]: rtabmap (330): Rate=1.00s, Limit=0.000s, Conversion=0.0005s, RTAB-Map=0.2442s, Maps update=0.0033s pub=0.0305s delay=0.4397s (local map=228, WM=228)
[INFO] [1771004559.766239908] [rtabmap]: rtabmap (331): Rate=1.00s, Limit=0.000s, Conversion=0.0004s, RTAB-Map=0.2305s, Maps update=0.0025s pub=0.0304s delay=0.4255s (local map=229, WM=229)
[INFO] [1771004560.798441389] [rtabmap]: rtabmap (332): Rate=1.00s, Limit=0.000s, Conversion=0.0005s, RTAB-Map=0.2608s, Maps update=0.0029s pub=0.0328s delay=0.4576s (local map=230, WM=230)
[INFO] [1771004561.820040962] [rtabmap]: rtabmap (333): Rate=1.00s, Limit=0.000s, Conversion=0.0003s, RTAB-Map=0.2667s, Maps update=0.0027s pub=0.0388s delay=0.4792s (local map=231, WM=231)
[INFO] [1771004562.784281312] [rtabmap]: rtabmap (334): Rate=1.00s, Limit=0.000s, Conversion=0.0004s, RTAB-Map=0.1757s, Maps update=0.0013s pub=0.0004s delay=0.3434s (local map=231, WM=231)
[INFO] [1771004563.786691125] [rtabmap]: rtabmap (335): Rate=1.00s, Limit=0.000s, Conversion=0.0004s, RTAB-Map=0.1714s, Maps update=0.0016s pub=0.0005s delay=0.3458s (local map=231, WM=231)
[INFO] [1771004565.003942445] [rtabmap]: rtabmap (336): Rate=1.00s, Limit=0.000s, Conversion=0.0005s, RTAB-Map=0.2602s, Maps update=0.0029s pub=0.0318s delay=0.4631s (local map=232, WM=232)
[INFO] [1771004566.095622647] [rtabmap]: rtabmap (337): Rate=1.00s, Limit=0.000s, Conversion=0.0005s, RTAB-Map=0.2337s, Maps update=0.0026s pub=0.0318s delay=0.4549s (local map=233, WM=233)
[INFO] [1771004567.102621390] [rtabmap]: rtabmap (338): Rate=1.00s, Limit=0.000s, Conversion=0.0004s, RTAB-Map=0.2363s, Maps update=0.0025s pub=0.0320s delay=0.4618s (local map=234, WM=234)
[INFO] [1771004568.114879580] [rtabmap]: rtabmap (339): Rate=1.00s, Limit=0.000s, Conversion=0.0003s, RTAB-Map=0.2521s, Maps update=0.0025s pub=0.0305s delay=0.4740s (local map=235, WM=235)
[INFO] [1771004569.196907541] [rtabmap]: rtabmap (340): Rate=1.00s, Limit=0.000s, Conversion=0.0004s, RTAB-Map=0.2291s, Maps update=0.0032s pub=0.0313s delay=0.4560s (local map=236, WM=236)
[INFO] [1771004570.326410764] [rtabmap]: rtabmap (341): Rate=1.00s, Limit=0.000s, Conversion=0.0005s, RTAB-Map=0.2584s, Maps update=0.0027s pub=0.0300s delay=0.4856s (local map=237, WM=237)
[INFO] [1771004571.336945310] [rtabmap]: rtabmap (342): Rate=1.00s, Limit=0.000s, Conversion=0.0005s, RTAB-Map=0.2516s, Maps update=0.0048s pub=0.0328s delay=0.4960s (local map=238, WM=238)
[INFO] [1771004572.281673809] [rtabmap]: rtabmap (343): Rate=1.00s, Limit=0.000s, Conversion=0.0005s, RTAB-Map=0.2454s, Maps update=0.0014s pub=0.0004s delay=0.4407s (local map=238, WM=238)
[INFO] [1771004573.388533711] [rtabmap]: rtabmap (344): Rate=1.00s, Limit=0.000s, Conversion=0.0005s, RTAB-Map=0.2473s, Maps update=0.0015s pub=0.0004s delay=0.4477s (local map=238, WM=238)
[INFO] [1771004574.391382068] [rtabmap]: rtabmap (345): Rate=1.00s, Limit=0.000s, Conversion=0.0004s, RTAB-Map=0.2527s, Maps update=0.0014s pub=0.0004s delay=0.4504s (local map=238, WM=238)
[INFO] [1771004575.481804627] [rtabmap]: rtabmap (346): Rate=1.00s, Limit=0.000s, Conversion=0.0005s, RTAB-Map=0.2527s, Maps update=0.0014s pub=0.0004s delay=0.4408s (local map=238, WM=238)
[INFO] [1771004576.597469254] [rtabmap]: rtabmap (347): Rate=1.00s, Limit=0.000s, Conversion=0.0004s, RTAB-Map=0.2652s, Maps update=0.0013s pub=0.0004s delay=0.4566s (local map=238, WM=238)
[INFO] [1771004577.594993424] [rtabmap]: rtabmap (348): Rate=1.00s, Limit=0.000s, Conversion=0.0003s, RTAB-Map=0.2611s, Maps update=0.0012s pub=0.0004s delay=0.4541s (local map=238, WM=238)
[INFO] [1771004578.698041129] [rtabmap]: rtabmap (349): Rate=1.00s, Limit=0.000s, Conversion=0.0006s, RTAB-Map=0.2289s, Maps update=0.0027s pub=0.0335s delay=0.4573s (local map=239, WM=239)
[INFO] [1771004579.729335858] [rtabmap]: rtabmap (350): Rate=1.00s, Limit=0.000s, Conversion=0.0005s, RTAB-Map=0.2560s, Maps update=0.0036s pub=0.0311s delay=0.4885s (local map=240, WM=240)
[INFO] [1771004580.738104838] [rtabmap]: rtabmap (351): Rate=1.00s, Limit=0.000s, Conversion=0.0004s, RTAB-Map=0.2709s, Maps update=0.0035s pub=0.0395s delay=0.4972s (local map=241, WM=241)
[INFO] [1771004581.751112175] [rtabmap]: rtabmap (352): Rate=1.00s, Limit=0.000s, Conversion=0.0006s, RTAB-Map=0.2538s, Maps update=0.0031s pub=0.0692s delay=0.5102s (local map=242, WM=242)
[INFO] [1771004582.760370836] [rtabmap]: rtabmap (353): Rate=1.00s, Limit=0.000s, Conversion=0.0005s, RTAB-Map=0.2445s, Maps update=0.0013s pub=0.0811s delay=0.5194s (local map=243, WM=243)
[INFO] [1771004583.814106319] [rtabmap]: rtabmap (354): Rate=1.00s, Limit=0.000s, Conversion=0.0005s, RTAB-Map=0.2436s, Maps update=0.0030s pub=0.0344s delay=0.4732s (local map=244, WM=244)
[INFO] [1771004584.903606126] [rtabmap]: rtabmap (355): Rate=1.00s, Limit=0.000s, Conversion=0.0005s, RTAB-Map=0.2285s, Maps update=0.0038s pub=0.0356s delay=0.4626s (local map=245, WM=245)
[INFO] [1771004586.030569356] [rtabmap]: rtabmap (356): Rate=1.00s, Limit=0.000s, Conversion=0.0005s, RTAB-Map=0.2584s, Maps update=0.0025s pub=0.0311s delay=0.4895s (local map=246, WM=246)
[INFO] [1771004587.088596669] [rtabmap]: rtabmap (357): Rate=1.00s, Limit=0.000s, Conversion=0.0003s, RTAB-Map=0.2176s, Maps update=0.0033s pub=0.0369s delay=0.4476s (local map=247, WM=247)
[INFO] [1771004588.120141678] [rtabmap]: rtabmap (358): Rate=1.00s, Limit=0.000s, Conversion=0.0005s, RTAB-Map=0.2526s, Maps update=0.0013s pub=0.0307s delay=0.4790s (local map=248, WM=248)
[INFO] [1771004589.200758806] [rtabmap]: rtabmap (359): Rate=1.00s, Limit=0.000s, Conversion=0.0003s, RTAB-Map=0.2315s, Maps update=0.0026s pub=0.0312s delay=0.4598s (local map=249, WM=249)
[INFO] [1771004590.265997827] [rtabmap]: rtabmap (360): Rate=1.00s, Limit=0.000s, Conversion=0.0004s, RTAB-Map=0.2939s, Maps update=0.0024s pub=0.0360s delay=0.5249s (local map=250, WM=250)
[INFO] [1771004591.325964408] [rtabmap]: rtabmap (361): Rate=1.00s, Limit=0.000s, Conversion=0.0004s, RTAB-Map=0.2515s, Maps update=0.0025s pub=0.0340s delay=0.4851s (local map=251, WM=251)
[INFO] [1771004592.341330963] [rtabmap]: rtabmap (362): Rate=1.00s, Limit=0.000s, Conversion=0.0003s, RTAB-Map=0.2782s, Maps update=0.0031s pub=0.0324s delay=0.5001s (local map=252, WM=252)
[INFO] [1771004593.420416037] [rtabmap]: rtabmap (363): Rate=1.00s, Limit=0.000s, Conversion=0.0005s, RTAB-Map=0.2471s, Maps update=0.0038s pub=0.0322s delay=0.4792s (local map=253, WM=253)
[INFO] [1771004594.503712682] [rtabmap]: rtabmap (364): Rate=1.00s, Limit=0.000s, Conversion=0.0003s, RTAB-Map=0.2236s, Maps update=0.0035s pub=0.0327s delay=0.4626s (local map=254, WM=254)
[INFO] [1771004595.500439961] [rtabmap]: rtabmap (365): Rate=1.00s, Limit=0.000s, Conversion=0.0009s, RTAB-Map=0.2243s, Maps update=0.0013s pub=0.0311s delay=0.4592s (local map=255, WM=255)
[INFO] [1771004596.692063599] [rtabmap]: rtabmap (366): Rate=1.00s, Limit=0.000s, Conversion=0.0003s, RTAB-Map=0.3154s, Maps update=0.0027s pub=0.0355s delay=0.5511s (local map=256, WM=256)
[INFO] [1771004597.694863730] [rtabmap]: rtabmap (367): Rate=1.00s, Limit=0.000s, Conversion=0.0005s, RTAB-Map=0.3232s, Maps update=0.0025s pub=0.0355s delay=0.5537s (local map=257, WM=257)
[INFO] [1771004598.761133732] [rtabmap]: rtabmap (368): Rate=1.00s, Limit=0.000s, Conversion=0.0003s, RTAB-Map=0.2825s, Maps update=0.0025s pub=0.0435s delay=0.5200s (local map=258, WM=258)
[INFO] [1771004599.878678072] [rtabmap]: rtabmap (369): Rate=1.00s, Limit=0.000s, Conversion=0.0004s, RTAB-Map=0.3001s, Maps update=0.0026s pub=0.0343s delay=0.5376s (local map=259, WM=259)
[INFO] [1771004600.873854513] [rtabmap]: rtabmap (370): Rate=1.00s, Limit=0.000s, Conversion=0.0004s, RTAB-Map=0.3042s, Maps update=0.0033s pub=0.0334s delay=0.5327s (local map=260, WM=260)
[INFO] [1771004601.883840815] [rtabmap]: rtabmap (371): Rate=1.00s, Limit=0.000s, Conversion=0.0005s, RTAB-Map=0.3094s, Maps update=0.0026s pub=0.0420s delay=0.5426s (local map=261, WM=261)
[INFO] [1771004602.973149191] [rtabmap]: rtabmap (372): Rate=1.00s, Limit=0.000s, Conversion=0.0003s, RTAB-Map=0.3127s, Maps update=0.0032s pub=0.0323s delay=0.5320s (local map=262, WM=262)
[INFO] [1771004603.948028089] [rtabmap]: rtabmap (373): Rate=1.00s, Limit=0.000s, Conversion=0.0004s, RTAB-Map=0.2810s, Maps update=0.0025s pub=0.0377s delay=0.5068s (local map=263, WM=263)
[INFO] [1771004604.962248844] [rtabmap]: rtabmap (374): Rate=1.00s, Limit=0.000s, Conversion=0.0005s, RTAB-Map=0.2925s, Maps update=0.0032s pub=0.0391s delay=0.5210s (local map=264, WM=264)
[INFO] [1771004606.058587322] [rtabmap]: rtabmap (375): Rate=1.00s, Limit=0.000s, Conversion=0.0004s, RTAB-Map=0.2882s, Maps update=0.0027s pub=0.0357s delay=0.5174s (local map=265, WM=265)
[INFO] [1771004607.095763569] [rtabmap]: rtabmap (376): Rate=1.00s, Limit=0.000s, Conversion=0.0005s, RTAB-Map=0.3192s, Maps update=0.0026s pub=0.0331s delay=0.5546s (local map=266, WM=266)
[INFO] [1771004608.185800419] [rtabmap]: rtabmap (377): Rate=1.00s, Limit=0.000s, Conversion=0.0004s, RTAB-Map=0.3100s, Maps update=0.0028s pub=0.0432s delay=0.5447s (local map=267, WM=267)
[INFO] [1771004609.164468185] [rtabmap]: rtabmap (378): Rate=1.00s, Limit=0.000s, Conversion=0.0004s, RTAB-Map=0.2569s, Maps update=0.0026s pub=0.0797s delay=0.5232s (local map=268, WM=268)
[INFO] [1771004610.225814782] [rtabmap]: rtabmap (379): Rate=1.00s, Limit=0.000s, Conversion=0.0003s, RTAB-Map=0.2614s, Maps update=0.0027s pub=0.0307s delay=0.4848s (local map=269, WM=269)
[INFO] [1771004611.228090575] [rtabmap]: rtabmap (380): Rate=1.00s, Limit=0.000s, Conversion=0.0003s, RTAB-Map=0.2346s, Maps update=0.0032s pub=0.0791s delay=0.4869s (local map=270, WM=270)
[INFO] [1771004612.317095292] [rtabmap]: rtabmap (381): Rate=1.00s, Limit=0.000s, Conversion=0.0004s, RTAB-Map=0.2584s, Maps update=0.0040s pub=0.0342s delay=0.4761s (local map=271, WM=271)
[INFO] [1771004613.324977778] [rtabmap]: rtabmap (382): Rate=1.00s, Limit=0.000s, Conversion=0.0005s, RTAB-Map=0.2539s, Maps update=0.0026s pub=0.0514s delay=0.4837s (local map=272, WM=272)
[INFO] [1771004614.422082170] [rtabmap]: rtabmap (383): Rate=1.00s, Limit=0.000s, Conversion=0.0004s, RTAB-Map=0.2581s, Maps update=0.0038s pub=0.0460s delay=0.4809s (local map=273, WM=273)
[INFO] [1771004615.429371227] [rtabmap]: rtabmap (384): Rate=1.00s, Limit=0.000s, Conversion=0.0004s, RTAB-Map=0.2289s, Maps update=0.0030s pub=0.0792s delay=0.4880s (local map=274, WM=274)
[INFO] [1771004616.506420678] [rtabmap]: rtabmap (385): Rate=1.00s, Limit=0.000s, Conversion=0.0005s, RTAB-Map=0.2364s, Maps update=0.0029s pub=0.0382s delay=0.4652s (local map=275, WM=275)
[INFO] [1771004617.558956534] [rtabmap]: rtabmap (386): Rate=1.00s, Limit=0.000s, Conversion=0.0107s, RTAB-Map=0.2675s, Maps update=0.0042s pub=0.0500s delay=0.5175s (local map=276, WM=276)
[INFO] [1771004618.620361789] [rtabmap]: rtabmap (387): Rate=1.00s, Limit=0.000s, Conversion=0.0003s, RTAB-Map=0.2476s, Maps update=0.0040s pub=0.0358s delay=0.4793s (local map=277, WM=277)
[INFO] [1771004619.641825230] [rtabmap]: rtabmap (388): Rate=1.00s, Limit=0.000s, Conversion=0.0010s, RTAB-Map=0.2716s, Maps update=0.0014s pub=0.0352s delay=0.5005s (local map=278, WM=278)
[INFO] [1771004620.757570499] [rtabmap]: rtabmap (389): Rate=1.00s, Limit=0.000s, Conversion=0.0005s, RTAB-Map=0.2767s, Maps update=0.0027s pub=0.0437s delay=0.5165s (local map=279, WM=279)
[INFO] [1771004621.861783525] [rtabmap]: rtabmap (390): Rate=1.00s, Limit=0.000s, Conversion=0.0107s, RTAB-Map=0.2757s, Maps update=0.0035s pub=0.0360s delay=0.5206s (local map=280, WM=280)
[INFO] [1771004622.926625316] [rtabmap]: rtabmap (391): Rate=1.00s, Limit=0.000s, Conversion=0.0005s, RTAB-Map=0.2511s, Maps update=0.0033s pub=0.0350s delay=0.4855s (local map=281, WM=281)
[INFO] [1771004623.984009311] [rtabmap]: rtabmap (392): Rate=1.00s, Limit=0.000s, Conversion=0.0003s, RTAB-Map=0.2494s, Maps update=0.0016s pub=0.0005s delay=0.4427s (local map=281, WM=281)
[INFO] [1771004625.109828309] [rtabmap]: rtabmap (393): Rate=1.00s, Limit=0.000s, Conversion=0.0008s, RTAB-Map=0.2715s, Maps update=0.0018s pub=0.0006s delay=0.4686s (local map=281, WM=281)
[INFO] [1771004626.186127269] [rtabmap]: rtabmap (394): Rate=1.00s, Limit=0.000s, Conversion=0.0005s, RTAB-Map=0.2414s, Maps update=0.0015s pub=0.0004s delay=0.4457s (local map=281, WM=281)
[INFO] [1771004627.215115549] [rtabmap]: rtabmap (395): Rate=1.00s, Limit=0.000s, Conversion=0.0003s, RTAB-Map=0.2594s, Maps update=0.0016s pub=0.0004s delay=0.4737s (local map=281, WM=281)
[INFO] [1771004628.299947257] [rtabmap]: rtabmap (396): Rate=1.00s, Limit=0.000s, Conversion=0.0006s, RTAB-Map=0.2559s, Maps update=0.0016s pub=0.0004s delay=0.4586s (local map=281, WM=281)
[INFO] [1771004629.382635172] [rtabmap]: rtabmap (397): Rate=1.00s, Limit=0.000s, Conversion=0.0105s, RTAB-Map=0.2322s, Maps update=0.0015s pub=0.0004s delay=0.4413s (local map=281, WM=281)
[INFO] [1771004630.349331239] [rtabmap]: rtabmap (398): Rate=1.00s, Limit=0.000s, Conversion=0.0005s, RTAB-Map=0.2098s, Maps update=0.0016s pub=0.0004s delay=0.4078s (local map=281, WM=281)
[INFO] [1771004631.483590933] [rtabmap]: rtabmap (399): Rate=1.00s, Limit=0.000s, Conversion=0.0004s, RTAB-Map=0.2358s, Maps update=0.0018s pub=0.0007s delay=0.4424s (local map=281, WM=281)
[INFO] [1771004632.487486812] [rtabmap]: rtabmap (400): Rate=1.00s, Limit=0.000s, Conversion=0.0005s, RTAB-Map=0.2495s, Maps update=0.0018s pub=0.0006s delay=0.4462s (local map=281, WM=281)
[INFO] [1771004633.460312792] [rtabmap]: rtabmap (401): Rate=1.00s, Limit=0.000s, Conversion=0.0005s, RTAB-Map=0.2215s, Maps update=0.0014s pub=0.0004s delay=0.4189s (local map=281, WM=281)
[INFO] [1771004634.471462273] [rtabmap]: rtabmap (402): Rate=1.00s, Limit=0.000s, Conversion=0.0005s, RTAB-Map=0.2312s, Maps update=0.0014s pub=0.0004s delay=0.4301s (local map=281, WM=281)
[INFO] [1771004635.576509348] [rtabmap]: rtabmap (403): Rate=1.00s, Limit=0.000s, Conversion=0.0005s, RTAB-Map=0.2368s, Maps update=0.0014s pub=0.0004s delay=0.4351s (local map=281, WM=281)
[INFO] [1771004636.693457036] [rtabmap]: rtabmap (404): Rate=1.00s, Limit=0.000s, Conversion=0.0006s, RTAB-Map=0.2526s, Maps update=0.0014s pub=0.0004s delay=0.4523s (local map=281, WM=281)
[INFO] [1771004637.692990618] [rtabmap]: rtabmap (405): Rate=1.00s, Limit=0.000s, Conversion=0.0108s, RTAB-Map=0.2455s, Maps update=0.0018s pub=0.0005s delay=0.4514s (local map=281, WM=281)
[INFO] [1771004638.791408114] [rtabmap]: rtabmap (406): Rate=1.00s, Limit=0.000s, Conversion=0.0105s, RTAB-Map=0.2422s, Maps update=0.0016s pub=0.0005s delay=0.4509s (local map=281, WM=281)
[INFO] [1771004639.803816039] [rtabmap]: rtabmap (407): Rate=1.00s, Limit=0.000s, Conversion=0.0003s, RTAB-Map=0.2551s, Maps update=0.0015s pub=0.0004s delay=0.4623s (local map=281, WM=281)
[INFO] [1771004640.881096980] [rtabmap]: rtabmap (408): Rate=1.00s, Limit=0.000s, Conversion=0.0003s, RTAB-Map=0.2399s, Maps update=0.0015s pub=0.0004s delay=0.4399s (local map=281, WM=281)
[INFO] [1771004641.877138565] [rtabmap]: rtabmap (409): Rate=1.00s, Limit=0.000s, Conversion=0.0005s, RTAB-Map=0.2383s, Maps update=0.0017s pub=0.0004s delay=0.4359s (local map=281, WM=281)
[INFO] [1771004642.864156376] [rtabmap]: rtabmap (410): Rate=1.00s, Limit=0.000s, Conversion=0.0007s, RTAB-Map=0.2246s, Maps update=0.0020s pub=0.0005s delay=0.4227s (local map=281, WM=281)
[INFO] [1771004643.980836695] [rtabmap]: rtabmap (411): Rate=1.00s, Limit=0.000s, Conversion=0.0006s, RTAB-Map=0.2420s, Maps update=0.0017s pub=0.0004s delay=0.4403s (local map=281, WM=281)
[INFO] [1771004644.985241360] [rtabmap]: rtabmap (412): Rate=1.00s, Limit=0.000s, Conversion=0.0004s, RTAB-Map=0.2483s, Maps update=0.0041s pub=0.0005s delay=0.4440s (local map=281, WM=281)
[INFO] [1771004645.977119407] [rtabmap]: rtabmap (413): Rate=1.00s, Limit=0.000s, Conversion=0.0006s, RTAB-Map=0.2435s, Maps update=0.0014s pub=0.0004s delay=0.4358s (local map=281, WM=281)
[INFO] [1771004647.103649066] [rtabmap]: rtabmap (414): Rate=1.00s, Limit=0.000s, Conversion=0.0004s, RTAB-Map=0.2535s, Maps update=0.0017s pub=0.0005s delay=0.4625s (local map=281, WM=281)
[INFO] [1771004648.065446976] [rtabmap]: rtabmap (415): Rate=1.00s, Limit=0.000s, Conversion=0.0004s, RTAB-Map=0.2303s, Maps update=0.0015s pub=0.0004s delay=0.4240s (local map=281, WM=281)
[INFO] [1771004649.201272260] [rtabmap]: rtabmap (416): Rate=1.00s, Limit=0.000s, Conversion=0.0005s, RTAB-Map=0.2537s, Maps update=0.0018s pub=0.0005s delay=0.4600s (local map=281, WM=281)
[INFO] [1771004650.164567791] [rtabmap]: rtabmap (417): Rate=1.00s, Limit=0.000s, Conversion=0.0004s, RTAB-Map=0.2230s, Maps update=0.0024s pub=0.0004s delay=0.4231s (local map=281, WM=281)
[INFO] [1771004651.287154047] [rtabmap]: rtabmap (418): Rate=1.00s, Limit=0.000s, Conversion=0.0006s, RTAB-Map=0.2491s, Maps update=0.0019s pub=0.0005s delay=0.4459s (local map=281, WM=281)
[INFO] [1771004652.284440733] [rtabmap]: rtabmap (419): Rate=1.00s, Limit=0.000s, Conversion=0.0004s, RTAB-Map=0.2455s, Maps update=0.0015s pub=0.0004s delay=0.4429s (local map=281, WM=281)
[INFO] [1771004653.296387233] [rtabmap]: rtabmap (420): Rate=1.00s, Limit=0.000s, Conversion=0.0006s, RTAB-Map=0.2626s, Maps update=0.0020s pub=0.0005s delay=0.4549s (local map=281, WM=281)
[INFO] [1771004654.355809462] [rtabmap]: rtabmap (421): Rate=1.00s, Limit=0.000s, Conversion=0.0005s, RTAB-Map=0.2198s, Maps update=0.0014s pub=0.0004s delay=0.4144s (local map=281, WM=281)
[INFO] [1771004655.391403039] [rtabmap]: rtabmap (422): Rate=1.00s, Limit=0.000s, Conversion=0.0006s, RTAB-Map=0.2501s, Maps update=0.0014s pub=0.0005s delay=0.4499s (local map=281, WM=281)
[INFO] [1771004656.368813374] [rtabmap]: rtabmap (423): Rate=1.00s, Limit=0.000s, Conversion=0.0003s, RTAB-Map=0.2284s, Maps update=0.0014s pub=0.0004s delay=0.4273s (local map=281, WM=281)
[INFO] [1771004657.516956630] [rtabmap]: rtabmap (424): Rate=1.00s, Limit=0.000s, Conversion=0.0006s, RTAB-Map=0.2712s, Maps update=0.0018s pub=0.0005s delay=0.4755s (local map=281, WM=281)
[INFO] [1771004658.586296938] [rtabmap]: rtabmap (425): Rate=1.00s, Limit=0.000s, Conversion=0.0003s, RTAB-Map=0.2419s, Maps update=0.0016s pub=0.0004s delay=0.4448s (local map=281, WM=281)
[INFO] [1771004659.668809040] [rtabmap]: rtabmap (426): Rate=1.00s, Limit=0.000s, Conversion=0.0005s, RTAB-Map=0.2345s, Maps update=0.0014s pub=0.0004s delay=0.4274s (local map=281, WM=281)
[INFO] [1771004660.684809252] [rtabmap]: rtabmap (427): Rate=1.00s, Limit=0.000s, Conversion=0.0004s, RTAB-Map=0.2473s, Maps update=0.0018s pub=0.0006s delay=0.4433s (local map=281, WM=281)
[INFO] [1771004661.785200162] [rtabmap]: rtabmap (428): Rate=1.00s, Limit=0.000s, Conversion=0.0004s, RTAB-Map=0.2382s, Maps update=0.0014s pub=0.0004s delay=0.4446s (local map=281, WM=281)
[INFO] [1771004662.753343032] [rtabmap]: rtabmap (429): Rate=1.00s, Limit=0.000s, Conversion=0.0004s, RTAB-Map=0.2198s, Maps update=0.0014s pub=0.0004s delay=0.4118s (local map=281, WM=281)
[INFO] [1771004663.891297640] [rtabmap]: rtabmap (430): Rate=1.00s, Limit=0.000s, Conversion=0.0005s, RTAB-Map=0.2547s, Maps update=0.0019s pub=0.0006s delay=0.4498s (local map=281, WM=281)
[INFO] [1771004664.891843193] [rtabmap]: rtabmap (431): Rate=1.00s, Limit=0.000s, Conversion=0.0004s, RTAB-Map=0.2499s, Maps update=0.0014s pub=0.0004s delay=0.4503s (local map=281, WM=281)
[INFO] [1771004665.277502346] [rclcpp]: signal_handler(signum=2)
