[INFO] [1771521678.642750049] [rtabmap]: rtabmap(maps): latch                      = false
[INFO] [1771521678.644702218] [rtabmap]: rtabmap(maps): map_filter_radius          = 0.000000
[INFO] [1771521678.644758348] [rtabmap]: rtabmap(maps): map_filter_angle           = 30.000000
[INFO] [1771521678.644786861] [rtabmap]: rtabmap(maps): map_cleanup                = true
[INFO] [1771521678.644806318] [rtabmap]: rtabmap(maps): map_always_update          = false
[INFO] [1771521678.644830927] [rtabmap]: rtabmap(maps): map_empty_ray_tracing      = true
[INFO] [1771521678.644850352] [rtabmap]: rtabmap(maps): cloud_output_voxelized     = true
[INFO] [1771521678.644868688] [rtabmap]: rtabmap(maps): cloud_subtract_filtering   = false
[INFO] [1771521678.644886161] [rtabmap]: rtabmap(maps): cloud_subtract_filtering_min_neighbors = 2
[INFO] [1771521678.644998357] [rtabmap]: rtabmap(maps): octomap_tree_depth         = 16
[INFO] [1771521678.658182049] [rtabmap]: rtabmap: frame_id      = leo04/base_footprint
[INFO] [1771521678.659462545] [rtabmap]: rtabmap: map_frame_id  = map
[INFO] [1771521678.660128106] [rtabmap]: rtabmap: log_to_rosout_level  = 4
[INFO] [1771521678.660884006] [rtabmap]: rtabmap: initial_pose  = 
[INFO] [1771521678.661419514] [rtabmap]: rtabmap: use_action_for_goal  = false
[INFO] [1771521678.661457852] [rtabmap]: rtabmap: tf_delay      = 0.050000
[INFO] [1771521678.661492093] [rtabmap]: rtabmap: tf_tolerance  = 0.100000
[INFO] [1771521678.661535455] [rtabmap]: rtabmap: odom_sensor_sync   = false
[INFO] [1771521678.661557023] [rtabmap]: rtabmap: pub_loc_pose_only_when_localizing = false
[INFO] [1771521678.661577184] [rtabmap]: rtabmap: wait_for_transform = 0.500000
[INFO] [1771521678.661598433] [rtabmap]: rtabmap: gen_scan  = false
[INFO] [1771521678.661618114] [rtabmap]: rtabmap: gen_depth  = false
[INFO] [1771521678.661640578] [rtabmap]: rtabmap: scan_cloud_max_points = 0
[INFO] [1771521678.661660003] [rtabmap]: rtabmap: scan_cloud_is_2d = false
[INFO] [1771521678.672232366] [rtabmap]: Setting RTAB-Map parameter "Grid/CellSize"="0.03" (rosparam)
[INFO] [1771521678.672535705] [rtabmap]: Setting RTAB-Map parameter "Grid/MaxGroundAngle"="45" (rosparam)
[INFO] [1771521678.672593339] [rtabmap]: Setting RTAB-Map parameter "Grid/MaxGroundHeight"="0.1" (rosparam)
[INFO] [1771521678.672655582] [rtabmap]: Setting RTAB-Map parameter "Grid/MaxObstacleHeight"="0.7" (rosparam)
[INFO] [1771521678.672732001] [rtabmap]: Setting RTAB-Map parameter "Grid/MinGroundHeight"="-0.1" (rosparam)
[INFO] [1771521678.672917447] [rtabmap]: Setting RTAB-Map parameter "Grid/RangeMax"="3.0" (rosparam)
[INFO] [1771521678.672977962] [rtabmap]: Setting RTAB-Map parameter "Grid/RangeMin"="0.7" (rosparam)
[INFO] [1771521678.673038828] [rtabmap]: Setting RTAB-Map parameter "Grid/RayTracing"="false" (rosparam)
[INFO] [1771521678.673144848] [rtabmap]: Setting RTAB-Map parameter "Grid/Sensor"="0" (rosparam)
[INFO] [1771521678.673542591] [rtabmap]: Setting RTAB-Map parameter "Icp/CorrespondenceRatio"="0.2" (rosparam)
[INFO] [1771521678.673638882] [rtabmap]: Setting RTAB-Map parameter "Icp/Epsilon"="0.001" (rosparam)
[INFO] [1771521678.673734758] [rtabmap]: Setting RTAB-Map parameter "Icp/Iterations"="10" (rosparam)
[INFO] [1771521678.673787368] [rtabmap]: Setting RTAB-Map parameter "Icp/MaxCorrespondenceDistance"="1" (rosparam)
[INFO] [1771521678.673866059] [rtabmap]: Setting RTAB-Map parameter "Icp/MaxTranslation"="3" (rosparam)
[INFO] [1771521678.673917069] [rtabmap]: Setting RTAB-Map parameter "Icp/OutlierRatio"="0.7" (rosparam)
[INFO] [1771521678.674056690] [rtabmap]: Setting RTAB-Map parameter "Icp/PointToPlane"="true" (rosparam)
[INFO] [1771521678.674131989] [rtabmap]: Setting RTAB-Map parameter "Icp/PointToPlaneK"="20" (rosparam)
[INFO] [1771521678.674235513] [rtabmap]: Setting RTAB-Map parameter "Icp/PointToPlaneRadius"="0" (rosparam)
[INFO] [1771521678.674324988] [rtabmap]: Setting RTAB-Map parameter "Icp/RangeMin"="0.3" (rosparam)
[INFO] [1771521678.674400863] [rtabmap]: Setting RTAB-Map parameter "Icp/Strategy"="1" (rosparam)
[INFO] [1771521678.674456609] [rtabmap]: Setting RTAB-Map parameter "Icp/VoxelSize"="0.1" (rosparam)
[INFO] [1771521678.677475154] [rtabmap]: Setting RTAB-Map parameter "Mem/LaserScanNormalK"="20" (rosparam)
[INFO] [1771521678.677622615] [rtabmap]: Setting RTAB-Map parameter "Mem/LaserScanVoxelSize"="0.03" (rosparam)
[INFO] [1771521678.677769053] [rtabmap]: Setting RTAB-Map parameter "Mem/NotLinkedNodesKept"="false" (rosparam)
[INFO] [1771521678.677967396] [rtabmap]: Setting RTAB-Map parameter "Mem/STMSize"="30" (rosparam)
[INFO] [1771521678.678662174] [rtabmap]: Setting RTAB-Map parameter "RGBD/AngularUpdate"="0.05" (rosparam)
[INFO] [1771521678.678721664] [rtabmap]: Setting RTAB-Map parameter "RGBD/CreateOccupancyGrid"="true" (rosparam)
[INFO] [1771521678.678892615] [rtabmap]: Setting RTAB-Map parameter "RGBD/LinearUpdate"="0.05" (rosparam)
[INFO] [1771521678.679842858] [rtabmap]: Setting RTAB-Map parameter "RGBD/ProximityMaxGraphDepth"="0" (rosparam)
[INFO] [1771521678.680034321] [rtabmap]: Setting RTAB-Map parameter "RGBD/ProximityPathMaxNeighbors"="1" (rosparam)
[INFO] [1771521678.680208600] [rtabmap]: Setting RTAB-Map parameter "Reg/Strategy"="1" (rosparam)
[INFO] [1771521678.683406479] [rtabmap]: RTAB-Map detection rate = 1.000000 Hz
[INFO] [1771521678.702217389] [rtabmap]: rtabmap: Deleted database "/root/.ros/rtabmap.db" (--delete_db_on_start or -d are set).
[INFO] [1771521678.702412341] [rtabmap]: rtabmap: Using database from "/root/.ros/rtabmap.db" (0 MB).
[INFO] [1771521678.778882588] [rtabmap]: rtabmap: Database version = "0.22.1".
[INFO] [1771521678.779045954] [rtabmap]: rtabmap: SLAM mode (Mem/IncrementalMemory=true)
[INFO] [1771521678.791331596] [rtabmap]: Setup callbacks
[INFO] [1771521678.791532052] [rtabmap]: rtabmap: subscribe_depth = false
[INFO] [1771521678.791572469] [rtabmap]: rtabmap: subscribe_rgb = false
[INFO] [1771521678.791597814] [rtabmap]: rtabmap: subscribe_stereo = false
[INFO] [1771521678.791619863] [rtabmap]: rtabmap: subscribe_rgbd = false (rgbd_cameras=1)
[INFO] [1771521678.791662329] [rtabmap]: rtabmap: subscribe_sensor_data = false
[INFO] [1771521678.791685658] [rtabmap]: rtabmap: subscribe_odom_info = false
[INFO] [1771521678.791707706] [rtabmap]: rtabmap: subscribe_user_data = false
[INFO] [1771521678.791729115] [rtabmap]: rtabmap: subscribe_scan = false
[INFO] [1771521678.791750556] [rtabmap]: rtabmap: subscribe_scan_cloud = true
[INFO] [1771521678.791771485] [rtabmap]: rtabmap: subscribe_scan_descriptor = false
[INFO] [1771521678.791794174] [rtabmap]: rtabmap: topic_queue_size = 10
[INFO] [1771521678.791816638] [rtabmap]: rtabmap: sync_queue_size  = 200
[INFO] [1771521678.791839743] [rtabmap]: rtabmap: qos_image       = 0
[INFO] [1771521678.791862400] [rtabmap]: rtabmap: qos_camera_info = 0
[INFO] [1771521678.791884321] [rtabmap]: rtabmap: qos_scan        = 0
[INFO] [1771521678.791906914] [rtabmap]: rtabmap: qos_odom        = 0
[INFO] [1771521678.791928771] [rtabmap]: rtabmap: qos_user_data   = 0
[INFO] [1771521678.791955428] [rtabmap]: rtabmap: approx_sync     = true
[INFO] [1771521678.792000709] [rtabmap]: Setup scan callback
[INFO] [1771521678.793352280] [rtabmap]: 
rtabmap subscribed to (approx sync):
   /odom \
   /leo04/livox/lidar
[WARN] [1771521678.797028929] [rtabmap]: There is no image subscription, bag-of-words loop closure detection will be disabled...
[WARN] [1771521678.797151270] [rtabmap]: Setting Kp/MaxFeatures=-1 (bag-of-words disabled)
[INFO] [1771521679.008025510] [rtabmap]: rtabmap (1): Rate=1.00s, Limit=0.000s, Conversion=0.0007s, RTAB-Map=0.0651s, Maps update=0.0017s pub=0.0021s delay=0.2202s (local map=1, WM=1)
[INFO] [1771521680.110306599] [rtabmap]: rtabmap (2): Rate=1.00s, Limit=0.000s, Conversion=0.0007s, RTAB-Map=0.0704s, Maps update=0.0003s pub=0.0006s delay=0.2248s (local map=1, WM=1)
[INFO] [1771521680.135183336] [rclcpp]: signal_handler(signum=2)
