[INFO] [1772814722.935537935] [rtabmap]: rtabmap(maps): latch                      = false
[INFO] [1772814722.936121190] [rtabmap]: rtabmap(maps): map_filter_radius          = 0.000000
[INFO] [1772814722.936174152] [rtabmap]: rtabmap(maps): map_filter_angle           = 30.000000
[INFO] [1772814722.936198185] [rtabmap]: rtabmap(maps): map_cleanup                = true
[INFO] [1772814722.936214762] [rtabmap]: rtabmap(maps): map_always_update          = false
[INFO] [1772814722.936231978] [rtabmap]: rtabmap(maps): map_empty_ray_tracing      = true
[INFO] [1772814722.936249163] [rtabmap]: rtabmap(maps): cloud_output_voxelized     = true
[INFO] [1772814722.936265676] [rtabmap]: rtabmap(maps): cloud_subtract_filtering   = false
[INFO] [1772814722.936287756] [rtabmap]: rtabmap(maps): cloud_subtract_filtering_min_neighbors = 2
[INFO] [1772814722.936381072] [rtabmap]: rtabmap(maps): octomap_tree_depth         = 16
[INFO] [1772814722.953453703] [rtabmap]: rtabmap: frame_id      = leo04/base_footprint
[INFO] [1772814722.954766810] [rtabmap]: rtabmap: map_frame_id  = map
[INFO] [1772814722.955495798] [rtabmap]: rtabmap: log_to_rosout_level  = 4
[INFO] [1772814722.956078125] [rtabmap]: rtabmap: initial_pose  = 
[INFO] [1772814722.956617250] [rtabmap]: rtabmap: use_action_for_goal  = false
[INFO] [1772814722.956654435] [rtabmap]: rtabmap: tf_delay      = 0.050000
[INFO] [1772814722.956685988] [rtabmap]: rtabmap: tf_tolerance  = 0.100000
[INFO] [1772814722.956738470] [rtabmap]: rtabmap: odom_sensor_sync   = false
[INFO] [1772814722.956760039] [rtabmap]: rtabmap: pub_loc_pose_only_when_localizing = false
[INFO] [1772814722.956777544] [rtabmap]: rtabmap: wait_for_transform = 0.500000
[INFO] [1772814722.956798377] [rtabmap]: rtabmap: gen_scan  = false
[INFO] [1772814722.956816905] [rtabmap]: rtabmap: gen_depth  = false
[INFO] [1772814722.956834026] [rtabmap]: rtabmap: scan_cloud_max_points = 0
[INFO] [1772814722.956851243] [rtabmap]: rtabmap: scan_cloud_is_2d = false
[INFO] [1772814722.968936992] [rtabmap]: Setting RTAB-Map parameter "Grid/CellSize"="0.03" (rosparam)
[INFO] [1772814722.969338928] [rtabmap]: Setting RTAB-Map parameter "Grid/MaxGroundAngle"="45" (rosparam)
[INFO] [1772814722.969404914] [rtabmap]: Setting RTAB-Map parameter "Grid/MaxGroundHeight"="0.1" (rosparam)
[INFO] [1772814722.969458324] [rtabmap]: Setting RTAB-Map parameter "Grid/MaxObstacleHeight"="0.7" (rosparam)
[INFO] [1772814722.969538743] [rtabmap]: Setting RTAB-Map parameter "Grid/MinGroundHeight"="-0.1" (rosparam)
[INFO] [1772814722.969745023] [rtabmap]: Setting RTAB-Map parameter "Grid/RangeMax"="3.0" (rosparam)
[INFO] [1772814722.969815714] [rtabmap]: Setting RTAB-Map parameter "Grid/RangeMin"="0.7" (rosparam)
[INFO] [1772814722.969869764] [rtabmap]: Setting RTAB-Map parameter "Grid/RayTracing"="false" (rosparam)
[INFO] [1772814722.969995465] [rtabmap]: Setting RTAB-Map parameter "Grid/Sensor"="0" (rosparam)
[INFO] [1772814722.970405273] [rtabmap]: Setting RTAB-Map parameter "Icp/CorrespondenceRatio"="0.2" (rosparam)
[INFO] [1772814722.970526494] [rtabmap]: Setting RTAB-Map parameter "Icp/Epsilon"="0.001" (rosparam)
[INFO] [1772814722.976642795] [rtabmap]: Setting RTAB-Map parameter "Icp/Iterations"="10" (rosparam)
[INFO] [1772814722.976800305] [rtabmap]: Setting RTAB-Map parameter "Icp/MaxCorrespondenceDistance"="1" (rosparam)
[INFO] [1772814722.976907861] [rtabmap]: Setting RTAB-Map parameter "Icp/MaxTranslation"="3" (rosparam)
[INFO] [1772814722.976999065] [rtabmap]: Setting RTAB-Map parameter "Icp/OutlierRatio"="0.7" (rosparam)
[INFO] [1772814722.977165663] [rtabmap]: Setting RTAB-Map parameter "Icp/PointToPlane"="true" (rosparam)
[INFO] [1772814722.977256707] [rtabmap]: Setting RTAB-Map parameter "Icp/PointToPlaneK"="20" (rosparam)
[INFO] [1772814722.977365095] [rtabmap]: Setting RTAB-Map parameter "Icp/PointToPlaneRadius"="0" (rosparam)
[INFO] [1772814722.977441130] [rtabmap]: Setting RTAB-Map parameter "Icp/RangeMin"="0.3" (rosparam)
[INFO] [1772814722.977520045] [rtabmap]: Setting RTAB-Map parameter "Icp/Strategy"="1" (rosparam)
[INFO] [1772814722.977575951] [rtabmap]: Setting RTAB-Map parameter "Icp/VoxelSize"="0.1" (rosparam)
[INFO] [1772814722.982589074] [rtabmap]: Setting RTAB-Map parameter "Mem/LaserScanNormalK"="20" (rosparam)
[INFO] [1772814722.982725079] [rtabmap]: Setting RTAB-Map parameter "Mem/LaserScanVoxelSize"="0.03" (rosparam)
[INFO] [1772814722.982850556] [rtabmap]: Setting RTAB-Map parameter "Mem/NotLinkedNodesKept"="false" (rosparam)
[INFO] [1772814722.983079333] [rtabmap]: Setting RTAB-Map parameter "Mem/STMSize"="30" (rosparam)
[INFO] [1772814722.983889636] [rtabmap]: Setting RTAB-Map parameter "RGBD/AngularUpdate"="0.05" (rosparam)
[INFO] [1772814722.983963399] [rtabmap]: Setting RTAB-Map parameter "RGBD/CreateOccupancyGrid"="true" (rosparam)
[INFO] [1772814722.984182448] [rtabmap]: Setting RTAB-Map parameter "RGBD/LinearUpdate"="0.05" (rosparam)
[INFO] [1772814722.984784007] [rtabmap]: Setting RTAB-Map parameter "RGBD/ProximityMaxGraphDepth"="0" (rosparam)
[INFO] [1772814722.984954126] [rtabmap]: Setting RTAB-Map parameter "RGBD/ProximityPathMaxNeighbors"="1" (rosparam)
[INFO] [1772814722.985116276] [rtabmap]: Setting RTAB-Map parameter "Reg/Strategy"="1" (rosparam)
[INFO] [1772814722.992644504] [rtabmap]: RTAB-Map detection rate = 1.000000 Hz
[INFO] [1772814722.993102570] [rtabmap]: rtabmap: Deleted database "/root/.ros/rtabmap.db" (--delete_db_on_start or -d are set).
[INFO] [1772814722.993171661] [rtabmap]: rtabmap: Using database from "/root/.ros/rtabmap.db" (0 MB).
[INFO] [1772814723.089663215] [rtabmap]: rtabmap: Database version = "0.22.1".
[INFO] [1772814723.089878647] [rtabmap]: rtabmap: SLAM mode (Mem/IncrementalMemory=true)
[INFO] [1772814723.140740622] [rtabmap]: Setup callbacks
[INFO] [1772814723.142069857] [rtabmap]: rtabmap: subscribe_depth = false
[INFO] [1772814723.142124260] [rtabmap]: rtabmap: subscribe_rgb = false
[INFO] [1772814723.142153637] [rtabmap]: rtabmap: subscribe_stereo = false
[INFO] [1772814723.142176870] [rtabmap]: rtabmap: subscribe_rgbd = false (rgbd_cameras=1)
[INFO] [1772814723.142286506] [rtabmap]: rtabmap: subscribe_sensor_data = false
[INFO] [1772814723.142526707] [rtabmap]: rtabmap: subscribe_odom_info = false
[INFO] [1772814723.142560180] [rtabmap]: rtabmap: subscribe_user_data = false
[INFO] [1772814723.142617303] [rtabmap]: rtabmap: subscribe_scan = false
[INFO] [1772814723.142637463] [rtabmap]: rtabmap: subscribe_scan_cloud = true
[INFO] [1772814723.142679161] [rtabmap]: rtabmap: subscribe_scan_descriptor = false
[INFO] [1772814723.142705242] [rtabmap]: rtabmap: topic_queue_size = 10
[INFO] [1772814723.142726523] [rtabmap]: rtabmap: sync_queue_size  = 200
[INFO] [1772814723.142774717] [rtabmap]: rtabmap: qos_image       = 0
[INFO] [1772814723.142802814] [rtabmap]: rtabmap: qos_camera_info = 0
[INFO] [1772814723.142826143] [rtabmap]: rtabmap: qos_scan        = 0
[INFO] [1772814723.142881089] [rtabmap]: rtabmap: qos_odom        = 0
[INFO] [1772814723.142907778] [rtabmap]: rtabmap: qos_user_data   = 0
[INFO] [1772814723.142960260] [rtabmap]: rtabmap: approx_sync     = true
[INFO] [1772814723.143040775] [rtabmap]: Setup scan callback
[INFO] [1772814723.145471397] [rtabmap]: 
rtabmap subscribed to (approx sync):
   /odom \
   /leo04/livox/lidar
[WARN] [1772814723.148971469] [rtabmap]: There is no image subscription, bag-of-words loop closure detection will be disabled...
[WARN] [1772814723.149059505] [rtabmap]: Setting Kp/MaxFeatures=-1 (bag-of-words disabled)
[INFO] [1772814723.228806697] [rtabmap]: rtabmap (0): Rate=1.00s, Limit=0.000s, Conversion=0.0004s, RTAB-Map=0.0001s, Maps update=0.0000s pub=0.0000s delay=0.0514s (local map=0, WM=0)
[INFO] [1772814724.184443765] [rtabmap]: rtabmap (0): Rate=1.00s, Limit=0.000s, Conversion=0.0002s, RTAB-Map=0.0001s, Maps update=0.0000s pub=0.0000s delay=0.0029s (local map=0, WM=0)
[INFO] [1772814725.196305576] [rtabmap]: rtabmap (0): Rate=1.00s, Limit=0.000s, Conversion=0.0002s, RTAB-Map=0.0001s, Maps update=0.0000s pub=0.0000s delay=0.0042s (local map=0, WM=0)
[INFO] [1772814726.199689362] [rtabmap]: rtabmap (0): Rate=1.00s, Limit=0.000s, Conversion=0.0002s, RTAB-Map=0.0001s, Maps update=0.0000s pub=0.0000s delay=0.0020s (local map=0, WM=0)
[INFO] [1772814727.224053547] [rtabmap]: rtabmap (0): Rate=1.00s, Limit=0.000s, Conversion=0.0002s, RTAB-Map=0.0001s, Maps update=0.0000s pub=0.0000s delay=0.0025s (local map=0, WM=0)
[INFO] [1772814728.241391314] [rtabmap]: rtabmap (0): Rate=1.00s, Limit=0.000s, Conversion=0.0002s, RTAB-Map=0.0001s, Maps update=0.0000s pub=0.0000s delay=0.0032s (local map=0, WM=0)
[INFO] [1772814729.254248556] [rtabmap]: rtabmap (0): Rate=1.00s, Limit=0.000s, Conversion=0.0002s, RTAB-Map=0.0001s, Maps update=0.0000s pub=0.0000s delay=0.0052s (local map=0, WM=0)
[INFO] [1772814730.280902077] [rtabmap]: rtabmap (0): Rate=1.00s, Limit=0.000s, Conversion=0.0002s, RTAB-Map=0.0001s, Maps update=0.0000s pub=0.0000s delay=0.0036s (local map=0, WM=0)
[INFO] [1772814731.296701513] [rtabmap]: rtabmap (0): Rate=1.00s, Limit=0.000s, Conversion=0.0002s, RTAB-Map=0.0001s, Maps update=0.0000s pub=0.0000s delay=0.0034s (local map=0, WM=0)
[INFO] [1772814732.319264220] [rtabmap]: rtabmap (0): Rate=1.00s, Limit=0.000s, Conversion=0.0002s, RTAB-Map=0.0001s, Maps update=0.0000s pub=0.0000s delay=0.0032s (local map=0, WM=0)
[INFO] [1772814733.339713821] [rtabmap]: rtabmap (0): Rate=1.00s, Limit=0.000s, Conversion=0.0002s, RTAB-Map=0.0001s, Maps update=0.0000s pub=0.0000s delay=0.0027s (local map=0, WM=0)
[INFO] [1772814734.369827700] [rtabmap]: rtabmap (0): Rate=1.00s, Limit=0.000s, Conversion=0.0002s, RTAB-Map=0.0005s, Maps update=0.0000s pub=0.0000s delay=0.0044s (local map=0, WM=0)
[INFO] [1772814735.380733378] [rtabmap]: rtabmap (0): Rate=1.00s, Limit=0.000s, Conversion=0.0003s, RTAB-Map=0.0003s, Maps update=0.0000s pub=0.0000s delay=0.0036s (local map=0, WM=0)
[INFO] [1772814736.403028522] [rtabmap]: rtabmap (0): Rate=1.00s, Limit=0.000s, Conversion=0.0004s, RTAB-Map=0.0001s, Maps update=0.0000s pub=0.0000s delay=0.0033s (local map=0, WM=0)
[INFO] [1772814737.344575924] [rclcpp]: signal_handler(signum=2)
