[INFO] [1770982613.781852655] [rtabmap]: rtabmap(maps): latch                      = true
[INFO] [1770982613.782412994] [rtabmap]: rtabmap(maps): map_filter_radius          = 0.000000
[INFO] [1770982613.782464004] [rtabmap]: rtabmap(maps): map_filter_angle           = 30.000000
[INFO] [1770982613.782486756] [rtabmap]: rtabmap(maps): map_cleanup                = true
[INFO] [1770982613.782499557] [rtabmap]: rtabmap(maps): map_always_update          = false
[INFO] [1770982613.782512101] [rtabmap]: rtabmap(maps): map_empty_ray_tracing      = true
[INFO] [1770982613.782524486] [rtabmap]: rtabmap(maps): cloud_output_voxelized     = true
[INFO] [1770982613.782536646] [rtabmap]: rtabmap(maps): cloud_subtract_filtering   = false
[INFO] [1770982613.782549286] [rtabmap]: rtabmap(maps): cloud_subtract_filtering_min_neighbors = 2
[INFO] [1770982613.782663786] [rtabmap]: rtabmap(maps): octomap_tree_depth         = 16
[INFO] [1770982613.828800101] [rtabmap]: rtabmap: frame_id      = leo04/base_footprint
[INFO] [1770982613.828895465] [rtabmap]: rtabmap: map_frame_id  = map
[INFO] [1770982613.828914601] [rtabmap]: rtabmap: log_to_rosout_level  = 4
[INFO] [1770982613.828928490] [rtabmap]: rtabmap: initial_pose  = 
[INFO] [1770982613.828941258] [rtabmap]: rtabmap: use_action_for_goal  = false
[INFO] [1770982613.828953418] [rtabmap]: rtabmap: tf_delay      = 0.050000
[INFO] [1770982613.828976907] [rtabmap]: rtabmap: tf_tolerance  = 0.100000
[INFO] [1770982613.828992268] [rtabmap]: rtabmap: odom_sensor_sync   = false
[INFO] [1770982613.829005068] [rtabmap]: rtabmap: pub_loc_pose_only_when_localizing = false
[INFO] [1770982613.829017773] [rtabmap]: rtabmap: wait_for_transform = 0.500000
[INFO] [1770982613.829038925] [rtabmap]: rtabmap: gen_scan  = false
[INFO] [1770982613.829053550] [rtabmap]: rtabmap: gen_depth  = false
[INFO] [1770982613.829066702] [rtabmap]: rtabmap: scan_cloud_max_points = 0
[INFO] [1770982613.829079919] [rtabmap]: rtabmap: scan_cloud_is_2d = false
[INFO] [1770982613.900003808] [rtabmap]: Setting RTAB-Map parameter "Grid/CellSize"="0.03" (rosparam)
[INFO] [1770982613.902292396] [rtabmap]: Setting RTAB-Map parameter "Grid/MaxGroundAngle"="45" (rosparam)
[INFO] [1770982613.902523220] [rtabmap]: Setting RTAB-Map parameter "Grid/MaxGroundHeight"="0.1" (rosparam)
[INFO] [1770982613.902822014] [rtabmap]: Setting RTAB-Map parameter "Grid/MaxObstacleHeight"="1.0" (rosparam)
[INFO] [1770982613.903593528] [rtabmap]: Setting RTAB-Map parameter "Grid/MinGroundHeight"="-0.1" (rosparam)
[INFO] [1770982613.911883979] [rtabmap]: Setting RTAB-Map parameter "Grid/RangeMax"="3.0" (rosparam)
[INFO] [1770982613.913396189] [rtabmap]: Setting RTAB-Map parameter "Grid/RangeMin"="0.5" (rosparam)
[INFO] [1770982613.914841133] [rtabmap]: Setting RTAB-Map parameter "Grid/RayTracing"="false" (rosparam)
[INFO] [1770982613.918652811] [rtabmap]: Setting RTAB-Map parameter "Grid/Sensor"="0.03" (rosparam)
[INFO] [1770982613.920742833] [rtabmap]: Setting RTAB-Map parameter "Icp/CorrespondenceRatio"="0.2" (rosparam)
[INFO] [1770982613.921788179] [rtabmap]: Setting RTAB-Map parameter "Icp/Epsilon"="0.001" (rosparam)
[INFO] [1770982613.922762708] [rtabmap]: Setting RTAB-Map parameter "Icp/Iterations"="10" (rosparam)
[INFO] [1770982613.924136577] [rtabmap]: Setting RTAB-Map parameter "Icp/MaxCorrespondenceDistance"="1" (rosparam)
[INFO] [1770982613.924314919] [rtabmap]: Setting RTAB-Map parameter "Icp/MaxTranslation"="3" (rosparam)
[INFO] [1770982613.924386730] [rtabmap]: Setting RTAB-Map parameter "Icp/OutlierRatio"="0.7" (rosparam)
[INFO] [1770982613.924655443] [rtabmap]: Setting RTAB-Map parameter "Icp/PointToPlane"="true" (rosparam)
[INFO] [1770982613.924818392] [rtabmap]: Setting RTAB-Map parameter "Icp/PointToPlaneK"="20" (rosparam)
[INFO] [1770982613.924993822] [rtabmap]: Setting RTAB-Map parameter "Icp/PointToPlaneRadius"="0" (rosparam)
[INFO] [1770982613.925103073] [rtabmap]: Setting RTAB-Map parameter "Icp/RangeMin"="0.3" (rosparam)
[INFO] [1770982613.925244038] [rtabmap]: Setting RTAB-Map parameter "Icp/Strategy"="1" (rosparam)
[INFO] [1770982613.925318633] [rtabmap]: Setting RTAB-Map parameter "Icp/VoxelSize"="0.1" (rosparam)
[INFO] [1770982613.942975539] [rtabmap]: Setting RTAB-Map parameter "Mem/LaserScanNormalK"="20" (rosparam)
[INFO] [1770982613.944731565] [rtabmap]: Setting RTAB-Map parameter "Mem/NotLinkedNodesKept"="false" (rosparam)
[INFO] [1770982613.947100955] [rtabmap]: Setting RTAB-Map parameter "Mem/STMSize"="30" (rosparam)
[INFO] [1770982613.949395048] [rtabmap]: Setting RTAB-Map parameter "RGBD/AngularUpdate"="0.05" (rosparam)
[INFO] [1770982613.949583566] [rtabmap]: Setting RTAB-Map parameter "RGBD/CreateOccupancyGrid"="true" (rosparam)
[INFO] [1770982613.950037181] [rtabmap]: Setting RTAB-Map parameter "RGBD/LinearUpdate"="0.05" (rosparam)
[INFO] [1770982613.951147874] [rtabmap]: Setting RTAB-Map parameter "RGBD/ProximityMaxGraphDepth"="0" (rosparam)
[INFO] [1770982613.952509615] [rtabmap]: Setting RTAB-Map parameter "RGBD/ProximityPathMaxNeighbors"="1" (rosparam)
[INFO] [1770982613.952843162] [rtabmap]: Setting RTAB-Map parameter "Reg/Strategy"="1" (rosparam)
[INFO] [1770982613.972331105] [rtabmap]: RTAB-Map detection rate = 1.000000 Hz
[INFO] [1770982613.972549864] [rtabmap]: rtabmap: Using database from "/root/.ros/rtabmap.db" (0 MB).
[INFO] [1770982614.059727285] [rtabmap]: rtabmap: Database version = "0.22.1".
[INFO] [1770982614.059856858] [rtabmap]: rtabmap: SLAM mode (Mem/IncrementalMemory=true)
[INFO] [1770982614.424953550] [rtabmap]: Setup callbacks
[INFO] [1770982614.425427070] [rtabmap]: rtabmap: subscribe_depth = false
[INFO] [1770982614.425489792] [rtabmap]: rtabmap: subscribe_rgb = false
[INFO] [1770982614.425509633] [rtabmap]: rtabmap: subscribe_stereo = false
[INFO] [1770982614.425524289] [rtabmap]: rtabmap: subscribe_rgbd = false (rgbd_cameras=1)
[INFO] [1770982614.425539490] [rtabmap]: rtabmap: subscribe_sensor_data = false
[INFO] [1770982614.425555042] [rtabmap]: rtabmap: subscribe_odom_info = false
[INFO] [1770982614.425568995] [rtabmap]: rtabmap: subscribe_user_data = false
[INFO] [1770982614.425581955] [rtabmap]: rtabmap: subscribe_scan = false
[INFO] [1770982614.425595011] [rtabmap]: rtabmap: subscribe_scan_cloud = true
[INFO] [1770982614.425607876] [rtabmap]: rtabmap: subscribe_scan_descriptor = false
[INFO] [1770982614.425621636] [rtabmap]: rtabmap: topic_queue_size = 10
[INFO] [1770982614.425634853] [rtabmap]: rtabmap: sync_queue_size  = 200
[INFO] [1770982614.425648613] [rtabmap]: rtabmap: qos_image       = 0
[INFO] [1770982614.425663174] [rtabmap]: rtabmap: qos_camera_info = 0
[INFO] [1770982614.425676262] [rtabmap]: rtabmap: qos_scan        = 0
[INFO] [1770982614.425689959] [rtabmap]: rtabmap: qos_odom        = 0
[INFO] [1770982614.425703463] [rtabmap]: rtabmap: qos_user_data   = 0
[INFO] [1770982614.425716775] [rtabmap]: rtabmap: approx_sync     = true
[INFO] [1770982614.425752585] [rtabmap]: Setup scan callback
[INFO] [1770982614.433228897] [rtabmap]: 
rtabmap subscribed to (approx sync):
   /odom \
   /leo04/livox/lidar
[WARN] [1770982614.472337907] [rtabmap]: There is no image subscription, bag-of-words loop closure detection will be disabled...
[WARN] [1770982614.472450486] [rtabmap]: Setting Kp/MaxFeatures=-1 (bag-of-words disabled)
[INFO] [1770982616.356874849] [rclcpp]: signal_handler(signum=2)
