[INFO] [1771076147.703905002] [rtabmap]: rtabmap(maps): latch                      = false
[INFO] [1771076147.704566724] [rtabmap]: rtabmap(maps): map_filter_radius          = 0.000000
[INFO] [1771076147.704613477] [rtabmap]: rtabmap(maps): map_filter_angle           = 30.000000
[INFO] [1771076147.704638726] [rtabmap]: rtabmap(maps): map_cleanup                = true
[INFO] [1771076147.704655783] [rtabmap]: rtabmap(maps): map_always_update          = false
[INFO] [1771076147.704672936] [rtabmap]: rtabmap(maps): map_empty_ray_tracing      = true
[INFO] [1771076147.704689064] [rtabmap]: rtabmap(maps): cloud_output_voxelized     = true
[INFO] [1771076147.704710569] [rtabmap]: rtabmap(maps): cloud_subtract_filtering   = false
[INFO] [1771076147.704727978] [rtabmap]: rtabmap(maps): cloud_subtract_filtering_min_neighbors = 2
[INFO] [1771076147.704810605] [rtabmap]: rtabmap(maps): octomap_tree_depth         = 16
[INFO] [1771076147.742879514] [rtabmap]: rtabmap: frame_id      = leo04/base_footprint
[INFO] [1771076147.743005407] [rtabmap]: rtabmap: map_frame_id  = map
[INFO] [1771076147.743032544] [rtabmap]: rtabmap: log_to_rosout_level  = 4
[INFO] [1771076147.743051137] [rtabmap]: rtabmap: initial_pose  = 
[INFO] [1771076147.743067778] [rtabmap]: rtabmap: use_action_for_goal  = false
[INFO] [1771076147.743084578] [rtabmap]: rtabmap: tf_delay      = 0.050000
[INFO] [1771076147.743112580] [rtabmap]: rtabmap: tf_tolerance  = 0.100000
[INFO] [1771076147.743142853] [rtabmap]: rtabmap: odom_sensor_sync   = false
[INFO] [1771076147.743161157] [rtabmap]: rtabmap: pub_loc_pose_only_when_localizing = false
[INFO] [1771076147.743177126] [rtabmap]: rtabmap: wait_for_transform = 0.500000
[INFO] [1771076147.743194951] [rtabmap]: rtabmap: gen_scan  = false
[INFO] [1771076147.743211079] [rtabmap]: rtabmap: gen_depth  = false
[INFO] [1771076147.743227400] [rtabmap]: rtabmap: scan_cloud_max_points = 0
[INFO] [1771076147.743243273] [rtabmap]: rtabmap: scan_cloud_is_2d = false
[INFO] [1771076147.770525777] [rtabmap]: Setting RTAB-Map parameter "Grid/CellSize"="0.03" (rosparam)
[INFO] [1771076147.772323959] [rtabmap]: Setting RTAB-Map parameter "Grid/MaxGroundAngle"="45" (rosparam)
[INFO] [1771076147.772435676] [rtabmap]: Setting RTAB-Map parameter "Grid/MaxGroundHeight"="0.1" (rosparam)
[INFO] [1771076147.772521567] [rtabmap]: Setting RTAB-Map parameter "Grid/MaxObstacleHeight"="0.7" (rosparam)
[INFO] [1771076147.772635107] [rtabmap]: Setting RTAB-Map parameter "Grid/MinGroundHeight"="-0.1" (rosparam)
[INFO] [1771076147.772898606] [rtabmap]: Setting RTAB-Map parameter "Grid/RangeMax"="3.0" (rosparam)
[INFO] [1771076147.772980273] [rtabmap]: Setting RTAB-Map parameter "Grid/RangeMin"="0.7" (rosparam)
[INFO] [1771076147.773056596] [rtabmap]: Setting RTAB-Map parameter "Grid/RayTracing"="false" (rosparam)
[INFO] [1771076147.773204634] [rtabmap]: Setting RTAB-Map parameter "Grid/Sensor"="0" (rosparam)
[INFO] [1771076147.773846163] [rtabmap]: Setting RTAB-Map parameter "Icp/CorrespondenceRatio"="0.2" (rosparam)
[INFO] [1771076147.774009689] [rtabmap]: Setting RTAB-Map parameter "Icp/Epsilon"="0.001" (rosparam)
[INFO] [1771076147.774143582] [rtabmap]: Setting RTAB-Map parameter "Icp/Iterations"="10" (rosparam)
[INFO] [1771076147.774213601] [rtabmap]: Setting RTAB-Map parameter "Icp/MaxCorrespondenceDistance"="1" (rosparam)
[INFO] [1771076147.774333350] [rtabmap]: Setting RTAB-Map parameter "Icp/MaxTranslation"="3" (rosparam)
[INFO] [1771076147.774403912] [rtabmap]: Setting RTAB-Map parameter "Icp/OutlierRatio"="0.7" (rosparam)
[INFO] [1771076147.774596624] [rtabmap]: Setting RTAB-Map parameter "Icp/PointToPlane"="true" (rosparam)
[INFO] [1771076147.774734229] [rtabmap]: Setting RTAB-Map parameter "Icp/PointToPlaneK"="20" (rosparam)
[INFO] [1771076147.774883163] [rtabmap]: Setting RTAB-Map parameter "Icp/PointToPlaneRadius"="0" (rosparam)
[INFO] [1771076147.774982719] [rtabmap]: Setting RTAB-Map parameter "Icp/RangeMin"="0.3" (rosparam)
[INFO] [1771076147.775091491] [rtabmap]: Setting RTAB-Map parameter "Icp/Strategy"="1" (rosparam)
[INFO] [1771076147.775155302] [rtabmap]: Setting RTAB-Map parameter "Icp/VoxelSize"="0.1" (rosparam)
[INFO] [1771076147.777295673] [rtabmap]: Setting RTAB-Map parameter "Mem/LaserScanNormalK"="20" (rosparam)
[INFO] [1771076147.777436159] [rtabmap]: Setting RTAB-Map parameter "Mem/LaserScanVoxelSize"="0.03" (rosparam)
[INFO] [1771076147.777586693] [rtabmap]: Setting RTAB-Map parameter "Mem/NotLinkedNodesKept"="false" (rosparam)
[INFO] [1771076147.777920050] [rtabmap]: Setting RTAB-Map parameter "Mem/STMSize"="30" (rosparam)
[INFO] [1771076147.778983739] [rtabmap]: Setting RTAB-Map parameter "RGBD/AngularUpdate"="0.05" (rosparam)
[INFO] [1771076147.779065534] [rtabmap]: Setting RTAB-Map parameter "RGBD/CreateOccupancyGrid"="true" (rosparam)
[INFO] [1771076147.779344809] [rtabmap]: Setting RTAB-Map parameter "RGBD/LinearUpdate"="0.05" (rosparam)
[INFO] [1771076147.780217195] [rtabmap]: Setting RTAB-Map parameter "RGBD/ProximityMaxGraphDepth"="0" (rosparam)
[INFO] [1771076147.780419603] [rtabmap]: Setting RTAB-Map parameter "RGBD/ProximityPathMaxNeighbors"="1" (rosparam)
[INFO] [1771076147.780714367] [rtabmap]: Setting RTAB-Map parameter "Reg/Strategy"="1" (rosparam)
[INFO] [1771076147.802502705] [rtabmap]: RTAB-Map detection rate = 1.000000 Hz
[INFO] [1771076147.811941505] [rtabmap]: rtabmap: Deleted database "/root/.ros/rtabmap.db" (--delete_db_on_start or -d are set).
[INFO] [1771076147.812123656] [rtabmap]: rtabmap: Using database from "/root/.ros/rtabmap.db" (0 MB).
[INFO] [1771076147.878223899] [rtabmap]: rtabmap: Database version = "0.22.1".
[INFO] [1771076147.878347776] [rtabmap]: rtabmap: SLAM mode (Mem/IncrementalMemory=true)
[INFO] [1771076147.899013478] [rtabmap]: Setup callbacks
[INFO] [1771076147.900871311] [rtabmap]: rtabmap: subscribe_depth = false
[INFO] [1771076147.900927601] [rtabmap]: rtabmap: subscribe_rgb = false
[INFO] [1771076147.900951698] [rtabmap]: rtabmap: subscribe_stereo = false
[INFO] [1771076147.900971251] [rtabmap]: rtabmap: subscribe_rgbd = false (rgbd_cameras=1)
[INFO] [1771076147.901027605] [rtabmap]: rtabmap: subscribe_sensor_data = false
[INFO] [1771076147.901051894] [rtabmap]: rtabmap: subscribe_odom_info = false
[INFO] [1771076147.901071447] [rtabmap]: rtabmap: subscribe_user_data = false
[INFO] [1771076147.901089847] [rtabmap]: rtabmap: subscribe_scan = false
[INFO] [1771076147.901108024] [rtabmap]: rtabmap: subscribe_scan_cloud = true
[INFO] [1771076147.901126233] [rtabmap]: rtabmap: subscribe_scan_descriptor = false
[INFO] [1771076147.901144826] [rtabmap]: rtabmap: topic_queue_size = 10
[INFO] [1771076147.901166778] [rtabmap]: rtabmap: sync_queue_size  = 200
[INFO] [1771076147.901186587] [rtabmap]: rtabmap: qos_image       = 0
[INFO] [1771076147.901205692] [rtabmap]: rtabmap: qos_camera_info = 0
[INFO] [1771076147.901224669] [rtabmap]: rtabmap: qos_scan        = 0
[INFO] [1771076147.901243774] [rtabmap]: rtabmap: qos_odom        = 0
[INFO] [1771076147.901261790] [rtabmap]: rtabmap: qos_user_data   = 0
[INFO] [1771076147.901279583] [rtabmap]: rtabmap: approx_sync     = true
[INFO] [1771076147.901322337] [rtabmap]: Setup scan callback
[INFO] [1771076147.905517828] [rtabmap]: 
rtabmap subscribed to (approx sync):
   /odom \
   /leo04/livox/lidar
[WARN] [1771076147.910063830] [rtabmap]: There is no image subscription, bag-of-words loop closure detection will be disabled...
[WARN] [1771076147.910175354] [rtabmap]: Setting Kp/MaxFeatures=-1 (bag-of-words disabled)
[INFO] [1771076148.102282658] [rtabmap]: rtabmap (1): Rate=1.00s, Limit=0.000s, Conversion=0.0011s, RTAB-Map=0.0805s, Maps update=0.0024s pub=0.0027s delay=0.2896s (local map=1, WM=1)
[INFO] [1771076149.047191590] [rtabmap]: rtabmap (2): Rate=1.00s, Limit=0.000s, Conversion=0.0007s, RTAB-Map=0.0718s, Maps update=0.0002s pub=0.0014s delay=0.2343s (local map=1, WM=1)
[INFO] [1771076150.156491993] [rtabmap]: rtabmap (3): Rate=1.00s, Limit=0.000s, Conversion=0.0003s, RTAB-Map=0.0827s, Maps update=0.0003s pub=0.0009s delay=0.2437s (local map=1, WM=1)
[INFO] [1771076151.156398047] [rtabmap]: rtabmap (4): Rate=1.00s, Limit=0.000s, Conversion=0.0005s, RTAB-Map=0.0763s, Maps update=0.0002s pub=0.0009s delay=0.2436s (local map=1, WM=1)
[INFO] [1771076152.253862116] [rtabmap]: rtabmap (5): Rate=1.00s, Limit=0.000s, Conversion=0.0006s, RTAB-Map=0.0748s, Maps update=0.0002s pub=0.0007s delay=0.2411s (local map=1, WM=1)
[INFO] [1771076153.245924664] [rtabmap]: rtabmap (6): Rate=1.00s, Limit=0.000s, Conversion=0.0003s, RTAB-Map=0.0690s, Maps update=0.0002s pub=0.0010s delay=0.2331s (local map=1, WM=1)
[INFO] [1771076154.356363159] [rtabmap]: rtabmap (7): Rate=1.00s, Limit=0.000s, Conversion=0.0010s, RTAB-Map=0.0801s, Maps update=0.0002s pub=0.0007s delay=0.2436s (local map=1, WM=1)
[INFO] [1771076155.341423771] [rtabmap]: rtabmap (8): Rate=1.00s, Limit=0.000s, Conversion=0.0005s, RTAB-Map=0.0726s, Maps update=0.0002s pub=0.0010s delay=0.2286s (local map=1, WM=1)
[INFO] [1771076156.455281599] [rtabmap]: rtabmap (9): Rate=1.00s, Limit=0.000s, Conversion=0.0005s, RTAB-Map=0.0805s, Maps update=0.0002s pub=0.0009s delay=0.2423s (local map=1, WM=1)
[INFO] [1771076157.561666560] [rtabmap]: rtabmap (10): Rate=1.00s, Limit=0.000s, Conversion=0.0004s, RTAB-Map=0.0763s, Maps update=0.0023s pub=0.0027s delay=0.2488s (local map=2, WM=2)
[INFO] [1771076158.666185976] [rtabmap]: rtabmap (11): Rate=1.00s, Limit=0.000s, Conversion=0.0004s, RTAB-Map=0.0841s, Maps update=0.0003s pub=0.0018s delay=0.2533s (local map=2, WM=2)
[INFO] [1771076159.654354612] [rtabmap]: rtabmap (12): Rate=1.00s, Limit=0.000s, Conversion=0.0009s, RTAB-Map=0.0786s, Maps update=0.0002s pub=0.0013s delay=0.2414s (local map=2, WM=2)
[INFO] [1771076160.747853343] [rtabmap]: rtabmap (13): Rate=1.00s, Limit=0.000s, Conversion=0.0005s, RTAB-Map=0.0718s, Maps update=0.0002s pub=0.0011s delay=0.2348s (local map=2, WM=2)
[INFO] [1771076161.847321042] [rtabmap]: rtabmap (14): Rate=1.00s, Limit=0.000s, Conversion=0.0003s, RTAB-Map=0.0747s, Maps update=0.0003s pub=0.0012s delay=0.2345s (local map=2, WM=2)
[INFO] [1771076162.857521834] [rtabmap]: rtabmap (15): Rate=1.00s, Limit=0.000s, Conversion=0.0004s, RTAB-Map=0.0721s, Maps update=0.0009s pub=0.0032s delay=0.2447s (local map=3, WM=3)
[INFO] [1771076163.859797901] [rtabmap]: rtabmap (16): Rate=1.00s, Limit=0.000s, Conversion=0.0004s, RTAB-Map=0.0774s, Maps update=0.0020s pub=0.0041s delay=0.2467s (local map=4, WM=4)
[INFO] [1771076164.954761040] [rtabmap]: rtabmap (17): Rate=1.00s, Limit=0.000s, Conversion=0.0005s, RTAB-Map=0.0734s, Maps update=0.0026s pub=0.0040s delay=0.2418s (local map=5, WM=5)
[INFO] [1771076165.954109248] [rtabmap]: rtabmap (18): Rate=1.00s, Limit=0.000s, Conversion=0.0005s, RTAB-Map=0.0766s, Maps update=0.0002s pub=0.0021s delay=0.2411s (local map=5, WM=5)
[INFO] [1771076166.958114311] [rtabmap]: rtabmap (19): Rate=1.00s, Limit=0.000s, Conversion=0.0003s, RTAB-Map=0.0767s, Maps update=0.0002s pub=0.0016s delay=0.2451s (local map=5, WM=5)
[INFO] [1771076167.965944354] [rtabmap]: rtabmap (20): Rate=1.00s, Limit=0.000s, Conversion=0.0005s, RTAB-Map=0.0789s, Maps update=0.0020s pub=0.0057s delay=0.2529s (local map=6, WM=6)
[INFO] [1771076169.061505565] [rtabmap]: rtabmap (21): Rate=1.00s, Limit=0.000s, Conversion=0.0003s, RTAB-Map=0.0781s, Maps update=0.0020s pub=0.0050s delay=0.2486s (local map=7, WM=7)
[INFO] [1771076170.059674271] [rtabmap]: rtabmap (22): Rate=1.00s, Limit=0.000s, Conversion=0.0004s, RTAB-Map=0.0779s, Maps update=0.0023s pub=0.0051s delay=0.2467s (local map=8, WM=8)
[INFO] [1771076171.058378455] [rtabmap]: rtabmap (23): Rate=1.00s, Limit=0.000s, Conversion=0.0005s, RTAB-Map=0.0729s, Maps update=0.0022s pub=0.0057s delay=0.2454s (local map=9, WM=9)
[INFO] [1771076172.164067005] [rtabmap]: rtabmap (24): Rate=1.00s, Limit=0.000s, Conversion=0.0003s, RTAB-Map=0.0716s, Maps update=0.0022s pub=0.0058s delay=0.2511s (local map=10, WM=10)
[INFO] [1771076173.267596750] [rtabmap]: rtabmap (25): Rate=1.00s, Limit=0.000s, Conversion=0.0005s, RTAB-Map=0.0831s, Maps update=0.0022s pub=0.0061s delay=0.2546s (local map=11, WM=11)
[INFO] [1771076174.362707287] [rtabmap]: rtabmap (26): Rate=1.00s, Limit=0.000s, Conversion=0.0004s, RTAB-Map=0.0788s, Maps update=0.0003s pub=0.0031s delay=0.2497s (local map=11, WM=11)
[INFO] [1771076175.360902203] [rtabmap]: rtabmap (27): Rate=1.00s, Limit=0.000s, Conversion=0.0005s, RTAB-Map=0.0766s, Maps update=0.0021s pub=0.0063s delay=0.2477s (local map=12, WM=12)
[INFO] [1771076176.463071127] [rtabmap]: rtabmap (28): Rate=1.00s, Limit=0.000s, Conversion=0.0003s, RTAB-Map=0.0759s, Maps update=0.0019s pub=0.0066s delay=0.2501s (local map=13, WM=13)
[INFO] [1771076177.466897430] [rtabmap]: rtabmap (29): Rate=1.00s, Limit=0.000s, Conversion=0.0015s, RTAB-Map=0.0815s, Maps update=0.0025s pub=0.0064s delay=0.2538s (local map=14, WM=14)
[INFO] [1771076178.562993958] [rtabmap]: rtabmap (30): Rate=1.00s, Limit=0.000s, Conversion=0.0003s, RTAB-Map=0.0818s, Maps update=0.0003s pub=0.0028s delay=0.2500s (local map=14, WM=14)
[INFO] [1771076179.559133785] [rtabmap]: rtabmap (31): Rate=1.00s, Limit=0.000s, Conversion=0.0004s, RTAB-Map=0.0757s, Maps update=0.0021s pub=0.0069s delay=0.2461s (local map=15, WM=15)
[INFO] [1771076180.563785945] [rtabmap]: rtabmap (32): Rate=1.00s, Limit=0.000s, Conversion=0.0007s, RTAB-Map=0.0799s, Maps update=0.0003s pub=0.0026s delay=0.2507s (local map=15, WM=15)
[INFO] [1771076181.660852206] [rtabmap]: rtabmap (33): Rate=1.00s, Limit=0.000s, Conversion=0.0003s, RTAB-Map=0.0773s, Maps update=0.0021s pub=0.0064s delay=0.2478s (local map=16, WM=16)
[INFO] [1771076182.670035423] [rtabmap]: rtabmap (34): Rate=1.00s, Limit=0.000s, Conversion=0.0004s, RTAB-Map=0.0796s, Maps update=0.0030s pub=0.0090s delay=0.2568s (local map=17, WM=17)
[INFO] [1771076183.750315493] [rtabmap]: rtabmap (35): Rate=1.00s, Limit=0.000s, Conversion=0.0003s, RTAB-Map=0.0735s, Maps update=0.0003s pub=0.0036s delay=0.2373s (local map=17, WM=17)
[INFO] [1771076184.759453043] [rtabmap]: rtabmap (36): Rate=1.00s, Limit=0.000s, Conversion=0.0004s, RTAB-Map=0.0769s, Maps update=0.0003s pub=0.0028s delay=0.2464s (local map=17, WM=17)
[INFO] [1771076185.752911198] [rtabmap]: rtabmap (37): Rate=1.00s, Limit=0.000s, Conversion=0.0003s, RTAB-Map=0.0770s, Maps update=0.0003s pub=0.0024s delay=0.2397s (local map=17, WM=17)
[INFO] [1771076186.856593814] [rtabmap]: rtabmap (38): Rate=1.00s, Limit=0.000s, Conversion=0.0107s, RTAB-Map=0.0770s, Maps update=0.0004s pub=0.0027s delay=0.2435s (local map=17, WM=17)
[INFO] [1771076187.782177160] [rclcpp]: signal_handler(signum=2)
