1771074422.8038805 [INFO] [launch]: All log files can be found below /root/.ros/log/2026-02-14-14-07-02-801673-json-c-13772
1771074422.8042099 [INFO] [launch]: Default logging verbosity is set to INFO
1771074423.2278388 [INFO] [controller_server-1]: process started with pid [13778]
1771074423.2295520 [INFO] [smoother_server-2]: process started with pid [13780]
1771074423.2312372 [INFO] [planner_server-3]: process started with pid [13782]
1771074423.2324743 [INFO] [behavior_server-4]: process started with pid [13784]
1771074423.2362695 [INFO] [bt_navigator-5]: process started with pid [13786]
1771074423.2370436 [INFO] [waypoint_follower-6]: process started with pid [13801]
1771074423.2378221 [INFO] [velocity_smoother-7]: process started with pid [13828]
1771074423.2387359 [INFO] [lifecycle_manager-8]: process started with pid [13881]
1771076242.9337070 [WARNING] [launch]: user interrupted with ctrl-c (SIGINT)
1771076243.1199579 [WARNING] [launch]: user interrupted with ctrl-c (SIGINT) again, ignoring...
1771076243.1929057 [ERROR] [velocity_smoother-7]: process has died [pid 13828, exit code -2, cmd '/opt/ros/humble/lib/nav2_velocity_smoother/velocity_smoother --ros-args --log-level info --ros-args -r __node:=velocity_smoother --params-file /tmp/launch_params_gmopeze7 -r cmd_vel:=/leo04/cmd_vel -r /cmd_vel:=/leo04/cmd_vel -r /tf:=tf -r /tf_static:=tf_static -r cmd_vel:=cmd_vel_nav -r cmd_vel_smoothed:=cmd_vel'].
1771076243.1976874 [ERROR] [smoother_server-2]: process has died [pid 13780, exit code -2, cmd '/opt/ros/humble/lib/nav2_smoother/smoother_server --ros-args --log-level info --ros-args -r __node:=smoother_server --params-file /tmp/launch_params_gmopeze7 -r cmd_vel:=/leo04/cmd_vel -r /cmd_vel:=/leo04/cmd_vel -r /tf:=tf -r /tf_static:=tf_static'].
1771076243.2217555 [ERROR] [waypoint_follower-6]: process has died [pid 13801, exit code -2, cmd '/opt/ros/humble/lib/nav2_waypoint_follower/waypoint_follower --ros-args --log-level info --ros-args -r __node:=waypoint_follower --params-file /tmp/launch_params_gmopeze7 -r cmd_vel:=/leo04/cmd_vel -r /cmd_vel:=/leo04/cmd_vel -r /tf:=tf -r /tf_static:=tf_static'].
1771076243.2810743 [WARNING] [launch]: user interrupted with ctrl-c (SIGINT) again, ignoring...
1771076243.3008015 [ERROR] [lifecycle_manager-8]: process has died [pid 13881, exit code -2, cmd '/opt/ros/humble/lib/nav2_lifecycle_manager/lifecycle_manager --ros-args --log-level info --ros-args -r __node:=lifecycle_manager_navigation --params-file /tmp/launch_params_ay6x1eog --params-file /tmp/launch_params_pvnihjrj --params-file /tmp/launch_params_389end8h -r cmd_vel:=/leo04/cmd_vel -r /cmd_vel:=/leo04/cmd_vel'].
1771076243.3171165 [ERROR] [behavior_server-4]: process has died [pid 13784, exit code -2, cmd '/opt/ros/humble/lib/nav2_behaviors/behavior_server --ros-args --log-level info --ros-args -r __node:=behavior_server --params-file /tmp/launch_params_gmopeze7 -r cmd_vel:=/leo04/cmd_vel -r /cmd_vel:=/leo04/cmd_vel -r /tf:=tf -r /tf_static:=tf_static'].
1771076243.3177533 [ERROR] [controller_server-1]: process has died [pid 13778, exit code -2, cmd '/opt/ros/humble/lib/nav2_controller/controller_server --ros-args --log-level info --ros-args --params-file /tmp/launch_params_gmopeze7 -r cmd_vel:=/leo04/cmd_vel -r /cmd_vel:=/leo04/cmd_vel -r /tf:=tf -r /tf_static:=tf_static -r cmd_vel:=cmd_vel_nav'].
1771076243.4701042 [INFO] [bt_navigator-5]: process has finished cleanly [pid 13786]
1771076243.6939223 [INFO] [planner_server-3]: process has finished cleanly [pid 13782]
