[0.027s] Invoking command in '/home/spacer/Docker-Files/jazzy-dockers/livox_docker_zenoh/ros2_ws/build/livox_ros_driver2': CMAKE_PREFIX_PATH=${CMAKE_PREFIX_PATH}:/home/spacer/ros2_ws/install/topic_traffic:/home/spacer/ros2_ws/install/rtabmap_livox:/home/spacer/ros2_ws/install/ros_tcp_endpoint:/opt/ros/humble /usr/bin/cmake /home/spacer/Docker-Files/jazzy-dockers/livox_docker_zenoh/ros2_ws/src/livox_ros_driver2 -DCMAKE_INSTALL_PREFIX=/home/spacer/Docker-Files/jazzy-dockers/livox_docker_zenoh/ros2_ws/install/livox_ros_driver2
[0.277s] -- The C compiler identification is GNU 9.4.0
[0.451s] -- The CXX compiler identification is GNU 9.4.0
[0.468s] -- Check for working C compiler: /usr/bin/cc
[0.620s] -- Check for working C compiler: /usr/bin/cc -- works
[0.624s] -- Detecting C compiler ABI info
[0.778s] -- Detecting C compiler ABI info - done
[0.813s] -- Detecting C compile features
[0.814s] -- Detecting C compile features - done
[0.821s] -- Check for working CXX compiler: /usr/bin/c++
[0.976s] -- Check for working CXX compiler: /usr/bin/c++ -- works
[0.980s] -- Detecting CXX compiler ABI info
[1.141s] -- Detecting CXX compiler ABI info - done
[1.176s] -- Detecting CXX compile features
[1.177s] -- Detecting CXX compile features - done
[1.180s] -- livox_ros_driver2 version: 1.2.4
[1.187s] -- Found ament_cmake_auto: 1.3.6 (/opt/ros/humble/share/ament_cmake_auto/cmake)
[1.565s] -- Found Python3: /usr/bin/python3.9 (found version "3.9.5") found components: Interpreter 
[2.018s] -- Using all available rosidl_typesupport_c: rosidl_typesupport_fastrtps_c;rosidl_typesupport_introspection_c
[2.040s] -- Found rosidl_adapter: 3.1.5 (/opt/ros/humble/share/rosidl_adapter/cmake)
[2.152s] -- Using all available rosidl_typesupport_cpp: rosidl_typesupport_fastrtps_cpp;rosidl_typesupport_introspection_cpp
[2.462s] -- Found rmw_implementation_cmake: 6.1.1 (/opt/ros/humble/share/rmw_implementation_cmake/cmake)
[2.466s] CMake Error at /opt/ros/humble/share/rmw_implementation_cmake/cmake/get_default_rmw_implementation.cmake:60 (message):
[2.467s]   Could not find ROS middleware implementation 'rmw_zenoh_cpp'.  Choose one
[2.467s]   of the following: rmw_cyclonedds_cpp, rmw_fastrtps_cpp
[2.467s] Call Stack (most recent call first):
[2.467s]   /opt/ros/humble/share/rmw_implementation/cmake/rmw_implementation-extras.cmake:19 (get_default_rmw_implementation)
[2.467s]   /opt/ros/humble/share/rmw_implementation/cmake/rmw_implementationConfig.cmake:41 (include)
[2.467s]   /opt/ros/humble/share/rcl/cmake/ament_cmake_export_dependencies-extras.cmake:21 (find_package)
[2.467s]   /opt/ros/humble/share/rcl/cmake/rclConfig.cmake:41 (include)
[2.468s]   /opt/ros/humble/share/libstatistics_collector/cmake/ament_cmake_export_dependencies-extras.cmake:21 (find_package)
[2.468s]   /opt/ros/humble/share/libstatistics_collector/cmake/libstatistics_collectorConfig.cmake:41 (include)
[2.468s]   /opt/ros/humble/share/rclcpp/cmake/ament_cmake_export_dependencies-extras.cmake:21 (find_package)
[2.468s]   /opt/ros/humble/share/rclcpp/cmake/rclcppConfig.cmake:41 (include)
[2.468s]   /opt/ros/humble/share/ament_cmake_auto/cmake/ament_auto_find_build_dependencies.cmake:67 (find_package)
[2.468s]   CMakeLists.txt:225 (ament_auto_find_build_dependencies)
[2.468s] 
[2.468s] 
[2.471s] -- Configuring incomplete, errors occurred!
[2.471s] See also "/home/spacer/Docker-Files/jazzy-dockers/livox_docker_zenoh/ros2_ws/build/livox_ros_driver2/CMakeFiles/CMakeOutput.log".
[2.487s] Invoked command in '/home/spacer/Docker-Files/jazzy-dockers/livox_docker_zenoh/ros2_ws/build/livox_ros_driver2' returned '1': CMAKE_PREFIX_PATH=${CMAKE_PREFIX_PATH}:/home/spacer/ros2_ws/install/topic_traffic:/home/spacer/ros2_ws/install/rtabmap_livox:/home/spacer/ros2_ws/install/ros_tcp_endpoint:/opt/ros/humble /usr/bin/cmake /home/spacer/Docker-Files/jazzy-dockers/livox_docker_zenoh/ros2_ws/src/livox_ros_driver2 -DCMAKE_INSTALL_PREFIX=/home/spacer/Docker-Files/jazzy-dockers/livox_docker_zenoh/ros2_ws/install/livox_ros_driver2
